******************************************************************************
                  TI ARM Linker PC v5.2.2                      
******************************************************************************
>> Linked Fri Jun 19 18:58:15 2015

OUTPUT FILE NAME:   <sdhost_fatfs.out>
ENTRY POINT SYMBOL: "_c_int00"  address: 20009f7d


MEMORY CONFIGURATION

         name            origin    length      used     unused   attr    fill
----------------------  --------  ---------  --------  --------  ----  --------
  SRAM_CODE             20004000   00013000  00006ab6  0000c54a  RW X
  SRAM_DATA             20017000   00019000  000019e2  0001761e  RW X


SEGMENT ALLOCATION MAP

run origin  load origin   length   init length attrs members
----------  ----------- ---------- ----------- ----- -------
20004000    20004000    00006ab8   00006ab8    r-x
  20004000    20004000    00000400   00000400    r-- .intvecs
  20004400    20004400    00006312   00006312    r-x .text
  2000a714    2000a714    0000032c   0000032c    r-- .const
  2000aa40    2000aa40    00000078   00000078    r-- .cinit
20017000    20017000    000009e2   00000000    rw-
  20017000    20017000    00000800   00000000    rw- .sysmem
  20017800    20017800    00000174   00000000    rw- .data
  20017974    20017974    0000006e   00000000    rw- .bss
2002f000    2002f000    00001000   00000000    rw-
  2002f000    2002f000    00001000   00000000    rw- .stack


SECTION ALLOCATION MAP

 output                                  attributes/
section   page    origin      length       input sections
--------  ----  ----------  ----------   ----------------
.intvecs   0    20004000    00000400     
                  20004000    00000400     startup_ccs.obj (.intvecs)

.init_array 
*          0    20004000    00000000     UNINITIALIZED

.text      0    20004400    00006312     
                  20004400    00002ae2     fatfs.a : ff.obj (.text)
                  20006ee2    00000002     --HOLE-- [fill = 0]
                  20006ee4    000010ba     rtsv7M4_T_le_v4SPD16_eabi.lib : _printfi.obj (.text)
                  20007f9e    00000002     --HOLE-- [fill = 0]
                  20007fa0    000004c0     diskio.obj (.text)
                  20008460    000003dc     main.obj (.text)
                  2000883c    000003dc     rtsv7M4_T_le_v4SPD16_eabi.lib : memory.obj (.text)
                  20008c18    00000280     uart_if.obj (.text)
                  20008e98    000001f4     rtsv7M4_T_le_v4SPD16_eabi.lib : ull_div_t2.obj (.text)
                  2000908c    000001b6                                   : fd_add_t2.obj (.text)
                  20009242    00000136                                   : fd_div_t2.obj (.text)
                  20009378    00000134     driverlib.a : prcm.obj (.text:PRCMCC3200MCUInit)
                  200094ac    00000110     rtsv7M4_T_le_v4SPD16_eabi.lib : xdscale.obj (.text)
                  200095bc    000000fc                                   : fd_mul_t2.obj (.text)
                  200096b8    000000be                                   : xdnorm.obj (.text)
                  20009776    00000002     --HOLE-- [fill = 0]
                  20009778    000000a8     driverlib.a : interrupt.obj (.text:IntEnable)
                  20009820    0000009c     rtsv7M4_T_le_v4SPD16_eabi.lib : memcpy_t2.obj (.text)
                  200098bc    00000094     driverlib.a : prcm.obj (.text:PRCMPeripheralClockGet)
                  20009950    00000088                 : pin.obj (.text:PinConfigSet)
                  200099d8    00000088     rtsv7M4_T_le_v4SPD16_eabi.lib : vsnprintf.obj (.text)
                  20009a60    00000086                                   : fd_cmp_t2.obj (.text:__aeabi_cdcmple)
                  20009ae6    00000086                                   : fd_cmp_t2.obj (.text:__aeabi_cdrcmple)
                  20009b6c    0000007c     driverlib.a : sdhost.obj (.text:SDHostInit)
                  20009be8    0000007a     rtsv7M4_T_le_v4SPD16_eabi.lib : memset_t2.obj (.text)
                  20009c62    00000076     driverlib.a : uart.obj (.text:UARTConfigSetExpClk)
                  20009cd8    0000006c     rtsv7M4_T_le_v4SPD16_eabi.lib : autoinit.obj (.text)
                  20009d44    0000006a                                   : copy_decompress_rle.obj (.text)
                  20009dae    00000066     driverlib.a : sdhost.obj (.text:SDHostSetExpClk)
                  20009e14    00000066     rtsv7M4_T_le_v4SPD16_eabi.lib : xdunscal.obj (.text)
                  20009e7a    00000002     --HOLE-- [fill = 0]
                  20009e7c    00000058     driverlib.a : prcm.obj (.text:PRCMPeripheralReset)
                  20009ed4    00000056     rtsv7M4_T_le_v4SPD16_eabi.lib : ltoa.obj (.text)
                  20009f2a    00000052                                   : ldexp.obj (.text)
                  20009f7c    00000050                                   : boot.obj (.text)
                  20009fcc    0000004c                                   : atoi.obj (.text)
                  2000a018    0000004c                                   : cpy_tbl.obj (.text)
                  2000a064    00000048                                   : fd_toi_t2.obj (.text)
                  2000a0ac    00000044                                   : exit.obj (.text)
                  2000a0f0    00000040     driverlib.a : pin.obj (.text:PinModeSet)
                  2000a130    00000040     rtsv7M4_T_le_v4SPD16_eabi.lib : signal.obj (.text)
                  2000a170    0000003e     driverlib.a : sdhost.obj (.text:SDHostCmdSend)
                  2000a1ae    00000002     --HOLE-- [fill = 0]
                  2000a1b0    0000003c                 : prcm.obj (.text:PRCMPeripheralClkEnable)
                  2000a1ec    0000003c                 : pin.obj (.text:PinDirModeSet)
                  2000a228    0000003c     pinmux.obj (.text)
                  2000a264    00000034     driverlib.a : sdhost.obj (.text:SDHostRespGet)
                  2000a298    00000034     rtsv7M4_T_le_v4SPD16_eabi.lib : feraiseexcept.obj (.text)
                  2000a2cc    00000030     driverlib.a : uart.obj (.text:UARTDisable)
                  2000a2fc    00000030     rtsv7M4_T_le_v4SPD16_eabi.lib : xdclass.obj (.text)
                  2000a32c    00000030                                   : xferaise.obj (.text)
                  2000a35c    0000002e                                   : i_tofd_t2.obj (.text)
                  2000a38a    0000002e                                   : raise.obj (.text)
                  2000a3b8    0000002c     driverlib.a : prcm.obj (.text:PRCMSysResetCauseGet)
                  2000a3e4    0000002c                 : sdhost.obj (.text:SDHostIntStatus)
                  2000a410    0000002a     rtsv7M4_T_le_v4SPD16_eabi.lib : frexp.obj (.text)
                  2000a43a    00000002     --HOLE-- [fill = 0]
                  2000a43c    00000028     driverlib.a : prcm.obj (.text:PRCMPeripheralClkDisable)
                  2000a464    00000028                 : sdhost.obj (.text:SDHostBlockSizeSet)
                  2000a48c    00000026                 : sdhost.obj (.text:SDHostBlockCountSet)
                  2000a4b2    00000002     --HOLE-- [fill = 0]
                  2000a4b4    00000024                 : sdhost.obj (.text:SDHostIntClear)
                  2000a4d8    00000024                 : uart.obj (.text:UARTEnable)
                  2000a4fc    00000024     rtsv7M4_T_le_v4SPD16_eabi.lib : memmov.obj (.text)
                  2000a520    00000022     driverlib.a : sdhost.obj (.text:SDHostCmdReset)
                  2000a542    00000020                 : sdhost.obj (.text:SDHostDataRead)
                  2000a562    0000001e                 : sdhost.obj (.text:SDHostDataWrite)
                  2000a580    0000001e                 : uart.obj (.text:UARTCharPut)
                  2000a59e    0000001c                 : uart.obj (.text:UARTCharGetNonBlocking)
                  2000a5ba    0000001c     rtsv7M4_T_le_v4SPD16_eabi.lib : memccpy.obj (.text)
                  2000a5d6    0000001a     driverlib.a : pin.obj (.text:PinTypeSDHost)
                  2000a5f0    0000001a                 : pin.obj (.text:PinTypeUART)
                  2000a60a    00000018                 : uart.obj (.text:UARTCharsAvail)
                  2000a622    00000002     --HOLE-- [fill = 0]
                  2000a624    00000018     rtsv7M4_T_le_v4SPD16_eabi.lib : args_main.obj (.text)
                  2000a63c    00000016     driverlib.a : prcm.obj (.text:PRCMHIBRegRead)
                  2000a652    00000016                 : prcm.obj (.text:PRCMHIBRegWrite)
                  2000a668    00000016     rtsv7M4_T_le_v4SPD16_eabi.lib : strchr.obj (.text)
                  2000a67e    00000014     driverlib.a : cpu.obj (.text:CPUcpsie)
                  2000a692    00000002     --HOLE-- [fill = 0]
                  2000a694    00000014                 : interrupt.obj (.text:IntVTableBaseSet)
                  2000a6a8    00000014     rtsv7M4_T_le_v4SPD16_eabi.lib : _lock.obj (.text)
                  2000a6bc    00000014                                   : strlen.obj (.text)
                  2000a6d0    0000000e                                   : copy_decompress_none.obj (.text:decompress:none)
                  2000a6de    0000000e     startup_ccs.obj (.text)
                  2000a6ec    0000000c     rtsv7M4_T_le_v4SPD16_eabi.lib : copy_zero_init.obj (.text:decompress:ZI)
                  2000a6f8    0000000a     driverlib.a : interrupt.obj (.text:IntMasterEnable)
                  2000a702    00000006                 : utils.obj (.text:UtilsDelay)
                  2000a708    00000006     rtsv7M4_T_le_v4SPD16_eabi.lib : copy_decompress_rle.obj (.text:decompress:rle24)
                  2000a70e    00000004                                   : pre_init.obj (.text)

.const     0    2000a714    0000032c     
                  2000a714    00000101     rtsv7M4_T_le_v4SPD16_eabi.lib : ctype.obj (.const:.string:_ctypes_)
                  2000a815    00000003     --HOLE-- [fill = 0]
                  2000a818    00000100     driverlib.a : pin.obj (.const:g_ulPinToPadMap)
                  2000a918    000000a8                 : prcm.obj (.const:PRCM_PeriphRegsList)
                  2000a9c0    00000080                 : interrupt.obj (.const)

.cinit     0    2000aa40    00000078     
                  2000aa40    00000052     (.cinit..data.load) [load image, compression = rle]
                  2000aa92    00000002     --HOLE-- [fill = 0]
                  2000aa94    0000000c     (__TI_handler_table)
                  2000aaa0    00000008     (.cinit..bss.load) [load image, compression = zero_init]
                  2000aaa8    00000010     (__TI_cinit_table)

.sysmem    0    20017000    00000800     UNINITIALIZED
                  20017000    00000008     rtsv7M4_T_le_v4SPD16_eabi.lib : memory.obj (.sysmem)
                  20017008    000007f8     --HOLE--

.data      0    20017800    00000174     UNINITIALIZED
                  20017800    000000b0     rtsv7M4_T_le_v4SPD16_eabi.lib : signal.obj (.data:sigtable)
                  200178b0    00000080                                   : xvalues.obj (.data)
                  20017930    00000018     diskio.obj (.data)
                  20017948    0000000c     rtsv7M4_T_le_v4SPD16_eabi.lib : memory.obj (.data)
                  20017954    00000008                                   : _lock.obj (.data)
                  2001795c    00000008                                   : exit.obj (.data)
                  20017964    00000008                                   : feraiseexcept.obj (.data)
                  2001796c    00000004                                   : errno.obj (.data)
                  20017970    00000004                                   : stkdepth_vars.obj (.data)

.TI.persistent 
*          0    20017800    00000000     UNINITIALIZED

.bss       0    20017974    0000006e     UNINITIALIZED
                  20017974    00000064     main.obj (.bss:pBuffer)
                  200179d8    00000004     (.common:FatFs)
                  200179dc    00000004     (.common:__Errorlog)
                  200179e0    00000002     (.common:Fsid)

.TI.noinit 
*          0    20017974    00000000     UNINITIALIZED

.stack     0    2002f000    00001000     UNINITIALIZED
                  2002f000    00001000     --HOLE--


LINKER GENERATED COPY TABLES

__TI_cinit_table @ 2000aaa8 records: 2, size/record: 8, table size: 16
	.data: load addr=2000aa40, load size=00000052 bytes, run addr=20017800, run size=00000174 bytes, compression=rle
	.bss: load addr=2000aaa0, load size=00000008 bytes, run addr=20017974, run size=0000006e bytes, compression=zero_init


LINKER GENERATED HANDLER TABLE

__TI_handler_table @ 2000aa94 records: 3, size/record: 4, table size: 12
	index: 0, handler: __TI_decompress_rle24
	index: 1, handler: __TI_decompress_none
	index: 2, handler: __TI_zero_init


GLOBAL SYMBOLS: SORTED ALPHABETICALLY BY Name 

address   name                    
-------   ----                    
2000a0ad  C$$EXIT                 
2000a67f  CPUcpsie                
20008c59  ClearTerm               
20008c63  Error                   
20008c9b  GetCmd                  
20008c19  InitTerm                
20009779  IntEnable               
2000a6f9  IntMasterEnable         
2000a695  IntVTableBaseSet        
20008c37  Message                 
20009379  PRCMCC3200MCUInit       
2000a63d  PRCMHIBRegRead          
2000a653  PRCMHIBRegWrite         
2000a43d  PRCMPeripheralClkDisable
2000a1b1  PRCMPeripheralClkEnable 
200098bd  PRCMPeripheralClockGet  
20009e7d  PRCMPeripheralReset     
2000a3b9  PRCMSysResetCauseGet    
20009951  PinConfigSet            
2000a1ed  PinDirModeSet           
2000a0f1  PinModeSet              
2000a229  PinMuxConfig            
2000a5d7  PinTypeSDHost           
2000a5f1  PinTypeUART             
20008dd9  Report                  
2000a6df  ResetISR                
2000a48d  SDHostBlockCountSet     
2000a465  SDHostBlockSizeSet      
2000a521  SDHostCmdReset          
2000a171  SDHostCmdSend           
2000a543  SDHostDataRead          
2000a563  SDHostDataWrite         
20009b6d  SDHostInit              
2000a4b5  SDHostIntClear          
2000a3e5  SDHostIntStatus         
2000a265  SDHostRespGet           
20009daf  SDHostSetExpClk         
UNDEFED   SHT$$INIT_ARRAY$$Base   
UNDEFED   SHT$$INIT_ARRAY$$Limit  
20008d41  TrimSpace               
2000a59f  UARTCharGetNonBlocking  
2000a581  UARTCharPut             
2000a60b  UARTCharsAvail          
20009c63  UARTConfigSetExpClk     
2000a2cd  UARTDisable             
2000a4d9  UARTEnable              
2000a703  UtilsDelay              
2000a2fd  _Dclass                 
200178b0  _Denorm                 
200096b9  _Dnorm                  
200094ad  _Dscale                 
20009e15  _Dunscale               
200178c0  _Eps                    
2001796c  _Errno                  
20017964  _Fenv                   
2000a32d  _Feraise                
200178d0  _Hugeval                
200178e0  _Inf                    
200178f0  _Nan                    
20017910  _Rteps                  
20017900  _Snan                   
20017968  _Tls_setup__Fenv        
20017920  _Xbig                   
20017928  _Zero                   
20030000  __STACK_END             
00001000  __STACK_SIZE            
00000800  __SYSMEM_SIZE           
2000aaa8  __TI_CINIT_Base         
2000aab8  __TI_CINIT_Limit        
2000aa94  __TI_Handler_Table_Base 
2000aaa0  __TI_Handler_Table_Limit
20009cd9  __TI_auto_init          
2001795c  __TI_cleanup_ptr        
2000a6d1  __TI_decompress_none    
2000a709  __TI_decompress_rle24   
20017960  __TI_dtors_ptr          
20007c99  __TI_printfi            
2000aa40  __TI_static_base__      
2000a6ed  __TI_zero_init          
20009a61  __aeabi_cdcmpeq         
20009a61  __aeabi_cdcmple         
20009ae7  __aeabi_cdrcmple        
2000a065  __aeabi_d2iz            
20009097  __aeabi_dadd            
20009243  __aeabi_ddiv            
200095bd  __aeabi_dmul            
2000908d  __aeabi_dsub            
2000a35d  __aeabi_i2d             
20009be9  __aeabi_memclr          
20009be9  __aeabi_memclr4         
20009be9  __aeabi_memclr8         
20009821  __aeabi_memcpy          
20009821  __aeabi_memcpy4         
20009821  __aeabi_memcpy8         
20009beb  __aeabi_memset          
20009beb  __aeabi_memset4         
20009beb  __aeabi_memset8         
20008e99  __aeabi_uldivmod        
ffffffff  __binit__               
ffffffff  __c_args__              
2002f000  __stack                 
2000a625  _args_main              
20009f7d  _c_int00                
2000a714  _ctypes_                
20017954  _lock                   
2000a6b7  _nop                    
2000a6af  _register_lock          
2000a6a9  _register_unlock        
20017000  _sys_memory             
2000a70f  _system_pre_init        
20017958  _unlock                 
2000a0b1  abort                   
20009fcd  atoi                    
ffffffff  binit                   
20008be5  calloc                  
200046c1  clust2sect              
2000a019  copy_in                 
2000809f  disk_initialize         
200083f5  disk_ioctl              
200081ed  disk_read               
200081cf  disk_status             
200082d1  disk_write              
2000a0b9  exit                    
20006c7f  f_chmod                 
20006305  f_close                 
2000660f  f_closedir              
2000670f  f_getfree               
20006335  f_lseek                 
20006a99  f_mkdir                 
20005a9f  f_mount                 
20005b1d  f_open                  
20006567  f_opendir               
20005d39  f_read                  
2000662f  f_readdir               
20006d0f  f_rename                
200066bb  f_stat                  
20006205  f_sync                  
2000686d  f_truncate              
20006995  f_unlink                
20006e5f  f_utime                 
20005f73  f_write                 
2000a299  feraiseexcept           
20008933  free                    
2000a411  frexp                   
20004000  g_pfnVectors            
200046f1  get_fat                 
20008439  get_fattime             
20009f2b  ldexp                   
20009ed5  ltoa                    
200084eb  main                    
20017970  main_func_sp            
200088cb  malloc                  
20008b01  memalign                
2000a5bb  memccpy                 
20009821  memcpy                  
2000a4fd  memmove                 
20009bf1  memset                  
2000883d  minit                   
20017974  pBuffer                 
2000482b  put_fat                 
2000a38b  raise                   
200089f5  realloc                 
2000a131  signal                  
2000a669  strchr                  
2000a6bd  strlen                  
200099d9  vsnprintf               


GLOBAL SYMBOLS: SORTED BY Symbol Address 

address   name                    
-------   ----                    
00000800  __SYSMEM_SIZE           
00001000  __STACK_SIZE            
20004000  g_pfnVectors            
200046c1  clust2sect              
200046f1  get_fat                 
2000482b  put_fat                 
20005a9f  f_mount                 
20005b1d  f_open                  
20005d39  f_read                  
20005f73  f_write                 
20006205  f_sync                  
20006305  f_close                 
20006335  f_lseek                 
20006567  f_opendir               
2000660f  f_closedir              
2000662f  f_readdir               
200066bb  f_stat                  
2000670f  f_getfree               
2000686d  f_truncate              
20006995  f_unlink                
20006a99  f_mkdir                 
20006c7f  f_chmod                 
20006d0f  f_rename                
20006e5f  f_utime                 
20007c99  __TI_printfi            
2000809f  disk_initialize         
200081cf  disk_status             
200081ed  disk_read               
200082d1  disk_write              
200083f5  disk_ioctl              
20008439  get_fattime             
200084eb  main                    
2000883d  minit                   
200088cb  malloc                  
20008933  free                    
200089f5  realloc                 
20008b01  memalign                
20008be5  calloc                  
20008c19  InitTerm                
20008c37  Message                 
20008c59  ClearTerm               
20008c63  Error                   
20008c9b  GetCmd                  
20008d41  TrimSpace               
20008dd9  Report                  
20008e99  __aeabi_uldivmod        
2000908d  __aeabi_dsub            
20009097  __aeabi_dadd            
20009243  __aeabi_ddiv            
20009379  PRCMCC3200MCUInit       
200094ad  _Dscale                 
200095bd  __aeabi_dmul            
200096b9  _Dnorm                  
20009779  IntEnable               
20009821  __aeabi_memcpy          
20009821  __aeabi_memcpy4         
20009821  __aeabi_memcpy8         
20009821  memcpy                  
200098bd  PRCMPeripheralClockGet  
20009951  PinConfigSet            
200099d9  vsnprintf               
20009a61  __aeabi_cdcmpeq         
20009a61  __aeabi_cdcmple         
20009ae7  __aeabi_cdrcmple        
20009b6d  SDHostInit              
20009be9  __aeabi_memclr          
20009be9  __aeabi_memclr4         
20009be9  __aeabi_memclr8         
20009beb  __aeabi_memset          
20009beb  __aeabi_memset4         
20009beb  __aeabi_memset8         
20009bf1  memset                  
20009c63  UARTConfigSetExpClk     
20009cd9  __TI_auto_init          
20009daf  SDHostSetExpClk         
20009e15  _Dunscale               
20009e7d  PRCMPeripheralReset     
20009ed5  ltoa                    
20009f2b  ldexp                   
20009f7d  _c_int00                
20009fcd  atoi                    
2000a019  copy_in                 
2000a065  __aeabi_d2iz            
2000a0ad  C$$EXIT                 
2000a0b1  abort                   
2000a0b9  exit                    
2000a0f1  PinModeSet              
2000a131  signal                  
2000a171  SDHostCmdSend           
2000a1b1  PRCMPeripheralClkEnable 
2000a1ed  PinDirModeSet           
2000a229  PinMuxConfig            
2000a265  SDHostRespGet           
2000a299  feraiseexcept           
2000a2cd  UARTDisable             
2000a2fd  _Dclass                 
2000a32d  _Feraise                
2000a35d  __aeabi_i2d             
2000a38b  raise                   
2000a3b9  PRCMSysResetCauseGet    
2000a3e5  SDHostIntStatus         
2000a411  frexp                   
2000a43d  PRCMPeripheralClkDisable
2000a465  SDHostBlockSizeSet      
2000a48d  SDHostBlockCountSet     
2000a4b5  SDHostIntClear          
2000a4d9  UARTEnable              
2000a4fd  memmove                 
2000a521  SDHostCmdReset          
2000a543  SDHostDataRead          
2000a563  SDHostDataWrite         
2000a581  UARTCharPut             
2000a59f  UARTCharGetNonBlocking  
2000a5bb  memccpy                 
2000a5d7  PinTypeSDHost           
2000a5f1  PinTypeUART             
2000a60b  UARTCharsAvail          
2000a625  _args_main              
2000a63d  PRCMHIBRegRead          
2000a653  PRCMHIBRegWrite         
2000a669  strchr                  
2000a67f  CPUcpsie                
2000a695  IntVTableBaseSet        
2000a6a9  _register_unlock        
2000a6af  _register_lock          
2000a6b7  _nop                    
2000a6bd  strlen                  
2000a6d1  __TI_decompress_none    
2000a6df  ResetISR                
2000a6ed  __TI_zero_init          
2000a6f9  IntMasterEnable         
2000a703  UtilsDelay              
2000a709  __TI_decompress_rle24   
2000a70f  _system_pre_init        
2000a714  _ctypes_                
2000aa40  __TI_static_base__      
2000aa94  __TI_Handler_Table_Base 
2000aaa0  __TI_Handler_Table_Limit
2000aaa8  __TI_CINIT_Base         
2000aab8  __TI_CINIT_Limit        
20017000  _sys_memory             
200178b0  _Denorm                 
200178c0  _Eps                    
200178d0  _Hugeval                
200178e0  _Inf                    
200178f0  _Nan                    
20017900  _Snan                   
20017910  _Rteps                  
20017920  _Xbig                   
20017928  _Zero                   
20017954  _lock                   
20017958  _unlock                 
2001795c  __TI_cleanup_ptr        
20017960  __TI_dtors_ptr          
20017964  _Fenv                   
20017968  _Tls_setup__Fenv        
2001796c  _Errno                  
20017970  main_func_sp            
20017974  pBuffer                 
2002f000  __stack                 
20030000  __STACK_END             
ffffffff  __binit__               
ffffffff  __c_args__              
ffffffff  binit                   
UNDEFED   SHT$$INIT_ARRAY$$Base   
UNDEFED   SHT$$INIT_ARRAY$$Limit  

[166 symbols]
