******************************************************************************
                  TI ARM Linker PC v5.2.2                      
******************************************************************************
>> Linked Fri Jun 19 18:59:09 2015

OUTPUT FILE NAME:   <timer.out>
ENTRY POINT SYMBOL: "_c_int00"  address: 20005129


MEMORY CONFIGURATION

         name            origin    length      used     unused   attr    fill
----------------------  --------  ---------  --------  --------  ----  --------
  SRAM_CODE             20004000   00013000  000019e8  00011618  RW X
  SRAM_DATA             20017000   00019000  00000847  000187b9  RW X


SEGMENT ALLOCATION MAP

run origin  load origin   length   init length attrs members
----------  ----------- ---------- ----------- ----- -------
20004000    20004000    000019e8   000019e8    r-x
  20004000    20004000    00000400   00000400    r-- .intvecs
  20004400    20004400    0000129c   0000129c    r-x .text
  2000569c    2000569c    000002fc   000002fc    r-- .const
  20005998    20005998    00000050   00000050    r-- .cinit
20017000    20017000    00000047   00000000    rw-
  20017000    20017000    00000038   00000000    rw- .data
  20017038    20017038    0000000f   00000000    rw- .bss
2002f800    2002f800    00000800   00000000    rw-
  2002f800    2002f800    00000800   00000000    rw- .stack


SECTION ALLOCATION MAP

 output                                  attributes/
section   page    origin      length       input sections
--------  ----  ----------  ----------   ----------------
.intvecs   0    20004000    00000400     
                  20004000    00000400     startup_ccs.obj (.intvecs)

.init_array 
*          0    20004000    00000000     UNINITIALIZED

.text      0    20004400    0000129c     
                  20004400    0000039c     gpio_if.obj (.text)
                  2000479c    00000198     timer_if.obj (.text)
                  20004934    00000134     driverlib.a : prcm.obj (.text:PRCMCC3200MCUInit)
                  20004a68    000000f4     main.obj (.text)
                  20004b5c    000000a8     driverlib.a : interrupt.obj (.text:IntDisable)
                  20004c04    000000a8                 : interrupt.obj (.text:IntEnable)
                  20004cac    0000009c     rtsv7M4_T_le_v4SPD16_eabi.lib : memcpy_t2.obj (.text)
                  20004d48    00000088     driverlib.a : pin.obj (.text:PinConfigSet)
                  20004dd0    00000082                 : gpio.obj (.text:GPIOIntTypeSet)
                  20004e52    0000007a     rtsv7M4_T_le_v4SPD16_eabi.lib : memset_t2.obj (.text)
                  20004ecc    00000070     driverlib.a : timer.obj (.text:TimerIntRegister)
                  20004f3c    0000006c     rtsv7M4_T_le_v4SPD16_eabi.lib : autoinit.obj (.text)
                  20004fa8    0000006a                                   : copy_decompress_rle.obj (.text)
                  20005012    00000002     driverlib.a : interrupt.obj (.text:IntDefaultHandler)
                  20005014    00000068                 : timer.obj (.text:TimerIntUnregister)
                  2000507c    00000058                 : prcm.obj (.text:PRCMPeripheralReset)
                  200050d4    00000054                 : interrupt.obj (.text:IntPrioritySet)
                  20005128    00000050     rtsv7M4_T_le_v4SPD16_eabi.lib : boot.obj (.text)
                  20005178    0000004c                                   : cpy_tbl.obj (.text)
                  200051c4    00000048     driverlib.a : gpio.obj (.text:GPIOGetIntNumber)
                  2000520c    00000044                 : timer.obj (.text:TimerConfigure)
                  20005250    00000044     rtsv7M4_T_le_v4SPD16_eabi.lib : exit.obj (.text)
                  20005294    00000040     driverlib.a : pin.obj (.text:PinModeSet)
                  200052d4    0000003c                 : prcm.obj (.text:PRCMPeripheralClkEnable)
                  20005310    00000038     pinmux.obj (.text)
                  20005348    00000036     driverlib.a : gpio.obj (.text:GPIODirModeSet)
                  2000537e    00000030                 : pin.obj (.text:PinTypeGPIO)
                  200053ae    00000002     --HOLE-- [fill = 0]
                  200053b0    0000002c                 : prcm.obj (.text:PRCMSysResetCauseGet)
                  200053dc    0000002a                 : timer.obj (.text:TimerLoadSet)
                  20005406    0000002a                 : timer.obj (.text:TimerPrescaleSet)
                  20005430    00000028                 : prcm.obj (.text:PRCMPeripheralClkDisable)
                  20005458    00000024                 : interrupt.obj (.text:IntUnregister)
                  2000547c    00000020                 : gpio.obj (.text:GPIOPinWrite)
                  2000549c    00000020                 : interrupt.obj (.text:IntRegister)
                  200054bc    0000001e                 : gpio.obj (.text:GPIOIntRegister)
                  200054da    0000001e                 : timer.obj (.text:TimerDisable)
                  200054f8    0000001e                 : timer.obj (.text:TimerEnable)
                  20005516    0000001e                 : timer.obj (.text:TimerIntStatus)
                  20005534    0000001c                 : timer.obj (.text:TimerValueGet)
                  20005550    0000001a                 : gpio.obj (.text:GPIOIntEnable)
                  2000556a    00000018                 : gpio.obj (.text:GPIOPinRead)
                  20005582    00000018                 : timer.obj (.text:TimerIntDisable)
                  2000559a    00000018                 : timer.obj (.text:TimerIntEnable)
                  200055b2    00000002     --HOLE-- [fill = 0]
                  200055b4    00000018     rtsv7M4_T_le_v4SPD16_eabi.lib : args_main.obj (.text)
                  200055cc    00000016     driverlib.a : prcm.obj (.text:PRCMHIBRegRead)
                  200055e2    00000016                 : prcm.obj (.text:PRCMHIBRegWrite)
                  200055f8    00000014                 : cpu.obj (.text:CPUcpsie)
                  2000560c    00000014                 : gpio.obj (.text:GPIOIntClear)
                  20005620    00000014                 : interrupt.obj (.text:IntVTableBaseSet)
                  20005634    00000014     rtsv7M4_T_le_v4SPD16_eabi.lib : _lock.obj (.text)
                  20005648    00000012     driverlib.a : timer.obj (.text:TimerIntClear)
                  2000565a    0000000e     rtsv7M4_T_le_v4SPD16_eabi.lib : copy_decompress_none.obj (.text:decompress:none)
                  20005668    0000000e     startup_ccs.obj (.text)
                  20005676    0000000c     rtsv7M4_T_le_v4SPD16_eabi.lib : copy_zero_init.obj (.text:decompress:ZI)
                  20005682    0000000a     driverlib.a : interrupt.obj (.text:IntMasterEnable)
                  2000568c    00000006                 : utils.obj (.text:UtilsDelay)
                  20005692    00000006     rtsv7M4_T_le_v4SPD16_eabi.lib : copy_decompress_rle.obj (.text:decompress:rle24)
                  20005698    00000004                                   : pre_init.obj (.text)

.const     0    2000569c    000002fc     
                  2000569c    00000100     driverlib.a : pin.obj (.const:g_ulPinToPadMap)
                  2000579c    000000d4                 : interrupt.obj (.const:g_pulRegs)
                  20005870    000000a8                 : prcm.obj (.const:PRCM_PeriphRegsList)
                  20005918    00000080                 : interrupt.obj (.const)

.cinit     0    20005998    00000050     
                  20005998    00000028     (.cinit..data.load) [load image, compression = rle]
                  200059c0    0000000c     (__TI_handler_table)
                  200059cc    00000004     --HOLE-- [fill = 0]
                  200059d0    00000008     (.cinit..bss.load) [load image, compression = zero_init]
                  200059d8    00000010     (__TI_cinit_table)

.data      0    20017000    00000038     UNINITIALIZED
                  20017000    00000020     gpio_if.obj (.data)
                  20017020    00000008     rtsv7M4_T_le_v4SPD16_eabi.lib : _lock.obj (.data)
                  20017028    00000008                                   : exit.obj (.data)
                  20017030    00000004     main.obj (.data)
                  20017034    00000004     rtsv7M4_T_le_v4SPD16_eabi.lib : stkdepth_vars.obj (.data)

.bss       0    20017038    0000000f     UNINITIALIZED
                  20017038    00000004     (.common:g_ulBase)
                  2001703c    00000004     (.common:g_ulRefBase)
                  20017040    00000004     (.common:g_ulTimerInts)
                  20017044    00000001     (.common:g_ucLED1Pin)
                  20017045    00000001     (.common:g_ucLED2Pin)
                  20017046    00000001     (.common:g_ucLED3Pin)

.TI.persistent 
*          0    20017000    00000000     UNINITIALIZED

.TI.noinit 
*          0    20017038    00000000     UNINITIALIZED

.stack     0    2002f800    00000800     UNINITIALIZED
                  2002f800    00000800     --HOLE--


LINKER GENERATED COPY TABLES

__TI_cinit_table @ 200059d8 records: 2, size/record: 8, table size: 16
	.data: load addr=20005998, load size=00000028 bytes, run addr=20017000, run size=00000038 bytes, compression=rle
	.bss: load addr=200059d0, load size=00000008 bytes, run addr=20017038, run size=0000000f bytes, compression=zero_init


LINKER GENERATED HANDLER TABLE

__TI_handler_table @ 200059c0 records: 3, size/record: 4, table size: 12
	index: 0, handler: __TI_decompress_rle24
	index: 1, handler: __TI_decompress_none
	index: 2, handler: __TI_zero_init


GLOBAL SYMBOLS: SORTED ALPHABETICALLY BY Name 

address   name                       
-------   ----                       
20005251  C$$EXIT                    
200055f9  CPUcpsie                   
20005349  GPIODirModeSet             
2000560d  GPIOIntClear               
20005551  GPIOIntEnable              
200054bd  GPIOIntRegister            
20004dd1  GPIOIntTypeSet             
2000556b  GPIOPinRead                
2000547d  GPIOPinWrite               
200046c1  GPIO_IF_ConfigureNIntEnable
2000474d  GPIO_IF_Get                
2000467b  GPIO_IF_GetPortNPin        
2000443d  GPIO_IF_LedConfigure       
2000452f  GPIO_IF_LedOff             
2000447b  GPIO_IF_LedOn              
200045e3  GPIO_IF_LedStatus          
2000464d  GPIO_IF_LedToggle          
20004709  GPIO_IF_Set                
20004b5d  IntDisable                 
20004c05  IntEnable                  
20005683  IntMasterEnable            
200050d5  IntPrioritySet             
2000549d  IntRegister                
20005459  IntUnregister              
20005621  IntVTableBaseSet           
20004935  PRCMCC3200MCUInit          
200055cd  PRCMHIBRegRead             
200055e3  PRCMHIBRegWrite            
20005431  PRCMPeripheralClkDisable   
200052d5  PRCMPeripheralClkEnable    
2000507d  PRCMPeripheralReset        
200053b1  PRCMSysResetCauseGet       
20004d49  PinConfigSet               
20005295  PinModeSet                 
20005311  PinMuxConfig               
2000537f  PinTypeGPIO                
20005669  ResetISR                   
UNDEFED   SHT$$INIT_ARRAY$$Base      
UNDEFED   SHT$$INIT_ARRAY$$Limit     
20004a69  TimerBaseIntHandler        
2000520d  TimerConfigure             
200054db  TimerDisable               
200054f9  TimerEnable                
20005649  TimerIntClear              
20005583  TimerIntDisable            
2000559b  TimerIntEnable             
20004ecd  TimerIntRegister           
20005517  TimerIntStatus             
20005015  TimerIntUnregister         
200053dd  TimerLoadSet               
20005407  TimerPrescaleSet           
20004a83  TimerRefIntHandler         
20005535  TimerValueGet              
200048e3  Timer_IF_DeInit            
20004915  Timer_IF_GetCount          
2000481d  Timer_IF_Init              
2000484f  Timer_IF_IntSetup          
2000489b  Timer_IF_InterruptClear    
200048fd  Timer_IF_ReLoad            
200048b3  Timer_IF_Start             
200048d3  Timer_IF_Stop              
2000568d  UtilsDelay                 
20030000  __STACK_END                
00000800  __STACK_SIZE               
200059d8  __TI_CINIT_Base            
200059e8  __TI_CINIT_Limit           
200059c0  __TI_Handler_Table_Base    
200059cc  __TI_Handler_Table_Limit   
20004f3d  __TI_auto_init             
20017028  __TI_cleanup_ptr           
2000565b  __TI_decompress_none       
20005693  __TI_decompress_rle24      
2001702c  __TI_dtors_ptr             
20005998  __TI_static_base__         
20005677  __TI_zero_init             
20004e53  __aeabi_memclr             
20004e53  __aeabi_memclr4            
20004e53  __aeabi_memclr8            
20004cad  __aeabi_memcpy             
20004cad  __aeabi_memcpy4            
20004cad  __aeabi_memcpy8            
20004e55  __aeabi_memset             
20004e55  __aeabi_memset4            
20004e55  __aeabi_memset8            
ffffffff  __binit__                  
ffffffff  __c_args__                 
2002f800  __stack                    
200055b5  _args_main                 
20005129  _c_int00                   
20017020  _lock                      
20005643  _nop                       
2000563b  _register_lock             
20005635  _register_unlock           
20005699  _system_pre_init           
20017024  _unlock                    
20005255  abort                      
ffffffff  binit                      
20005179  copy_in                    
2000525d  exit                       
20004000  g_pfnVectors               
20017044  g_ucLED1Pin                
20017045  g_ucLED2Pin                
20017046  g_ucLED3Pin                
20017014  g_uiLED1Port               
20017018  g_uiLED2Port               
2001701c  g_uiLED3Port               
20017040  g_ulTimerInts              
20004ab5  main                       
20017034  main_func_sp               
20004cad  memcpy                     
20004e5b  memset                     


GLOBAL SYMBOLS: SORTED BY Symbol Address 

address   name                       
-------   ----                       
00000800  __STACK_SIZE               
20004000  g_pfnVectors               
2000443d  GPIO_IF_LedConfigure       
2000447b  GPIO_IF_LedOn              
2000452f  GPIO_IF_LedOff             
200045e3  GPIO_IF_LedStatus          
2000464d  GPIO_IF_LedToggle          
2000467b  GPIO_IF_GetPortNPin        
200046c1  GPIO_IF_ConfigureNIntEnable
20004709  GPIO_IF_Set                
2000474d  GPIO_IF_Get                
2000481d  Timer_IF_Init              
2000484f  Timer_IF_IntSetup          
2000489b  Timer_IF_InterruptClear    
200048b3  Timer_IF_Start             
200048d3  Timer_IF_Stop              
200048e3  Timer_IF_DeInit            
200048fd  Timer_IF_ReLoad            
20004915  Timer_IF_GetCount          
20004935  PRCMCC3200MCUInit          
20004a69  TimerBaseIntHandler        
20004a83  TimerRefIntHandler         
20004ab5  main                       
20004b5d  IntDisable                 
20004c05  IntEnable                  
20004cad  __aeabi_memcpy             
20004cad  __aeabi_memcpy4            
20004cad  __aeabi_memcpy8            
20004cad  memcpy                     
20004d49  PinConfigSet               
20004dd1  GPIOIntTypeSet             
20004e53  __aeabi_memclr             
20004e53  __aeabi_memclr4            
20004e53  __aeabi_memclr8            
20004e55  __aeabi_memset             
20004e55  __aeabi_memset4            
20004e55  __aeabi_memset8            
20004e5b  memset                     
20004ecd  TimerIntRegister           
20004f3d  __TI_auto_init             
20005015  TimerIntUnregister         
2000507d  PRCMPeripheralReset        
200050d5  IntPrioritySet             
20005129  _c_int00                   
20005179  copy_in                    
2000520d  TimerConfigure             
20005251  C$$EXIT                    
20005255  abort                      
2000525d  exit                       
20005295  PinModeSet                 
200052d5  PRCMPeripheralClkEnable    
20005311  PinMuxConfig               
20005349  GPIODirModeSet             
2000537f  PinTypeGPIO                
200053b1  PRCMSysResetCauseGet       
200053dd  TimerLoadSet               
20005407  TimerPrescaleSet           
20005431  PRCMPeripheralClkDisable   
20005459  IntUnregister              
2000547d  GPIOPinWrite               
2000549d  IntRegister                
200054bd  GPIOIntRegister            
200054db  TimerDisable               
200054f9  TimerEnable                
20005517  TimerIntStatus             
20005535  TimerValueGet              
20005551  GPIOIntEnable              
2000556b  GPIOPinRead                
20005583  TimerIntDisable            
2000559b  TimerIntEnable             
200055b5  _args_main                 
200055cd  PRCMHIBRegRead             
200055e3  PRCMHIBRegWrite            
200055f9  CPUcpsie                   
2000560d  GPIOIntClear               
20005621  IntVTableBaseSet           
20005635  _register_unlock           
2000563b  _register_lock             
20005643  _nop                       
20005649  TimerIntClear              
2000565b  __TI_decompress_none       
20005669  ResetISR                   
20005677  __TI_zero_init             
20005683  IntMasterEnable            
2000568d  UtilsDelay                 
20005693  __TI_decompress_rle24      
20005699  _system_pre_init           
20005998  __TI_static_base__         
200059c0  __TI_Handler_Table_Base    
200059cc  __TI_Handler_Table_Limit   
200059d8  __TI_CINIT_Base            
200059e8  __TI_CINIT_Limit           
20017014  g_uiLED1Port               
20017018  g_uiLED2Port               
2001701c  g_uiLED3Port               
20017020  _lock                      
20017024  _unlock                    
20017028  __TI_cleanup_ptr           
2001702c  __TI_dtors_ptr             
20017034  main_func_sp               
20017040  g_ulTimerInts              
20017044  g_ucLED1Pin                
20017045  g_ucLED2Pin                
20017046  g_ucLED3Pin                
2002f800  __stack                    
20030000  __STACK_END                
ffffffff  __binit__                  
ffffffff  __c_args__                 
ffffffff  binit                      
UNDEFED   SHT$$INIT_ARRAY$$Base      
UNDEFED   SHT$$INIT_ARRAY$$Limit     

[111 symbols]
