******************************************************************************
                  TI ARM Linker PC v5.2.2                      
******************************************************************************
>> Linked Fri Jun 19 18:58:48 2015

OUTPUT FILE NAME:   <spi_demo.out>
ENTRY POINT SYMBOL: "_c_int00"  address: 2000729d


MEMORY CONFIGURATION

         name            origin    length      used     unused   attr    fill
----------------------  --------  ---------  --------  --------  ----  --------
  SRAM_CODE             20004000   00013000  00003eb2  0000f14e  RW X
  SRAM_DATA             20017000   00019000  0000122a  00017dd6  RW X


SEGMENT ALLOCATION MAP

run origin  load origin   length   init length attrs members
----------  ----------- ---------- ----------- ----- -------
20004000    20004000    00003eb8   00003eb8    r-x
  20004000    20004000    00000400   00000400    r-- .intvecs
  20004400    20004400    000036d2   000036d2    r-x .text
  20007ad4    20007ad4    00000368   00000368    r-- .const
  20007e40    20007e40    00000078   00000078    r-- .cinit
20017000    20017000    00000a2a   00000000    rw-
  20017000    20017000    00000800   00000000    rw- .sysmem
  20017800    20017800    0000015c   00000000    rw- .data
  2001795c    2001795c    000000ce   00000000    rw- .bss
2002f800    2002f800    00000800   00000000    rw-
  2002f800    2002f800    00000800   00000000    rw- .stack


SECTION ALLOCATION MAP

 output                                  attributes/
section   page    origin      length       input sections
--------  ----  ----------  ----------   ----------------
.intvecs   0    20004000    00000400     
                  20004000    00000400     startup_ccs.obj (.intvecs)

.init_array 
*          0    20004000    00000000     UNINITIALIZED

.text      0    20004400    000036d2     
                  20004400    000010ba     rtsv7M4_T_le_v4SPD16_eabi.lib : _printfi.obj (.text)
                  200054ba    00000002     --HOLE-- [fill = 0]
                  200054bc    000003dc                                   : memory.obj (.text)
                  20005898    0000038c     main.obj (.text)
                  20005c24    00000280     uart_if.obj (.text)
                  20005ea4    000001f4     rtsv7M4_T_le_v4SPD16_eabi.lib : ull_div_t2.obj (.text)
                  20006098    000001b6                                   : fd_add_t2.obj (.text)
                  2000624e    00000136                                   : fd_div_t2.obj (.text)
                  20006384    00000134     driverlib.a : prcm.obj (.text:PRCMCC3200MCUInit)
                  200064b8    00000110     rtsv7M4_T_le_v4SPD16_eabi.lib : xdscale.obj (.text)
                  200065c8    000000fc                                   : fd_mul_t2.obj (.text)
                  200066c4    000000d0     driverlib.a : spi.obj (.text:SPITransfer32)
                  20006794    000000ce                 : spi.obj (.text:SPITransfer16)
                  20006862    000000be     rtsv7M4_T_le_v4SPD16_eabi.lib : xdnorm.obj (.text)
                  20006920    000000b8     driverlib.a : spi.obj (.text:SPITransfer8)
                  200069d8    000000a8                 : interrupt.obj (.text:IntEnable)
                  20006a80    000000a0                 : spi.obj (.text:SPIConfigSetExpClk)
                  20006b20    0000009c     rtsv7M4_T_le_v4SPD16_eabi.lib : memcpy_t2.obj (.text)
                  20006bbc    00000094     driverlib.a : prcm.obj (.text:PRCMPeripheralClockGet)
                  20006c50    00000088                 : pin.obj (.text:PinConfigSet)
                  20006cd8    00000088                 : spi.obj (.text:SPITransfer)
                  20006d60    00000088     rtsv7M4_T_le_v4SPD16_eabi.lib : vsnprintf.obj (.text)
                  20006de8    00000086                                   : fd_cmp_t2.obj (.text:__aeabi_cdcmple)
                  20006e6e    00000086                                   : fd_cmp_t2.obj (.text:__aeabi_cdrcmple)
                  20006ef4    0000007c     driverlib.a : spi.obj (.text:SPIIntStatus)
                  20006f70    0000007a     rtsv7M4_T_le_v4SPD16_eabi.lib : memset_t2.obj (.text)
                  20006fea    00000076     driverlib.a : uart.obj (.text:UARTConfigSetExpClk)
                  20007060    0000006c     rtsv7M4_T_le_v4SPD16_eabi.lib : autoinit.obj (.text)
                  200070cc    0000006a                                   : copy_decompress_rle.obj (.text)
                  20007136    00000066                                   : xdunscal.obj (.text)
                  2000719c    00000058     driverlib.a : prcm.obj (.text:PRCMPeripheralReset)
                  200071f4    00000056     rtsv7M4_T_le_v4SPD16_eabi.lib : ltoa.obj (.text)
                  2000724a    00000052                                   : ldexp.obj (.text)
                  2000729c    00000050                                   : boot.obj (.text)
                  200072ec    0000004c     driverlib.a : spi.obj (.text:SPIIntEnable)
                  20007338    0000004c                 : spi.obj (.text:SPIIntNumberGet)
                  20007384    0000004c     rtsv7M4_T_le_v4SPD16_eabi.lib : atoi.obj (.text)
                  200073d0    0000004c                                   : cpy_tbl.obj (.text)
                  2000741c    00000048     driverlib.a : spi.obj (.text:SPIIntClear)
                  20007464    00000048     rtsv7M4_T_le_v4SPD16_eabi.lib : fd_toi_t2.obj (.text)
                  200074ac    00000044     driverlib.a : spi.obj (.text:SPIDmaMaskGet)
                  200074f0    00000044     pinmux.obj (.text)
                  20007534    00000044     rtsv7M4_T_le_v4SPD16_eabi.lib : exit.obj (.text)
                  20007578    00000040     driverlib.a : pin.obj (.text:PinModeSet)
                  200075b8    00000040     rtsv7M4_T_le_v4SPD16_eabi.lib : signal.obj (.text)
                  200075f8    0000003c     driverlib.a : prcm.obj (.text:PRCMPeripheralClkEnable)
                  20007634    00000034     rtsv7M4_T_le_v4SPD16_eabi.lib : feraiseexcept.obj (.text)
                  20007668    00000030     driverlib.a : uart.obj (.text:UARTDisable)
                  20007698    00000030     rtsv7M4_T_le_v4SPD16_eabi.lib : xdclass.obj (.text)
                  200076c8    00000030                                   : xferaise.obj (.text)
                  200076f8    0000002e                                   : i_tofd_t2.obj (.text)
                  20007726    0000002e                                   : raise.obj (.text)
                  20007754    0000002c     driverlib.a : prcm.obj (.text:PRCMSysResetCauseGet)
                  20007780    0000002a                 : spi.obj (.text:SPIDataGetNonBlocking)
                  200077aa    0000002a     rtsv7M4_T_le_v4SPD16_eabi.lib : frexp.obj (.text)
                  200077d4    00000028     driverlib.a : prcm.obj (.text:PRCMPeripheralClkDisable)
                  200077fc    00000024                 : uart.obj (.text:UARTEnable)
                  20007820    00000024     rtsv7M4_T_le_v4SPD16_eabi.lib : memmov.obj (.text)
                  20007844    00000022     driverlib.a : spi.obj (.text:SPIReset)
                  20007866    00000002     --HOLE-- [fill = 0]
                  20007868    00000020                 : interrupt.obj (.text:IntRegister)
                  20007888    00000020                 : spi.obj (.text:SPIDataGet)
                  200078a8    0000001e                 : spi.obj (.text:SPIDataPut)
                  200078c6    0000001e                 : spi.obj (.text:SPIIntRegister)
                  200078e4    0000001e                 : uart.obj (.text:UARTCharPut)
                  20007902    0000001c                 : uart.obj (.text:UARTCharGetNonBlocking)
                  2000791e    0000001c     rtsv7M4_T_le_v4SPD16_eabi.lib : memccpy.obj (.text)
                  2000793a    0000001a     driverlib.a : pin.obj (.text:PinTypeSPI)
                  20007954    0000001a                 : pin.obj (.text:PinTypeUART)
                  2000796e    00000018                 : spi.obj (.text:SPICSDisable)
                  20007986    00000018                 : spi.obj (.text:SPICSEnable)
                  2000799e    00000018                 : spi.obj (.text:SPIEnable)
                  200079b6    00000018                 : uart.obj (.text:UARTCharsAvail)
                  200079ce    00000002     --HOLE-- [fill = 0]
                  200079d0    00000018     rtsv7M4_T_le_v4SPD16_eabi.lib : args_main.obj (.text)
                  200079e8    00000016     driverlib.a : prcm.obj (.text:PRCMHIBRegRead)
                  200079fe    00000016                 : prcm.obj (.text:PRCMHIBRegWrite)
                  20007a14    00000016                 : uart.obj (.text:UARTCharGet)
                  20007a2a    00000016     rtsv7M4_T_le_v4SPD16_eabi.lib : strchr.obj (.text)
                  20007a40    00000014     driverlib.a : cpu.obj (.text:CPUcpsie)
                  20007a54    00000014                 : interrupt.obj (.text:IntVTableBaseSet)
                  20007a68    00000014     rtsv7M4_T_le_v4SPD16_eabi.lib : _lock.obj (.text)
                  20007a7c    00000014                                   : strlen.obj (.text)
                  20007a90    0000000e                                   : copy_decompress_none.obj (.text:decompress:none)
                  20007a9e    0000000e     startup_ccs.obj (.text)
                  20007aac    0000000c     rtsv7M4_T_le_v4SPD16_eabi.lib : copy_zero_init.obj (.text:decompress:ZI)
                  20007ab8    0000000a     driverlib.a : interrupt.obj (.text:IntMasterEnable)
                  20007ac2    00000006                 : utils.obj (.text:UtilsDelay)
                  20007ac8    00000006     rtsv7M4_T_le_v4SPD16_eabi.lib : copy_decompress_rle.obj (.text:decompress:rle24)
                  20007ace    00000004                                   : pre_init.obj (.text)

.const     0    20007ad4    00000368     
                  20007ad4    00000101     rtsv7M4_T_le_v4SPD16_eabi.lib : ctype.obj (.const:.string:_ctypes_)
                  20007bd5    00000003     --HOLE-- [fill = 0]
                  20007bd8    00000100     driverlib.a : pin.obj (.const:g_ulPinToPadMap)
                  20007cd8    000000a8                 : prcm.obj (.const:PRCM_PeriphRegsList)
                  20007d80    00000080                 : interrupt.obj (.const)
                  20007e00    00000024                 : spi.obj (.const:g_ppulSPIIntMap)
                  20007e24    00000018                 : spi.obj (.const)

.cinit     0    20007e40    00000078     
                  20007e40    0000004e     (.cinit..data.load) [load image, compression = rle]
                  20007e8e    00000002     --HOLE-- [fill = 0]
                  20007e90    0000000c     (__TI_handler_table)
                  20007e9c    00000004     --HOLE-- [fill = 0]
                  20007ea0    00000008     (.cinit..bss.load) [load image, compression = zero_init]
                  20007ea8    00000010     (__TI_cinit_table)

.sysmem    0    20017000    00000800     UNINITIALIZED
                  20017000    00000008     rtsv7M4_T_le_v4SPD16_eabi.lib : memory.obj (.sysmem)
                  20017008    000007f8     --HOLE--

.data      0    20017800    0000015c     UNINITIALIZED
                  20017800    000000b0     rtsv7M4_T_le_v4SPD16_eabi.lib : signal.obj (.data:sigtable)
                  200178b0    00000080                                   : xvalues.obj (.data)
                  20017930    0000000c                                   : memory.obj (.data)
                  2001793c    00000008                                   : _lock.obj (.data)
                  20017944    00000008                                   : exit.obj (.data)
                  2001794c    00000008                                   : feraiseexcept.obj (.data)
                  20017954    00000004                                   : errno.obj (.data)
                  20017958    00000004                                   : stkdepth_vars.obj (.data)

.TI.persistent 
*          0    20017800    00000000     UNINITIALIZED

.bss       0    2001795c    000000ce     UNINITIALIZED
                  2001795c    00000064     main.obj (.bss:g_ucRxBuff)
                  200179c0    00000064     main.obj (.bss:g_ucTxBuff)
                  20017a24    00000004     (.common:__Errorlog)
                  20017a28    00000001     (.common:ucRxBuffNdx)
                  20017a29    00000001     (.common:ucTxBuffNdx)

.TI.noinit 
*          0    2001795c    00000000     UNINITIALIZED

.stack     0    2002f800    00000800     UNINITIALIZED
                  2002f800    00000800     --HOLE--


LINKER GENERATED COPY TABLES

__TI_cinit_table @ 20007ea8 records: 2, size/record: 8, table size: 16
	.data: load addr=20007e40, load size=0000004e bytes, run addr=20017800, run size=0000015c bytes, compression=rle
	.bss: load addr=20007ea0, load size=00000008 bytes, run addr=2001795c, run size=000000ce bytes, compression=zero_init


LINKER GENERATED HANDLER TABLE

__TI_handler_table @ 20007e90 records: 3, size/record: 4, table size: 12
	index: 0, handler: __TI_decompress_rle24
	index: 1, handler: __TI_decompress_none
	index: 2, handler: __TI_zero_init


GLOBAL SYMBOLS: SORTED ALPHABETICALLY BY Name 

address   name                    
-------   ----                    
20007535  C$$EXIT                 
20007a41  CPUcpsie                
20005c65  ClearTerm               
20005c6f  Error                   
20005ca7  GetCmd                  
20005c25  InitTerm                
200069d9  IntEnable               
20007ab9  IntMasterEnable         
20007869  IntRegister             
20007a55  IntVTableBaseSet        
20005909  MasterMain              
20005c43  Message                 
20006385  PRCMCC3200MCUInit       
200079e9  PRCMHIBRegRead          
200079ff  PRCMHIBRegWrite         
200077d5  PRCMPeripheralClkDisable
200075f9  PRCMPeripheralClkEnable 
20006bbd  PRCMPeripheralClockGet  
2000719d  PRCMPeripheralReset     
20007755  PRCMSysResetCauseGet    
20006c51  PinConfigSet            
20007579  PinModeSet              
200074f1  PinMuxConfig            
2000793b  PinTypeSPI              
20007955  PinTypeUART             
20005de5  Report                  
20007a9f  ResetISR                
UNDEFED   SHT$$INIT_ARRAY$$Base   
UNDEFED   SHT$$INIT_ARRAY$$Limit  
2000796f  SPICSDisable            
20007987  SPICSEnable             
20006a81  SPIConfigSetExpClk      
20007889  SPIDataGet              
20007781  SPIDataGetNonBlocking   
200078a9  SPIDataPut              
2000799f  SPIEnable               
2000741d  SPIIntClear             
200072ed  SPIIntEnable            
200078c7  SPIIntRegister          
20006ef5  SPIIntStatus            
20007845  SPIReset                
20006cd9  SPITransfer             
200059c7  SlaveMain               
20005d4d  TrimSpace               
20007a15  UARTCharGet             
20007903  UARTCharGetNonBlocking  
200078e5  UARTCharPut             
200079b7  UARTCharsAvail          
20006feb  UARTConfigSetExpClk     
20007669  UARTDisable             
200077fd  UARTEnable              
20007ac3  UtilsDelay              
20007699  _Dclass                 
200178b0  _Denorm                 
20006863  _Dnorm                  
200064b9  _Dscale                 
20007137  _Dunscale               
200178c0  _Eps                    
20017954  _Errno                  
2001794c  _Fenv                   
200076c9  _Feraise                
200178d0  _Hugeval                
200178e0  _Inf                    
200178f0  _Nan                    
20017910  _Rteps                  
20017900  _Snan                   
20017950  _Tls_setup__Fenv        
20017920  _Xbig                   
20017928  _Zero                   
20030000  __STACK_END             
00000800  __STACK_SIZE            
00000800  __SYSMEM_SIZE           
20007ea8  __TI_CINIT_Base         
20007eb8  __TI_CINIT_Limit        
20007e90  __TI_Handler_Table_Base 
20007e9c  __TI_Handler_Table_Limit
20007061  __TI_auto_init          
20017944  __TI_cleanup_ptr        
20007a91  __TI_decompress_none    
20007ac9  __TI_decompress_rle24   
20017948  __TI_dtors_ptr          
200051b5  __TI_printfi            
20007e40  __TI_static_base__      
20007aad  __TI_zero_init          
20006de9  __aeabi_cdcmpeq         
20006de9  __aeabi_cdcmple         
20006e6f  __aeabi_cdrcmple        
20007465  __aeabi_d2iz            
200060a3  __aeabi_dadd            
2000624f  __aeabi_ddiv            
200065c9  __aeabi_dmul            
20006099  __aeabi_dsub            
200076f9  __aeabi_i2d             
20006f71  __aeabi_memclr          
20006f71  __aeabi_memclr4         
20006f71  __aeabi_memclr8         
20006b21  __aeabi_memcpy          
20006b21  __aeabi_memcpy4         
20006b21  __aeabi_memcpy8         
20006f73  __aeabi_memset          
20006f73  __aeabi_memset4         
20006f73  __aeabi_memset8         
20005ea5  __aeabi_uldivmod        
ffffffff  __binit__               
ffffffff  __c_args__              
2002f800  __stack                 
200079d1  _args_main              
2000729d  _c_int00                
20007ad4  _ctypes_                
2001793c  _lock                   
20007a77  _nop                    
20007a6f  _register_lock          
20007a69  _register_unlock        
20017000  _sys_memory             
20007acf  _system_pre_init        
20017940  _unlock                 
20007539  abort                   
20007385  atoi                    
ffffffff  binit                   
20005865  calloc                  
200073d1  copy_in                 
20007541  exit                    
20007635  feraiseexcept           
200055b3  free                    
200077ab  frexp                   
20004000  g_pfnVectors            
2000724b  ldexp                   
200071f5  ltoa                    
20005a37  main                    
20017958  main_func_sp            
2000554b  malloc                  
20005781  memalign                
2000791f  memccpy                 
20006b21  memcpy                  
20007821  memmove                 
20006f79  memset                  
200054bd  minit                   
20007727  raise                   
20005675  realloc                 
200075b9  signal                  
20007a2b  strchr                  
20007a7d  strlen                  
20006d61  vsnprintf               


GLOBAL SYMBOLS: SORTED BY Symbol Address 

address   name                    
-------   ----                    
00000800  __STACK_SIZE            
00000800  __SYSMEM_SIZE           
20004000  g_pfnVectors            
200051b5  __TI_printfi            
200054bd  minit                   
2000554b  malloc                  
200055b3  free                    
20005675  realloc                 
20005781  memalign                
20005865  calloc                  
20005909  MasterMain              
200059c7  SlaveMain               
20005a37  main                    
20005c25  InitTerm                
20005c43  Message                 
20005c65  ClearTerm               
20005c6f  Error                   
20005ca7  GetCmd                  
20005d4d  TrimSpace               
20005de5  Report                  
20005ea5  __aeabi_uldivmod        
20006099  __aeabi_dsub            
200060a3  __aeabi_dadd            
2000624f  __aeabi_ddiv            
20006385  PRCMCC3200MCUInit       
200064b9  _Dscale                 
200065c9  __aeabi_dmul            
20006863  _Dnorm                  
200069d9  IntEnable               
20006a81  SPIConfigSetExpClk      
20006b21  __aeabi_memcpy          
20006b21  __aeabi_memcpy4         
20006b21  __aeabi_memcpy8         
20006b21  memcpy                  
20006bbd  PRCMPeripheralClockGet  
20006c51  PinConfigSet            
20006cd9  SPITransfer             
20006d61  vsnprintf               
20006de9  __aeabi_cdcmpeq         
20006de9  __aeabi_cdcmple         
20006e6f  __aeabi_cdrcmple        
20006ef5  SPIIntStatus            
20006f71  __aeabi_memclr          
20006f71  __aeabi_memclr4         
20006f71  __aeabi_memclr8         
20006f73  __aeabi_memset          
20006f73  __aeabi_memset4         
20006f73  __aeabi_memset8         
20006f79  memset                  
20006feb  UARTConfigSetExpClk     
20007061  __TI_auto_init          
20007137  _Dunscale               
2000719d  PRCMPeripheralReset     
200071f5  ltoa                    
2000724b  ldexp                   
2000729d  _c_int00                
200072ed  SPIIntEnable            
20007385  atoi                    
200073d1  copy_in                 
2000741d  SPIIntClear             
20007465  __aeabi_d2iz            
200074f1  PinMuxConfig            
20007535  C$$EXIT                 
20007539  abort                   
20007541  exit                    
20007579  PinModeSet              
200075b9  signal                  
200075f9  PRCMPeripheralClkEnable 
20007635  feraiseexcept           
20007669  UARTDisable             
20007699  _Dclass                 
200076c9  _Feraise                
200076f9  __aeabi_i2d             
20007727  raise                   
20007755  PRCMSysResetCauseGet    
20007781  SPIDataGetNonBlocking   
200077ab  frexp                   
200077d5  PRCMPeripheralClkDisable
200077fd  UARTEnable              
20007821  memmove                 
20007845  SPIReset                
20007869  IntRegister             
20007889  SPIDataGet              
200078a9  SPIDataPut              
200078c7  SPIIntRegister          
200078e5  UARTCharPut             
20007903  UARTCharGetNonBlocking  
2000791f  memccpy                 
2000793b  PinTypeSPI              
20007955  PinTypeUART             
2000796f  SPICSDisable            
20007987  SPICSEnable             
2000799f  SPIEnable               
200079b7  UARTCharsAvail          
200079d1  _args_main              
200079e9  PRCMHIBRegRead          
200079ff  PRCMHIBRegWrite         
20007a15  UARTCharGet             
20007a2b  strchr                  
20007a41  CPUcpsie                
20007a55  IntVTableBaseSet        
20007a69  _register_unlock        
20007a6f  _register_lock          
20007a77  _nop                    
20007a7d  strlen                  
20007a91  __TI_decompress_none    
20007a9f  ResetISR                
20007aad  __TI_zero_init          
20007ab9  IntMasterEnable         
20007ac3  UtilsDelay              
20007ac9  __TI_decompress_rle24   
20007acf  _system_pre_init        
20007ad4  _ctypes_                
20007e40  __TI_static_base__      
20007e90  __TI_Handler_Table_Base 
20007e9c  __TI_Handler_Table_Limit
20007ea8  __TI_CINIT_Base         
20007eb8  __TI_CINIT_Limit        
20017000  _sys_memory             
200178b0  _Denorm                 
200178c0  _Eps                    
200178d0  _Hugeval                
200178e0  _Inf                    
200178f0  _Nan                    
20017900  _Snan                   
20017910  _Rteps                  
20017920  _Xbig                   
20017928  _Zero                   
2001793c  _lock                   
20017940  _unlock                 
20017944  __TI_cleanup_ptr        
20017948  __TI_dtors_ptr          
2001794c  _Fenv                   
20017950  _Tls_setup__Fenv        
20017954  _Errno                  
20017958  main_func_sp            
2002f800  __stack                 
20030000  __STACK_END             
ffffffff  __binit__               
ffffffff  __c_args__              
ffffffff  binit                   
UNDEFED   SHT$$INIT_ARRAY$$Base   
UNDEFED   SHT$$INIT_ARRAY$$Limit  

[143 symbols]
