******************************************************************************
                  TI ARM Linker PC v5.2.2                      
******************************************************************************
>> Linked Fri Jun 19 18:56:08 2015

OUTPUT FILE NAME:   <freertos_demo.out>
ENTRY POINT SYMBOL: "_c_int00"  address: 200094b5


MEMORY CONFIGURATION

         name            origin    length      used     unused   attr    fill
----------------------  --------  ---------  --------  --------  ----  --------
  SRAM_CODE             20004000   00013000  00005d5a  0000d2a6  RW X
  SRAM_DATA             20017000   00019000  0000442c  00014bd4  RW X


SEGMENT ALLOCATION MAP

run origin  load origin   length   init length attrs members
----------  ----------- ---------- ----------- ----- -------
20004000    20004000    00005d60   00005d60    r-x
  20004000    20004000    00000400   00000400    r-- .intvecs
  20004400    20004400    000054da   000054da    r-x .text
  200098dc    200098dc    00000400   00000400    r-- .const
  20009ce0    20009ce0    00000080   00000080    r-- .cinit
20017000    20017000    0000432c   00000000    rw-
  20017000    20017000    00004000   00000000    rw- .sysmem
  2001b000    2001b000    000001a0   00000000    rw- .data
  2001b1a0    2001b1a0    0000018c   00000000    rw- .bss
2002ff00    2002ff00    00000100   00000000    rw-
  2002ff00    2002ff00    00000100   00000000    rw- .stack


SECTION ALLOCATION MAP

 output                                  attributes/
section   page    origin      length       input sections
--------  ----  ----------  ----------   ----------------
.intvecs   0    20004000    00000400     
                  20004000    00000400     startup_ccs.obj (.intvecs)

.init_array 
*          0    20004000    00000000     UNINITIALIZED

.text      0    20004400    000054da     
                  20004400    00001258     free_rtos.a : tasks.obj (.text)
                  20005658    000010a6     rtsv7M4_T_le_eabi.lib : _printfi.obj (.text)
                  200066fe    00000002     driverlib.a : interrupt.obj (.text:IntDefaultHandler)
                  20006700    00000b24     free_rtos.a : queue.obj (.text)
                  20007224    0000045c                 : osi_freertos.obj (.text)
                  20007680    000003dc     rtsv7M4_T_le_eabi.lib : memory.obj (.text)
                  20007a5c    00000290     uart_if.obj (.text)
                  20007cec    000001fc     main.obj (.text)
                  20007ee8    000001f4     rtsv7M4_T_le_eabi.lib : ull_div_t2.obj (.text)
                  200080dc    000001b6                           : fd_add_t2.obj (.text)
                  20008292    00000136                           : fd_div_t2.obj (.text)
                  200083c8    00000134     driverlib.a : prcm.obj (.text:PRCMCC3200MCUInit)
                  200084fc    0000012a     free_rtos.a : list.obj (.text)
                  20008626    00000002     --HOLE-- [fill = 0]
                  20008628    00000110                 : port.obj (.text)
                  20008738    00000110     rtsv7M4_T_le_eabi.lib : xdscale.obj (.text)
                  20008848    000000fc                           : fd_mul_t2.obj (.text)
                  20008944    000000be                           : xdnorm.obj (.text)
                  20008a02    00000002     --HOLE-- [fill = 0]
                  20008a04    000000ba     free_rtos.a : portasm.obj (.text)
                  20008abe    00000002     --HOLE-- [fill = 0]
                  20008ac0    000000a8     driverlib.a : interrupt.obj (.text:IntDisable)
                  20008b68    000000a8                 : interrupt.obj (.text:IntEnable)
                  20008c10    0000009c     rtsv7M4_T_le_eabi.lib : memcpy_t2.obj (.text)
                  20008cac    00000094     driverlib.a : prcm.obj (.text:PRCMPeripheralClockGet)
                  20008d40    00000088                 : pin.obj (.text:PinConfigSet)
                  20008dc8    00000088     rtsv7M4_T_le_eabi.lib : vsnprintf.obj (.text)
                  20008e50    00000086                           : fd_cmp_t2.obj (.text:__aeabi_cdcmple)
                  20008ed6    00000086                           : fd_cmp_t2.obj (.text:__aeabi_cdrcmple)
                  20008f5c    0000007a                           : memset_t2.obj (.text)
                  20008fd6    00000076     driverlib.a : uart.obj (.text:UARTConfigSetExpClk)
                  2000904c    0000006c     rtsv7M4_T_le_eabi.lib : autoinit.obj (.text)
                  200090b8    0000006a                           : copy_decompress_rle.obj (.text)
                  20009122    00000066                           : xdunscal.obj (.text)
                  20009188    00000058     driverlib.a : prcm.obj (.text:PRCMPeripheralReset)
                  200091e0    00000056     rtsv7M4_T_le_eabi.lib : ltoa.obj (.text)
                  20009236    00000002     --HOLE-- [fill = 0]
                  20009238    00000054     driverlib.a : interrupt.obj (.text:IntPrioritySet)
                  2000928c    0000004c     rtsv7M4_T_le_eabi.lib : atoi.obj (.text)
                  200092d8    0000004c                           : cpy_tbl.obj (.text)
                  20009324    00000048                           : fd_toi_t2.obj (.text)
                  2000936c    00000046                           : ldexp.obj (.text)
                  200093b2    00000002     --HOLE-- [fill = 0]
                  200093b4    00000044                           : exit.obj (.text)
                  200093f8    00000040     driverlib.a : pin.obj (.text:PinModeSet)
                  20009438    00000040     rtsv7M4_T_le_eabi.lib : signal.obj (.text)
                  20009478    0000003c     driverlib.a : prcm.obj (.text:PRCMPeripheralClkEnable)
                  200094b4    0000003c     rtsv7M4_T_le_eabi.lib : boot.obj (.text)
                  200094f0    00000038     free_rtos.a : heap_3.obj (.text)
                  20009528    00000034     rtsv7M4_T_le_eabi.lib : feraiseexcept.obj (.text)
                  2000955c    00000030     driverlib.a : uart.obj (.text:UARTDisable)
                  2000958c    00000030     rtsv7M4_T_le_eabi.lib : xferaise.obj (.text)
                  200095bc    0000002e                           : i_tofd_t2.obj (.text)
                  200095ea    0000002e                           : raise.obj (.text)
                  20009618    0000002c     driverlib.a : prcm.obj (.text:PRCMSysResetCauseGet)
                  20009644    0000002a     rtsv7M4_T_le_eabi.lib : xdclass.obj (.text)
                  2000966e    00000002     --HOLE-- [fill = 0]
                  20009670    00000028     driverlib.a : prcm.obj (.text:PRCMPeripheralClkDisable)
                  20009698    00000024                 : interrupt.obj (.text:IntUnregister)
                  200096bc    00000024                 : uart.obj (.text:UARTEnable)
                  200096e0    00000024     rtsv7M4_T_le_eabi.lib : memmov.obj (.text)
                  20009704    00000022                           : frexp.obj (.text)
                  20009726    00000002     --HOLE-- [fill = 0]
                  20009728    00000020     driverlib.a : interrupt.obj (.text:IntRegister)
                  20009748    0000001e                 : uart.obj (.text:UARTCharPut)
                  20009766    0000001c                 : uart.obj (.text:UARTCharGetNonBlocking)
                  20009782    0000001c     pinmux.obj (.text)
                  2000979e    0000001c     rtsv7M4_T_le_eabi.lib : memccpy.obj (.text)
                  200097ba    0000001a     driverlib.a : pin.obj (.text:PinTypeUART)
                  200097d4    00000018                 : uart.obj (.text:UARTCharsAvail)
                  200097ec    00000018     rtsv7M4_T_le_eabi.lib : args_main.obj (.text)
                  20009804    00000016     driverlib.a : prcm.obj (.text:PRCMHIBRegRead)
                  2000981a    00000016                 : prcm.obj (.text:PRCMHIBRegWrite)
                  20009830    00000016     rtsv7M4_T_le_eabi.lib : strchr.obj (.text)
                  20009846    00000014     driverlib.a : cpu.obj (.text:CPUcpsie)
                  2000985a    00000002     --HOLE-- [fill = 0]
                  2000985c    00000014                 : interrupt.obj (.text:IntVTableBaseSet)
                  20009870    00000014     rtsv7M4_T_le_eabi.lib : _lock.obj (.text)
                  20009884    00000014                           : strlen.obj (.text)
                  20009898    0000000e                           : copy_decompress_none.obj (.text:decompress:none)
                  200098a6    0000000e     startup_ccs.obj (.text)
                  200098b4    0000000c     rtsv7M4_T_le_eabi.lib : copy_zero_init.obj (.text:decompress:ZI)
                  200098c0    0000000a     driverlib.a : interrupt.obj (.text:IntMasterEnable)
                  200098ca    00000006                 : utils.obj (.text:UtilsDelay)
                  200098d0    00000006     rtsv7M4_T_le_eabi.lib : copy_decompress_rle.obj (.text:decompress:rle24)
                  200098d6    00000004                           : pre_init.obj (.text)

.const     0    200098dc    00000400     
                  200098dc    00000101     rtsv7M4_T_le_eabi.lib : ctype.obj (.const:.string:_ctypes_)
                  200099dd    00000003     --HOLE-- [fill = 0]
                  200099e0    00000100     driverlib.a : pin.obj (.const:g_ulPinToPadMap)
                  20009ae0    000000d4                 : interrupt.obj (.const:g_pulRegs)
                  20009bb4    000000a8                 : prcm.obj (.const:PRCM_PeriphRegsList)
                  20009c5c    00000080                 : interrupt.obj (.const)

.cinit     0    20009ce0    00000080     
                  20009ce0    0000005a     (.cinit..data.load) [load image, compression = rle]
                  20009d3a    00000002     --HOLE-- [fill = 0]
                  20009d3c    0000000c     (__TI_handler_table)
                  20009d48    00000008     (.cinit..bss.load) [load image, compression = zero_init]
                  20009d50    00000010     (__TI_cinit_table)

.sysmem    0    20017000    00004000     UNINITIALIZED
                  20017000    00000008     rtsv7M4_T_le_eabi.lib : memory.obj (.sysmem)
                  20017008    00003ff8     --HOLE--

.data      0    2001b000    000001a0     UNINITIALIZED
                  2001b000    000000b0     rtsv7M4_T_le_eabi.lib : signal.obj (.data:sigtable)
                  2001b0b0    00000080                           : xvalues.obj (.data)
                  2001b130    00000034     free_rtos.a : tasks.obj (.data)
                  2001b164    0000000c                 : osi_freertos.obj (.data)
                  2001b170    0000000c     rtsv7M4_T_le_eabi.lib : memory.obj (.data)
                  2001b17c    00000008                           : _lock.obj (.data)
                  2001b184    00000008                           : exit.obj (.data)
                  2001b18c    00000008                           : feraiseexcept.obj (.data)
                  2001b194    00000004     free_rtos.a : port.obj (.data)
                  2001b198    00000004     rtsv7M4_T_le_eabi.lib : errno.obj (.data)
                  2001b19c    00000004                           : stkdepth_vars.obj (.data)

.TI.persistent 
*          0    2001b000    00000000     UNINITIALIZED

.bss       0    2001b1a0    0000018c     UNINITIALIZED
                  2001b1a0    000000c8     free_rtos.a : tasks.obj (.bss:pxReadyTasksLists)
                  2001b268    00000050                 : queue.obj (.bss:xQueueRegistry)
                  2001b2b8    00000014     (.common:xDelayedTaskList1)
                  2001b2cc    00000014     (.common:xDelayedTaskList2)
                  2001b2e0    00000014     (.common:xPendingReadyList)
                  2001b2f4    00000014     (.common:xSuspendedTaskList)
                  2001b308    00000014     (.common:xTasksWaitingTermination)
                  2001b31c    00000004     (.common:MsgQ)
                  2001b320    00000004     (.common:__Errorlog)
                  2001b324    00000004     (.common:pxDelayedTaskList)
                  2001b328    00000004     (.common:pxOverflowDelayedTaskList)

.TI.noinit 
*          0    2001b1a0    00000000     UNINITIALIZED

.stack     0    2002ff00    00000100     UNINITIALIZED
                  2002ff00    00000100     --HOLE--


LINKER GENERATED COPY TABLES

__TI_cinit_table @ 20009d50 records: 2, size/record: 8, table size: 16
	.data: load addr=20009ce0, load size=0000005a bytes, run addr=2001b000, run size=000001a0 bytes, compression=rle
	.bss: load addr=20009d48, load size=00000008 bytes, run addr=2001b1a0, run size=0000018c bytes, compression=zero_init


LINKER GENERATED HANDLER TABLE

__TI_handler_table @ 20009d3c records: 3, size/record: 4, table size: 12
	index: 0, handler: __TI_decompress_rle24
	index: 1, handler: __TI_decompress_none
	index: 2, handler: __TI_zero_init


GLOBAL SYMBOLS: SORTED ALPHABETICALLY BY Name 

address   name                             
-------   ----                             
200093b5  C$$EXIT                          
20009847  CPUcpsie                         
20007a9d  ClearTerm                        
20007aa7  Error                            
20007adf  GetCmd                           
20007a5d  InitTerm                         
20008ac1  IntDisable                       
20008b69  IntEnable                        
200098c1  IntMasterEnable                  
20009239  IntPrioritySet                   
20009729  IntRegister                      
20009699  IntUnregister                    
2000985d  IntVTableBaseSet                 
20007a7b  Message                          
2001b31c  MsgQ                             
200083c9  PRCMCC3200MCUInit                
20009805  PRCMHIBRegRead                   
2000981b  PRCMHIBRegWrite                  
20009671  PRCMPeripheralClkDisable         
20009479  PRCMPeripheralClkEnable          
20008cad  PRCMPeripheralClockGet           
20009189  PRCMPeripheralReset              
20009619  PRCMSysResetCauseGet             
20008d41  PinConfigSet                     
200093f9  PinModeSet                       
20009783  PinMuxConfig                     
200097bb  PinTypeUART                      
20007c2d  Report                           
200098a7  ResetISR                         
UNDEFED   SHT$$INIT_ARRAY$$Base            
UNDEFED   SHT$$INIT_ARRAY$$Limit           
20007b95  TrimSpace                        
20009767  UARTCharGetNonBlocking           
20009749  UARTCharPut                      
200097d5  UARTCharsAvail                   
20008fd7  UARTConfigSetExpClk              
2000955d  UARTDisable                      
200096bd  UARTEnable                       
200098cb  UtilsDelay                       
200074ed  VDeleteSimpleLinkSpawnTask       
2000749d  VStartSimpleLinkSpawnTask        
20009645  _Dclass                          
2001b0b0  _Denorm                          
20008945  _Dnorm                           
20008739  _Dscale                          
20009123  _Dunscale                        
2001b0c0  _Eps                             
2001b198  _Errno                           
2001b18c  _Fenv                            
2000958d  _Feraise                         
2001b0d0  _Hugeval                         
2001b0e0  _Inf                             
2001b0f0  _Nan                             
2001b110  _Rteps                           
2001b100  _Snan                            
2001b190  _Tls_setup__Fenv                 
2001b120  _Xbig                            
2001b128  _Zero                            
20030000  __STACK_END                      
00000100  __STACK_SIZE                     
00004000  __SYSMEM_SIZE                    
20009d50  __TI_CINIT_Base                  
20009d60  __TI_CINIT_Limit                 
20009d3c  __TI_Handler_Table_Base          
20009d48  __TI_Handler_Table_Limit         
2000904d  __TI_auto_init                   
2001b184  __TI_cleanup_ptr                 
20009899  __TI_decompress_none             
200098d1  __TI_decompress_rle24            
2001b188  __TI_dtors_ptr                   
200063f9  __TI_printfi                     
20009ce0  __TI_static_base__               
200098b5  __TI_zero_init                   
20008e51  __aeabi_cdcmpeq                  
20008e51  __aeabi_cdcmple                  
20008ed7  __aeabi_cdrcmple                 
20009325  __aeabi_d2iz                     
200080e7  __aeabi_dadd                     
20008293  __aeabi_ddiv                     
20008849  __aeabi_dmul                     
200080dd  __aeabi_dsub                     
200095bd  __aeabi_i2d                      
20008f5d  __aeabi_memclr                   
20008f5d  __aeabi_memclr4                  
20008f5d  __aeabi_memclr8                  
20008c11  __aeabi_memcpy                   
20008c11  __aeabi_memcpy4                  
20008c11  __aeabi_memcpy8                  
20008f5f  __aeabi_memset                   
20008f5f  __aeabi_memset4                  
20008f5f  __aeabi_memset8                  
20007ee9  __aeabi_uldivmod                 
ffffffff  __binit__                        
ffffffff  __c_args__                       
2002ff00  __stack                          
200097ed  _args_main                       
200094b5  _c_int00                         
200098dc  _ctypes_                         
2001b17c  _lock                            
2000987f  _nop                             
20009877  _register_lock                   
20009871  _register_unlock                 
20017000  _sys_memory                      
200098d7  _system_pre_init                 
2001b180  _unlock                          
200093b9  abort                            
2000928d  atoi                             
ffffffff  binit                            
20007a29  calloc                           
200092d9  copy_in                          
20004691  eTaskGetState                    
200093c1  exit                             
20009529  feraiseexcept                    
20007777  free                             
20009705  frexp                            
20004000  g_pfnVectors                     
2000936d  ldexp                            
200091e1  ltoa                             
20007daf  main                             
2001b19c  main_func_sp                     
2000770f  malloc                           
200075f1  mem_Free                         
200075e5  mem_Malloc                       
20007611  mem_copy                         
200075fd  mem_set                          
20007945  memalign                         
2000979f  memccpy                          
20008c11  memcpy                           
200096e1  memmove                          
20008f65  memset                           
20007681  minit                            
20007667  osi_ContextRestore               
20007665  osi_ContextSave                  
20007625  osi_EnterCritical                
2000762f  osi_ExitCritical                 
2000724b  osi_InterruptDeRegister          
20007225  osi_InterruptRegister            
20007355  osi_LockObjCreate                
200073c9  osi_LockObjDelete                
200073d9  osi_LockObjLock                  
20007405  osi_LockObjUnlock                
20007519  osi_MsgQCreate                   
2000755d  osi_MsgQDelete                   
200075a9  osi_MsgQRead                     
20007577  osi_MsgQWrite                    
20007641  osi_Sleep                        
2000742f  osi_Spawn                        
20007333  osi_SyncObjClear                 
2000725d  osi_SyncObjCreate                
2000728d  osi_SyncObjDelete                
200072a7  osi_SyncObjSignal                
200072cf  osi_SyncObjSignalFromISR         
20007307  osi_SyncObjWait                  
2000737b  osi_TaskCreate                   
200073bb  osi_TaskDelete                   
20007651  osi_TaskDisable                  
2000765b  osi_TaskEnable                   
20007639  osi_start                        
20004bb5  pcTaskGetTaskName                
20008ab9  portCLZ                          
20008aa1  prvPortStartFirstTask            
200094f1  pvPortMalloc                     
2001b130  pxCurrentTCB                     
20008629  pxPortInitialiseStack            
200095eb  raise                            
20007839  realloc                          
20009439  signal                           
20009831  strchr                           
20009885  strlen                           
20006e81  ucQueueGetQueueType              
20008a09  ulPortSetInterruptMask           
200085df  uxListRemove                     
20006e61  uxQueueGetQueueNumber            
20006df5  uxQueueMessagesWaiting           
20006e2b  uxQueueMessagesWaitingFromISR    
20006e0b  uxQueueSpacesAvailable           
20004ba9  uxTaskGetNumberOfTasks           
20004bd9  uxTaskGetSystemState             
200050c9  uxTaskGetTaskNumber              
20004725  uxTaskPriorityGet                
20005621  uxTaskResetEventItemValue        
20007cf7  vApplicationIdleHook             
20007cf9  vApplicationMallocFailedHook     
20007cfb  vApplicationStackOverflowHook    
20007ced  vAssertCalled                    
200084fd  vListInitialise                  
2000852d  vListInitialiseItem              
20008579  vListInsert                      
2000853d  vListInsertEnd                   
20008a1f  vPortClearInterruptMask          
200086a5  vPortEndScheduler                
200086b9  vPortEnterCritical               
200086d1  vPortExitCritical                
20009511  vPortFree                        
20008a79  vPortSVCHandler                  
20008705  vPortSetupTimerInterrupt         
200086a7  vPortYield                       
2000709b  vQueueAddToRegistry              
20006e3d  vQueueDelete                     
20006e6f  vQueueSetQueueNumber             
200070dd  vQueueUnregisterQueue            
2000463b  vTaskDelay                       
2000459f  vTaskDelayUntil                  
2000450f  vTaskDelete                      
20004a8d  vTaskEndScheduler                
200050bb  vTaskMissedYield                 
20004e51  vTaskPlaceOnEventList            
20004eb5  vTaskPlaceOnUnorderedEventList   
20005597  vTaskPriorityDisinherit          
200054dd  vTaskPriorityInherit             
2000475d  vTaskPrioritySet                 
20004955  vTaskResume                      
200050e9  vTaskSetTaskNumber               
2000501b  vTaskSetTimeOutState             
20004a43  vTaskStartScheduler              
20004861  vTaskSuspend                     
20004a9f  vTaskSuspendAll                  
20004dd1  vTaskSwitchContext               
20008dc9  vsnprintf                        
2001b164  xHigherPriorityTaskWoken         
20008a2d  xPortPendSVHandler               
20008679  xPortStartScheduler              
200086e9  xPortSysTickHandler              
2000712b  xQueueAddToSet                   
20006a5d  xQueueAltGenericReceive          
200069b1  xQueueAltGenericSend             
20006885  xQueueCreateCountingSemaphore    
20006807  xQueueCreateMutex                
20007117  xQueueCreateSet                  
20006791  xQueueGenericCreate              
20006bf7  xQueueGenericReceive             
20006701  xQueueGenericReset               
200068a5  xQueueGenericSend                
20006b5b  xQueueGenericSendFromISR         
20007037  xQueueIsQueueEmptyFromISR        
20007079  xQueueIsQueueFullFromISR         
20006db1  xQueuePeekFromISR                
20006d39  xQueueReceiveFromISR             
2001b268  xQueueRegistry                   
2000715f  xQueueRemoveFromSet              
200071a1  xQueueSelectFromSet              
200071bb  xQueueSelectFromSetFromISR       
2001b168  xSimpleLinkSpawnQueue            
2001b16c  xSimpleLinkSpawnTaskHndl         
20005041  xTaskCheckForTimeOut             
20004401  xTaskGenericCreate               
20005491  xTaskGetCurrentTaskHandle        
20004c97  xTaskGetIdleTaskHandle           
200054a5  xTaskGetSchedulerState           
20004b7d  xTaskGetTickCount                
20004b91  xTaskGetTickCountFromISR         
20004cb5  xTaskIncrementTick               
20004f25  xTaskRemoveFromEventList         
20004fad  xTaskRemoveFromUnorderedEventList
20004ab1  xTaskResumeAll                   
200049c9  xTaskResumeFromISR               


GLOBAL SYMBOLS: SORTED BY Symbol Address 

address   name                             
-------   ----                             
00000100  __STACK_SIZE                     
00004000  __SYSMEM_SIZE                    
20004000  g_pfnVectors                     
20004401  xTaskGenericCreate               
2000450f  vTaskDelete                      
2000459f  vTaskDelayUntil                  
2000463b  vTaskDelay                       
20004691  eTaskGetState                    
20004725  uxTaskPriorityGet                
2000475d  vTaskPrioritySet                 
20004861  vTaskSuspend                     
20004955  vTaskResume                      
200049c9  xTaskResumeFromISR               
20004a43  vTaskStartScheduler              
20004a8d  vTaskEndScheduler                
20004a9f  vTaskSuspendAll                  
20004ab1  xTaskResumeAll                   
20004b7d  xTaskGetTickCount                
20004b91  xTaskGetTickCountFromISR         
20004ba9  uxTaskGetNumberOfTasks           
20004bb5  pcTaskGetTaskName                
20004bd9  uxTaskGetSystemState             
20004c97  xTaskGetIdleTaskHandle           
20004cb5  xTaskIncrementTick               
20004dd1  vTaskSwitchContext               
20004e51  vTaskPlaceOnEventList            
20004eb5  vTaskPlaceOnUnorderedEventList   
20004f25  xTaskRemoveFromEventList         
20004fad  xTaskRemoveFromUnorderedEventList
2000501b  vTaskSetTimeOutState             
20005041  xTaskCheckForTimeOut             
200050bb  vTaskMissedYield                 
200050c9  uxTaskGetTaskNumber              
200050e9  vTaskSetTaskNumber               
20005491  xTaskGetCurrentTaskHandle        
200054a5  xTaskGetSchedulerState           
200054dd  vTaskPriorityInherit             
20005597  vTaskPriorityDisinherit          
20005621  uxTaskResetEventItemValue        
200063f9  __TI_printfi                     
20006701  xQueueGenericReset               
20006791  xQueueGenericCreate              
20006807  xQueueCreateMutex                
20006885  xQueueCreateCountingSemaphore    
200068a5  xQueueGenericSend                
200069b1  xQueueAltGenericSend             
20006a5d  xQueueAltGenericReceive          
20006b5b  xQueueGenericSendFromISR         
20006bf7  xQueueGenericReceive             
20006d39  xQueueReceiveFromISR             
20006db1  xQueuePeekFromISR                
20006df5  uxQueueMessagesWaiting           
20006e0b  uxQueueSpacesAvailable           
20006e2b  uxQueueMessagesWaitingFromISR    
20006e3d  vQueueDelete                     
20006e61  uxQueueGetQueueNumber            
20006e6f  vQueueSetQueueNumber             
20006e81  ucQueueGetQueueType              
20007037  xQueueIsQueueEmptyFromISR        
20007079  xQueueIsQueueFullFromISR         
2000709b  vQueueAddToRegistry              
200070dd  vQueueUnregisterQueue            
20007117  xQueueCreateSet                  
2000712b  xQueueAddToSet                   
2000715f  xQueueRemoveFromSet              
200071a1  xQueueSelectFromSet              
200071bb  xQueueSelectFromSetFromISR       
20007225  osi_InterruptRegister            
2000724b  osi_InterruptDeRegister          
2000725d  osi_SyncObjCreate                
2000728d  osi_SyncObjDelete                
200072a7  osi_SyncObjSignal                
200072cf  osi_SyncObjSignalFromISR         
20007307  osi_SyncObjWait                  
20007333  osi_SyncObjClear                 
20007355  osi_LockObjCreate                
2000737b  osi_TaskCreate                   
200073bb  osi_TaskDelete                   
200073c9  osi_LockObjDelete                
200073d9  osi_LockObjLock                  
20007405  osi_LockObjUnlock                
2000742f  osi_Spawn                        
2000749d  VStartSimpleLinkSpawnTask        
200074ed  VDeleteSimpleLinkSpawnTask       
20007519  osi_MsgQCreate                   
2000755d  osi_MsgQDelete                   
20007577  osi_MsgQWrite                    
200075a9  osi_MsgQRead                     
200075e5  mem_Malloc                       
200075f1  mem_Free                         
200075fd  mem_set                          
20007611  mem_copy                         
20007625  osi_EnterCritical                
2000762f  osi_ExitCritical                 
20007639  osi_start                        
20007641  osi_Sleep                        
20007651  osi_TaskDisable                  
2000765b  osi_TaskEnable                   
20007665  osi_ContextSave                  
20007667  osi_ContextRestore               
20007681  minit                            
2000770f  malloc                           
20007777  free                             
20007839  realloc                          
20007945  memalign                         
20007a29  calloc                           
20007a5d  InitTerm                         
20007a7b  Message                          
20007a9d  ClearTerm                        
20007aa7  Error                            
20007adf  GetCmd                           
20007b95  TrimSpace                        
20007c2d  Report                           
20007ced  vAssertCalled                    
20007cf7  vApplicationIdleHook             
20007cf9  vApplicationMallocFailedHook     
20007cfb  vApplicationStackOverflowHook    
20007daf  main                             
20007ee9  __aeabi_uldivmod                 
200080dd  __aeabi_dsub                     
200080e7  __aeabi_dadd                     
20008293  __aeabi_ddiv                     
200083c9  PRCMCC3200MCUInit                
200084fd  vListInitialise                  
2000852d  vListInitialiseItem              
2000853d  vListInsertEnd                   
20008579  vListInsert                      
200085df  uxListRemove                     
20008629  pxPortInitialiseStack            
20008679  xPortStartScheduler              
200086a5  vPortEndScheduler                
200086a7  vPortYield                       
200086b9  vPortEnterCritical               
200086d1  vPortExitCritical                
200086e9  xPortSysTickHandler              
20008705  vPortSetupTimerInterrupt         
20008739  _Dscale                          
20008849  __aeabi_dmul                     
20008945  _Dnorm                           
20008a09  ulPortSetInterruptMask           
20008a1f  vPortClearInterruptMask          
20008a2d  xPortPendSVHandler               
20008a79  vPortSVCHandler                  
20008aa1  prvPortStartFirstTask            
20008ab9  portCLZ                          
20008ac1  IntDisable                       
20008b69  IntEnable                        
20008c11  __aeabi_memcpy                   
20008c11  __aeabi_memcpy4                  
20008c11  __aeabi_memcpy8                  
20008c11  memcpy                           
20008cad  PRCMPeripheralClockGet           
20008d41  PinConfigSet                     
20008dc9  vsnprintf                        
20008e51  __aeabi_cdcmpeq                  
20008e51  __aeabi_cdcmple                  
20008ed7  __aeabi_cdrcmple                 
20008f5d  __aeabi_memclr                   
20008f5d  __aeabi_memclr4                  
20008f5d  __aeabi_memclr8                  
20008f5f  __aeabi_memset                   
20008f5f  __aeabi_memset4                  
20008f5f  __aeabi_memset8                  
20008f65  memset                           
20008fd7  UARTConfigSetExpClk              
2000904d  __TI_auto_init                   
20009123  _Dunscale                        
20009189  PRCMPeripheralReset              
200091e1  ltoa                             
20009239  IntPrioritySet                   
2000928d  atoi                             
200092d9  copy_in                          
20009325  __aeabi_d2iz                     
2000936d  ldexp                            
200093b5  C$$EXIT                          
200093b9  abort                            
200093c1  exit                             
200093f9  PinModeSet                       
20009439  signal                           
20009479  PRCMPeripheralClkEnable          
200094b5  _c_int00                         
200094f1  pvPortMalloc                     
20009511  vPortFree                        
20009529  feraiseexcept                    
2000955d  UARTDisable                      
2000958d  _Feraise                         
200095bd  __aeabi_i2d                      
200095eb  raise                            
20009619  PRCMSysResetCauseGet             
20009645  _Dclass                          
20009671  PRCMPeripheralClkDisable         
20009699  IntUnregister                    
200096bd  UARTEnable                       
200096e1  memmove                          
20009705  frexp                            
20009729  IntRegister                      
20009749  UARTCharPut                      
20009767  UARTCharGetNonBlocking           
20009783  PinMuxConfig                     
2000979f  memccpy                          
200097bb  PinTypeUART                      
200097d5  UARTCharsAvail                   
200097ed  _args_main                       
20009805  PRCMHIBRegRead                   
2000981b  PRCMHIBRegWrite                  
20009831  strchr                           
20009847  CPUcpsie                         
2000985d  IntVTableBaseSet                 
20009871  _register_unlock                 
20009877  _register_lock                   
2000987f  _nop                             
20009885  strlen                           
20009899  __TI_decompress_none             
200098a7  ResetISR                         
200098b5  __TI_zero_init                   
200098c1  IntMasterEnable                  
200098cb  UtilsDelay                       
200098d1  __TI_decompress_rle24            
200098d7  _system_pre_init                 
200098dc  _ctypes_                         
20009ce0  __TI_static_base__               
20009d3c  __TI_Handler_Table_Base          
20009d48  __TI_Handler_Table_Limit         
20009d50  __TI_CINIT_Base                  
20009d60  __TI_CINIT_Limit                 
20017000  _sys_memory                      
2001b0b0  _Denorm                          
2001b0c0  _Eps                             
2001b0d0  _Hugeval                         
2001b0e0  _Inf                             
2001b0f0  _Nan                             
2001b100  _Snan                            
2001b110  _Rteps                           
2001b120  _Xbig                            
2001b128  _Zero                            
2001b130  pxCurrentTCB                     
2001b164  xHigherPriorityTaskWoken         
2001b168  xSimpleLinkSpawnQueue            
2001b16c  xSimpleLinkSpawnTaskHndl         
2001b17c  _lock                            
2001b180  _unlock                          
2001b184  __TI_cleanup_ptr                 
2001b188  __TI_dtors_ptr                   
2001b18c  _Fenv                            
2001b190  _Tls_setup__Fenv                 
2001b198  _Errno                           
2001b19c  main_func_sp                     
2001b268  xQueueRegistry                   
2001b31c  MsgQ                             
2002ff00  __stack                          
20030000  __STACK_END                      
ffffffff  __binit__                        
ffffffff  __c_args__                       
ffffffff  binit                            
UNDEFED   SHT$$INIT_ARRAY$$Base            
UNDEFED   SHT$$INIT_ARRAY$$Limit           

[256 symbols]
