******************************************************************************
                  TI ARM Linker PC v5.2.2                      
******************************************************************************
>> Linked Fri Jun 19 18:59:35 2015

OUTPUT FILE NAME:   <watchdog.out>
ENTRY POINT SYMBOL: "_c_int00"  address: 20004ed1


MEMORY CONFIGURATION

         name            origin    length      used     unused   attr    fill
----------------------  --------  ---------  --------  --------  ----  --------
  SRAM_CODE             20004000   00013000  000016cc  00011934  RW X
  SRAM_DATA             20017000   00019000  0000103c  00017fc4  RW X


SEGMENT ALLOCATION MAP

run origin  load origin   length   init length attrs members
----------  ----------- ---------- ----------- ----- -------
20004000    20004000    000016d0   000016d0    r-x
  20004000    20004000    00000400   00000400    r-- .intvecs
  20004400    20004400    00000f80   00000f80    r-x .text
  20005380    20005380    000002fc   000002fc    r-- .const
  20005680    20005680    00000050   00000050    r-- .cinit
20017000    20017000    0000083f   00000000    rw-
  20017000    20017000    00000800   00000000    rw- .sysmem
  20017800    20017800    00000035   00000000    rw- .data
  20017838    20017838    00000007   00000000    rw- .bss
2002f800    2002f800    00000800   00000000    rw-
  2002f800    2002f800    00000800   00000000    rw- .stack


SECTION ALLOCATION MAP

 output                                  attributes/
section   page    origin      length       input sections
--------  ----  ----------  ----------   ----------------
.intvecs   0    20004000    00000400     
                  20004000    00000400     startup_ccs.obj (.intvecs)

.init_array 
*          0    20004000    00000000     UNINITIALIZED

.text      0    20004400    00000f80     
                  20004400    0000039c     gpio_if.obj (.text)
                  2000479c    00000134     driverlib.a : prcm.obj (.text:PRCMCC3200MCUInit)
                  200048d0    000000a8                 : interrupt.obj (.text:IntDisable)
                  20004978    000000a8                 : interrupt.obj (.text:IntEnable)
                  20004a20    000000a8     main.obj (.text)
                  20004ac8    0000009c     rtsv7M4_T_le_v4SPD16_eabi.lib : memcpy_t2.obj (.text)
                  20004b64    00000088     driverlib.a : pin.obj (.text:PinConfigSet)
                  20004bec    00000082                 : gpio.obj (.text:GPIOIntTypeSet)
                  20004c6e    0000007a     rtsv7M4_T_le_v4SPD16_eabi.lib : memset_t2.obj (.text)
                  20004ce8    0000006c                                   : autoinit.obj (.text)
                  20004d54    0000006a                                   : copy_decompress_rle.obj (.text)
                  20004dbe    00000064     wdt_if.obj (.text)
                  20004e22    00000002     driverlib.a : interrupt.obj (.text:IntDefaultHandler)
                  20004e24    00000058                 : prcm.obj (.text:PRCMPeripheralReset)
                  20004e7c    00000054                 : interrupt.obj (.text:IntPrioritySet)
                  20004ed0    00000050     rtsv7M4_T_le_v4SPD16_eabi.lib : boot.obj (.text)
                  20004f20    0000004c                                   : cpy_tbl.obj (.text)
                  20004f6c    00000048     driverlib.a : gpio.obj (.text:GPIOGetIntNumber)
                  20004fb4    00000044     rtsv7M4_T_le_v4SPD16_eabi.lib : exit.obj (.text)
                  20004ff8    00000040     driverlib.a : pin.obj (.text:PinModeSet)
                  20005038    0000003c                 : prcm.obj (.text:PRCMPeripheralClkEnable)
                  20005074    00000036                 : gpio.obj (.text:GPIODirModeSet)
                  200050aa    00000030                 : pin.obj (.text:PinTypeGPIO)
                  200050da    00000002     --HOLE-- [fill = 0]
                  200050dc    0000002c                 : prcm.obj (.text:PRCMSysResetCauseGet)
                  20005108    00000028                 : prcm.obj (.text:PRCMPeripheralClkDisable)
                  20005130    00000024                 : interrupt.obj (.text:IntUnregister)
                  20005154    00000024     pinmux.obj (.text)
                  20005178    00000020     driverlib.a : gpio.obj (.text:GPIOPinWrite)
                  20005198    00000020                 : interrupt.obj (.text:IntRegister)
                  200051b8    0000001e                 : gpio.obj (.text:GPIOIntRegister)
                  200051d6    0000001a                 : gpio.obj (.text:GPIOIntEnable)
                  200051f0    00000018                 : gpio.obj (.text:GPIOPinRead)
                  20005208    00000018                 : wdt.obj (.text:WatchdogStallDisable)
                  20005220    00000018                 : wdt.obj (.text:WatchdogUnlock)
                  20005238    00000018     rtsv7M4_T_le_v4SPD16_eabi.lib : args_main.obj (.text)
                  20005250    00000016     driverlib.a : prcm.obj (.text:PRCMHIBRegRead)
                  20005266    00000016                 : prcm.obj (.text:PRCMHIBRegWrite)
                  2000527c    00000016                 : wdt.obj (.text:WatchdogEnable)
                  20005292    00000016                 : wdt.obj (.text:WatchdogIntRegister)
                  200052a8    00000014                 : cpu.obj (.text:CPUcpsie)
                  200052bc    00000014                 : gpio.obj (.text:GPIOIntClear)
                  200052d0    00000014                 : interrupt.obj (.text:IntVTableBaseSet)
                  200052e4    00000014     rtsv7M4_T_le_v4SPD16_eabi.lib : _lock.obj (.text)
                  200052f8    00000012     driverlib.a : wdt.obj (.text:WatchdogIntUnregister)
                  2000530a    00000012                 : wdt.obj (.text:WatchdogReloadSet)
                  2000531c    00000012                 : wdt.obj (.text:WatchdogRunning)
                  2000532e    00000010                 : wdt.obj (.text:WatchdogIntClear)
                  2000533e    0000000e     rtsv7M4_T_le_v4SPD16_eabi.lib : copy_decompress_none.obj (.text:decompress:none)
                  2000534c    0000000e     startup_ccs.obj (.text)
                  2000535a    0000000c     rtsv7M4_T_le_v4SPD16_eabi.lib : copy_zero_init.obj (.text:decompress:ZI)
                  20005366    0000000a     driverlib.a : interrupt.obj (.text:IntMasterEnable)
                  20005370    00000006                 : utils.obj (.text:UtilsDelay)
                  20005376    00000006     rtsv7M4_T_le_v4SPD16_eabi.lib : copy_decompress_rle.obj (.text:decompress:rle24)
                  2000537c    00000004                                   : pre_init.obj (.text)

.const     0    20005380    000002fc     
                  20005380    00000100     driverlib.a : pin.obj (.const:g_ulPinToPadMap)
                  20005480    000000d4                 : interrupt.obj (.const:g_pulRegs)
                  20005554    000000a8                 : prcm.obj (.const:PRCM_PeriphRegsList)
                  200055fc    00000080                 : interrupt.obj (.const)

.cinit     0    20005680    00000050     
                  20005680    00000029     (.cinit..data.load) [load image, compression = rle]
                  200056a9    00000003     --HOLE-- [fill = 0]
                  200056ac    0000000c     (__TI_handler_table)
                  200056b8    00000008     (.cinit..bss.load) [load image, compression = zero_init]
                  200056c0    00000010     (__TI_cinit_table)

.sysmem    0    20017000    00000800     UNINITIALIZED
                  20017000    00000008     rtsv7M4_T_le_v4SPD16_eabi.lib : memory.obj (.sysmem)
                  20017008    000007f8     --HOLE--

.data      0    20017800    00000035     UNINITIALIZED
                  20017800    00000020     gpio_if.obj (.data)
                  20017820    00000008     rtsv7M4_T_le_v4SPD16_eabi.lib : _lock.obj (.data)
                  20017828    00000008                                   : exit.obj (.data)
                  20017830    00000004                                   : stkdepth_vars.obj (.data)
                  20017834    00000001     main.obj (.data)

.TI.persistent 
*          0    20017800    00000000     UNINITIALIZED

.bss       0    20017838    00000007     UNINITIALIZED
                  20017838    00000004     (.common:g_ulWatchdogCycles)
                  2001783c    00000001     (.common:g_ucLED1Pin)
                  2001783d    00000001     (.common:g_ucLED2Pin)
                  2001783e    00000001     (.common:g_ucLED3Pin)

.TI.noinit 
*          0    20017838    00000000     UNINITIALIZED

.stack     0    2002f800    00000800     UNINITIALIZED
                  2002f800    00000800     --HOLE--


LINKER GENERATED COPY TABLES

__TI_cinit_table @ 200056c0 records: 2, size/record: 8, table size: 16
	.data: load addr=20005680, load size=00000029 bytes, run addr=20017800, run size=00000035 bytes, compression=rle
	.bss: load addr=200056b8, load size=00000008 bytes, run addr=20017838, run size=00000007 bytes, compression=zero_init


LINKER GENERATED HANDLER TABLE

__TI_handler_table @ 200056ac records: 3, size/record: 4, table size: 12
	index: 0, handler: __TI_decompress_rle24
	index: 1, handler: __TI_decompress_none
	index: 2, handler: __TI_zero_init


GLOBAL SYMBOLS: SORTED ALPHABETICALLY BY Name 

address   name                       
-------   ----                       
20004fb5  C$$EXIT                    
200052a9  CPUcpsie                   
20005075  GPIODirModeSet             
200052bd  GPIOIntClear               
200051d7  GPIOIntEnable              
200051b9  GPIOIntRegister            
20004bed  GPIOIntTypeSet             
200051f1  GPIOPinRead                
20005179  GPIOPinWrite               
200046c1  GPIO_IF_ConfigureNIntEnable
2000474d  GPIO_IF_Get                
2000467b  GPIO_IF_GetPortNPin        
2000443d  GPIO_IF_LedConfigure       
2000452f  GPIO_IF_LedOff             
2000447b  GPIO_IF_LedOn              
200045e3  GPIO_IF_LedStatus          
2000464d  GPIO_IF_LedToggle          
20004709  GPIO_IF_Set                
200048d1  IntDisable                 
20004979  IntEnable                  
20005367  IntMasterEnable            
20004e7d  IntPrioritySet             
20005199  IntRegister                
20005131  IntUnregister              
200052d1  IntVTableBaseSet           
2000479d  PRCMCC3200MCUInit          
20005251  PRCMHIBRegRead             
20005267  PRCMHIBRegWrite            
20005109  PRCMPeripheralClkDisable   
20005039  PRCMPeripheralClkEnable    
20004e25  PRCMPeripheralReset        
200050dd  PRCMSysResetCauseGet       
20004b65  PinConfigSet               
20004ff9  PinModeSet                 
20005155  PinMuxConfig               
200050ab  PinTypeGPIO                
2000534d  ResetISR                   
UNDEFED   SHT$$INIT_ARRAY$$Base      
UNDEFED   SHT$$INIT_ARRAY$$Limit     
20005371  UtilsDelay                 
20004dff  WDT_IF_DeInit              
20004dbf  WDT_IF_Init                
2000527d  WatchdogEnable             
2000532f  WatchdogIntClear           
20004a21  WatchdogIntHandler         
20005293  WatchdogIntRegister        
200052f9  WatchdogIntUnregister      
2000530b  WatchdogReloadSet          
2000531d  WatchdogRunning            
20005209  WatchdogStallDisable       
20005221  WatchdogUnlock             
20030000  __STACK_END                
00000800  __STACK_SIZE               
00000800  __SYSMEM_SIZE              
200056c0  __TI_CINIT_Base            
200056d0  __TI_CINIT_Limit           
200056ac  __TI_Handler_Table_Base    
200056b8  __TI_Handler_Table_Limit   
20004ce9  __TI_auto_init             
20017828  __TI_cleanup_ptr           
2000533f  __TI_decompress_none       
20005377  __TI_decompress_rle24      
2001782c  __TI_dtors_ptr             
20005680  __TI_static_base__         
2000535b  __TI_zero_init             
20004c6f  __aeabi_memclr             
20004c6f  __aeabi_memclr4            
20004c6f  __aeabi_memclr8            
20004ac9  __aeabi_memcpy             
20004ac9  __aeabi_memcpy4            
20004ac9  __aeabi_memcpy8            
20004c71  __aeabi_memset             
20004c71  __aeabi_memset4            
20004c71  __aeabi_memset8            
ffffffff  __binit__                  
ffffffff  __c_args__                 
2002f800  __stack                    
20005239  _args_main                 
20004ed1  _c_int00                   
20017820  _lock                      
200052f3  _nop                       
200052eb  _register_lock             
200052e5  _register_unlock           
20017000  _sys_memory                
2000537d  _system_pre_init           
20017824  _unlock                    
20004fb9  abort                      
ffffffff  binit                      
20004f21  copy_in                    
20004fc1  exit                       
20017834  g_bFeedWatchdog            
20004000  g_pfnVectors               
2001783c  g_ucLED1Pin                
2001783d  g_ucLED2Pin                
2001783e  g_ucLED3Pin                
20017814  g_uiLED1Port               
20017818  g_uiLED2Port               
2001781c  g_uiLED3Port               
20017838  g_ulWatchdogCycles         
20004a7b  main                       
20017830  main_func_sp               
20004ac9  memcpy                     
20004c77  memset                     


GLOBAL SYMBOLS: SORTED BY Symbol Address 

address   name                       
-------   ----                       
00000800  __STACK_SIZE               
00000800  __SYSMEM_SIZE              
20004000  g_pfnVectors               
2000443d  GPIO_IF_LedConfigure       
2000447b  GPIO_IF_LedOn              
2000452f  GPIO_IF_LedOff             
200045e3  GPIO_IF_LedStatus          
2000464d  GPIO_IF_LedToggle          
2000467b  GPIO_IF_GetPortNPin        
200046c1  GPIO_IF_ConfigureNIntEnable
20004709  GPIO_IF_Set                
2000474d  GPIO_IF_Get                
2000479d  PRCMCC3200MCUInit          
200048d1  IntDisable                 
20004979  IntEnable                  
20004a21  WatchdogIntHandler         
20004a7b  main                       
20004ac9  __aeabi_memcpy             
20004ac9  __aeabi_memcpy4            
20004ac9  __aeabi_memcpy8            
20004ac9  memcpy                     
20004b65  PinConfigSet               
20004bed  GPIOIntTypeSet             
20004c6f  __aeabi_memclr             
20004c6f  __aeabi_memclr4            
20004c6f  __aeabi_memclr8            
20004c71  __aeabi_memset             
20004c71  __aeabi_memset4            
20004c71  __aeabi_memset8            
20004c77  memset                     
20004ce9  __TI_auto_init             
20004dbf  WDT_IF_Init                
20004dff  WDT_IF_DeInit              
20004e25  PRCMPeripheralReset        
20004e7d  IntPrioritySet             
20004ed1  _c_int00                   
20004f21  copy_in                    
20004fb5  C$$EXIT                    
20004fb9  abort                      
20004fc1  exit                       
20004ff9  PinModeSet                 
20005039  PRCMPeripheralClkEnable    
20005075  GPIODirModeSet             
200050ab  PinTypeGPIO                
200050dd  PRCMSysResetCauseGet       
20005109  PRCMPeripheralClkDisable   
20005131  IntUnregister              
20005155  PinMuxConfig               
20005179  GPIOPinWrite               
20005199  IntRegister                
200051b9  GPIOIntRegister            
200051d7  GPIOIntEnable              
200051f1  GPIOPinRead                
20005209  WatchdogStallDisable       
20005221  WatchdogUnlock             
20005239  _args_main                 
20005251  PRCMHIBRegRead             
20005267  PRCMHIBRegWrite            
2000527d  WatchdogEnable             
20005293  WatchdogIntRegister        
200052a9  CPUcpsie                   
200052bd  GPIOIntClear               
200052d1  IntVTableBaseSet           
200052e5  _register_unlock           
200052eb  _register_lock             
200052f3  _nop                       
200052f9  WatchdogIntUnregister      
2000530b  WatchdogReloadSet          
2000531d  WatchdogRunning            
2000532f  WatchdogIntClear           
2000533f  __TI_decompress_none       
2000534d  ResetISR                   
2000535b  __TI_zero_init             
20005367  IntMasterEnable            
20005371  UtilsDelay                 
20005377  __TI_decompress_rle24      
2000537d  _system_pre_init           
20005680  __TI_static_base__         
200056ac  __TI_Handler_Table_Base    
200056b8  __TI_Handler_Table_Limit   
200056c0  __TI_CINIT_Base            
200056d0  __TI_CINIT_Limit           
20017000  _sys_memory                
20017814  g_uiLED1Port               
20017818  g_uiLED2Port               
2001781c  g_uiLED3Port               
20017820  _lock                      
20017824  _unlock                    
20017828  __TI_cleanup_ptr           
2001782c  __TI_dtors_ptr             
20017830  main_func_sp               
20017834  g_bFeedWatchdog            
20017838  g_ulWatchdogCycles         
2001783c  g_ucLED1Pin                
2001783d  g_ucLED2Pin                
2001783e  g_ucLED3Pin                
2002f800  __stack                    
20030000  __STACK_END                
ffffffff  __binit__                  
ffffffff  __c_args__                 
ffffffff  binit                      
UNDEFED   SHT$$INIT_ARRAY$$Base      
UNDEFED   SHT$$INIT_ARRAY$$Limit     

[103 symbols]
