<?xml version="1.0"?>
<link_info>
   <banner>TI ARM Linker PC v5.2.2</banner>
   <copyright>Copyright (c) 1996-2015 Texas Instruments Incorporated</copyright>
   <link_time>0x558449fa</link_time>
   <link_errors>0x0</link_errors>
   <output_file>nwp_filter.out</output_file>
   <entry_point>
      <name>_c_int00</name>
      <address>0x2000a145</address>
   </entry_point>
   <input_file_list>
      <input_file id="fl-2">
         <path>.\</path>
         <kind>object</kind>
         <file>main.obj</file>
         <name>main.obj</name>
      </input_file>
      <input_file id="fl-3">
         <path>.\</path>
         <kind>object</kind>
         <file>startup_ccs.obj</file>
         <name>startup_ccs.obj</name>
      </input_file>
      <input_file id="fl-12b">
         <path>C:\ti\ccsv6\tools\compiler\ti-cgt-arm_5.2.2\lib\</path>
         <kind>archive</kind>
         <file>rtsv7M4_T_le_eabi.lib</file>
         <name>boot.obj</name>
      </input_file>
      <input_file id="fl-12c">
         <path>C:\ti\ccsv6\tools\compiler\ti-cgt-arm_5.2.2\lib\</path>
         <kind>archive</kind>
         <file>rtsv7M4_T_le_eabi.lib</file>
         <name>copy_decompress_none.obj</name>
      </input_file>
      <input_file id="fl-12d">
         <path>C:\ti\ccsv6\tools\compiler\ti-cgt-arm_5.2.2\lib\</path>
         <kind>archive</kind>
         <file>rtsv7M4_T_le_eabi.lib</file>
         <name>copy_decompress_rle.obj</name>
      </input_file>
      <input_file id="fl-12e">
         <path>C:\ti\ccsv6\tools\compiler\ti-cgt-arm_5.2.2\lib\</path>
         <kind>archive</kind>
         <file>rtsv7M4_T_le_eabi.lib</file>
         <name>copy_zero_init.obj</name>
      </input_file>
      <input_file id="fl-12f">
         <path>C:\ti\ccsv6\tools\compiler\ti-cgt-arm_5.2.2\lib\</path>
         <kind>archive</kind>
         <file>rtsv7M4_T_le_eabi.lib</file>
         <name>exit.obj</name>
      </input_file>
      <input_file id="fl-130">
         <path>C:\ti\ccsv6\tools\compiler\ti-cgt-arm_5.2.2\lib\</path>
         <kind>archive</kind>
         <file>rtsv7M4_T_le_eabi.lib</file>
         <name>memcpy_t2.obj</name>
      </input_file>
      <input_file id="fl-131">
         <path>C:\ti\ccsv6\tools\compiler\ti-cgt-arm_5.2.2\lib\</path>
         <kind>archive</kind>
         <file>rtsv7M4_T_le_eabi.lib</file>
         <name>memset_t2.obj</name>
      </input_file>
      <input_file id="fl-132">
         <path>C:\ti\ccsv6\tools\compiler\ti-cgt-arm_5.2.2\lib\</path>
         <kind>archive</kind>
         <file>rtsv7M4_T_le_eabi.lib</file>
         <name>pre_init.obj</name>
      </input_file>
      <input_file id="fl-133">
         <path>C:\ti\ccsv6\tools\compiler\ti-cgt-arm_5.2.2\lib\</path>
         <kind>archive</kind>
         <file>rtsv7M4_T_le_eabi.lib</file>
         <name>sprintf.obj</name>
      </input_file>
      <input_file id="fl-134">
         <path>C:\ti\ccsv6\tools\compiler\ti-cgt-arm_5.2.2\lib\</path>
         <kind>archive</kind>
         <file>rtsv7M4_T_le_eabi.lib</file>
         <name>stkdepth_vars.obj</name>
      </input_file>
      <input_file id="fl-135">
         <path>C:\ti\ccsv6\tools\compiler\ti-cgt-arm_5.2.2\lib\</path>
         <kind>archive</kind>
         <file>rtsv7M4_T_le_eabi.lib</file>
         <name>_lock.obj</name>
      </input_file>
      <input_file id="fl-136">
         <path>C:\ti\ccsv6\tools\compiler\ti-cgt-arm_5.2.2\lib\</path>
         <kind>archive</kind>
         <file>rtsv7M4_T_le_eabi.lib</file>
         <name>_printfi.obj</name>
      </input_file>
      <input_file id="fl-137">
         <path>C:\ti\ccsv6\tools\compiler\ti-cgt-arm_5.2.2\lib\</path>
         <kind>archive</kind>
         <file>rtsv7M4_T_le_eabi.lib</file>
         <name>args_main.obj</name>
      </input_file>
      <input_file id="fl-138">
         <path>C:\ti\ccsv6\tools\compiler\ti-cgt-arm_5.2.2\lib\</path>
         <kind>archive</kind>
         <file>rtsv7M4_T_le_eabi.lib</file>
         <name>atoi.obj</name>
      </input_file>
      <input_file id="fl-139">
         <path>C:\ti\ccsv6\tools\compiler\ti-cgt-arm_5.2.2\lib\</path>
         <kind>archive</kind>
         <file>rtsv7M4_T_le_eabi.lib</file>
         <name>autoinit.obj</name>
      </input_file>
      <input_file id="fl-13a">
         <path>C:\ti\ccsv6\tools\compiler\ti-cgt-arm_5.2.2\lib\</path>
         <kind>archive</kind>
         <file>rtsv7M4_T_le_eabi.lib</file>
         <name>cpy_tbl.obj</name>
      </input_file>
      <input_file id="fl-13b">
         <path>C:\ti\ccsv6\tools\compiler\ti-cgt-arm_5.2.2\lib\</path>
         <kind>archive</kind>
         <file>rtsv7M4_T_le_eabi.lib</file>
         <name>ctype.obj</name>
      </input_file>
      <input_file id="fl-13c">
         <path>C:\ti\ccsv6\tools\compiler\ti-cgt-arm_5.2.2\lib\</path>
         <kind>archive</kind>
         <file>rtsv7M4_T_le_eabi.lib</file>
         <name>fd_add_t2.obj</name>
      </input_file>
      <input_file id="fl-13d">
         <path>C:\ti\ccsv6\tools\compiler\ti-cgt-arm_5.2.2\lib\</path>
         <kind>archive</kind>
         <file>rtsv7M4_T_le_eabi.lib</file>
         <name>fd_cmp_t2.obj</name>
      </input_file>
      <input_file id="fl-13e">
         <path>C:\ti\ccsv6\tools\compiler\ti-cgt-arm_5.2.2\lib\</path>
         <kind>archive</kind>
         <file>rtsv7M4_T_le_eabi.lib</file>
         <name>fd_div_t2.obj</name>
      </input_file>
      <input_file id="fl-13f">
         <path>C:\ti\ccsv6\tools\compiler\ti-cgt-arm_5.2.2\lib\</path>
         <kind>archive</kind>
         <file>rtsv7M4_T_le_eabi.lib</file>
         <name>fd_mul_t2.obj</name>
      </input_file>
      <input_file id="fl-140">
         <path>C:\ti\ccsv6\tools\compiler\ti-cgt-arm_5.2.2\lib\</path>
         <kind>archive</kind>
         <file>rtsv7M4_T_le_eabi.lib</file>
         <name>fd_toi_t2.obj</name>
      </input_file>
      <input_file id="fl-141">
         <path>C:\ti\ccsv6\tools\compiler\ti-cgt-arm_5.2.2\lib\</path>
         <kind>archive</kind>
         <file>rtsv7M4_T_le_eabi.lib</file>
         <name>frexp.obj</name>
      </input_file>
      <input_file id="fl-142">
         <path>C:\ti\ccsv6\tools\compiler\ti-cgt-arm_5.2.2\lib\</path>
         <kind>archive</kind>
         <file>rtsv7M4_T_le_eabi.lib</file>
         <name>i_tofd_t2.obj</name>
      </input_file>
      <input_file id="fl-143">
         <path>C:\ti\ccsv6\tools\compiler\ti-cgt-arm_5.2.2\lib\</path>
         <kind>archive</kind>
         <file>rtsv7M4_T_le_eabi.lib</file>
         <name>ldexp.obj</name>
      </input_file>
      <input_file id="fl-144">
         <path>C:\ti\ccsv6\tools\compiler\ti-cgt-arm_5.2.2\lib\</path>
         <kind>archive</kind>
         <file>rtsv7M4_T_le_eabi.lib</file>
         <name>ltoa.obj</name>
      </input_file>
      <input_file id="fl-145">
         <path>C:\ti\ccsv6\tools\compiler\ti-cgt-arm_5.2.2\lib\</path>
         <kind>archive</kind>
         <file>rtsv7M4_T_le_eabi.lib</file>
         <name>memccpy.obj</name>
      </input_file>
      <input_file id="fl-146">
         <path>C:\ti\ccsv6\tools\compiler\ti-cgt-arm_5.2.2\lib\</path>
         <kind>archive</kind>
         <file>rtsv7M4_T_le_eabi.lib</file>
         <name>strchr.obj</name>
      </input_file>
      <input_file id="fl-147">
         <path>C:\ti\ccsv6\tools\compiler\ti-cgt-arm_5.2.2\lib\</path>
         <kind>archive</kind>
         <file>rtsv7M4_T_le_eabi.lib</file>
         <name>strlen.obj</name>
      </input_file>
      <input_file id="fl-148">
         <path>C:\ti\ccsv6\tools\compiler\ti-cgt-arm_5.2.2\lib\</path>
         <kind>archive</kind>
         <file>rtsv7M4_T_le_eabi.lib</file>
         <name>ull_div_t2.obj</name>
      </input_file>
      <input_file id="fl-149">
         <path>C:\ti\ccsv6\tools\compiler\ti-cgt-arm_5.2.2\lib\</path>
         <kind>archive</kind>
         <file>rtsv7M4_T_le_eabi.lib</file>
         <name>xdclass.obj</name>
      </input_file>
      <input_file id="fl-14a">
         <path>C:\ti\ccsv6\tools\compiler\ti-cgt-arm_5.2.2\lib\</path>
         <kind>archive</kind>
         <file>rtsv7M4_T_le_eabi.lib</file>
         <name>xdscale.obj</name>
      </input_file>
      <input_file id="fl-14b">
         <path>C:\ti\ccsv6\tools\compiler\ti-cgt-arm_5.2.2\lib\</path>
         <kind>archive</kind>
         <file>rtsv7M4_T_le_eabi.lib</file>
         <name>xdunscal.obj</name>
      </input_file>
      <input_file id="fl-14c">
         <path>C:\ti\ccsv6\tools\compiler\ti-cgt-arm_5.2.2\lib\</path>
         <kind>archive</kind>
         <file>rtsv7M4_T_le_eabi.lib</file>
         <name>xferaise.obj</name>
      </input_file>
      <input_file id="fl-14d">
         <path>C:\ti\ccsv6\tools\compiler\ti-cgt-arm_5.2.2\lib\</path>
         <kind>archive</kind>
         <file>rtsv7M4_T_le_eabi.lib</file>
         <name>xvalues.obj</name>
      </input_file>
      <input_file id="fl-14e">
         <path>C:\ti\ccsv6\tools\compiler\ti-cgt-arm_5.2.2\lib\</path>
         <kind>archive</kind>
         <file>rtsv7M4_T_le_eabi.lib</file>
         <name>errno.obj</name>
      </input_file>
      <input_file id="fl-14f">
         <path>C:\ti\ccsv6\tools\compiler\ti-cgt-arm_5.2.2\lib\</path>
         <kind>archive</kind>
         <file>rtsv7M4_T_le_eabi.lib</file>
         <name>feraiseexcept.obj</name>
      </input_file>
      <input_file id="fl-150">
         <path>C:\ti\ccsv6\tools\compiler\ti-cgt-arm_5.2.2\lib\</path>
         <kind>archive</kind>
         <file>rtsv7M4_T_le_eabi.lib</file>
         <name>raise.obj</name>
      </input_file>
      <input_file id="fl-151">
         <path>C:\ti\ccsv6\tools\compiler\ti-cgt-arm_5.2.2\lib\</path>
         <kind>archive</kind>
         <file>rtsv7M4_T_le_eabi.lib</file>
         <name>signal.obj</name>
      </input_file>
      <input_file id="fl-152">
         <path>C:\ti\ccsv6\tools\compiler\ti-cgt-arm_5.2.2\lib\</path>
         <kind>archive</kind>
         <file>rtsv7M4_T_le_eabi.lib</file>
         <name>xdnorm.obj</name>
      </input_file>
      <input_file id="fl-153">
         <path>C:\ti\CC3200SDK_1.1.0\cc3200-sdk\example\nwp_filter\ccs\..\..\..\driverlib\ccs\Release\</path>
         <kind>archive</kind>
         <file>driverlib.a</file>
         <name>interrupt.obj</name>
      </input_file>
      <input_file id="fl-154">
         <path>C:\ti\CC3200SDK_1.1.0\cc3200-sdk\example\nwp_filter\ccs\..\..\..\driverlib\ccs\Release\</path>
         <kind>archive</kind>
         <file>driverlib.a</file>
         <name>prcm.obj</name>
      </input_file>
      <input_file id="fl-155">
         <path>C:\ti\CC3200SDK_1.1.0\cc3200-sdk\example\nwp_filter\ccs\..\..\..\driverlib\ccs\Release\</path>
         <kind>archive</kind>
         <file>driverlib.a</file>
         <name>utils.obj</name>
      </input_file>
      <input_file id="fl-156">
         <path>C:\ti\CC3200SDK_1.1.0\cc3200-sdk\example\nwp_filter\ccs\..\..\..\driverlib\ccs\Release\</path>
         <kind>archive</kind>
         <file>driverlib.a</file>
         <name>cpu.obj</name>
      </input_file>
      <input_file id="fl-157">
         <path>C:\ti\CC3200SDK_1.1.0\cc3200-sdk\example\nwp_filter\ccs\..\..\..\driverlib\ccs\Release\</path>
         <kind>archive</kind>
         <file>driverlib.a</file>
         <name>flash.obj</name>
      </input_file>
      <input_file id="fl-158">
         <path>C:\ti\CC3200SDK_1.1.0\cc3200-sdk\example\nwp_filter\ccs\..\..\..\simplelink\ccs\NON_OS\</path>
         <kind>archive</kind>
         <file>simplelink.a</file>
         <name>device.obj</name>
      </input_file>
      <input_file id="fl-159">
         <path>C:\ti\CC3200SDK_1.1.0\cc3200-sdk\example\nwp_filter\ccs\..\..\..\simplelink\ccs\NON_OS\</path>
         <kind>archive</kind>
         <file>simplelink.a</file>
         <name>driver.obj</name>
      </input_file>
      <input_file id="fl-15a">
         <path>C:\ti\CC3200SDK_1.1.0\cc3200-sdk\example\nwp_filter\ccs\..\..\..\simplelink\ccs\NON_OS\</path>
         <kind>archive</kind>
         <file>simplelink.a</file>
         <name>netapp.obj</name>
      </input_file>
      <input_file id="fl-15b">
         <path>C:\ti\CC3200SDK_1.1.0\cc3200-sdk\example\nwp_filter\ccs\..\..\..\simplelink\ccs\NON_OS\</path>
         <kind>archive</kind>
         <file>simplelink.a</file>
         <name>netcfg.obj</name>
      </input_file>
      <input_file id="fl-15c">
         <path>C:\ti\CC3200SDK_1.1.0\cc3200-sdk\example\nwp_filter\ccs\..\..\..\simplelink\ccs\NON_OS\</path>
         <kind>archive</kind>
         <file>simplelink.a</file>
         <name>nonos.obj</name>
      </input_file>
      <input_file id="fl-15d">
         <path>C:\ti\CC3200SDK_1.1.0\cc3200-sdk\example\nwp_filter\ccs\..\..\..\simplelink\ccs\NON_OS\</path>
         <kind>archive</kind>
         <file>simplelink.a</file>
         <name>socket.obj</name>
      </input_file>
      <input_file id="fl-15e">
         <path>C:\ti\CC3200SDK_1.1.0\cc3200-sdk\example\nwp_filter\ccs\..\..\..\simplelink\ccs\NON_OS\</path>
         <kind>archive</kind>
         <file>simplelink.a</file>
         <name>wlan.obj</name>
      </input_file>
      <input_file id="fl-15f">
         <path>C:\ti\CC3200SDK_1.1.0\cc3200-sdk\example\nwp_filter\ccs\..\..\..\simplelink\ccs\NON_OS\</path>
         <kind>archive</kind>
         <file>simplelink.a</file>
         <name>cc_pal.obj</name>
      </input_file>
      <input_file id="fl-160">
         <path>C:\ti\ccsv6\tools\compiler\ti-cgt-arm_5.2.2\lib\</path>
         <kind>archive</kind>
         <file>rtsv7M4_T_le_eabi.lib</file>
         <name>ll_lsr_t2.obj</name>
      </input_file>
      <input_file id="fl-161">
         <path>C:\ti\CC3200SDK_1.1.0\cc3200-sdk\example\nwp_filter\ccs\..\..\..\driverlib\ccs\Release\</path>
         <kind>archive</kind>
         <file>driverlib.a</file>
         <name>spi.obj</name>
      </input_file>
      <input_file id="fl-162">
         <path>C:\ti\CC3200SDK_1.1.0\cc3200-sdk\example\nwp_filter\ccs\..\..\..\driverlib\ccs\Release\</path>
         <kind>archive</kind>
         <file>driverlib.a</file>
         <name>udma.obj</name>
      </input_file>
   </input_file_list>
   <object_component_list>
      <object_component id="oc-f">
         <name>.intvecs</name>
         <load_address>0x20004000</load_address>
         <run_address>0x20004000</run_address>
         <size>0x400</size>
         <input_file_ref idref="fl-3"/>
      </object_component>
      <object_component id="oc-1a3">
         <name>.text</name>
         <load_address>0x20004400</load_address>
         <run_address>0x20004400</run_address>
         <size>0x10a6</size>
         <input_file_ref idref="fl-136"/>
      </object_component>
      <object_component id="oc-4fb">
         <name>.text:IntDefaultHandler</name>
         <load_address>0x200054a6</load_address>
         <run_address>0x200054a6</run_address>
         <size>0x2</size>
         <input_file_ref idref="fl-153"/>
      </object_component>
      <object_component id="oc-98">
         <name>.text</name>
         <load_address>0x200054a8</load_address>
         <run_address>0x200054a8</run_address>
         <size>0x7a0</size>
         <input_file_ref idref="fl-2"/>
      </object_component>
      <object_component id="oc-509">
         <name>.text:_SlDrvMsgRead</name>
         <load_address>0x20005c48</load_address>
         <run_address>0x20005c48</run_address>
         <size>0x5ec</size>
         <input_file_ref idref="fl-159"/>
      </object_component>
      <object_component id="oc-572">
         <name>.text:_SlDrvRxHdrRead</name>
         <load_address>0x20006234</load_address>
         <run_address>0x20006234</run_address>
         <size>0x248</size>
         <input_file_ref idref="fl-159"/>
      </object_component>
      <object_component id="oc-111">
         <name>.text:sl_WlanConnect</name>
         <load_address>0x2000647c</load_address>
         <run_address>0x2000647c</run_address>
         <size>0x244</size>
         <input_file_ref idref="fl-15e"/>
      </object_component>
      <object_component id="oc-2da">
         <name>.text</name>
         <load_address>0x200066c0</load_address>
         <run_address>0x200066c0</run_address>
         <size>0x1f4</size>
         <input_file_ref idref="fl-148"/>
      </object_component>
      <object_component id="oc-1fd">
         <name>.text:_SlDrvReleasePoolObj</name>
         <load_address>0x200068b4</load_address>
         <run_address>0x200068b4</run_address>
         <size>0x1d0</size>
         <input_file_ref idref="fl-159"/>
      </object_component>
      <object_component id="oc-431">
         <name>.text:_SlDrvMsgWrite</name>
         <load_address>0x20006a84</load_address>
         <run_address>0x20006a84</run_address>
         <size>0x1cc</size>
         <input_file_ref idref="fl-159"/>
      </object_component>
      <object_component id="oc-309">
         <name>.text</name>
         <load_address>0x20006c50</load_address>
         <run_address>0x20006c50</run_address>
         <size>0x1b6</size>
         <input_file_ref idref="fl-13c"/>
      </object_component>
      <object_component id="oc-3bf">
         <name>.text:_SlDrvWaitForPoolObj</name>
         <load_address>0x20006e08</load_address>
         <run_address>0x20006e08</run_address>
         <size>0x190</size>
         <input_file_ref idref="fl-159"/>
      </object_component>
      <object_component id="oc-1d3">
         <name>.text:_SlDrvDriverCBInit</name>
         <load_address>0x20006f98</load_address>
         <run_address>0x20006f98</run_address>
         <size>0x188</size>
         <input_file_ref idref="fl-159"/>
      </object_component>
      <object_component id="oc-584">
         <name>.text:_SlFindAndSetActiveObj</name>
         <load_address>0x20007120</load_address>
         <run_address>0x20007120</run_address>
         <size>0x170</size>
         <input_file_ref idref="fl-159"/>
      </object_component>
      <object_component id="oc-1d9">
         <name>.text:spi_Open</name>
         <load_address>0x20007290</load_address>
         <run_address>0x20007290</run_address>
         <size>0x144</size>
         <input_file_ref idref="fl-15f"/>
      </object_component>
      <object_component id="oc-14a">
         <name>.text:sl_Accept</name>
         <load_address>0x200073d4</load_address>
         <run_address>0x200073d4</run_address>
         <size>0x138</size>
         <input_file_ref idref="fl-15d"/>
      </object_component>
      <object_component id="oc-2ef">
         <name>.text</name>
         <load_address>0x2000750c</load_address>
         <run_address>0x2000750c</run_address>
         <size>0x136</size>
         <input_file_ref idref="fl-13e"/>
      </object_component>
      <object_component id="oc-169">
         <name>.text:PRCMCC3200MCUInit</name>
         <load_address>0x20007644</load_address>
         <run_address>0x20007644</run_address>
         <size>0x134</size>
         <input_file_ref idref="fl-154"/>
      </object_component>
      <object_component id="oc-298">
         <name>.text:_SlDrvDataReadOp</name>
         <load_address>0x20007778</load_address>
         <run_address>0x20007778</run_address>
         <size>0x12c</size>
         <input_file_ref idref="fl-159"/>
      </object_component>
      <object_component id="oc-49d">
         <name>.text</name>
         <load_address>0x200078a4</load_address>
         <run_address>0x200078a4</run_address>
         <size>0x110</size>
         <input_file_ref idref="fl-14a"/>
      </object_component>
      <object_component id="oc-237">
         <name>.text:_SlDrvDriverCBDeinit</name>
         <load_address>0x200079b4</load_address>
         <run_address>0x200079b4</run_address>
         <size>0x100</size>
         <input_file_ref idref="fl-159"/>
      </object_component>
      <object_component id="oc-5d8">
         <name>.text:_SlDrvNetAppEventHandler</name>
         <load_address>0x20007ab4</load_address>
         <run_address>0x20007ab4</run_address>
         <size>0xfe</size>
         <input_file_ref idref="fl-15a"/>
      </object_component>
      <object_component id="oc-2ea">
         <name>.text</name>
         <load_address>0x20007bb2</load_address>
         <run_address>0x20007bb2</run_address>
         <size>0xfc</size>
         <input_file_ref idref="fl-13f"/>
      </object_component>
      <object_component id="oc-57e">
         <name>.text:spi_Read</name>
         <load_address>0x20007cb0</load_address>
         <run_address>0x20007cb0</run_address>
         <size>0xf0</size>
         <input_file_ref idref="fl-15f"/>
      </object_component>
      <object_component id="oc-657">
         <name>.text:uDMAChannelTransferSet</name>
         <load_address>0x20007da0</load_address>
         <run_address>0x20007da0</run_address>
         <size>0xf0</size>
         <input_file_ref idref="fl-162"/>
      </object_component>
      <object_component id="oc-578">
         <name>.text:_SlDrvClassifyRxMsg</name>
         <load_address>0x20007e90</load_address>
         <run_address>0x20007e90</run_address>
         <size>0xd8</size>
         <input_file_ref idref="fl-159"/>
      </object_component>
      <object_component id="oc-d7">
         <name>.text:sl_Stop</name>
         <load_address>0x20007f68</load_address>
         <run_address>0x20007f68</run_address>
         <size>0xd4</size>
         <input_file_ref idref="fl-158"/>
      </object_component>
      <object_component id="oc-621">
         <name>.text:_sl_HandleAsync_DnsGetHostByService</name>
         <load_address>0x2000803c</load_address>
         <run_address>0x2000803c</run_address>
         <size>0xc8</size>
         <input_file_ref idref="fl-15a"/>
      </object_component>
      <object_component id="oc-437">
         <name>.text:_SlDrvMsgReadCmdCtx</name>
         <load_address>0x20008104</load_address>
         <run_address>0x20008104</run_address>
         <size>0xc0</size>
         <input_file_ref idref="fl-159"/>
      </object_component>
      <object_component id="oc-3f4">
         <name>.text:_SlRemoveFromList</name>
         <load_address>0x200081c4</load_address>
         <run_address>0x200081c4</run_address>
         <size>0xc0</size>
         <input_file_ref idref="fl-159"/>
      </object_component>
      <object_component id="oc-542">
         <name>.text</name>
         <load_address>0x20008284</load_address>
         <run_address>0x20008284</run_address>
         <size>0xbe</size>
         <input_file_ref idref="fl-152"/>
      </object_component>
      <object_component id="oc-c5">
         <name>.text:sl_Start</name>
         <load_address>0x20008344</load_address>
         <run_address>0x20008344</run_address>
         <size>0xbc</size>
         <input_file_ref idref="fl-158"/>
      </object_component>
      <object_component id="oc-50f">
         <name>.text:_SlAsyncEventGenericHandler</name>
         <load_address>0x20008400</load_address>
         <run_address>0x20008400</run_address>
         <size>0xb8</size>
         <input_file_ref idref="fl-159"/>
      </object_component>
      <object_component id="oc-268">
         <name>.text:sl_NetAppMDNSRegisterUnregisterService</name>
         <load_address>0x200084b8</load_address>
         <run_address>0x200084b8</run_address>
         <size>0xb4</size>
         <input_file_ref idref="fl-15a"/>
      </object_component>
      <object_component id="oc-3d9">
         <name>.text:IntDisable</name>
         <load_address>0x2000856c</load_address>
         <run_address>0x2000856c</run_address>
         <size>0xa8</size>
         <input_file_ref idref="fl-153"/>
      </object_component>
      <object_component id="oc-163">
         <name>.text:IntEnable</name>
         <load_address>0x20008614</load_address>
         <run_address>0x20008614</run_address>
         <size>0xa8</size>
         <input_file_ref idref="fl-153"/>
      </object_component>
      <object_component id="oc-36e">
         <name>.text:SPIConfigSetExpClk</name>
         <load_address>0x200086bc</load_address>
         <run_address>0x200086bc</run_address>
         <size>0xa0</size>
         <input_file_ref idref="fl-161"/>
      </object_component>
      <object_component id="oc-40d">
         <name>.text:_SlDrvMsgReadSpawnCtx</name>
         <load_address>0x2000875c</load_address>
         <run_address>0x2000875c</run_address>
         <size>0x9c</size>
         <input_file_ref idref="fl-159"/>
      </object_component>
      <object_component id="oc-33">
         <name>.text</name>
         <load_address>0x200087f8</load_address>
         <run_address>0x200087f8</run_address>
         <size>0x9c</size>
         <input_file_ref idref="fl-130"/>
      </object_component>
      <object_component id="oc-dd">
         <name>.text:sl_DevGet</name>
         <load_address>0x20008894</load_address>
         <run_address>0x20008894</run_address>
         <size>0x9c</size>
         <input_file_ref idref="fl-158"/>
      </object_component>
      <object_component id="oc-517">
         <name>.text:spi_Write</name>
         <load_address>0x20008930</load_address>
         <run_address>0x20008930</run_address>
         <size>0x98</size>
         <input_file_ref idref="fl-15f"/>
      </object_component>
      <object_component id="oc-368">
         <name>.text:PRCMPeripheralClockGet</name>
         <load_address>0x200089c8</load_address>
         <run_address>0x200089c8</run_address>
         <size>0x94</size>
         <input_file_ref idref="fl-154"/>
      </object_component>
      <object_component id="oc-5e5">
         <name>.text:SetupDMAReceive</name>
         <load_address>0x20008a5c</load_address>
         <run_address>0x20008a5c</run_address>
         <size>0x8c</size>
         <input_file_ref idref="fl-15f"/>
      </object_component>
      <object_component id="oc-58f">
         <name>.text:SetupDMASend</name>
         <load_address>0x20008ae8</load_address>
         <run_address>0x20008ae8</run_address>
         <size>0x8c</size>
         <input_file_ref idref="fl-15f"/>
      </object_component>
      <object_component id="oc-61b">
         <name>.text:_sl_HandleAsync_DnsGetHostByName</name>
         <load_address>0x20008b74</load_address>
         <run_address>0x20008b74</run_address>
         <size>0x8c</size>
         <input_file_ref idref="fl-15a"/>
      </object_component>
      <object_component id="oc-5de">
         <name>.text:_sl_HandleAsync_PingResponse</name>
         <load_address>0x20008c00</load_address>
         <run_address>0x20008c00</run_address>
         <size>0x8c</size>
         <input_file_ref idref="fl-15a"/>
      </object_component>
      <object_component id="oc-132">
         <name>.text:sl_Bind</name>
         <load_address>0x20008c8c</load_address>
         <run_address>0x20008c8c</run_address>
         <size>0x88</size>
         <input_file_ref idref="fl-15d"/>
      </object_component>
      <object_component id="oc-2e5">
         <name>.text:__aeabi_cdcmple</name>
         <load_address>0x20008d14</load_address>
         <run_address>0x20008d14</run_address>
         <size>0x86</size>
         <input_file_ref idref="fl-13d"/>
      </object_component>
      <object_component id="oc-2f4">
         <name>.text:__aeabi_cdrcmple</name>
         <load_address>0x20008d9a</load_address>
         <run_address>0x20008d9a</run_address>
         <size>0x86</size>
         <input_file_ref idref="fl-13d"/>
      </object_component>
      <object_component id="oc-1cd">
         <name>.text:NwpPowerOnPreamble</name>
         <load_address>0x20008e20</load_address>
         <run_address>0x20008e20</run_address>
         <size>0x84</size>
         <input_file_ref idref="fl-15f"/>
      </object_component>
      <object_component id="oc-221">
         <name>.text:_SlDrvCmdOp</name>
         <load_address>0x20008ea4</load_address>
         <run_address>0x20008ea4</run_address>
         <size>0x80</size>
         <input_file_ref idref="fl-159"/>
      </object_component>
      <object_component id="oc-5eb">
         <name>.text:spi_Read_CPU</name>
         <load_address>0x20008f24</load_address>
         <run_address>0x20008f24</run_address>
         <size>0x80</size>
         <input_file_ref idref="fl-15f"/>
      </object_component>
      <object_component id="oc-5a1">
         <name>.text:spi_Write_CPU</name>
         <load_address>0x20008fa4</load_address>
         <run_address>0x20008fa4</run_address>
         <size>0x80</size>
         <input_file_ref idref="fl-15f"/>
      </object_component>
      <object_component id="oc-5ac">
         <name>.text:_sl_HandleAsync_InitComplete</name>
         <load_address>0x20009024</load_address>
         <run_address>0x20009024</run_address>
         <size>0x7c</size>
         <input_file_ref idref="fl-158"/>
      </object_component>
      <object_component id="oc-4c">
         <name>.text</name>
         <load_address>0x200090a0</load_address>
         <run_address>0x200090a0</run_address>
         <size>0x7a</size>
         <input_file_ref idref="fl-131"/>
      </object_component>
      <object_component id="oc-63d">
         <name>.text:_sl_HandleAsync_Connect</name>
         <load_address>0x2000911c</load_address>
         <run_address>0x2000911c</run_address>
         <size>0x78</size>
         <input_file_ref idref="fl-15d"/>
      </object_component>
      <object_component id="oc-231">
         <name>.text:spi_Close</name>
         <load_address>0x20009194</load_address>
         <run_address>0x20009194</run_address>
         <size>0x78</size>
         <input_file_ref idref="fl-15f"/>
      </object_component>
      <object_component id="oc-151">
         <name>.text:sl_Recv</name>
         <load_address>0x2000920c</load_address>
         <run_address>0x2000920c</run_address>
         <size>0x74</size>
         <input_file_ref idref="fl-15d"/>
      </object_component>
      <object_component id="oc-11d">
         <name>.text:sl_WlanRxFilterAdd</name>
         <load_address>0x20009280</load_address>
         <run_address>0x20009280</run_address>
         <size>0x74</size>
         <input_file_ref idref="fl-15e"/>
      </object_component>
      <object_component id="oc-cb">
         <name>.text:_SlNonOsMainLoopTask</name>
         <load_address>0x200092f4</load_address>
         <run_address>0x200092f4</run_address>
         <size>0x70</size>
         <input_file_ref idref="fl-15c"/>
      </object_component>
      <object_component id="oc-674">
         <name>.text:_SlDrvCmdSend</name>
         <load_address>0x20009364</load_address>
         <run_address>0x20009364</run_address>
         <size>0x6c</size>
         <input_file_ref idref="fl-159"/>
      </object_component>
      <object_component id="oc-5e">
         <name>.text</name>
         <load_address>0x200093d0</load_address>
         <run_address>0x200093d0</run_address>
         <size>0x6c</size>
         <input_file_ref idref="fl-139"/>
      </object_component>
      <object_component id="oc-3f">
         <name>.text</name>
         <load_address>0x2000943c</load_address>
         <run_address>0x2000943c</run_address>
         <size>0x6a</size>
         <input_file_ref idref="fl-12d"/>
      </object_component>
      <object_component id="oc-627">
         <name>.text:_sl_NetAppSendTokenValue</name>
         <load_address>0x200094a8</load_address>
         <run_address>0x200094a8</run_address>
         <size>0x68</size>
         <input_file_ref idref="fl-15a"/>
      </object_component>
      <object_component id="oc-f5">
         <name>.text:sl_NetCfgSet</name>
         <load_address>0x20009510</load_address>
         <run_address>0x20009510</run_address>
         <size>0x68</size>
         <input_file_ref idref="fl-15b"/>
      </object_component>
      <object_component id="oc-144">
         <name>.text:sl_SetSockOpt</name>
         <load_address>0x20009578</load_address>
         <run_address>0x20009578</run_address>
         <size>0x68</size>
         <input_file_ref idref="fl-15d"/>
      </object_component>
      <object_component id="oc-fb">
         <name>.text:sl_WlanSet</name>
         <load_address>0x200095e0</load_address>
         <run_address>0x200095e0</run_address>
         <size>0x68</size>
         <input_file_ref idref="fl-15e"/>
      </object_component>
      <object_component id="oc-495">
         <name>.text</name>
         <load_address>0x20009648</load_address>
         <run_address>0x20009648</run_address>
         <size>0x66</size>
         <input_file_ref idref="fl-14b"/>
      </object_component>
      <object_component id="oc-4cd">
         <name>.text:uDMAChannelAttributeDisable</name>
         <load_address>0x200096b0</load_address>
         <run_address>0x200096b0</run_address>
         <size>0x64</size>
         <input_file_ref idref="fl-162"/>
      </object_component>
      <object_component id="oc-651">
         <name>.text:uDMAChannelAttributeEnable</name>
         <load_address>0x20009714</load_address>
         <run_address>0x20009714</run_address>
         <size>0x64</size>
         <input_file_ref idref="fl-162"/>
      </object_component>
      <object_component id="oc-637">
         <name>.text:_sl_HandleAsync_Accept</name>
         <load_address>0x20009778</load_address>
         <run_address>0x20009778</run_address>
         <size>0x60</size>
         <input_file_ref idref="fl-15d"/>
      </object_component>
      <object_component id="oc-b9">
         <name>.text</name>
         <load_address>0x200097d8</load_address>
         <run_address>0x200097d8</run_address>
         <size>0x60</size>
         <input_file_ref idref="fl-133"/>
      </object_component>
      <object_component id="oc-e3">
         <name>.text:sl_WlanPolicySet</name>
         <load_address>0x20009838</load_address>
         <run_address>0x20009838</run_address>
         <size>0x60</size>
         <input_file_ref idref="fl-15e"/>
      </object_component>
      <object_component id="oc-34c">
         <name>.text:_SlNonOsSemGet</name>
         <load_address>0x20009898</load_address>
         <run_address>0x20009898</run_address>
         <size>0x5c</size>
         <input_file_ref idref="fl-15c"/>
      </object_component>
      <object_component id="oc-407">
         <name>.text:_SlNonOsSpawn</name>
         <load_address>0x200098f4</load_address>
         <run_address>0x200098f4</run_address>
         <size>0x5c</size>
         <input_file_ref idref="fl-15c"/>
      </object_component>
      <object_component id="oc-12c">
         <name>.text:sl_Socket</name>
         <load_address>0x20009950</load_address>
         <run_address>0x20009950</run_address>
         <size>0x5c</size>
         <input_file_ref idref="fl-15d"/>
      </object_component>
      <object_component id="oc-3e5">
         <name>.text:IntPendClear</name>
         <load_address>0x200099ac</load_address>
         <run_address>0x200099ac</run_address>
         <size>0x58</size>
         <input_file_ref idref="fl-153"/>
      </object_component>
      <object_component id="oc-2bd">
         <name>.text:PRCMPeripheralReset</name>
         <load_address>0x20009a04</load_address>
         <run_address>0x20009a04</run_address>
         <size>0x58</size>
         <input_file_ref idref="fl-154"/>
      </object_component>
      <object_component id="oc-2fe">
         <name>.text</name>
         <load_address>0x20009a5c</load_address>
         <run_address>0x20009a5c</run_address>
         <size>0x56</size>
         <input_file_ref idref="fl-144"/>
      </object_component>
      <object_component id="oc-398">
         <name>.text:IntPrioritySet</name>
         <load_address>0x20009ab4</load_address>
         <run_address>0x20009ab4</run_address>
         <size>0x54</size>
         <input_file_ref idref="fl-153"/>
      </object_component>
      <object_component id="oc-643">
         <name>.text:_sl_HandleAsync_Select</name>
         <load_address>0x20009b08</load_address>
         <run_address>0x20009b08</run_address>
         <size>0x54</size>
         <input_file_ref idref="fl-15d"/>
      </object_component>
      <object_component id="oc-10a">
         <name>.text:sl_WlanRxFilterSet</name>
         <load_address>0x20009b5c</load_address>
         <run_address>0x20009b5c</run_address>
         <size>0x54</size>
         <input_file_ref idref="fl-15e"/>
      </object_component>
      <object_component id="oc-5b2">
         <name>.text:_sl_HandleAsync_Stop</name>
         <load_address>0x20009bb0</load_address>
         <run_address>0x20009bb0</run_address>
         <size>0x50</size>
         <input_file_ref idref="fl-158"/>
      </object_component>
      <object_component id="oc-39e">
         <name>.text:SPIIntEnable</name>
         <load_address>0x20009c00</load_address>
         <run_address>0x20009c00</run_address>
         <size>0x4c</size>
         <input_file_ref idref="fl-161"/>
      </object_component>
      <object_component id="oc-520">
         <name>.text:SPIIntNumberGet</name>
         <load_address>0x20009c4c</load_address>
         <run_address>0x20009c4c</run_address>
         <size>0x4c</size>
         <input_file_ref idref="fl-161"/>
      </object_component>
      <object_component id="oc-1df">
         <name>.text:_SlDrvProtectAsyncRespSetting</name>
         <load_address>0x20009c98</load_address>
         <run_address>0x20009c98</run_address>
         <size>0x4c</size>
         <input_file_ref idref="fl-159"/>
      </object_component>
      <object_component id="oc-20c">
         <name>.text:_SlDrvRxIrqHandler</name>
         <load_address>0x20009ce4</load_address>
         <run_address>0x20009ce4</run_address>
         <size>0x4c</size>
         <input_file_ref idref="fl-159"/>
      </object_component>
      <object_component id="oc-28d">
         <name>.text:_sl_BuildAddress</name>
         <load_address>0x20009d30</load_address>
         <run_address>0x20009d30</run_address>
         <size>0x4c</size>
         <input_file_ref idref="fl-15d"/>
      </object_component>
      <object_component id="oc-32c">
         <name>.text</name>
         <load_address>0x20009d7c</load_address>
         <run_address>0x20009d7c</run_address>
         <size>0x4c</size>
         <input_file_ref idref="fl-138"/>
      </object_component>
      <object_component id="oc-90">
         <name>.text</name>
         <load_address>0x20009dc8</load_address>
         <run_address>0x20009dc8</run_address>
         <size>0x4c</size>
         <input_file_ref idref="fl-13a"/>
      </object_component>
      <object_component id="oc-4c7">
         <name>.text:uDMAChannelAssign</name>
         <load_address>0x20009e14</load_address>
         <run_address>0x20009e14</run_address>
         <size>0x4c</size>
         <input_file_ref idref="fl-162"/>
      </object_component>
      <object_component id="oc-4e8">
         <name>.text:SPIIntClear</name>
         <load_address>0x20009e60</load_address>
         <run_address>0x20009e60</run_address>
         <size>0x48</size>
         <input_file_ref idref="fl-161"/>
      </object_component>
      <object_component id="oc-254">
         <name>.text:_SlDrvBasicCmd</name>
         <load_address>0x20009ea8</load_address>
         <run_address>0x20009ea8</run_address>
         <size>0x48</size>
         <input_file_ref idref="fl-159"/>
      </object_component>
      <object_component id="oc-2f9">
         <name>.text</name>
         <load_address>0x20009ef0</load_address>
         <run_address>0x20009ef0</run_address>
         <size>0x48</size>
         <input_file_ref idref="fl-140"/>
      </object_component>
      <object_component id="oc-314">
         <name>.text</name>
         <load_address>0x20009f38</load_address>
         <run_address>0x20009f38</run_address>
         <size>0x46</size>
         <input_file_ref idref="fl-143"/>
      </object_component>
      <object_component id="oc-4dc">
         <name>.text:SPIDmaMaskGet</name>
         <load_address>0x20009f80</load_address>
         <run_address>0x20009f80</run_address>
         <size>0x44</size>
         <input_file_ref idref="fl-161"/>
      </object_component>
      <object_component id="oc-5f8">
         <name>.text:cc_SetupTransfer</name>
         <load_address>0x20009fc4</load_address>
         <run_address>0x20009fc4</run_address>
         <size>0x44</size>
         <input_file_ref idref="fl-15f"/>
      </object_component>
      <object_component id="oc-6a">
         <name>.text</name>
         <load_address>0x2000a008</load_address>
         <run_address>0x2000a008</run_address>
         <size>0x44</size>
         <input_file_ref idref="fl-12f"/>
      </object_component>
      <object_component id="oc-608">
         <name>.text</name>
         <load_address>0x2000a04c</load_address>
         <run_address>0x2000a04c</run_address>
         <size>0x40</size>
         <input_file_ref idref="fl-151"/>
      </object_component>
      <object_component id="oc-1eb">
         <name>.text:NwpRegisterInterruptHandler</name>
         <load_address>0x2000a08c</load_address>
         <run_address>0x2000a08c</run_address>
         <size>0x3e</size>
         <input_file_ref idref="fl-15f"/>
      </object_component>
      <object_component id="oc-62e">
         <name>.text:CopyPingResultsToReport</name>
         <load_address>0x2000a0ca</load_address>
         <run_address>0x2000a0ca</run_address>
         <size>0x3c</size>
         <input_file_ref idref="fl-15a"/>
      </object_component>
      <object_component id="oc-2b7">
         <name>.text:PRCMPeripheralClkEnable</name>
         <load_address>0x2000a108</load_address>
         <run_address>0x2000a108</run_address>
         <size>0x3c</size>
         <input_file_ref idref="fl-154"/>
      </object_component>
      <object_component id="oc-24">
         <name>.text</name>
         <load_address>0x2000a144</load_address>
         <run_address>0x2000a144</run_address>
         <size>0x3c</size>
         <input_file_ref idref="fl-12b"/>
      </object_component>
      <object_component id="oc-126">
         <name>.text:sl_Htons</name>
         <load_address>0x2000a180</load_address>
         <run_address>0x2000a180</run_address>
         <size>0x3c</size>
         <input_file_ref idref="fl-15d"/>
      </object_component>
      <object_component id="oc-13e">
         <name>.text:sl_Listen</name>
         <load_address>0x2000a1bc</load_address>
         <run_address>0x2000a1bc</run_address>
         <size>0x3c</size>
         <input_file_ref idref="fl-15d"/>
      </object_component>
      <object_component id="oc-64b">
         <name>.text:uDMAChannelControlSet</name>
         <load_address>0x2000a1f8</load_address>
         <run_address>0x2000a1f8</run_address>
         <size>0x3c</size>
         <input_file_ref idref="fl-162"/>
      </object_component>
      <object_component id="oc-1e5">
         <name>.text:NwpPowerOff</name>
         <load_address>0x2000a234</load_address>
         <run_address>0x2000a234</run_address>
         <size>0x38</size>
         <input_file_ref idref="fl-15f"/>
      </object_component>
      <object_component id="oc-104">
         <name>.text:sl_NetAppMDNSUnRegisterService</name>
         <load_address>0x2000a26c</load_address>
         <run_address>0x2000a26c</run_address>
         <size>0x36</size>
         <input_file_ref idref="fl-15a"/>
      </object_component>
      <object_component id="oc-374">
         <name>.text:PRCMPeripheralStatusGet</name>
         <load_address>0x2000a2a4</load_address>
         <run_address>0x2000a2a4</run_address>
         <size>0x34</size>
         <input_file_ref idref="fl-154"/>
      </object_component>
      <object_component id="oc-38c">
         <name>.text:SPIFIFOLevelSet</name>
         <load_address>0x2000a2d8</load_address>
         <run_address>0x2000a2d8</run_address>
         <size>0x34</size>
         <input_file_ref idref="fl-161"/>
      </object_component>
      <object_component id="oc-551">
         <name>.text</name>
         <load_address>0x2000a30c</load_address>
         <run_address>0x2000a30c</run_address>
         <size>0x34</size>
         <input_file_ref idref="fl-14f"/>
      </object_component>
      <object_component id="oc-529">
         <name>.text:_SlDrvDeviceEventHandler</name>
         <load_address>0x2000a340</load_address>
         <run_address>0x2000a340</run_address>
         <size>0x30</size>
         <input_file_ref idref="fl-158"/>
      </object_component>
      <object_component id="oc-4a3">
         <name>.text</name>
         <load_address>0x2000a370</load_address>
         <run_address>0x2000a370</run_address>
         <size>0x30</size>
         <input_file_ref idref="fl-14c"/>
      </object_component>
      <object_component id="oc-138">
         <name>.text:sl_Close</name>
         <load_address>0x2000a3a0</load_address>
         <run_address>0x2000a3a0</run_address>
         <size>0x30</size>
         <input_file_ref idref="fl-15d"/>
      </object_component>
      <object_component id="oc-e9">
         <name>.text:sl_WlanProfileDel</name>
         <load_address>0x2000a3d0</load_address>
         <run_address>0x2000a3d0</run_address>
         <size>0x30</size>
         <input_file_ref idref="fl-15e"/>
      </object_component>
      <object_component id="oc-d1">
         <name>.text:sl_WlanSetMode</name>
         <load_address>0x2000a400</load_address>
         <run_address>0x2000a400</run_address>
         <size>0x30</size>
         <input_file_ref idref="fl-15e"/>
      </object_component>
      <object_component id="oc-304">
         <name>.text</name>
         <load_address>0x2000a430</load_address>
         <run_address>0x2000a430</run_address>
         <size>0x2e</size>
         <input_file_ref idref="fl-142"/>
      </object_component>
      <object_component id="oc-5c6">
         <name>.text</name>
         <load_address>0x2000a45e</load_address>
         <run_address>0x2000a45e</run_address>
         <size>0x2e</size>
         <input_file_ref idref="fl-150"/>
      </object_component>
      <object_component id="oc-1f1">
         <name>.text:NwpPowerOn</name>
         <load_address>0x2000a48c</load_address>
         <run_address>0x2000a48c</run_address>
         <size>0x2c</size>
         <input_file_ref idref="fl-15f"/>
      </object_component>
      <object_component id="oc-2c9">
         <name>.text:PRCMSysResetCauseGet</name>
         <load_address>0x2000a4b8</load_address>
         <run_address>0x2000a4b8</run_address>
         <size>0x2c</size>
         <input_file_ref idref="fl-154"/>
      </object_component>
      <object_component id="oc-320">
         <name>.text</name>
         <load_address>0x2000a4e4</load_address>
         <run_address>0x2000a4e4</run_address>
         <size>0x2a</size>
         <input_file_ref idref="fl-149"/>
      </object_component>
      <object_component id="oc-2c3">
         <name>.text:PRCMPeripheralClkDisable</name>
         <load_address>0x2000a510</load_address>
         <run_address>0x2000a510</run_address>
         <size>0x28</size>
         <input_file_ref idref="fl-154"/>
      </object_component>
      <object_component id="oc-3b0">
         <name>.text:DmaSpiSwIntHandler</name>
         <load_address>0x2000a538</load_address>
         <run_address>0x2000a538</run_address>
         <size>0x24</size>
         <input_file_ref idref="fl-15f"/>
      </object_component>
      <object_component id="oc-3df">
         <name>.text:IntUnregister</name>
         <load_address>0x2000a55c</load_address>
         <run_address>0x2000a55c</run_address>
         <size>0x24</size>
         <input_file_ref idref="fl-153"/>
      </object_component>
      <object_component id="oc-3c5">
         <name>.text:_SlDrvProtectionObjLockWaitForever</name>
         <load_address>0x2000a580</load_address>
         <run_address>0x2000a580</run_address>
         <size>0x24</size>
         <input_file_ref idref="fl-159"/>
      </object_component>
      <object_component id="oc-362">
         <name>.text:SPIReset</name>
         <load_address>0x2000a5a4</load_address>
         <run_address>0x2000a5a4</run_address>
         <size>0x22</size>
         <input_file_ref idref="fl-161"/>
      </object_component>
      <object_component id="oc-59b">
         <name>.text:SPIWordCountSet</name>
         <load_address>0x2000a5c6</load_address>
         <run_address>0x2000a5c6</run_address>
         <size>0x22</size>
         <input_file_ref idref="fl-161"/>
      </object_component>
      <object_component id="oc-30e">
         <name>.text</name>
         <load_address>0x2000a5e8</load_address>
         <run_address>0x2000a5e8</run_address>
         <size>0x22</size>
         <input_file_ref idref="fl-141"/>
      </object_component>
      <object_component id="oc-392">
         <name>.text:IntRegister</name>
         <load_address>0x2000a60c</load_address>
         <run_address>0x2000a60c</run_address>
         <size>0x20</size>
         <input_file_ref idref="fl-153"/>
      </object_component>
      <object_component id="oc-3cb">
         <name>.text:_SlDrvProtectionObjUnLock</name>
         <load_address>0x2000a62c</load_address>
         <run_address>0x2000a62c</run_address>
         <size>0x20</size>
         <input_file_ref idref="fl-159"/>
      </object_component>
      <object_component id="oc-42b">
         <name>.text:_SlDrvObjLockWaitForever</name>
         <load_address>0x2000a64c</load_address>
         <run_address>0x2000a64c</run_address>
         <size>0x1e</size>
         <input_file_ref idref="fl-159"/>
      </object_component>
      <object_component id="oc-1f7">
         <name>.text:_SlDrvSyncObjWaitForever</name>
         <load_address>0x2000a66a</load_address>
         <run_address>0x2000a66a</run_address>
         <size>0x1e</size>
         <input_file_ref idref="fl-159"/>
      </object_component>
      <object_component id="oc-37a">
         <name>.text:cc_UDMAChannelSelect</name>
         <load_address>0x2000a688</load_address>
         <run_address>0x2000a688</run_address>
         <size>0x1e</size>
         <input_file_ref idref="fl-15f"/>
      </object_component>
      <object_component id="oc-326">
         <name>.text</name>
         <load_address>0x2000a6a6</load_address>
         <run_address>0x2000a6a6</run_address>
         <size>0x1c</size>
         <input_file_ref idref="fl-145"/>
      </object_component>
      <object_component id="oc-65d">
         <name>.text:uDMAChannelEnable</name>
         <load_address>0x2000a6c4</load_address>
         <run_address>0x2000a6c4</run_address>
         <size>0x1c</size>
         <input_file_ref idref="fl-162"/>
      </object_component>
      <object_component id="oc-454">
         <name>.text:SPIDmaDisable</name>
         <load_address>0x2000a6e0</load_address>
         <run_address>0x2000a6e0</run_address>
         <size>0x1a</size>
         <input_file_ref idref="fl-161"/>
      </object_component>
      <object_component id="oc-386">
         <name>.text:SPIDmaEnable</name>
         <load_address>0x2000a6fa</load_address>
         <run_address>0x2000a6fa</run_address>
         <size>0x1a</size>
         <input_file_ref idref="fl-161"/>
      </object_component>
      <object_component id="oc-44e">
         <name>.text:SPIFIFODisable</name>
         <load_address>0x2000a714</load_address>
         <run_address>0x2000a714</run_address>
         <size>0x1a</size>
         <input_file_ref idref="fl-161"/>
      </object_component>
      <object_component id="oc-380">
         <name>.text:SPIFIFOEnable</name>
         <load_address>0x2000a72e</load_address>
         <run_address>0x2000a72e</run_address>
         <size>0x1a</size>
         <input_file_ref idref="fl-161"/>
      </object_component>
      <object_component id="oc-448">
         <name>.text:SPIIntUnregister</name>
         <load_address>0x2000a748</load_address>
         <run_address>0x2000a748</run_address>
         <size>0x1a</size>
         <input_file_ref idref="fl-161"/>
      </object_component>
      <object_component id="oc-43d">
         <name>.text:_SlDrvObjUnLock</name>
         <load_address>0x2000a762</load_address>
         <run_address>0x2000a762</run_address>
         <size>0x1a</size>
         <input_file_ref idref="fl-159"/>
      </object_component>
      <object_component id="oc-3fa">
         <name>.text:_SlDrvSyncObjSignal</name>
         <load_address>0x2000a77c</load_address>
         <run_address>0x2000a77c</run_address>
         <size>0x1a</size>
         <input_file_ref idref="fl-159"/>
      </object_component>
      <object_component id="oc-356">
         <name>.text:SPICSDisable</name>
         <load_address>0x2000a796</load_address>
         <run_address>0x2000a796</run_address>
         <size>0x18</size>
         <input_file_ref idref="fl-161"/>
      </object_component>
      <object_component id="oc-595">
         <name>.text:SPICSEnable</name>
         <load_address>0x2000a7ae</load_address>
         <run_address>0x2000a7ae</run_address>
         <size>0x18</size>
         <input_file_ref idref="fl-161"/>
      </object_component>
      <object_component id="oc-35c">
         <name>.text:SPIDisable</name>
         <load_address>0x2000a7c6</load_address>
         <run_address>0x2000a7c6</run_address>
         <size>0x18</size>
         <input_file_ref idref="fl-161"/>
      </object_component>
      <object_component id="oc-3a4">
         <name>.text:SPIEnable</name>
         <load_address>0x2000a7de</load_address>
         <run_address>0x2000a7de</run_address>
         <size>0x18</size>
         <input_file_ref idref="fl-161"/>
      </object_component>
      <object_component id="oc-346">
         <name>.text:_SlNonOsSemSet</name>
         <load_address>0x2000a7f6</load_address>
         <run_address>0x2000a7f6</run_address>
         <size>0x18</size>
         <input_file_ref idref="fl-15c"/>
      </object_component>
      <object_component id="oc-203">
         <name>.text:_sl_GetStartResponseConvert</name>
         <load_address>0x2000a810</load_address>
         <run_address>0x2000a810</run_address>
         <size>0x18</size>
         <input_file_ref idref="fl-158"/>
      </object_component>
      <object_component id="oc-64">
         <name>.text</name>
         <load_address>0x2000a828</load_address>
         <run_address>0x2000a828</run_address>
         <size>0x18</size>
         <input_file_ref idref="fl-137"/>
      </object_component>
      <object_component id="oc-2ab">
         <name>.text:PRCMHIBRegRead</name>
         <load_address>0x2000a840</load_address>
         <run_address>0x2000a840</run_address>
         <size>0x16</size>
         <input_file_ref idref="fl-154"/>
      </object_component>
      <object_component id="oc-2b1">
         <name>.text:PRCMHIBRegWrite</name>
         <load_address>0x2000a856</load_address>
         <run_address>0x2000a856</run_address>
         <size>0x16</size>
         <input_file_ref idref="fl-154"/>
      </object_component>
      <object_component id="oc-271">
         <name>.text:_SlDrvMemZero</name>
         <load_address>0x2000a86c</load_address>
         <run_address>0x2000a86c</run_address>
         <size>0x16</size>
         <input_file_ref idref="fl-159"/>
      </object_component>
      <object_component id="oc-31a">
         <name>.text</name>
         <load_address>0x2000a882</load_address>
         <run_address>0x2000a882</run_address>
         <size>0x16</size>
         <input_file_ref idref="fl-146"/>
      </object_component>
      <object_component id="oc-2a0">
         <name>.text:CPUcpsie</name>
         <load_address>0x2000a898</load_address>
         <run_address>0x2000a898</run_address>
         <size>0x14</size>
         <input_file_ref idref="fl-156"/>
      </object_component>
      <object_component id="oc-157">
         <name>.text:IntVTableBaseSet</name>
         <load_address>0x2000a8ac</load_address>
         <run_address>0x2000a8ac</run_address>
         <size>0x14</size>
         <input_file_ref idref="fl-153"/>
      </object_component>
      <object_component id="oc-18e">
         <name>.text</name>
         <load_address>0x2000a8c0</load_address>
         <run_address>0x2000a8c0</run_address>
         <size>0x14</size>
         <input_file_ref idref="fl-135"/>
      </object_component>
      <object_component id="oc-2df">
         <name>.text</name>
         <load_address>0x2000a8d4</load_address>
         <run_address>0x2000a8d4</run_address>
         <size>0x14</size>
         <input_file_ref idref="fl-147"/>
      </object_component>
      <object_component id="oc-246">
         <name>.text:_SlDrvResetCmdExt</name>
         <load_address>0x2000a8e8</load_address>
         <run_address>0x2000a8e8</run_address>
         <size>0xe</size>
         <input_file_ref idref="fl-159"/>
      </object_component>
      <object_component id="oc-12">
         <name>.text:decompress:none</name>
         <load_address>0x2000a8f6</load_address>
         <run_address>0x2000a8f6</run_address>
         <size>0xe</size>
         <input_file_ref idref="fl-12c"/>
      </object_component>
      <object_component id="oc-2a">
         <name>.text</name>
         <load_address>0x2000a904</load_address>
         <run_address>0x2000a904</run_address>
         <size>0xe</size>
         <input_file_ref idref="fl-3"/>
      </object_component>
      <object_component id="oc-3d2">
         <name>.text:NwpMaskInterrupt</name>
         <load_address>0x2000a914</load_address>
         <run_address>0x2000a914</run_address>
         <size>0xc</size>
         <input_file_ref idref="fl-15f"/>
      </object_component>
      <object_component id="oc-3ec">
         <name>.text:NwpUnMaskInterrupt</name>
         <load_address>0x2000a920</load_address>
         <run_address>0x2000a920</run_address>
         <size>0xc</size>
         <input_file_ref idref="fl-15f"/>
      </object_component>
      <object_component id="oc-1e">
         <name>.text:decompress:ZI</name>
         <load_address>0x2000a92c</load_address>
         <run_address>0x2000a92c</run_address>
         <size>0xc</size>
         <input_file_ref idref="fl-12e"/>
      </object_component>
      <object_component id="oc-ef">
         <name>.text:sl_WlanDisconnect</name>
         <load_address>0x2000a938</load_address>
         <run_address>0x2000a938</run_address>
         <size>0xc</size>
         <input_file_ref idref="fl-15e"/>
      </object_component>
      <object_component id="oc-15d">
         <name>.text:IntMasterEnable</name>
         <load_address>0x2000a944</load_address>
         <run_address>0x2000a944</run_address>
         <size>0xa</size>
         <input_file_ref idref="fl-153"/>
      </object_component>
      <object_component id="oc-150">
         <name>.text:UtilsDelay</name>
         <load_address>0x2000a94e</load_address>
         <run_address>0x2000a94e</run_address>
         <size>0x6</size>
         <input_file_ref idref="fl-155"/>
      </object_component>
      <object_component id="oc-18">
         <name>.text:decompress:rle24</name>
         <load_address>0x2000a954</load_address>
         <run_address>0x2000a954</run_address>
         <size>0x6</size>
         <input_file_ref idref="fl-12d"/>
      </object_component>
      <object_component id="oc-58">
         <name>.text</name>
         <load_address>0x2000a95a</load_address>
         <run_address>0x2000a95a</run_address>
         <size>0x4</size>
         <input_file_ref idref="fl-132"/>
      </object_component>
      <object_component id="oc-4b1">
         <name>.const:.string:_ctypes_</name>
         <load_address>0x2000a960</load_address>
         <run_address>0x2000a960</run_address>
         <size>0x101</size>
         <input_file_ref idref="fl-13b"/>
      </object_component>
      <object_component id="oc-4d8">
         <name>.const:g_pulRegs</name>
         <load_address>0x2000aa64</load_address>
         <run_address>0x2000aa64</run_address>
         <size>0xd4</size>
         <input_file_ref idref="fl-153"/>
      </object_component>
      <object_component id="oc-277">
         <name>.const:$P$T0$1</name>
         <load_address>0x2000ab38</load_address>
         <run_address>0x2000ab38</run_address>
         <size>0xb0</size>
         <input_file_ref idref="fl-15e"/>
      </object_component>
      <object_component id="oc-481">
         <name>.const:PRCM_PeriphRegsList</name>
         <load_address>0x2000abe8</load_address>
         <run_address>0x2000abe8</run_address>
         <size>0xa8</size>
         <input_file_ref idref="fl-154"/>
      </object_component>
      <object_component id="oc-2a7">
         <name>.const</name>
         <load_address>0x2000ac90</load_address>
         <run_address>0x2000ac90</run_address>
         <size>0x80</size>
         <input_file_ref idref="fl-153"/>
      </object_component>
      <object_component id="oc-58b">
         <name>.const:OpcodeTranslateTable</name>
         <load_address>0x2000ad10</load_address>
         <run_address>0x2000ad10</run_address>
         <size>0x3c</size>
         <input_file_ref idref="fl-159"/>
      </object_component>
      <object_component id="oc-227">
         <name>.const</name>
         <load_address>0x2000ad4c</load_address>
         <run_address>0x2000ad4c</run_address>
         <size>0x3c</size>
         <input_file_ref idref="fl-15e"/>
      </object_component>
      <object_component id="oc-5f2">
         <name>.const:_SlActionLookupTable</name>
         <load_address>0x2000ad88</load_address>
         <run_address>0x2000ad88</run_address>
         <size>0x38</size>
         <input_file_ref idref="fl-159"/>
      </object_component>
      <object_component id="oc-45f">
         <name>.const</name>
         <load_address>0x2000adc0</load_address>
         <run_address>0x2000adc0</run_address>
         <size>0x34</size>
         <input_file_ref idref="fl-159"/>
      </object_component>
      <object_component id="oc-284">
         <name>.const</name>
         <load_address>0x2000adf4</load_address>
         <run_address>0x2000adf4</run_address>
         <size>0x34</size>
         <input_file_ref idref="fl-15d"/>
      </object_component>
      <object_component id="oc-117">
         <name>.const:$P$T0$1</name>
         <load_address>0x2000ae28</load_address>
         <run_address>0x2000ae28</run_address>
         <size>0x2c</size>
         <input_file_ref idref="fl-2"/>
      </object_component>
      <object_component id="oc-467">
         <name>.const</name>
         <load_address>0x2000ae54</load_address>
         <run_address>0x2000ae54</run_address>
         <size>0x28</size>
         <input_file_ref idref="fl-15a"/>
      </object_component>
      <object_component id="oc-5a8">
         <name>.const:g_ppulSPIIntMap</name>
         <load_address>0x2000ae7c</load_address>
         <run_address>0x2000ae7c</run_address>
         <size>0x24</size>
         <input_file_ref idref="fl-161"/>
      </object_component>
      <object_component id="oc-11a">
         <name>.const</name>
         <load_address>0x2000aea0</load_address>
         <run_address>0x2000aea0</run_address>
         <size>0x20</size>
         <input_file_ref idref="fl-2"/>
      </object_component>
      <object_component id="oc-56c">
         <name>.const</name>
         <load_address>0x2000aec0</load_address>
         <run_address>0x2000aec0</run_address>
         <size>0x18</size>
         <input_file_ref idref="fl-161"/>
      </object_component>
      <object_component id="oc-23d">
         <name>.const</name>
         <load_address>0x2000aed8</load_address>
         <run_address>0x2000aed8</run_address>
         <size>0x14</size>
         <input_file_ref idref="fl-158"/>
      </object_component>
      <object_component id="oc-123">
         <name>.const:.string</name>
         <load_address>0x2000aeec</load_address>
         <run_address>0x2000aeec</run_address>
         <size>0xa</size>
         <input_file_ref idref="fl-2"/>
      </object_component>
      <object_component id="oc-401">
         <name>.const:.string</name>
         <load_address>0x2000aef6</load_address>
         <run_address>0x2000aef6</run_address>
         <size>0x8</size>
         <input_file_ref idref="fl-158"/>
      </object_component>
      <object_component id="oc-25b">
         <name>.const</name>
         <load_address>0x2000aefe</load_address>
         <run_address>0x2000aefe</run_address>
         <size>0x8</size>
         <input_file_ref idref="fl-15b"/>
      </object_component>
      <object_component id="oc-6b3">
         <name>.cinit..data.load</name>
         <load_address>0x2000af08</load_address>
         <run_address>0x2000af08</run_address>
         <size>0x50</size>
      </object_component>
      <object_component id="oc-6b1">
         <name>__TI_handler_table</name>
         <load_address>0x2000af58</load_address>
         <run_address>0x2000af58</run_address>
         <size>0xc</size>
      </object_component>
      <object_component id="oc-6b4">
         <name>.cinit..bss.load</name>
         <load_address>0x2000af68</load_address>
         <run_address>0x2000af68</run_address>
         <size>0x8</size>
      </object_component>
      <object_component id="oc-6b2">
         <name>__TI_cinit_table</name>
         <load_address>0x2000af70</load_address>
         <run_address>0x2000af70</run_address>
         <size>0x10</size>
      </object_component>
      <object_component id="oc-29">
         <name>.stack</name>
         <uninitialized>true</uninitialized>
         <run_address>0x2002f000</run_address>
         <size>0x0</size>
         <input_file_ref idref="fl-12b"/>
      </object_component>
      <object_component id="oc-6b5">
         <name>.stack</name>
         <uninitialized>true</uninitialized>
         <run_address>0x2002f000</run_address>
         <size>0x0</size>
      </object_component>
      <object_component id="oc-bf">
         <name>.bss:g_ucConnectionSSID</name>
         <uninitialized>true</uninitialized>
         <run_address>0x20017758</run_address>
         <size>0x24</size>
         <input_file_ref idref="fl-2"/>
      </object_component>
      <object_component id="oc-16f">
         <name>.bss:g_uBuf</name>
         <uninitialized>true</uninitialized>
         <run_address>0x20017000</run_address>
         <size>0x578</size>
         <input_file_ref idref="fl-2"/>
      </object_component>
      <object_component id="oc-352">
         <name>.bss:g_StatMem</name>
         <uninitialized>true</uninitialized>
         <run_address>0x20017578</run_address>
         <size>0x168</size>
         <input_file_ref idref="fl-159"/>
      </object_component>
      <object_component id="oc-219">
         <name>.bss:g__SlNonOsCB</name>
         <uninitialized>true</uninitialized>
         <run_address>0x20017730</run_address>
         <size>0x28</size>
         <input_file_ref idref="fl-15c"/>
      </object_component>
      <object_component id="oc-3ad">
         <name>.bss:g_ucDinDout</name>
         <uninitialized>true</uninitialized>
         <run_address>0x200176e0</run_address>
         <size>0x50</size>
         <input_file_ref idref="fl-15f"/>
      </object_component>
      <object_component id="oc-c2">
         <name>.common:g_ucConnectionBSSID</name>
         <uninitialized>true</uninitialized>
         <run_address>0x2001778c</run_address>
         <size>0x8</size>
      </object_component>
      <object_component id="oc-110">
         <name>.common:g_cRx_Buffer</name>
         <uninitialized>true</uninitialized>
         <run_address>0x2001777c</run_address>
         <size>0x10</size>
      </object_component>
      <object_component id="oc-21c">
         <name>.common:RxIrqCnt</name>
         <uninitialized>true</uninitialized>
         <run_address>0x20017794</run_address>
         <size>0x1</size>
      </object_component>
      <object_component id="oc-3b6">
         <name>.common:g_cDummy</name>
         <uninitialized>true</uninitialized>
         <run_address>0x20017795</run_address>
         <size>0x1</size>
      </object_component>
      <object_component id="oc-101">
         <name>.data</name>
         <load_address>0x200178c8</load_address>
         <run_address>0x200178c8</run_address>
         <size>0x12</size>
         <input_file_ref idref="fl-2"/>
      </object_component>
      <object_component id="oc-a3">
         <name>.data</name>
         <load_address>0x200178fc</load_address>
         <run_address>0x200178fc</run_address>
         <size>0x8</size>
         <input_file_ref idref="fl-12f"/>
      </object_component>
      <object_component id="oc-70">
         <name>.data</name>
         <load_address>0x20017910</load_address>
         <run_address>0x20017910</run_address>
         <size>0x4</size>
         <input_file_ref idref="fl-134"/>
      </object_component>
      <object_component id="oc-a0">
         <name>.data</name>
         <load_address>0x200178f4</load_address>
         <run_address>0x200178f4</run_address>
         <size>0x8</size>
         <input_file_ref idref="fl-135"/>
      </object_component>
      <object_component id="oc-54c">
         <name>.data</name>
         <load_address>0x20017848</load_address>
         <run_address>0x20017848</run_address>
         <size>0x80</size>
         <input_file_ref idref="fl-14d"/>
      </object_component>
      <object_component id="oc-557">
         <name>.data</name>
         <load_address>0x2001790c</load_address>
         <run_address>0x2001790c</run_address>
         <size>0x4</size>
         <input_file_ref idref="fl-14e"/>
      </object_component>
      <object_component id="oc-5cc">
         <name>.data</name>
         <load_address>0x20017904</load_address>
         <run_address>0x20017904</run_address>
         <size>0x8</size>
         <input_file_ref idref="fl-14f"/>
      </object_component>
      <object_component id="oc-664">
         <name>.data:sigtable</name>
         <load_address>0x20017798</load_address>
         <run_address>0x20017798</run_address>
         <size>0xb0</size>
         <input_file_ref idref="fl-151"/>
      </object_component>
      <object_component id="oc-209">
         <name>.data</name>
         <load_address>0x200178e8</load_address>
         <run_address>0x200178e8</run_address>
         <size>0x9</size>
         <input_file_ref idref="fl-159"/>
      </object_component>
      <object_component id="oc-3aa">
         <name>.data</name>
         <load_address>0x200178dc</load_address>
         <run_address>0x200178dc</run_address>
         <size>0x9</size>
         <input_file_ref idref="fl-15f"/>
      </object_component>
      <object_component id="oc-c3">
         <name>.debug_info</name>
         <load_address>0x0</load_address>
         <run_address>0x0</run_address>
         <size>0xb71</size>
         <input_file_ref idref="fl-2"/>
      </object_component>
      <object_component id="oc-102">
         <name>.debug_info</name>
         <load_address>0xb71</load_address>
         <run_address>0xb71</run_address>
         <size>0x154</size>
         <input_file_ref idref="fl-2"/>
      </object_component>
      <object_component id="oc-c0">
         <name>.debug_info</name>
         <load_address>0xcc5</load_address>
         <run_address>0xcc5</run_address>
         <size>0xe1</size>
         <input_file_ref idref="fl-2"/>
      </object_component>
      <object_component id="oc-170">
         <name>.debug_info</name>
         <load_address>0xda6</load_address>
         <run_address>0xda6</run_address>
         <size>0xc9</size>
         <input_file_ref idref="fl-2"/>
      </object_component>
      <object_component id="oc-118">
         <name>.debug_info</name>
         <load_address>0xe6f</load_address>
         <run_address>0xe6f</run_address>
         <size>0xcb</size>
         <input_file_ref idref="fl-2"/>
      </object_component>
      <object_component id="oc-11b">
         <name>.debug_info</name>
         <load_address>0xf3a</load_address>
         <run_address>0xf3a</run_address>
         <size>0xea</size>
         <input_file_ref idref="fl-2"/>
      </object_component>
      <object_component id="oc-124">
         <name>.debug_info</name>
         <load_address>0x1024</load_address>
         <run_address>0x1024</run_address>
         <size>0xea</size>
         <input_file_ref idref="fl-2"/>
      </object_component>
      <object_component id="oc-99">
         <name>.debug_info</name>
         <load_address>0x110e</load_address>
         <run_address>0x110e</run_address>
         <size>0x103c</size>
         <input_file_ref idref="fl-2"/>
      </object_component>
      <object_component id="oc-173">
         <name>.debug_info</name>
         <load_address>0x214a</load_address>
         <run_address>0x214a</run_address>
         <size>0x370</size>
         <input_file_ref idref="fl-2"/>
      </object_component>
      <object_component id="oc-1b9">
         <name>.debug_info</name>
         <load_address>0x24ba</load_address>
         <run_address>0x24ba</run_address>
         <size>0xe6</size>
         <input_file_ref idref="fl-2"/>
      </object_component>
      <object_component id="oc-182">
         <name>.debug_info</name>
         <load_address>0x25a0</load_address>
         <run_address>0x25a0</run_address>
         <size>0x87f</size>
         <input_file_ref idref="fl-2"/>
      </object_component>
      <object_component id="oc-1b4">
         <name>.debug_info</name>
         <load_address>0x2e1f</load_address>
         <run_address>0x2e1f</run_address>
         <size>0x611</size>
         <input_file_ref idref="fl-2"/>
      </object_component>
      <object_component id="oc-17d">
         <name>.debug_info</name>
         <load_address>0x3430</load_address>
         <run_address>0x3430</run_address>
         <size>0x92b</size>
         <input_file_ref idref="fl-2"/>
      </object_component>
      <object_component id="oc-2d2">
         <name>.debug_info</name>
         <load_address>0x3d5b</load_address>
         <run_address>0x3d5b</run_address>
         <size>0x9f</size>
         <input_file_ref idref="fl-2"/>
      </object_component>
      <object_component id="oc-1c3">
         <name>.debug_info</name>
         <load_address>0x3dfa</load_address>
         <run_address>0x3dfa</run_address>
         <size>0xc8</size>
         <input_file_ref idref="fl-2"/>
      </object_component>
      <object_component id="oc-178">
         <name>.debug_info</name>
         <load_address>0x3ec2</load_address>
         <run_address>0x3ec2</run_address>
         <size>0x6c8</size>
         <input_file_ref idref="fl-2"/>
      </object_component>
      <object_component id="oc-539">
         <name>.debug_info</name>
         <load_address>0x458a</load_address>
         <run_address>0x458a</run_address>
         <size>0x62</size>
         <input_file_ref idref="fl-2"/>
      </object_component>
      <object_component id="oc-77">
         <name>.debug_info</name>
         <load_address>0x45ec</load_address>
         <run_address>0x45ec</run_address>
         <size>0x84</size>
         <input_file_ref idref="fl-2"/>
      </object_component>
      <object_component id="oc-3ba">
         <name>.debug_info</name>
         <load_address>0x4670</load_address>
         <run_address>0x4670</run_address>
         <size>0x39</size>
         <input_file_ref idref="fl-2"/>
      </object_component>
      <object_component id="oc-1c8">
         <name>.debug_info</name>
         <load_address>0x46a9</load_address>
         <run_address>0x46a9</run_address>
         <size>0x46</size>
         <input_file_ref idref="fl-2"/>
      </object_component>
      <object_component id="oc-1be">
         <name>.debug_info</name>
         <load_address>0x46ef</load_address>
         <run_address>0x46ef</run_address>
         <size>0x2c</size>
         <input_file_ref idref="fl-2"/>
      </object_component>
      <object_component id="oc-1ab">
         <name>.debug_info</name>
         <load_address>0x471b</load_address>
         <run_address>0x471b</run_address>
         <size>0x4e</size>
         <input_file_ref idref="fl-2"/>
      </object_component>
      <object_component id="oc-32">
         <name>.debug_info</name>
         <load_address>0x4769</load_address>
         <run_address>0x4769</run_address>
         <size>0x124</size>
         <input_file_ref idref="fl-3"/>
      </object_component>
      <object_component id="oc-10">
         <name>.debug_info</name>
         <load_address>0x488d</load_address>
         <run_address>0x488d</run_address>
         <size>0x109</size>
         <input_file_ref idref="fl-3"/>
      </object_component>
      <object_component id="oc-2b">
         <name>.debug_info</name>
         <load_address>0x4996</load_address>
         <run_address>0x4996</run_address>
         <size>0x42a</size>
         <input_file_ref idref="fl-3"/>
      </object_component>
      <object_component id="oc-27">
         <name>.debug_info</name>
         <load_address>0x4dc0</load_address>
         <run_address>0x4dc0</run_address>
         <size>0x11e</size>
         <input_file_ref idref="fl-12b"/>
      </object_component>
      <object_component id="oc-3e">
         <name>.debug_info</name>
         <load_address>0x4ede</load_address>
         <run_address>0x4ede</run_address>
         <size>0x109</size>
         <input_file_ref idref="fl-12c"/>
      </object_component>
      <object_component id="oc-15">
         <name>.debug_info</name>
         <load_address>0x4fe7</load_address>
         <run_address>0x4fe7</run_address>
         <size>0x1a8</size>
         <input_file_ref idref="fl-12c"/>
      </object_component>
      <object_component id="oc-39">
         <name>.debug_info</name>
         <load_address>0x518f</load_address>
         <run_address>0x518f</run_address>
         <size>0x46</size>
         <input_file_ref idref="fl-12c"/>
      </object_component>
      <object_component id="oc-7d">
         <name>.debug_info</name>
         <load_address>0x51d5</load_address>
         <run_address>0x51d5</run_address>
         <size>0x2c</size>
         <input_file_ref idref="fl-12c"/>
      </object_component>
      <object_component id="oc-46">
         <name>.debug_info</name>
         <load_address>0x5201</load_address>
         <run_address>0x5201</run_address>
         <size>0xfd</size>
         <input_file_ref idref="fl-12d"/>
      </object_component>
      <object_component id="oc-40">
         <name>.debug_info</name>
         <load_address>0x52fe</load_address>
         <run_address>0x52fe</run_address>
         <size>0x210</size>
         <input_file_ref idref="fl-12d"/>
      </object_component>
      <object_component id="oc-19">
         <name>.debug_info</name>
         <load_address>0x550e</load_address>
         <run_address>0x550e</run_address>
         <size>0x1a2</size>
         <input_file_ref idref="fl-12d"/>
      </object_component>
      <object_component id="oc-47">
         <name>.debug_info</name>
         <load_address>0x56b0</load_address>
         <run_address>0x56b0</run_address>
         <size>0x39</size>
         <input_file_ref idref="fl-12d"/>
      </object_component>
      <object_component id="oc-87">
         <name>.debug_info</name>
         <load_address>0x56e9</load_address>
         <run_address>0x56e9</run_address>
         <size>0x2c</size>
         <input_file_ref idref="fl-12d"/>
      </object_component>
      <object_component id="oc-57">
         <name>.debug_info</name>
         <load_address>0x5715</load_address>
         <run_address>0x5715</run_address>
         <size>0xf8</size>
         <input_file_ref idref="fl-12e"/>
      </object_component>
      <object_component id="oc-1f">
         <name>.debug_info</name>
         <load_address>0x580d</load_address>
         <run_address>0x580d</run_address>
         <size>0x173</size>
         <input_file_ref idref="fl-12e"/>
      </object_component>
      <object_component id="oc-52">
         <name>.debug_info</name>
[...]
      </symbol>
      <symbol id="sm-9d3">
         <name>g_StatMem</name>
         <value>0x20017578</value>
         <object_component_ref idref="oc-352"/>
      </symbol>
      <symbol id="sm-9d4">
         <name>_SlFindAndSetActiveObj</name>
         <value>0x20007121</value>
         <object_component_ref idref="oc-584"/>
      </symbol>
      <symbol id="sm-9d5">
         <name>_SlDrvMemZero</name>
         <value>0x2000a86d</value>
         <object_component_ref idref="oc-271"/>
      </symbol>
      <symbol id="sm-9d6">
         <name>_SlDrvWaitForPoolObj</name>
         <value>0x20006e09</value>
         <object_component_ref idref="oc-3bf"/>
      </symbol>
      <symbol id="sm-9d7">
         <name>_SlDrvSyncObjSignal</name>
         <value>0x2000a77d</value>
         <object_component_ref idref="oc-3fa"/>
      </symbol>
      <symbol id="sm-9d8">
         <name>g_H2NCnysPattern</name>
         <value>0x2000adc8</value>
         <object_component_ref idref="oc-45f"/>
      </symbol>
      <symbol id="sm-9d9">
         <name>_SlDrvMsgWrite</name>
         <value>0x20006a85</value>
         <object_component_ref idref="oc-431"/>
      </symbol>
      <symbol id="sm-9da">
         <name>_SlDrvDataReadOp</name>
         <value>0x20007779</value>
         <object_component_ref idref="oc-298"/>
      </symbol>
      <symbol id="sm-9db">
         <name>_SlDrvRxIrqHandler</name>
         <value>0x20009ce5</value>
         <object_component_ref idref="oc-20c"/>
      </symbol>
      <symbol id="sm-9dc">
         <name>_SlDrvMsgRead</name>
         <value>0x20005c49</value>
         <object_component_ref idref="oc-509"/>
      </symbol>
      <symbol id="sm-9dd">
         <name>_SlDrvSyncObjWaitForever</name>
         <value>0x2000a66b</value>
         <object_component_ref idref="oc-1f7"/>
      </symbol>
      <symbol id="sm-9de">
         <name>g_H2NSyncPattern</name>
         <value>0x2000adc0</value>
         <object_component_ref idref="oc-45f"/>
      </symbol>
      <symbol id="sm-9df">
         <name>_SlDrvCmdSend</name>
         <value>0x20009365</value>
         <object_component_ref idref="oc-674"/>
      </symbol>
      <symbol id="sm-9e0">
         <name>_SlActionLookupTable</name>
         <value>0x2000ad88</value>
         <object_component_ref idref="oc-5f2"/>
      </symbol>
      <symbol id="sm-a5e">
         <name>sl_NetAppMDNSUnRegisterService</name>
         <value>0x2000a26d</value>
         <object_component_ref idref="oc-104"/>
      </symbol>
      <symbol id="sm-a5f">
         <name>_SlNetAppSendTokenValueCmdCtrl</name>
         <value>0x2000ae70</value>
         <object_component_ref idref="oc-467"/>
      </symbol>
      <symbol id="sm-a60">
         <name>_SlGetServiceListeCtrl</name>
         <value>0x2000ae5c</value>
         <object_component_ref idref="oc-467"/>
      </symbol>
      <symbol id="sm-a61">
         <name>_SlNetAppStopCtrl</name>
         <value>0x2000ae58</value>
         <object_component_ref idref="oc-467"/>
      </symbol>
      <symbol id="sm-a62">
         <name>_SlNetAppSetCmdCtrl</name>
         <value>0x2000ae6c</value>
         <object_component_ref idref="oc-467"/>
      </symbol>
      <symbol id="sm-a63">
         <name>_SlNetAppGetCmdCtrl</name>
         <value>0x2000ae74</value>
         <object_component_ref idref="oc-467"/>
      </symbol>
      <symbol id="sm-a64">
         <name>_sl_HandleAsync_DnsGetHostByName</name>
         <value>0x20008b75</value>
         <object_component_ref idref="oc-61b"/>
      </symbol>
      <symbol id="sm-a65">
         <name>_SlRegisterServiceCtrl</name>
         <value>0x2000ae60</value>
         <object_component_ref idref="oc-467"/>
      </symbol>
      <symbol id="sm-a66">
         <name>_sl_HandleAsync_PingResponse</name>
         <value>0x20008c01</value>
         <object_component_ref idref="oc-5de"/>
      </symbol>
      <symbol id="sm-a67">
         <name>_SlNetAppStartCtrl</name>
         <value>0x2000ae54</value>
         <object_component_ref idref="oc-467"/>
      </symbol>
      <symbol id="sm-a68">
         <name>_SlDrvNetAppEventHandler</name>
         <value>0x20007ab5</value>
         <object_component_ref idref="oc-5d8"/>
      </symbol>
      <symbol id="sm-a69">
         <name>_sl_HandleAsync_DnsGetHostByService</name>
         <value>0x2000803d</value>
         <object_component_ref idref="oc-621"/>
      </symbol>
      <symbol id="sm-a6a">
         <name>_sl_NetAppSendTokenValue</name>
         <value>0x200094a9</value>
         <object_component_ref idref="oc-627"/>
      </symbol>
      <symbol id="sm-a6b">
         <name>CopyPingResultsToReport</name>
         <value>0x2000a0cb</value>
         <object_component_ref idref="oc-62e"/>
      </symbol>
      <symbol id="sm-a6c">
         <name>_SlGetHostByNameCtrl</name>
         <value>0x2000ae68</value>
         <object_component_ref idref="oc-467"/>
      </symbol>
      <symbol id="sm-a6d">
         <name>_SlGetHostByServiceCtrl</name>
         <value>0x2000ae64</value>
         <object_component_ref idref="oc-467"/>
      </symbol>
      <symbol id="sm-a6e">
         <name>sl_NetAppMDNSRegisterUnregisterService</name>
         <value>0x200084b9</value>
         <object_component_ref idref="oc-268"/>
      </symbol>
      <symbol id="sm-a8b">
         <name>_SlNetCfgSetCmdCtrl</name>
         <value>0x2000aefe</value>
         <object_component_ref idref="oc-25b"/>
      </symbol>
      <symbol id="sm-a8c">
         <name>_SlNetCfgGetCmdCtrl</name>
         <value>0x2000af02</value>
         <object_component_ref idref="oc-25b"/>
      </symbol>
      <symbol id="sm-a8d">
         <name>sl_NetCfgSet</name>
         <value>0x20009511</value>
         <object_component_ref idref="oc-f5"/>
      </symbol>
      <symbol id="sm-acf">
         <name>_SlNonOsSemSet</name>
         <value>0x2000a7f7</value>
         <object_component_ref idref="oc-346"/>
      </symbol>
      <symbol id="sm-ad0">
         <name>_SlNonOsSpawn</name>
         <value>0x200098f5</value>
         <object_component_ref idref="oc-407"/>
      </symbol>
      <symbol id="sm-ad1">
         <name>_SlNonOsSemGet</name>
         <value>0x20009899</value>
         <object_component_ref idref="oc-34c"/>
      </symbol>
      <symbol id="sm-ad2">
         <name>_SlNonOsMainLoopTask</name>
         <value>0x200092f5</value>
         <object_component_ref idref="oc-cb"/>
      </symbol>
      <symbol id="sm-ad3">
         <name>g__SlNonOsCB</name>
         <value>0x20017730</value>
         <object_component_ref idref="oc-219"/>
      </symbol>
      <symbol id="sm-b92">
         <name>sl_Accept</name>
         <value>0x200073d5</value>
         <object_component_ref idref="oc-14a"/>
      </symbol>
      <symbol id="sm-b93">
         <name>sl_Recv</name>
         <value>0x2000920d</value>
         <object_component_ref idref="oc-151"/>
      </symbol>
      <symbol id="sm-b94">
         <name>_SlSockCloseCmdCtrl</name>
         <value>0x2000adf8</value>
         <object_component_ref idref="oc-284"/>
      </symbol>
      <symbol id="sm-b95">
         <name>_SlSendCmdCtrl</name>
         <value>0x2000ae00</value>
         <object_component_ref idref="oc-284"/>
      </symbol>
      <symbol id="sm-b96">
         <name>_sl_BuildAddress</name>
         <value>0x20009d31</value>
         <object_component_ref idref="oc-28d"/>
      </symbol>
      <symbol id="sm-b97">
         <name>_sl_HandleAsync_Connect</name>
         <value>0x2000911d</value>
         <object_component_ref idref="oc-63d"/>
      </symbol>
      <symbol id="sm-b98">
         <name>sl_Htons</name>
         <value>0x2000a181</value>
         <object_component_ref idref="oc-126"/>
      </symbol>
      <symbol id="sm-b99">
         <name>_SlSelectCmdCtrl</name>
         <value>0x2000ae18</value>
         <object_component_ref idref="oc-284"/>
      </symbol>
      <symbol id="sm-b9a">
         <name>sl_Socket</name>
         <value>0x20009951</value>
         <object_component_ref idref="oc-12c"/>
      </symbol>
      <symbol id="sm-b9b">
         <name>_sl_HandleAsync_Select</name>
         <value>0x20009b09</value>
         <object_component_ref idref="oc-643"/>
      </symbol>
      <symbol id="sm-b9c">
         <name>_SlSockSocketCmdCtrl</name>
         <value>0x2000adf4</value>
         <object_component_ref idref="oc-284"/>
      </symbol>
      <symbol id="sm-b9d">
         <name>_SlRecvfomCmdCtrl</name>
         <value>0x2000adfc</value>
         <object_component_ref idref="oc-284"/>
      </symbol>
      <symbol id="sm-b9e">
         <name>_SlSetSockOptCmdCtrl</name>
         <value>0x2000ae10</value>
         <object_component_ref idref="oc-284"/>
      </symbol>
      <symbol id="sm-b9f">
         <name>_SlAcceptCmdCtrl</name>
         <value>0x2000ae08</value>
         <object_component_ref idref="oc-284"/>
      </symbol>
      <symbol id="sm-ba0">
         <name>_SlListenCmdCtrl</name>
         <value>0x2000ae04</value>
         <object_component_ref idref="oc-284"/>
      </symbol>
      <symbol id="sm-ba1">
         <name>_SlRecvCmdCtrl</name>
         <value>0x2000ae0c</value>
         <object_component_ref idref="oc-284"/>
      </symbol>
      <symbol id="sm-ba2">
         <name>_SlGetSockOptCmdCtrl</name>
         <value>0x2000ae14</value>
         <object_component_ref idref="oc-284"/>
      </symbol>
      <symbol id="sm-ba3">
         <name>sl_Close</name>
         <value>0x2000a3a1</value>
         <object_component_ref idref="oc-138"/>
      </symbol>
      <symbol id="sm-ba4">
         <name>_sl_HandleAsync_Accept</name>
         <value>0x20009779</value>
         <object_component_ref idref="oc-637"/>
      </symbol>
      <symbol id="sm-ba5">
         <name>sl_SetSockOpt</name>
         <value>0x20009579</value>
         <object_component_ref idref="oc-144"/>
      </symbol>
      <symbol id="sm-ba6">
         <name>sl_Listen</name>
         <value>0x2000a1bd</value>
         <object_component_ref idref="oc-13e"/>
      </symbol>
      <symbol id="sm-ba7">
         <name>sl_Bind</name>
         <value>0x20008c8d</value>
         <object_component_ref idref="oc-132"/>
      </symbol>
      <symbol id="sm-c41">
         <name>sl_WlanDisconnect</name>
         <value>0x2000a939</value>
         <object_component_ref idref="oc-ef"/>
      </symbol>
      <symbol id="sm-c42">
         <name>_SlPolicyGetCmdCtrl</name>
         <value>0x2000ad50</value>
         <object_component_ref idref="oc-227"/>
      </symbol>
      <symbol id="sm-c43">
         <name>_SlPolicySetCmdCtrl</name>
         <value>0x2000ad4c</value>
         <object_component_ref idref="oc-227"/>
      </symbol>
      <symbol id="sm-c44">
         <name>_SlRxFilterGetCmdCtrl</name>
         <value>0x2000ad68</value>
         <object_component_ref idref="oc-227"/>
      </symbol>
      <symbol id="sm-c45">
         <name>_SlRxFilterSetCmdCtrl</name>
         <value>0x2000ad64</value>
         <object_component_ref idref="oc-227"/>
      </symbol>
      <symbol id="sm-c46">
         <name>_SlProfileGetCmdCtrl</name>
         <value>0x2000ad54</value>
         <object_component_ref idref="oc-227"/>
      </symbol>
      <symbol id="sm-c47">
         <name>_SlWlanGetNetworkListCtrl</name>
         <value>0x2000ad5c</value>
         <object_component_ref idref="oc-227"/>
      </symbol>
      <symbol id="sm-c48">
         <name>sl_WlanPolicySet</name>
         <value>0x20009839</value>
         <object_component_ref idref="oc-e3"/>
      </symbol>
      <symbol id="sm-c49">
         <name>_SlProfileDelCmdCtrl</name>
         <value>0x2000ad58</value>
         <object_component_ref idref="oc-227"/>
      </symbol>
      <symbol id="sm-c4a">
         <name>_SlWlanSetModeCmdCtrl</name>
         <value>0x2000ad70</value>
         <object_component_ref idref="oc-227"/>
      </symbol>
      <symbol id="sm-c4b">
         <name>_SlWlanCfgSetCmdCtrl</name>
         <value>0x2000ad74</value>
         <object_component_ref idref="oc-227"/>
      </symbol>
      <symbol id="sm-c4c">
         <name>_SlWlanCfgGetCmdCtrl</name>
         <value>0x2000ad78</value>
         <object_component_ref idref="oc-227"/>
      </symbol>
      <symbol id="sm-c4d">
         <name>sl_WlanRxFilterAdd</name>
         <value>0x20009281</value>
         <object_component_ref idref="oc-11d"/>
      </symbol>
      <symbol id="sm-c4e">
         <name>sl_WlanProfileDel</name>
         <value>0x2000a3d1</value>
         <object_component_ref idref="oc-e9"/>
      </symbol>
      <symbol id="sm-c4f">
         <name>_SlRxFilterAddtCmdCtrl</name>
         <value>0x2000ad60</value>
         <object_component_ref idref="oc-227"/>
      </symbol>
      <symbol id="sm-c50">
         <name>sl_WlanRxFilterSet</name>
         <value>0x20009b5d</value>
         <object_component_ref idref="oc-10a"/>
      </symbol>
      <symbol id="sm-c51">
         <name>sl_WlanConnect</name>
         <value>0x2000647d</value>
         <object_component_ref idref="oc-111"/>
      </symbol>
      <symbol id="sm-c52">
         <name>sl_WlanSet</name>
         <value>0x200095e1</value>
         <object_component_ref idref="oc-fb"/>
      </symbol>
      <symbol id="sm-c53">
         <name>_SlSmartConfigStartCmdCtrl</name>
         <value>0x2000ad6c</value>
         <object_component_ref idref="oc-227"/>
      </symbol>
      <symbol id="sm-c54">
         <name>sl_WlanSetMode</name>
         <value>0x2000a401</value>
         <object_component_ref idref="oc-d1"/>
      </symbol>
      <symbol id="sm-d6b">
         <name>g_cDummy</name>
         <value>0x20017795</value>
      </symbol>
      <symbol id="sm-d6c">
         <name>NwpMaskInterrupt</name>
         <value>0x2000a915</value>
         <object_component_ref idref="oc-3d2"/>
      </symbol>
      <symbol id="sm-d6d">
         <name>NwpRegisterInterruptHandler</name>
         <value>0x2000a08d</value>
         <object_component_ref idref="oc-1eb"/>
      </symbol>
      <symbol id="sm-d6e">
         <name>NwpPowerOnPreamble</name>
         <value>0x20008e21</value>
         <object_component_ref idref="oc-1cd"/>
      </symbol>
      <symbol id="sm-d6f">
         <name>g_pHostIntHdl</name>
         <value>0x200178e0</value>
         <object_component_ref idref="oc-3aa"/>
      </symbol>
      <symbol id="sm-d70">
         <name>NwpUnMaskInterrupt</name>
         <value>0x2000a921</value>
         <object_component_ref idref="oc-3ec"/>
      </symbol>
      <symbol id="sm-d71">
         <name>g_ucDinDout</name>
         <value>0x200176e0</value>
         <object_component_ref idref="oc-3ad"/>
      </symbol>
      <symbol id="sm-d72">
         <name>NwpPowerOff</name>
         <value>0x2000a235</value>
         <object_component_ref idref="oc-1e5"/>
      </symbol>
      <symbol id="sm-d73">
         <name>spi_Read</name>
         <value>0x20007cb1</value>
         <object_component_ref idref="oc-57e"/>
      </symbol>
      <symbol id="sm-d74">
         <name>DmaSpiSwIntHandler</name>
         <value>0x2000a539</value>
         <object_component_ref idref="oc-3b0"/>
      </symbol>
      <symbol id="sm-d75">
         <name>NwpPowerOn</name>
         <value>0x2000a48d</value>
         <object_component_ref idref="oc-1f1"/>
      </symbol>
      <symbol id="sm-d76">
         <name>spi_Close</name>
         <value>0x20009195</value>
         <object_component_ref idref="oc-231"/>
      </symbol>
      <symbol id="sm-d77">
         <name>spi_Write</name>
         <value>0x20008931</value>
         <object_component_ref idref="oc-517"/>
      </symbol>
      <symbol id="sm-d78">
         <name>spi_Open</name>
         <value>0x20007291</value>
         <object_component_ref idref="oc-1d9"/>
      </symbol>
      <symbol id="sm-d79">
         <name>g_ucDMAEnabled</name>
         <value>0x200178e4</value>
         <object_component_ref idref="oc-3aa"/>
      </symbol>
      <symbol id="sm-d7a">
         <name>g_SpiFd</name>
         <value>0x200178dc</value>
         <object_component_ref idref="oc-3aa"/>
      </symbol>
      <symbol id="sm-e39">
         <name>SPIFIFODisable</name>
         <value>0x2000a715</value>
         <object_component_ref idref="oc-44e"/>
      </symbol>
      <symbol id="sm-e3a">
         <name>SPICSEnable</name>
         <value>0x2000a7af</value>
         <object_component_ref idref="oc-595"/>
      </symbol>
      <symbol id="sm-e3b">
         <name>SPIDisable</name>
         <value>0x2000a7c7</value>
         <object_component_ref idref="oc-35c"/>
      </symbol>
      <symbol id="sm-e3c">
         <name>SPIFIFOEnable</name>
         <value>0x2000a72f</value>
         <object_component_ref idref="oc-380"/>
      </symbol>
      <symbol id="sm-e3d">
         <name>SPIWordCountSet</name>
         <value>0x2000a5c7</value>
         <object_component_ref idref="oc-59b"/>
      </symbol>
      <symbol id="sm-e3e">
         <name>SPIEnable</name>
         <value>0x2000a7df</value>
         <object_component_ref idref="oc-3a4"/>
      </symbol>
      <symbol id="sm-e3f">
         <name>SPIDmaEnable</name>
         <value>0x2000a6fb</value>
         <object_component_ref idref="oc-386"/>
      </symbol>
      <symbol id="sm-e40">
         <name>SPIConfigSetExpClk</name>
         <value>0x200086bd</value>
         <object_component_ref idref="oc-36e"/>
      </symbol>
      <symbol id="sm-e41">
         <name>SPIIntUnregister</name>
         <value>0x2000a749</value>
         <object_component_ref idref="oc-448"/>
      </symbol>
      <symbol id="sm-e42">
         <name>SPIFIFOLevelSet</name>
         <value>0x2000a2d9</value>
         <object_component_ref idref="oc-38c"/>
      </symbol>
      <symbol id="sm-e43">
         <name>SPIDmaDisable</name>
         <value>0x2000a6e1</value>
         <object_component_ref idref="oc-454"/>
      </symbol>
      <symbol id="sm-e44">
         <name>SPIReset</name>
         <value>0x2000a5a5</value>
         <object_component_ref idref="oc-362"/>
      </symbol>
      <symbol id="sm-e45">
         <name>SPIIntEnable</name>
         <value>0x20009c01</value>
         <object_component_ref idref="oc-39e"/>
      </symbol>
      <symbol id="sm-e46">
         <name>SPIIntClear</name>
         <value>0x20009e61</value>
         <object_component_ref idref="oc-4e8"/>
      </symbol>
      <symbol id="sm-e47">
         <name>SPICSDisable</name>
         <value>0x2000a797</value>
         <object_component_ref idref="oc-356"/>
      </symbol>
      <symbol id="sm-e9e">
         <name>uDMAChannelControlSet</name>
         <value>0x2000a1f9</value>
         <object_component_ref idref="oc-64b"/>
      </symbol>
      <symbol id="sm-e9f">
         <name>uDMAChannelAttributeEnable</name>
         <value>0x20009715</value>
         <object_component_ref idref="oc-651"/>
      </symbol>
      <symbol id="sm-ea0">
         <name>uDMAChannelTransferSet</name>
         <value>0x20007da1</value>
         <object_component_ref idref="oc-657"/>
      </symbol>
      <symbol id="sm-ea1">
         <name>uDMAChannelAssign</name>
         <value>0x20009e15</value>
         <object_component_ref idref="oc-4c7"/>
      </symbol>
      <symbol id="sm-ea2">
         <name>uDMAChannelAttributeDisable</name>
         <value>0x200096b1</value>
         <object_component_ref idref="oc-4cd"/>
      </symbol>
      <symbol id="sm-ea3">
         <name>uDMAChannelEnable</name>
         <value>0x2000a6c5</value>
         <object_component_ref idref="oc-65d"/>
      </symbol>
      <symbol id="sm-ea4">
         <name>__TI_static_base__</name>
         <value>0x2000af08</value>
      </symbol>
      <symbol id="sm-ea7">
         <name>SHT$$INIT_ARRAY$$Limit</name>
         <value>0x0</value>
      </symbol>
      <symbol id="sm-ea8">
         <name>SHT$$INIT_ARRAY$$Base</name>
         <value>0x0</value>
      </symbol>
   </symbol_table>
   <title>Link successful</title>
</link_info>
