******************************************************************************
                  TI ARM Linker PC v5.2.2                      
******************************************************************************
>> Linked Fri Jun 19 18:56:37 2015

OUTPUT FILE NAME:   <i2c_demo.out>
ENTRY POINT SYMBOL: "_c_int00"  address: 20007bf9


MEMORY CONFIGURATION

         name            origin    length      used     unused   attr    fill
----------------------  --------  ---------  --------  --------  ----  --------
  SRAM_CODE             20004000   00013000  000044ba  0000eb46  RW X
  SRAM_DATA             20017000   00019000  00001164  00017e9c  RW X


SEGMENT ALLOCATION MAP

run origin  load origin   length   init length attrs members
----------  ----------- ---------- ----------- ----- -------
20004000    20004000    000044c0   000044c0    r-x
  20004000    20004000    00000400   00000400    r-- .intvecs
  20004400    20004400    00003d16   00003d16    r-x .text
  20008118    20008118    0000032c   0000032c    r-- .const
  20008448    20008448    00000078   00000078    r-- .cinit
20017000    20017000    00000964   00000000    rw-
  20017000    20017000    00000800   00000000    rw- .sysmem
  20017800    20017800    00000160   00000000    rw- .data
  20017960    20017960    00000004   00000000    rw- .bss
2002f800    2002f800    00000800   00000000    rw-
  2002f800    2002f800    00000800   00000000    rw- .stack


SECTION ALLOCATION MAP

 output                                  attributes/
section   page    origin      length       input sections
--------  ----  ----------  ----------   ----------------
.intvecs   0    20004000    00000400     
                  20004000    00000400     startup_ccs.obj (.intvecs)

.init_array 
*          0    20004000    00000000     UNINITIALIZED

.text      0    20004400    00003d16     
                  20004400    000010a6     rtsv7M4_T_le_eabi.lib : _printfi.obj (.text)
                  200054a6    00000002     --HOLE-- [fill = 0]
                  200054a8    00000ab4     main.obj (.text)
                  20005f5c    000003dc     rtsv7M4_T_le_eabi.lib : memory.obj (.text)
                  20006338    00000290     i2c_if.obj (.text)
                  200065c8    00000280     uart_if.obj (.text)
                  20006848    000001f4     rtsv7M4_T_le_eabi.lib : ull_div_t2.obj (.text)
                  20006a3c    000001b6                           : fd_add_t2.obj (.text)
                  20006bf2    00000136                           : fd_div_t2.obj (.text)
                  20006d28    00000134     driverlib.a : prcm.obj (.text:PRCMCC3200MCUInit)
                  20006e5c    00000114     rtsv7M4_T_le_eabi.lib : strtoul.obj (.text)
                  20006f70    00000110                           : xdscale.obj (.text)
                  20007080    000000fc                           : fd_mul_t2.obj (.text)
                  2000717c    000000be                           : xdnorm.obj (.text)
                  2000723a    00000002     --HOLE-- [fill = 0]
                  2000723c    000000a8     driverlib.a : interrupt.obj (.text:IntEnable)
                  200072e4    0000009c     rtsv7M4_T_le_eabi.lib : memcpy_t2.obj (.text)
                  20007380    00000094     driverlib.a : prcm.obj (.text:PRCMPeripheralClockGet)
                  20007414    00000088                 : pin.obj (.text:PinConfigSet)
                  2000749c    00000088     rtsv7M4_T_le_eabi.lib : vsnprintf.obj (.text)
                  20007524    00000086                           : fd_cmp_t2.obj (.text:__aeabi_cdcmple)
                  200075aa    00000086                           : fd_cmp_t2.obj (.text:__aeabi_cdrcmple)
                  20007630    00000084     driverlib.a : i2c.obj (.text:I2CMasterInitExpClk)
                  200076b4    0000007a     rtsv7M4_T_le_eabi.lib : memset_t2.obj (.text)
                  2000772e    00000076     driverlib.a : uart.obj (.text:UARTConfigSetExpClk)
                  200077a4    0000006c     rtsv7M4_T_le_eabi.lib : autoinit.obj (.text)
                  20007810    0000006a                           : copy_decompress_rle.obj (.text)
                  2000787a    00000066                           : xdunscal.obj (.text)
                  200078e0    00000058     driverlib.a : prcm.obj (.text:PRCMPeripheralReset)
                  20007938    00000056     rtsv7M4_T_le_eabi.lib : ltoa.obj (.text)
                  2000798e    00000002     --HOLE-- [fill = 0]
                  20007990    0000004c                           : atoi.obj (.text)
                  200079dc    0000004c                           : cpy_tbl.obj (.text)
                  20007a28    00000048                           : fd_toi_t2.obj (.text)
                  20007a70    00000046                           : ldexp.obj (.text)
                  20007ab6    00000002     --HOLE-- [fill = 0]
                  20007ab8    00000044                           : exit.obj (.text)
                  20007afc    00000040     driverlib.a : pin.obj (.text:PinModeSet)
                  20007b3c    00000040     rtsv7M4_T_le_eabi.lib : signal.obj (.text)
                  20007b7c    00000040                           : strtok.obj (.text)
                  20007bbc    0000003c     driverlib.a : prcm.obj (.text:PRCMPeripheralClkEnable)
                  20007bf8    0000003c     rtsv7M4_T_le_eabi.lib : boot.obj (.text)
                  20007c34    00000034     pinmux.obj (.text)
                  20007c68    00000034     rtsv7M4_T_le_eabi.lib : feraiseexcept.obj (.text)
                  20007c9c    00000030     driverlib.a : uart.obj (.text:UARTDisable)
                  20007ccc    00000030     rtsv7M4_T_le_eabi.lib : xferaise.obj (.text)
                  20007cfc    0000002e                           : i_tofd_t2.obj (.text)
                  20007d2a    0000002e                           : raise.obj (.text)
                  20007d58    0000002c     driverlib.a : i2c.obj (.text:I2CMasterErr)
                  20007d84    0000002c                 : prcm.obj (.text:PRCMSysResetCauseGet)
                  20007db0    0000002a     rtsv7M4_T_le_eabi.lib : strspn.obj (.text)
                  20007dda    0000002a                           : xdclass.obj (.text)
                  20007e04    00000028     driverlib.a : prcm.obj (.text:PRCMPeripheralClkDisable)
                  20007e2c    00000024                 : uart.obj (.text:UARTEnable)
                  20007e50    00000024     rtsv7M4_T_le_eabi.lib : memmov.obj (.text)
                  20007e74    00000024                           : strcspn.obj (.text)
                  20007e98    00000022     driverlib.a : i2c.obj (.text:I2CMasterSlaveAddrSet)
                  20007eba    00000022     rtsv7M4_T_le_eabi.lib : frexp.obj (.text)
                  20007edc    0000001e     driverlib.a : i2c.obj (.text:I2CMasterIntStatusEx)
                  20007efa    0000001e                 : uart.obj (.text:UARTCharPut)
                  20007f18    0000001c                 : pin.obj (.text:PinTypeI2C)
                  20007f34    0000001c                 : uart.obj (.text:UARTCharGetNonBlocking)
                  20007f50    0000001c     rtsv7M4_T_le_eabi.lib : memccpy.obj (.text)
                  20007f6c    0000001a     driverlib.a : pin.obj (.text:PinTypeUART)
                  20007f86    00000018                 : uart.obj (.text:UARTCharsAvail)
                  20007f9e    00000002     --HOLE-- [fill = 0]
                  20007fa0    00000018     rtsv7M4_T_le_eabi.lib : args_main.obj (.text)
                  20007fb8    00000018                           : strcmp.obj (.text)
                  20007fd0    00000016     driverlib.a : i2c.obj (.text:I2CMasterDataPut)
                  20007fe6    00000016                 : i2c.obj (.text:I2CMasterEnable)
                  20007ffc    00000016                 : prcm.obj (.text:PRCMHIBRegRead)
                  20008012    00000016                 : prcm.obj (.text:PRCMHIBRegWrite)
                  20008028    00000016     rtsv7M4_T_le_eabi.lib : strchr.obj (.text)
                  2000803e    00000014     driverlib.a : cpu.obj (.text:CPUcpsie)
                  20008052    00000002     --HOLE-- [fill = 0]
                  20008054    00000014                 : interrupt.obj (.text:IntVTableBaseSet)
                  20008068    00000014     rtsv7M4_T_le_eabi.lib : _lock.obj (.text)
                  2000807c    00000014                           : strlen.obj (.text)
                  20008090    00000012     driverlib.a : i2c.obj (.text:I2CMasterControl)
                  200080a2    00000012                 : i2c.obj (.text:I2CMasterIntClearEx)
                  200080b4    00000012                 : i2c.obj (.text:I2CMasterTimeoutSet)
                  200080c6    0000000e                 : i2c.obj (.text:I2CMasterDataGet)
                  200080d4    0000000e     rtsv7M4_T_le_eabi.lib : copy_decompress_none.obj (.text:decompress:none)
                  200080e2    0000000e     startup_ccs.obj (.text)
                  200080f0    0000000c     rtsv7M4_T_le_eabi.lib : copy_zero_init.obj (.text:decompress:ZI)
                  200080fc    0000000a     driverlib.a : interrupt.obj (.text:IntMasterEnable)
                  20008106    00000006                 : utils.obj (.text:UtilsDelay)
                  2000810c    00000006     rtsv7M4_T_le_eabi.lib : copy_decompress_rle.obj (.text:decompress:rle24)
                  20008112    00000004                           : pre_init.obj (.text)

.const     0    20008118    0000032c     
                  20008118    00000101     rtsv7M4_T_le_eabi.lib : ctype.obj (.const:.string:_ctypes_)
                  20008219    00000003     --HOLE-- [fill = 0]
                  2000821c    00000100     driverlib.a : pin.obj (.const:g_ulPinToPadMap)
                  2000831c    000000a8                 : prcm.obj (.const:PRCM_PeriphRegsList)
                  200083c4    00000080                 : interrupt.obj (.const)

.cinit     0    20008448    00000078     
                  20008448    0000004e     (.cinit..data.load) [load image, compression = rle]
                  20008496    00000002     --HOLE-- [fill = 0]
                  20008498    0000000c     (__TI_handler_table)
                  200084a4    00000004     --HOLE-- [fill = 0]
                  200084a8    00000008     (.cinit..bss.load) [load image, compression = zero_init]
                  200084b0    00000010     (__TI_cinit_table)

.sysmem    0    20017000    00000800     UNINITIALIZED
                  20017000    00000008     rtsv7M4_T_le_eabi.lib : memory.obj (.sysmem)
                  20017008    000007f8     --HOLE--

.data      0    20017800    00000160     UNINITIALIZED
                  20017800    000000b0     rtsv7M4_T_le_eabi.lib : signal.obj (.data:sigtable)
                  200178b0    00000080                           : xvalues.obj (.data)
                  20017930    0000000c                           : memory.obj (.data)
                  2001793c    00000008                           : _lock.obj (.data)
                  20017944    00000008                           : exit.obj (.data)
                  2001794c    00000008                           : feraiseexcept.obj (.data)
                  20017954    00000004                           : errno.obj (.data)
                  20017958    00000004                           : stkdepth_vars.obj (.data)
                  2001795c    00000004                           : strtok.obj (.data)

.TI.persistent 
*          0    20017800    00000000     UNINITIALIZED

.bss       0    20017960    00000004     UNINITIALIZED
                  20017960    00000004     (.common:__Errorlog)

.TI.noinit 
*          0    20017960    00000000     UNINITIALIZED

.stack     0    2002f800    00000800     UNINITIALIZED
                  2002f800    00000800     --HOLE--


LINKER GENERATED COPY TABLES

__TI_cinit_table @ 200084b0 records: 2, size/record: 8, table size: 16
	.data: load addr=20008448, load size=0000004e bytes, run addr=20017800, run size=00000160 bytes, compression=rle
	.bss: load addr=200084a8, load size=00000008 bytes, run addr=20017960, run size=00000004 bytes, compression=zero_init


LINKER GENERATED HANDLER TABLE

__TI_handler_table @ 20008498 records: 3, size/record: 4, table size: 12
	index: 0, handler: __TI_decompress_rle24
	index: 1, handler: __TI_decompress_none
	index: 2, handler: __TI_zero_init


GLOBAL SYMBOLS: SORTED ALPHABETICALLY BY Name 

address   name                    
-------   ----                    
20007ab9  C$$EXIT                 
2000803f  CPUcpsie                
20006609  ClearTerm               
20005905  DisplayBuffer           
200054a9  DisplayPrompt           
200054b3  DisplayUsage            
20006613  Error                   
2000664b  GetCmd                  
20008091  I2CMasterControl        
200080c7  I2CMasterDataGet        
20007fd1  I2CMasterDataPut        
20007fe7  I2CMasterEnable         
20007d59  I2CMasterErr            
20007631  I2CMasterInitExpClk     
200080a3  I2CMasterIntClearEx     
20007edd  I2CMasterIntStatusEx    
20007e99  I2CMasterSlaveAddrSet   
200080b5  I2CMasterTimeoutSet     
200065b1  I2C_IF_Close            
20006569  I2C_IF_Open             
20006463  I2C_IF_Read             
2000651f  I2C_IF_ReadFrom         
200063ad  I2C_IF_Write            
200065c9  InitTerm                
2000723d  IntEnable               
200080fd  IntMasterEnable         
20008055  IntVTableBaseSet        
200065e7  Message                 
20006d29  PRCMCC3200MCUInit       
20007ffd  PRCMHIBRegRead          
20008013  PRCMHIBRegWrite         
20007e05  PRCMPeripheralClkDisable
20007bbd  PRCMPeripheralClkEnable 
20007381  PRCMPeripheralClockGet  
200078e1  PRCMPeripheralReset     
20007d85  PRCMSysResetCauseGet    
20005d7b  ParseNProcessCmd        
20007415  PinConfigSet            
20007afd  PinModeSet              
20007c35  PinMuxConfig            
20007f19  PinTypeI2C              
20007f6d  PinTypeUART             
2000598b  ProcessReadCommand      
20005a15  ProcessReadRegCommand   
20005c6f  ProcessWriteCommand     
20005ad9  ProcessWriteRegCommand  
20006789  Report                  
200080e3  ResetISR                
UNDEFED   SHT$$INIT_ARRAY$$Base   
UNDEFED   SHT$$INIT_ARRAY$$Limit  
200066f1  TrimSpace               
20007f35  UARTCharGetNonBlocking  
20007efb  UARTCharPut             
20007f87  UARTCharsAvail          
2000772f  UARTConfigSetExpClk     
20007c9d  UARTDisable             
20007e2d  UARTEnable              
20008107  UtilsDelay              
20007ddb  _Dclass                 
200178b0  _Denorm                 
2000717d  _Dnorm                  
20006f71  _Dscale                 
2000787b  _Dunscale               
200178c0  _Eps                    
20017954  _Errno                  
2001794c  _Fenv                   
20007ccd  _Feraise                
200178d0  _Hugeval                
200178e0  _Inf                    
200178f0  _Nan                    
20017910  _Rteps                  
20017900  _Snan                   
20017950  _Tls_setup__Fenv        
20017920  _Xbig                   
20017928  _Zero                   
20030000  __STACK_END             
00000800  __STACK_SIZE            
00000800  __SYSMEM_SIZE           
200084b0  __TI_CINIT_Base         
200084c0  __TI_CINIT_Limit        
20008498  __TI_Handler_Table_Base 
200084a4  __TI_Handler_Table_Limit
200077a5  __TI_auto_init          
20017944  __TI_cleanup_ptr        
200080d5  __TI_decompress_none    
2000810d  __TI_decompress_rle24   
20017948  __TI_dtors_ptr          
200051a1  __TI_printfi            
20008448  __TI_static_base__      
200080f1  __TI_zero_init          
20007525  __aeabi_cdcmpeq         
20007525  __aeabi_cdcmple         
200075ab  __aeabi_cdrcmple        
20007a29  __aeabi_d2iz            
20006a47  __aeabi_dadd            
20006bf3  __aeabi_ddiv            
20007081  __aeabi_dmul            
20006a3d  __aeabi_dsub            
20007cfd  __aeabi_i2d             
200076b5  __aeabi_memclr          
200076b5  __aeabi_memclr4         
200076b5  __aeabi_memclr8         
200072e5  __aeabi_memcpy          
200072e5  __aeabi_memcpy4         
200072e5  __aeabi_memcpy8         
200076b7  __aeabi_memset          
200076b7  __aeabi_memset4         
200076b7  __aeabi_memset8         
20006849  __aeabi_uldivmod        
ffffffff  __binit__               
ffffffff  __c_args__              
2002f800  __stack                 
20007fa1  _args_main              
20007bf9  _c_int00                
20008118  _ctypes_                
2001793c  _lock                   
20008077  _nop                    
2000806f  _register_lock          
20008069  _register_unlock        
20017000  _sys_memory             
20008113  _system_pre_init        
20017940  _unlock                 
20007abd  abort                   
20007991  atoi                    
ffffffff  binit                   
20006305  calloc                  
200079dd  copy_in                 
20007ac5  exit                    
20007c69  feraiseexcept           
20006053  free                    
20007ebb  frexp                   
20004000  g_pfnVectors            
20007a71  ldexp                   
20007939  ltoa                    
20005e0d  main                    
20017958  main_func_sp            
20005feb  malloc                  
20006221  memalign                
20007f51  memccpy                 
200072e5  memcpy                  
20007e51  memmove                 
200076bd  memset                  
20005f5d  minit                   
20007d2b  raise                   
20006115  realloc                 
20007b3d  signal                  
20008029  strchr                  
20007fb9  strcmp                  
20007e75  strcspn                 
2000807d  strlen                  
20007db1  strspn                  
20007b7d  strtok                  
20006e5d  strtoul                 
2000749d  vsnprintf               


GLOBAL SYMBOLS: SORTED BY Symbol Address 

address   name                    
-------   ----                    
00000800  __STACK_SIZE            
00000800  __SYSMEM_SIZE           
20004000  g_pfnVectors            
200051a1  __TI_printfi            
200054a9  DisplayPrompt           
200054b3  DisplayUsage            
20005905  DisplayBuffer           
2000598b  ProcessReadCommand      
20005a15  ProcessReadRegCommand   
20005ad9  ProcessWriteRegCommand  
20005c6f  ProcessWriteCommand     
20005d7b  ParseNProcessCmd        
20005e0d  main                    
20005f5d  minit                   
20005feb  malloc                  
20006053  free                    
20006115  realloc                 
20006221  memalign                
20006305  calloc                  
200063ad  I2C_IF_Write            
20006463  I2C_IF_Read             
2000651f  I2C_IF_ReadFrom         
20006569  I2C_IF_Open             
200065b1  I2C_IF_Close            
200065c9  InitTerm                
200065e7  Message                 
20006609  ClearTerm               
20006613  Error                   
2000664b  GetCmd                  
200066f1  TrimSpace               
20006789  Report                  
20006849  __aeabi_uldivmod        
20006a3d  __aeabi_dsub            
20006a47  __aeabi_dadd            
20006bf3  __aeabi_ddiv            
20006d29  PRCMCC3200MCUInit       
20006e5d  strtoul                 
20006f71  _Dscale                 
20007081  __aeabi_dmul            
2000717d  _Dnorm                  
2000723d  IntEnable               
200072e5  __aeabi_memcpy          
200072e5  __aeabi_memcpy4         
200072e5  __aeabi_memcpy8         
200072e5  memcpy                  
20007381  PRCMPeripheralClockGet  
20007415  PinConfigSet            
2000749d  vsnprintf               
20007525  __aeabi_cdcmpeq         
20007525  __aeabi_cdcmple         
200075ab  __aeabi_cdrcmple        
20007631  I2CMasterInitExpClk     
200076b5  __aeabi_memclr          
200076b5  __aeabi_memclr4         
200076b5  __aeabi_memclr8         
200076b7  __aeabi_memset          
200076b7  __aeabi_memset4         
200076b7  __aeabi_memset8         
200076bd  memset                  
2000772f  UARTConfigSetExpClk     
200077a5  __TI_auto_init          
2000787b  _Dunscale               
200078e1  PRCMPeripheralReset     
20007939  ltoa                    
20007991  atoi                    
200079dd  copy_in                 
20007a29  __aeabi_d2iz            
20007a71  ldexp                   
20007ab9  C$$EXIT                 
20007abd  abort                   
20007ac5  exit                    
20007afd  PinModeSet              
20007b3d  signal                  
20007b7d  strtok                  
20007bbd  PRCMPeripheralClkEnable 
20007bf9  _c_int00                
20007c35  PinMuxConfig            
20007c69  feraiseexcept           
20007c9d  UARTDisable             
20007ccd  _Feraise                
20007cfd  __aeabi_i2d             
20007d2b  raise                   
20007d59  I2CMasterErr            
20007d85  PRCMSysResetCauseGet    
20007db1  strspn                  
20007ddb  _Dclass                 
20007e05  PRCMPeripheralClkDisable
20007e2d  UARTEnable              
20007e51  memmove                 
20007e75  strcspn                 
20007e99  I2CMasterSlaveAddrSet   
20007ebb  frexp                   
20007edd  I2CMasterIntStatusEx    
20007efb  UARTCharPut             
20007f19  PinTypeI2C              
20007f35  UARTCharGetNonBlocking  
20007f51  memccpy                 
20007f6d  PinTypeUART             
20007f87  UARTCharsAvail          
20007fa1  _args_main              
20007fb9  strcmp                  
20007fd1  I2CMasterDataPut        
20007fe7  I2CMasterEnable         
20007ffd  PRCMHIBRegRead          
20008013  PRCMHIBRegWrite         
20008029  strchr                  
2000803f  CPUcpsie                
20008055  IntVTableBaseSet        
20008069  _register_unlock        
2000806f  _register_lock          
20008077  _nop                    
2000807d  strlen                  
20008091  I2CMasterControl        
200080a3  I2CMasterIntClearEx     
200080b5  I2CMasterTimeoutSet     
200080c7  I2CMasterDataGet        
200080d5  __TI_decompress_none    
200080e3  ResetISR                
200080f1  __TI_zero_init          
200080fd  IntMasterEnable         
20008107  UtilsDelay              
2000810d  __TI_decompress_rle24   
20008113  _system_pre_init        
20008118  _ctypes_                
20008448  __TI_static_base__      
20008498  __TI_Handler_Table_Base 
200084a4  __TI_Handler_Table_Limit
200084b0  __TI_CINIT_Base         
200084c0  __TI_CINIT_Limit        
20017000  _sys_memory             
200178b0  _Denorm                 
200178c0  _Eps                    
200178d0  _Hugeval                
200178e0  _Inf                    
200178f0  _Nan                    
20017900  _Snan                   
20017910  _Rteps                  
20017920  _Xbig                   
20017928  _Zero                   
2001793c  _lock                   
20017940  _unlock                 
20017944  __TI_cleanup_ptr        
20017948  __TI_dtors_ptr          
2001794c  _Fenv                   
20017950  _Tls_setup__Fenv        
20017954  _Errno                  
20017958  main_func_sp            
2002f800  __stack                 
20030000  __STACK_END             
ffffffff  __binit__               
ffffffff  __c_args__              
ffffffff  binit                   
UNDEFED   SHT$$INIT_ARRAY$$Base   
UNDEFED   SHT$$INIT_ARRAY$$Limit  

[154 symbols]
