******************************************************************************
                  TI ARM Linker PC v5.2.2                      
******************************************************************************
>> Linked Fri Jun 19 18:59:27 2015

OUTPUT FILE NAME:   <udma.out>
ENTRY POINT SYMBOL: "_c_int00"  address: 20007bfd


MEMORY CONFIGURATION

         name            origin    length      used     unused   attr    fill
----------------------  --------  ---------  --------  --------  ----  --------
  SRAM_CODE             20004000   00013000  000046d2  0000e92e  RW X
  SRAM_DATA             20017000   00019000  0000bb39  0000d4c7  RW X


SEGMENT ALLOCATION MAP

run origin  load origin   length   init length attrs members
----------  ----------- ---------- ----------- ----- -------
20004000    20004000    000046d8   000046d8    r-x
  20004000    20004000    00000400   00000400    r-- .intvecs
  20004400    20004400    00003e2a   00003e2a    r-x .text
  2000822c    2000822c    00000430   00000430    r-- .const
  20008660    20008660    00000078   00000078    r-- .cinit
20017000    20017000    0000ab40   00000000    rw-
  20017000    20017000    00008000   00000000    rw- .sysmem
  2001f000    2001f000    000029b9   00000000    rw- .bss
  200219c0    200219c0    00000180   00000000    rw- .data
2002f000    2002f000    00001000   00000000    rw-
  2002f000    2002f000    00001000   00000000    rw- .stack


SECTION ALLOCATION MAP

 output                                  attributes/
section   page    origin      length       input sections
--------  ----  ----------  ----------   ----------------
.intvecs   0    20004000    00000400     
                  20004000    00000400     startup_ccs.obj (.intvecs)

.init_array 
*          0    20004000    00000000     UNINITIALIZED

.text      0    20004400    00003e2a     
                  20004400    000010a6     rtsv7M4_T_le_eabi.lib : _printfi.obj (.text)
                  200054a6    00000002     driverlib.a : interrupt.obj (.text:IntDefaultHandler)
                  200054a8    00000948     main.obj (.text)
                  20005df0    000003dc     rtsv7M4_T_le_eabi.lib : memory.obj (.text)
                  200061cc    00000280     uart_if.obj (.text)
                  2000644c    000001f4     rtsv7M4_T_le_eabi.lib : ull_div_t2.obj (.text)
                  20006640    000001cc     udma_if.obj (.text)
                  2000680c    000001b6     rtsv7M4_T_le_eabi.lib : fd_add_t2.obj (.text)
                  200069c2    00000136                           : fd_div_t2.obj (.text)
                  20006af8    00000134     driverlib.a : prcm.obj (.text:PRCMCC3200MCUInit)
                  20006c2c    00000110     rtsv7M4_T_le_eabi.lib : xdscale.obj (.text)
                  20006d3c    000000fc                           : fd_mul_t2.obj (.text)
                  20006e38    000000f0     driverlib.a : udma.obj (.text:uDMAChannelTransferSet)
                  20006f28    000000be     rtsv7M4_T_le_eabi.lib : xdnorm.obj (.text)
                  20006fe6    00000002     --HOLE-- [fill = 0]
                  20006fe8    000000a8     driverlib.a : interrupt.obj (.text:IntDisable)
                  20007090    000000a8                 : interrupt.obj (.text:IntEnable)
                  20007138    0000009c     rtsv7M4_T_le_eabi.lib : memcpy_t2.obj (.text)
                  200071d4    00000094     driverlib.a : prcm.obj (.text:PRCMPeripheralClockGet)
                  20007268    00000088                 : pin.obj (.text:PinConfigSet)
                  200072f0    00000088     rtsv7M4_T_le_eabi.lib : vsnprintf.obj (.text)
                  20007378    00000086                           : fd_cmp_t2.obj (.text:__aeabi_cdcmple)
                  200073fe    00000086                           : fd_cmp_t2.obj (.text:__aeabi_cdrcmple)
                  20007484    0000007a                           : memset_t2.obj (.text)
                  200074fe    00000002     --HOLE-- [fill = 0]
                  20007500    00000078     driverlib.a : udma.obj (.text:uDMAChannelScatterGatherSet)
                  20007578    00000076                 : uart.obj (.text:UARTConfigSetExpClk)
                  200075ee    00000002     --HOLE-- [fill = 0]
                  200075f0    0000006c     rtsv7M4_T_le_eabi.lib : autoinit.obj (.text)
                  2000765c    0000006a                           : copy_decompress_rle.obj (.text)
                  200076c6    00000066                           : xdunscal.obj (.text)
                  2000772c    00000064     driverlib.a : udma.obj (.text:uDMAChannelAttributeDisable)
                  20007790    00000064                 : udma.obj (.text:uDMAChannelAttributeEnable)
                  200077f4    00000058                 : prcm.obj (.text:PRCMPeripheralReset)
                  2000784c    00000056     rtsv7M4_T_le_eabi.lib : ltoa.obj (.text)
                  200078a2    00000002     --HOLE-- [fill = 0]
                  200078a4    00000054     driverlib.a : interrupt.obj (.text:IntPrioritySet)
                  200078f8    0000004c     rtsv7M4_T_le_eabi.lib : atoi.obj (.text)
                  20007944    0000004c                           : cpy_tbl.obj (.text)
                  20007990    0000004c     driverlib.a : udma.obj (.text:uDMAChannelAssign)
                  200079dc    0000004c                 : udma.obj (.text:uDMAChannelModeGet)
                  20007a28    00000048     rtsv7M4_T_le_eabi.lib : fd_toi_t2.obj (.text)
                  20007a70    00000046                           : ldexp.obj (.text)
                  20007ab6    00000002     --HOLE-- [fill = 0]
                  20007ab8    00000044     driverlib.a : uart.obj (.text:UARTIntNumberGet)
                  20007afc    00000044     rtsv7M4_T_le_eabi.lib : exit.obj (.text)
                  20007b40    00000040     driverlib.a : pin.obj (.text:PinModeSet)
                  20007b80    00000040     rtsv7M4_T_le_eabi.lib : signal.obj (.text)
                  20007bc0    0000003c     driverlib.a : prcm.obj (.text:PRCMPeripheralClkEnable)
                  20007bfc    0000003c     rtsv7M4_T_le_eabi.lib : boot.obj (.text)
                  20007c38    0000003c     driverlib.a : udma.obj (.text:uDMAChannelControlSet)
                  20007c74    00000034     rtsv7M4_T_le_eabi.lib : feraiseexcept.obj (.text)
                  20007ca8    00000030     driverlib.a : uart.obj (.text:UARTDisable)
                  20007cd8    00000030     rtsv7M4_T_le_eabi.lib : xferaise.obj (.text)
                  20007d08    0000002e                           : i_tofd_t2.obj (.text)
                  20007d36    0000002e                           : raise.obj (.text)
                  20007d64    0000002c     driverlib.a : prcm.obj (.text:PRCMSysResetCauseGet)
                  20007d90    0000002a     rtsv7M4_T_le_eabi.lib : xdclass.obj (.text)
                  20007dba    00000002     --HOLE-- [fill = 0]
                  20007dbc    00000028     driverlib.a : prcm.obj (.text:PRCMPeripheralClkDisable)
                  20007de4    00000028                 : udma.obj (.text:uDMAChannelIsEnabled)
                  20007e0c    00000024                 : interrupt.obj (.text:IntUnregister)
                  20007e30    00000024                 : uart.obj (.text:UARTEnable)
                  20007e54    00000024     rtsv7M4_T_le_eabi.lib : memmov.obj (.text)
                  20007e78    00000022                           : frexp.obj (.text)
                  20007e9a    00000022                           : memcmp.obj (.text)
                  20007ebc    00000020     driverlib.a : interrupt.obj (.text:IntRegister)
                  20007edc    0000001e                 : uart.obj (.text:UARTCharPut)
                  20007efa    0000001e                 : uart.obj (.text:UARTIntRegister)
                  20007f18    0000001e                 : uart.obj (.text:UARTIntStatus)
                  20007f36    00000002     --HOLE-- [fill = 0]
                  20007f38    0000001c                 : systick.obj (.text:SysTickIntRegister)
                  20007f54    0000001c                 : uart.obj (.text:UARTCharGetNonBlocking)
                  20007f70    0000001c     pinmux.obj (.text)
                  20007f8c    0000001c     rtsv7M4_T_le_eabi.lib : memccpy.obj (.text)
                  20007fa8    0000001c     driverlib.a : udma.obj (.text:uDMAChannelDisable)
                  20007fc4    0000001c                 : udma.obj (.text:uDMAChannelEnable)
                  20007fe0    0000001c                 : udma.obj (.text:uDMAChannelRequest)
                  20007ffc    0000001a                 : pin.obj (.text:PinTypeUART)
                  20008016    0000001a                 : uart.obj (.text:UARTIntUnregister)
                  20008030    00000018                 : systick.obj (.text:SysTickPeriodSet)
                  20008048    00000018                 : uart.obj (.text:UARTCharsAvail)
                  20008060    00000018                 : uart.obj (.text:UARTDMAEnable)
                  20008078    00000018                 : uart.obj (.text:UARTFIFOLevelSet)
                  20008090    00000018                 : uart.obj (.text:UARTIntEnable)
                  200080a8    00000018     rtsv7M4_T_le_eabi.lib : args_main.obj (.text)
                  200080c0    00000016     driverlib.a : prcm.obj (.text:PRCMHIBRegRead)
                  200080d6    00000016                 : prcm.obj (.text:PRCMHIBRegWrite)
                  200080ec    00000016     rtsv7M4_T_le_eabi.lib : strchr.obj (.text)
                  20008102    00000016     driverlib.a : udma.obj (.text:uDMAIntRegister)
                  20008118    00000014                 : cpu.obj (.text:CPUcpsie)
                  2000812c    00000014                 : interrupt.obj (.text:IntVTableBaseSet)
                  20008140    00000014     rtsv7M4_T_le_eabi.lib : _lock.obj (.text)
                  20008154    00000014                           : strlen.obj (.text)
                  20008168    00000014     driverlib.a : udma.obj (.text:uDMAControlBaseSet)
                  2000817c    00000014                 : udma.obj (.text:uDMAIntClear)
                  20008190    00000012                 : uart.obj (.text:UARTIntClear)
                  200081a2    00000012                 : udma.obj (.text:uDMAIntUnregister)
                  200081b4    00000010                 : systick.obj (.text:SysTickEnable)
                  200081c4    0000000e     rtsv7M4_T_le_eabi.lib : copy_decompress_none.obj (.text:decompress:none)
                  200081d2    0000000e     startup_ccs.obj (.text)
                  200081e0    0000000c     rtsv7M4_T_le_eabi.lib : copy_zero_init.obj (.text:decompress:ZI)
                  200081ec    0000000c     driverlib.a : udma.obj (.text:uDMADisable)
                  200081f8    0000000c                 : udma.obj (.text:uDMAEnable)
                  20008204    0000000c                 : udma.obj (.text:uDMAIntStatus)
                  20008210    0000000a                 : interrupt.obj (.text:IntMasterEnable)
                  2000821a    00000006                 : utils.obj (.text:UtilsDelay)
                  20008220    00000006     rtsv7M4_T_le_eabi.lib : copy_decompress_rle.obj (.text:decompress:rle24)
                  20008226    00000004                           : pre_init.obj (.text)

.const     0    2000822c    00000430     
                  2000822c    00000101     rtsv7M4_T_le_eabi.lib : ctype.obj (.const:.string:_ctypes_)
                  2000832d    00000003     --HOLE-- [fill = 0]
                  20008330    00000100     driverlib.a : pin.obj (.const:g_ulPinToPadMap)
                  20008430    000000d4                 : interrupt.obj (.const:g_pulRegs)
                  20008504    000000a8                 : prcm.obj (.const:PRCM_PeriphRegsList)
                  200085ac    00000080                 : interrupt.obj (.const)
                  2000862c    00000020     main.obj (.const)
                  2000864c    00000010     driverlib.a : uart.obj (.const)

.cinit     0    20008660    00000078     
                  20008660    0000004e     (.cinit..data.load) [load image, compression = rle]
                  200086ae    00000002     --HOLE-- [fill = 0]
                  200086b0    0000000c     (__TI_handler_table)
                  200086bc    00000004     --HOLE-- [fill = 0]
                  200086c0    00000008     (.cinit..bss.load) [load image, compression = zero_init]
                  200086c8    00000010     (__TI_cinit_table)

.sysmem    0    20017000    00008000     UNINITIALIZED
                  20017000    00000008     rtsv7M4_T_le_eabi.lib : memory.obj (.sysmem)
                  20017008    00007ff8     --HOLE--

.bss       0    2001f000    000029b9     UNINITIALIZED
                  2001f000    00001000     main.obj (.bss:g_ulDstBuf)
                  20020000    00001000     main.obj (.bss:g_ulSrcBuf)
                  20021000    00000400     udma_if.obj (.bss:gpCtlTbl)
                  20021400    00000190     main.obj (.bss:ulBytesTransferred)
                  20021590    00000100     main.obj (.bss:g_ucRxBufA)
                  20021690    00000100     main.obj (.bss:g_ucRxBufB)
                  20021790    00000100     main.obj (.bss:g_ucTxBuf)
                  20021890    00000100     udma_if.obj (.bss:gfpAppCallbackHndl)
                  20021990    00000020     (.common:TaskList)
                  200219b0    00000004     (.common:__Errorlog)
                  200219b4    00000004     (.common:ulPrevSeconds$4)
                  200219b8    00000001     (.common:iDone)

.TI.noinit 
*          0    2001f000    00000000     UNINITIALIZED

.data      0    200219c0    00000180     UNINITIALIZED
                  200219c0    000000b0     rtsv7M4_T_le_eabi.lib : signal.obj (.data:sigtable)
                  20021a70    00000080                           : xvalues.obj (.data)
                  20021af0    00000024     main.obj (.data)
                  20021b14    0000000c     rtsv7M4_T_le_eabi.lib : memory.obj (.data)
                  20021b20    00000008                           : _lock.obj (.data)
                  20021b28    00000008                           : exit.obj (.data)
                  20021b30    00000008                           : feraiseexcept.obj (.data)
                  20021b38    00000004                           : errno.obj (.data)
                  20021b3c    00000004                           : stkdepth_vars.obj (.data)

.TI.persistent 
*          0    200219c0    00000000     UNINITIALIZED

.stack     0    2002f000    00001000     UNINITIALIZED
                  2002f000    00001000     --HOLE--


LINKER GENERATED COPY TABLES

__TI_cinit_table @ 200086c8 records: 2, size/record: 8, table size: 16
	.data: load addr=20008660, load size=0000004e bytes, run addr=200219c0, run size=00000180 bytes, compression=rle
	.bss: load addr=200086c0, load size=00000008 bytes, run addr=2001f000, run size=000029b9 bytes, compression=zero_init


LINKER GENERATED HANDLER TABLE

__TI_handler_table @ 200086b0 records: 3, size/record: 4, table size: 12
	index: 0, handler: __TI_decompress_rle24
	index: 1, handler: __TI_decompress_none
	index: 2, handler: __TI_zero_init


GLOBAL SYMBOLS: SORTED ALPHABETICALLY BY Name 

address   name                       
-------   ----                       
20007afd  C$$EXIT                    
20008119  CPUcpsie                   
2000620d  ClearTerm                  
20005791  DisplayBanner              
20006657  DmaErrorIntHandler         
20006641  DmaSwIntHandler            
20021b04  Done                       
20006217  Error                      
2000624f  GetCmd                     
200059a1  InitSGTransfer             
200054f5  InitSWTransfer             
200061cd  InitTerm                   
20005685  InitUART0Transfer          
20006fe9  IntDisable                 
20007091  IntEnable                  
20008211  IntMasterEnable            
200078a5  IntPrioritySet             
20007ebd  IntRegister                
20007e0d  IntUnregister              
2000812d  IntVTableBaseSet           
200061eb  Message                    
20006af9  PRCMCC3200MCUInit          
200080c1  PRCMHIBRegRead             
200080d7  PRCMHIBRegWrite            
20007dbd  PRCMPeripheralClkDisable   
20007bc1  PRCMPeripheralClkEnable    
200071d5  PRCMPeripheralClockGet     
200077f5  PRCMPeripheralReset        
20007d65  PRCMSysResetCauseGet       
20007269  PinConfigSet               
20007b41  PinModeSet                 
20007f71  PinMuxConfig               
20007ffd  PinTypeUART                
2000638d  Report                     
200081d3  ResetISR                   
UNDEFED   SHT$$INIT_ARRAY$$Base      
UNDEFED   SHT$$INIT_ARRAY$$Limit     
200054a9  StartAndCompleteSWTransfer 
200081b5  SysTickEnable              
20005821  SysTickHandler             
20007f39  SysTickIntRegister         
20008031  SysTickPeriodSet           
200062f5  TrimSpace                  
2000559b  UART0IntHandler            
20007f55  UARTCharGetNonBlocking     
20007edd  UARTCharPut                
20008049  UARTCharsAvail             
20007579  UARTConfigSetExpClk        
20008061  UARTDMAEnable              
20007ca9  UARTDisable                
20021b08  UARTDone                   
20007e31  UARTEnable                 
20008079  UARTFIFOLevelSet           
20008191  UARTIntClear               
20008091  UARTIntEnable              
20007efb  UARTIntRegister            
20007f19  UARTIntStatus              
20008017  UARTIntUnregister          
200066cb  UDMAChannelSelect          
2000679f  UDMADeInit                 
20006663  UDMAInit                   
200066f9  UDMASetupAutoMemTransfer   
2000672d  UDMASetupPingPongTransfer  
200067b3  UDMASetupTransfer          
20006787  UDMAStartTransfer          
20006793  UDMAStopTransfer           
2000821b  UtilsDelay                 
20007d91  _Dclass                    
20021a70  _Denorm                    
20006f29  _Dnorm                     
20006c2d  _Dscale                    
200076c7  _Dunscale                  
20021a80  _Eps                       
20021b38  _Errno                     
20021b30  _Fenv                      
20007cd9  _Feraise                   
20021a90  _Hugeval                   
20021aa0  _Inf                       
20021ab0  _Nan                       
20021ad0  _Rteps                     
20021ac0  _Snan                      
20021b34  _Tls_setup__Fenv           
20021ae0  _Xbig                      
20021ae8  _Zero                      
20030000  __STACK_END                
00001000  __STACK_SIZE               
00008000  __SYSMEM_SIZE              
200086c8  __TI_CINIT_Base            
200086d8  __TI_CINIT_Limit           
200086b0  __TI_Handler_Table_Base    
200086bc  __TI_Handler_Table_Limit   
200075f1  __TI_auto_init             
20021b28  __TI_cleanup_ptr           
200081c5  __TI_decompress_none       
20008221  __TI_decompress_rle24      
20021b2c  __TI_dtors_ptr             
200051a1  __TI_printfi               
20008660  __TI_static_base__         
200081e1  __TI_zero_init             
20007379  __aeabi_cdcmpeq            
20007379  __aeabi_cdcmple            
200073ff  __aeabi_cdrcmple           
20007a29  __aeabi_d2iz               
20006817  __aeabi_dadd               
200069c3  __aeabi_ddiv               
20006d3d  __aeabi_dmul               
2000680d  __aeabi_dsub               
20007d09  __aeabi_i2d                
20007485  __aeabi_memclr             
20007485  __aeabi_memclr4            
20007485  __aeabi_memclr8            
20007139  __aeabi_memcpy             
20007139  __aeabi_memcpy4            
20007139  __aeabi_memcpy8            
20007487  __aeabi_memset             
20007487  __aeabi_memset4            
20007487  __aeabi_memset8            
2000644d  __aeabi_uldivmod           
ffffffff  __binit__                  
ffffffff  __c_args__                 
2002f000  __stack                    
200080a9  _args_main                 
20007bfd  _c_int00                   
2000822c  _ctypes_                   
20021b20  _lock                      
2000814f  _nop                       
20008147  _register_lock             
20008141  _register_unlock           
20017000  _sys_memory                
20008227  _system_pre_init           
20021b24  _unlock                    
20007b01  abort                      
200078f9  atoi                       
ffffffff  binit                      
20006199  calloc                     
20007945  copy_in                    
20007b09  exit                       
20007c75  feraiseexcept              
20005ee7  free                       
20007e79  frexp                      
20004000  g_pfnVectors               
20021890  gfpAppCallbackHndl         
20021000  gpCtlTbl                   
200219b8  iDone                      
20007a71  ldexp                      
2000784d  ltoa                       
20005ae1  main                       
20021b3c  main_func_sp               
20005e7f  malloc                     
200060b5  memalign                   
20007f8d  memccpy                    
20007e9b  memcmp                     
20007139  memcpy                     
20007e55  memmove                    
2000748d  memset                     
20005df1  minit                      
20007d37  raise                      
20005fa9  realloc                    
20007b81  signal                     
200080ed  strchr                     
20008155  strlen                     
20007991  uDMAChannelAssign          
2000772d  uDMAChannelAttributeDisable
20007791  uDMAChannelAttributeEnable 
20007c39  uDMAChannelControlSet      
20007fa9  uDMAChannelDisable         
20007fc5  uDMAChannelEnable          
20007de5  uDMAChannelIsEnabled       
200079dd  uDMAChannelModeGet         
20007fe1  uDMAChannelRequest         
20007501  uDMAChannelScatterGatherSet
20006e39  uDMAChannelTransferSet     
20008169  uDMAControlBaseSet         
200081ed  uDMADisable                
200081f9  uDMAEnable                 
2000817d  uDMAIntClear               
20008103  uDMAIntRegister            
20008205  uDMAIntStatus              
200081a3  uDMAIntUnregister          
20021b00  uiCount                    
20021400  ulBytesTransferred         
200072f1  vsnprintf                  


GLOBAL SYMBOLS: SORTED BY Symbol Address 

address   name                       
-------   ----                       
00001000  __STACK_SIZE               
00008000  __SYSMEM_SIZE              
20004000  g_pfnVectors               
200051a1  __TI_printfi               
200054a9  StartAndCompleteSWTransfer 
200054f5  InitSWTransfer             
2000559b  UART0IntHandler            
20005685  InitUART0Transfer          
20005791  DisplayBanner              
20005821  SysTickHandler             
200059a1  InitSGTransfer             
20005ae1  main                       
20005df1  minit                      
20005e7f  malloc                     
20005ee7  free                       
20005fa9  realloc                    
200060b5  memalign                   
20006199  calloc                     
200061cd  InitTerm                   
200061eb  Message                    
2000620d  ClearTerm                  
20006217  Error                      
2000624f  GetCmd                     
200062f5  TrimSpace                  
2000638d  Report                     
2000644d  __aeabi_uldivmod           
20006641  DmaSwIntHandler            
20006657  DmaErrorIntHandler         
20006663  UDMAInit                   
200066cb  UDMAChannelSelect          
200066f9  UDMASetupAutoMemTransfer   
2000672d  UDMASetupPingPongTransfer  
20006787  UDMAStartTransfer          
20006793  UDMAStopTransfer           
2000679f  UDMADeInit                 
200067b3  UDMASetupTransfer          
2000680d  __aeabi_dsub               
20006817  __aeabi_dadd               
200069c3  __aeabi_ddiv               
20006af9  PRCMCC3200MCUInit          
20006c2d  _Dscale                    
20006d3d  __aeabi_dmul               
20006e39  uDMAChannelTransferSet     
20006f29  _Dnorm                     
20006fe9  IntDisable                 
20007091  IntEnable                  
20007139  __aeabi_memcpy             
20007139  __aeabi_memcpy4            
20007139  __aeabi_memcpy8            
20007139  memcpy                     
200071d5  PRCMPeripheralClockGet     
20007269  PinConfigSet               
200072f1  vsnprintf                  
20007379  __aeabi_cdcmpeq            
20007379  __aeabi_cdcmple            
200073ff  __aeabi_cdrcmple           
20007485  __aeabi_memclr             
20007485  __aeabi_memclr4            
20007485  __aeabi_memclr8            
20007487  __aeabi_memset             
20007487  __aeabi_memset4            
20007487  __aeabi_memset8            
2000748d  memset                     
20007501  uDMAChannelScatterGatherSet
20007579  UARTConfigSetExpClk        
200075f1  __TI_auto_init             
200076c7  _Dunscale                  
2000772d  uDMAChannelAttributeDisable
20007791  uDMAChannelAttributeEnable 
200077f5  PRCMPeripheralReset        
2000784d  ltoa                       
200078a5  IntPrioritySet             
200078f9  atoi                       
20007945  copy_in                    
20007991  uDMAChannelAssign          
200079dd  uDMAChannelModeGet         
20007a29  __aeabi_d2iz               
20007a71  ldexp                      
20007afd  C$$EXIT                    
20007b01  abort                      
20007b09  exit                       
20007b41  PinModeSet                 
20007b81  signal                     
20007bc1  PRCMPeripheralClkEnable    
20007bfd  _c_int00                   
20007c39  uDMAChannelControlSet      
20007c75  feraiseexcept              
20007ca9  UARTDisable                
20007cd9  _Feraise                   
20007d09  __aeabi_i2d                
20007d37  raise                      
20007d65  PRCMSysResetCauseGet       
20007d91  _Dclass                    
20007dbd  PRCMPeripheralClkDisable   
20007de5  uDMAChannelIsEnabled       
20007e0d  IntUnregister              
20007e31  UARTEnable                 
20007e55  memmove                    
20007e79  frexp                      
20007e9b  memcmp                     
20007ebd  IntRegister                
20007edd  UARTCharPut                
20007efb  UARTIntRegister            
20007f19  UARTIntStatus              
20007f39  SysTickIntRegister         
20007f55  UARTCharGetNonBlocking     
20007f71  PinMuxConfig               
20007f8d  memccpy                    
20007fa9  uDMAChannelDisable         
20007fc5  uDMAChannelEnable          
20007fe1  uDMAChannelRequest         
20007ffd  PinTypeUART                
20008017  UARTIntUnregister          
20008031  SysTickPeriodSet           
20008049  UARTCharsAvail             
20008061  UARTDMAEnable              
20008079  UARTFIFOLevelSet           
20008091  UARTIntEnable              
200080a9  _args_main                 
200080c1  PRCMHIBRegRead             
200080d7  PRCMHIBRegWrite            
200080ed  strchr                     
20008103  uDMAIntRegister            
20008119  CPUcpsie                   
2000812d  IntVTableBaseSet           
20008141  _register_unlock           
20008147  _register_lock             
2000814f  _nop                       
20008155  strlen                     
20008169  uDMAControlBaseSet         
2000817d  uDMAIntClear               
20008191  UARTIntClear               
200081a3  uDMAIntUnregister          
200081b5  SysTickEnable              
200081c5  __TI_decompress_none       
200081d3  ResetISR                   
200081e1  __TI_zero_init             
200081ed  uDMADisable                
200081f9  uDMAEnable                 
20008205  uDMAIntStatus              
20008211  IntMasterEnable            
2000821b  UtilsDelay                 
20008221  __TI_decompress_rle24      
20008227  _system_pre_init           
2000822c  _ctypes_                   
20008660  __TI_static_base__         
200086b0  __TI_Handler_Table_Base    
200086bc  __TI_Handler_Table_Limit   
200086c8  __TI_CINIT_Base            
200086d8  __TI_CINIT_Limit           
20017000  _sys_memory                
20021000  gpCtlTbl                   
20021400  ulBytesTransferred         
20021890  gfpAppCallbackHndl         
200219b8  iDone                      
20021a70  _Denorm                    
20021a80  _Eps                       
20021a90  _Hugeval                   
20021aa0  _Inf                       
20021ab0  _Nan                       
20021ac0  _Snan                      
20021ad0  _Rteps                     
20021ae0  _Xbig                      
20021ae8  _Zero                      
20021b00  uiCount                    
20021b04  Done                       
20021b08  UARTDone                   
20021b20  _lock                      
20021b24  _unlock                    
20021b28  __TI_cleanup_ptr           
20021b2c  __TI_dtors_ptr             
20021b30  _Fenv                      
20021b34  _Tls_setup__Fenv           
20021b38  _Errno                     
20021b3c  main_func_sp               
2002f000  __stack                    
20030000  __STACK_END                
ffffffff  __binit__                  
ffffffff  __c_args__                 
ffffffff  binit                      
UNDEFED   SHT$$INIT_ARRAY$$Base      
UNDEFED   SHT$$INIT_ARRAY$$Limit     

[182 symbols]
