<?xml version="1.0"?>
<link_info>
   <banner>TI ARM Linker PC v5.2.2</banner>
   <copyright>Copyright (c) 1996-2015 Texas Instruments Incorporated</copyright>
   <link_time>0x55844a4b</link_time>
   <link_errors>0x0</link_errors>
   <output_file>ssl.out</output_file>
   <entry_point>
      <name>_c_int00</name>
      <address>0x20008869</address>
   </entry_point>
   <input_file_list>
      <input_file id="fl-2">
         <path>.\</path>
         <kind>object</kind>
         <file>gpio_if.obj</file>
         <name>gpio_if.obj</name>
      </input_file>
      <input_file id="fl-3">
         <path>.\</path>
         <kind>object</kind>
         <file>main.obj</file>
         <name>main.obj</name>
      </input_file>
      <input_file id="fl-4">
         <path>.\</path>
         <kind>object</kind>
         <file>pinmux.obj</file>
         <name>pinmux.obj</name>
      </input_file>
      <input_file id="fl-5">
         <path>.\</path>
         <kind>object</kind>
         <file>startup_ccs.obj</file>
         <name>startup_ccs.obj</name>
      </input_file>
      <input_file id="fl-12d">
         <path>C:\ti\ccsv6\tools\compiler\ti-cgt-arm_5.2.2\lib\</path>
         <kind>archive</kind>
         <file>rtsv7M4_T_le_eabi.lib</file>
         <name>boot.obj</name>
      </input_file>
      <input_file id="fl-12e">
         <path>C:\ti\ccsv6\tools\compiler\ti-cgt-arm_5.2.2\lib\</path>
         <kind>archive</kind>
         <file>rtsv7M4_T_le_eabi.lib</file>
         <name>copy_decompress_none.obj</name>
      </input_file>
      <input_file id="fl-12f">
         <path>C:\ti\ccsv6\tools\compiler\ti-cgt-arm_5.2.2\lib\</path>
         <kind>archive</kind>
         <file>rtsv7M4_T_le_eabi.lib</file>
         <name>copy_decompress_rle.obj</name>
      </input_file>
      <input_file id="fl-130">
         <path>C:\ti\ccsv6\tools\compiler\ti-cgt-arm_5.2.2\lib\</path>
         <kind>archive</kind>
         <file>rtsv7M4_T_le_eabi.lib</file>
         <name>copy_zero_init.obj</name>
      </input_file>
      <input_file id="fl-131">
         <path>C:\ti\ccsv6\tools\compiler\ti-cgt-arm_5.2.2\lib\</path>
         <kind>archive</kind>
         <file>rtsv7M4_T_le_eabi.lib</file>
         <name>exit.obj</name>
      </input_file>
      <input_file id="fl-132">
         <path>C:\ti\ccsv6\tools\compiler\ti-cgt-arm_5.2.2\lib\</path>
         <kind>archive</kind>
         <file>rtsv7M4_T_le_eabi.lib</file>
         <name>memcpy_t2.obj</name>
      </input_file>
      <input_file id="fl-133">
         <path>C:\ti\ccsv6\tools\compiler\ti-cgt-arm_5.2.2\lib\</path>
         <kind>archive</kind>
         <file>rtsv7M4_T_le_eabi.lib</file>
         <name>memset_t2.obj</name>
      </input_file>
      <input_file id="fl-134">
         <path>C:\ti\ccsv6\tools\compiler\ti-cgt-arm_5.2.2\lib\</path>
         <kind>archive</kind>
         <file>rtsv7M4_T_le_eabi.lib</file>
         <name>pre_init.obj</name>
      </input_file>
      <input_file id="fl-135">
         <path>C:\ti\ccsv6\tools\compiler\ti-cgt-arm_5.2.2\lib\</path>
         <kind>archive</kind>
         <file>rtsv7M4_T_le_eabi.lib</file>
         <name>stkdepth_vars.obj</name>
      </input_file>
      <input_file id="fl-136">
         <path>C:\ti\ccsv6\tools\compiler\ti-cgt-arm_5.2.2\lib\</path>
         <kind>archive</kind>
         <file>rtsv7M4_T_le_eabi.lib</file>
         <name>strlen.obj</name>
      </input_file>
      <input_file id="fl-137">
         <path>C:\ti\ccsv6\tools\compiler\ti-cgt-arm_5.2.2\lib\</path>
         <kind>archive</kind>
         <file>rtsv7M4_T_le_eabi.lib</file>
         <name>_lock.obj</name>
      </input_file>
      <input_file id="fl-138">
         <path>C:\ti\ccsv6\tools\compiler\ti-cgt-arm_5.2.2\lib\</path>
         <kind>archive</kind>
         <file>rtsv7M4_T_le_eabi.lib</file>
         <name>args_main.obj</name>
      </input_file>
      <input_file id="fl-139">
         <path>C:\ti\ccsv6\tools\compiler\ti-cgt-arm_5.2.2\lib\</path>
         <kind>archive</kind>
         <file>rtsv7M4_T_le_eabi.lib</file>
         <name>autoinit.obj</name>
      </input_file>
      <input_file id="fl-13a">
         <path>C:\ti\ccsv6\tools\compiler\ti-cgt-arm_5.2.2\lib\</path>
         <kind>archive</kind>
         <file>rtsv7M4_T_le_eabi.lib</file>
         <name>cpy_tbl.obj</name>
      </input_file>
      <input_file id="fl-13b">
         <path>C:\ti\CC3200SDK_1.1.0\cc3200-sdk\example\ssl\ccs\..\..\..\driverlib\ccs\Release\</path>
         <kind>archive</kind>
         <file>driverlib.a</file>
         <name>gpio.obj</name>
      </input_file>
      <input_file id="fl-13c">
         <path>C:\ti\CC3200SDK_1.1.0\cc3200-sdk\example\ssl\ccs\..\..\..\driverlib\ccs\Release\</path>
         <kind>archive</kind>
         <file>driverlib.a</file>
         <name>interrupt.obj</name>
      </input_file>
      <input_file id="fl-13d">
         <path>C:\ti\CC3200SDK_1.1.0\cc3200-sdk\example\ssl\ccs\..\..\..\driverlib\ccs\Release\</path>
         <kind>archive</kind>
         <file>driverlib.a</file>
         <name>pin.obj</name>
      </input_file>
      <input_file id="fl-13e">
         <path>C:\ti\CC3200SDK_1.1.0\cc3200-sdk\example\ssl\ccs\..\..\..\driverlib\ccs\Release\</path>
         <kind>archive</kind>
         <file>driverlib.a</file>
         <name>prcm.obj</name>
      </input_file>
      <input_file id="fl-13f">
         <path>C:\ti\CC3200SDK_1.1.0\cc3200-sdk\example\ssl\ccs\..\..\..\driverlib\ccs\Release\</path>
         <kind>archive</kind>
         <file>driverlib.a</file>
         <name>utils.obj</name>
      </input_file>
      <input_file id="fl-140">
         <path>C:\ti\CC3200SDK_1.1.0\cc3200-sdk\example\ssl\ccs\..\..\..\driverlib\ccs\Release\</path>
         <kind>archive</kind>
         <file>driverlib.a</file>
         <name>cpu.obj</name>
      </input_file>
      <input_file id="fl-141">
         <path>C:\ti\CC3200SDK_1.1.0\cc3200-sdk\example\ssl\ccs\..\..\..\driverlib\ccs\Release\</path>
         <kind>archive</kind>
         <file>driverlib.a</file>
         <name>flash.obj</name>
      </input_file>
      <input_file id="fl-142">
         <path>C:\ti\CC3200SDK_1.1.0\cc3200-sdk\example\ssl\ccs\..\..\..\simplelink\ccs\NON_OS\</path>
         <kind>archive</kind>
         <file>simplelink.a</file>
         <name>device.obj</name>
      </input_file>
      <input_file id="fl-143">
         <path>C:\ti\CC3200SDK_1.1.0\cc3200-sdk\example\ssl\ccs\..\..\..\simplelink\ccs\NON_OS\</path>
         <kind>archive</kind>
         <file>simplelink.a</file>
         <name>driver.obj</name>
      </input_file>
      <input_file id="fl-144">
         <path>C:\ti\CC3200SDK_1.1.0\cc3200-sdk\example\ssl\ccs\..\..\..\simplelink\ccs\NON_OS\</path>
         <kind>archive</kind>
         <file>simplelink.a</file>
         <name>netapp.obj</name>
      </input_file>
      <input_file id="fl-145">
         <path>C:\ti\CC3200SDK_1.1.0\cc3200-sdk\example\ssl\ccs\..\..\..\simplelink\ccs\NON_OS\</path>
         <kind>archive</kind>
         <file>simplelink.a</file>
         <name>netcfg.obj</name>
      </input_file>
      <input_file id="fl-146">
         <path>C:\ti\CC3200SDK_1.1.0\cc3200-sdk\example\ssl\ccs\..\..\..\simplelink\ccs\NON_OS\</path>
         <kind>archive</kind>
         <file>simplelink.a</file>
         <name>nonos.obj</name>
      </input_file>
      <input_file id="fl-147">
         <path>C:\ti\CC3200SDK_1.1.0\cc3200-sdk\example\ssl\ccs\..\..\..\simplelink\ccs\NON_OS\</path>
         <kind>archive</kind>
         <file>simplelink.a</file>
         <name>socket.obj</name>
      </input_file>
      <input_file id="fl-148">
         <path>C:\ti\CC3200SDK_1.1.0\cc3200-sdk\example\ssl\ccs\..\..\..\simplelink\ccs\NON_OS\</path>
         <kind>archive</kind>
         <file>simplelink.a</file>
         <name>wlan.obj</name>
      </input_file>
      <input_file id="fl-149">
         <path>C:\ti\CC3200SDK_1.1.0\cc3200-sdk\example\ssl\ccs\..\..\..\simplelink\ccs\NON_OS\</path>
         <kind>archive</kind>
         <file>simplelink.a</file>
         <name>cc_pal.obj</name>
      </input_file>
      <input_file id="fl-14a">
         <path>C:\ti\ccsv6\tools\compiler\ti-cgt-arm_5.2.2\lib\</path>
         <kind>archive</kind>
         <file>rtsv7M4_T_le_eabi.lib</file>
         <name>ll_lsr_t2.obj</name>
      </input_file>
      <input_file id="fl-14b">
         <path>C:\ti\ccsv6\tools\compiler\ti-cgt-arm_5.2.2\lib\</path>
         <kind>archive</kind>
         <file>rtsv7M4_T_le_eabi.lib</file>
         <name>ull_div_t2.obj</name>
      </input_file>
      <input_file id="fl-14c">
         <path>C:\ti\CC3200SDK_1.1.0\cc3200-sdk\example\ssl\ccs\..\..\..\driverlib\ccs\Release\</path>
         <kind>archive</kind>
         <file>driverlib.a</file>
         <name>spi.obj</name>
      </input_file>
      <input_file id="fl-14d">
         <path>C:\ti\CC3200SDK_1.1.0\cc3200-sdk\example\ssl\ccs\..\..\..\driverlib\ccs\Release\</path>
         <kind>archive</kind>
         <file>driverlib.a</file>
         <name>udma.obj</name>
      </input_file>
   </input_file_list>
   <object_component_list>
      <object_component id="oc-f">
         <name>.intvecs</name>
         <load_address>0x20004000</load_address>
         <run_address>0x20004000</run_address>
         <size>0x400</size>
         <input_file_ref idref="fl-5"/>
      </object_component>
      <object_component id="oc-98">
         <name>.text</name>
         <load_address>0x20004400</load_address>
         <run_address>0x20004400</run_address>
         <size>0x610</size>
         <input_file_ref idref="fl-3"/>
      </object_component>
      <object_component id="oc-4a9">
         <name>.text:_SlDrvMsgRead</name>
         <load_address>0x20004a10</load_address>
         <run_address>0x20004a10</run_address>
         <size>0x5ec</size>
         <input_file_ref idref="fl-143"/>
      </object_component>
      <object_component id="oc-128">
         <name>.text</name>
         <load_address>0x20004ffc</load_address>
         <run_address>0x20004ffc</run_address>
         <size>0x39c</size>
         <input_file_ref idref="fl-2"/>
      </object_component>
      <object_component id="oc-4ee">
         <name>.text:_SlDrvRxHdrRead</name>
         <load_address>0x20005398</load_address>
         <run_address>0x20005398</run_address>
         <size>0x248</size>
         <input_file_ref idref="fl-143"/>
      </object_component>
      <object_component id="oc-122">
         <name>.text:sl_WlanConnect</name>
         <load_address>0x200055e0</load_address>
         <run_address>0x200055e0</run_address>
         <size>0x244</size>
         <input_file_ref idref="fl-148"/>
      </object_component>
      <object_component id="oc-1e7">
         <name>.text:_SlDrvReleasePoolObj</name>
         <load_address>0x20005824</load_address>
         <run_address>0x20005824</run_address>
         <size>0x1d0</size>
         <input_file_ref idref="fl-143"/>
      </object_component>
      <object_component id="oc-3eb">
         <name>.text:_SlDrvMsgWrite</name>
         <load_address>0x200059f4</load_address>
         <run_address>0x200059f4</run_address>
         <size>0x1cc</size>
         <input_file_ref idref="fl-143"/>
      </object_component>
      <object_component id="oc-2d1">
         <name>.text:_SlDrvWaitForPoolObj</name>
         <load_address>0x20005bc0</load_address>
         <run_address>0x20005bc0</run_address>
         <size>0x190</size>
         <input_file_ref idref="fl-143"/>
      </object_component>
      <object_component id="oc-1bd">
         <name>.text:_SlDrvDriverCBInit</name>
         <load_address>0x20005d50</load_address>
         <run_address>0x20005d50</run_address>
         <size>0x188</size>
         <input_file_ref idref="fl-143"/>
      </object_component>
      <object_component id="oc-500">
         <name>.text:_SlFindAndSetActiveObj</name>
         <load_address>0x20005ed8</load_address>
         <run_address>0x20005ed8</run_address>
         <size>0x170</size>
         <input_file_ref idref="fl-143"/>
      </object_component>
      <object_component id="oc-1c3">
         <name>.text:spi_Open</name>
         <load_address>0x20006048</load_address>
         <run_address>0x20006048</run_address>
         <size>0x144</size>
         <input_file_ref idref="fl-149"/>
      </object_component>
      <object_component id="oc-11c">
         <name>.text:PRCMCC3200MCUInit</name>
         <load_address>0x2000618c</load_address>
         <run_address>0x2000618c</run_address>
         <size>0x134</size>
         <input_file_ref idref="fl-13e"/>
      </object_component>
      <object_component id="oc-15f">
         <name>.text:sl_Connect</name>
         <load_address>0x200062c0</load_address>
         <run_address>0x200062c0</run_address>
         <size>0x108</size>
         <input_file_ref idref="fl-147"/>
      </object_component>
      <object_component id="oc-141">
         <name>.text:sl_NetAppDnsGetHostByName</name>
         <load_address>0x200063c8</load_address>
         <run_address>0x200063c8</run_address>
         <size>0x104</size>
         <input_file_ref idref="fl-144"/>
      </object_component>
      <object_component id="oc-221">
         <name>.text:_SlDrvDriverCBDeinit</name>
         <load_address>0x200064cc</load_address>
         <run_address>0x200064cc</run_address>
         <size>0x100</size>
         <input_file_ref idref="fl-143"/>
      </object_component>
      <object_component id="oc-53c">
         <name>.text:_SlDrvNetAppEventHandler</name>
         <load_address>0x200065cc</load_address>
         <run_address>0x200065cc</run_address>
         <size>0xfe</size>
         <input_file_ref idref="fl-144"/>
      </object_component>
      <object_component id="oc-49b">
         <name>.text:IntDefaultHandler</name>
         <load_address>0x200066ca</load_address>
         <run_address>0x200066ca</run_address>
         <size>0x2</size>
         <input_file_ref idref="fl-13c"/>
      </object_component>
      <object_component id="oc-4fa">
         <name>.text:spi_Read</name>
         <load_address>0x200066cc</load_address>
         <run_address>0x200066cc</run_address>
         <size>0xf0</size>
         <input_file_ref idref="fl-149"/>
      </object_component>
      <object_component id="oc-5aa">
         <name>.text:uDMAChannelTransferSet</name>
         <load_address>0x200067bc</load_address>
         <run_address>0x200067bc</run_address>
         <size>0xf0</size>
         <input_file_ref idref="fl-14d"/>
      </object_component>
      <object_component id="oc-4f4">
         <name>.text:_SlDrvClassifyRxMsg</name>
         <load_address>0x200068ac</load_address>
         <run_address>0x200068ac</run_address>
         <size>0xd8</size>
         <input_file_ref idref="fl-143"/>
      </object_component>
      <object_component id="oc-d1">
         <name>.text:sl_Stop</name>
         <load_address>0x20006984</load_address>
         <run_address>0x20006984</run_address>
         <size>0xd4</size>
         <input_file_ref idref="fl-142"/>
      </object_component>
      <object_component id="oc-574">
         <name>.text:_sl_HandleAsync_DnsGetHostByService</name>
         <load_address>0x20006a58</load_address>
         <run_address>0x20006a58</run_address>
         <size>0xc8</size>
         <input_file_ref idref="fl-144"/>
      </object_component>
      <object_component id="oc-3f1">
         <name>.text:_SlDrvMsgReadCmdCtx</name>
         <load_address>0x20006b20</load_address>
         <run_address>0x20006b20</run_address>
         <size>0xc0</size>
         <input_file_ref idref="fl-143"/>
      </object_component>
      <object_component id="oc-3ae">
         <name>.text:_SlRemoveFromList</name>
         <load_address>0x20006be0</load_address>
         <run_address>0x20006be0</run_address>
         <size>0xc0</size>
         <input_file_ref idref="fl-143"/>
      </object_component>
      <object_component id="oc-bf">
         <name>.text:sl_Start</name>
         <load_address>0x20006ca0</load_address>
         <run_address>0x20006ca0</run_address>
         <size>0xbc</size>
         <input_file_ref idref="fl-142"/>
      </object_component>
      <object_component id="oc-4af">
         <name>.text:_SlAsyncEventGenericHandler</name>
         <load_address>0x20006d5c</load_address>
         <run_address>0x20006d5c</run_address>
         <size>0xb8</size>
         <input_file_ref idref="fl-143"/>
      </object_component>
      <object_component id="oc-253">
         <name>.text:sl_NetAppMDNSRegisterUnregisterService</name>
         <load_address>0x20006e14</load_address>
         <run_address>0x20006e14</run_address>
         <size>0xb4</size>
         <input_file_ref idref="fl-144"/>
      </object_component>
      <object_component id="oc-393">
         <name>.text:IntDisable</name>
         <load_address>0x20006ec8</load_address>
         <run_address>0x20006ec8</run_address>
         <size>0xa8</size>
         <input_file_ref idref="fl-13c"/>
      </object_component>
      <object_component id="oc-116">
         <name>.text:IntEnable</name>
         <load_address>0x20006f70</load_address>
         <run_address>0x20006f70</run_address>
         <size>0xa8</size>
         <input_file_ref idref="fl-13c"/>
      </object_component>
      <object_component id="oc-340">
         <name>.text:SPIConfigSetExpClk</name>
         <load_address>0x20007018</load_address>
         <run_address>0x20007018</run_address>
         <size>0xa0</size>
         <input_file_ref idref="fl-14c"/>
      </object_component>
      <object_component id="oc-3c7">
         <name>.text:_SlDrvMsgReadSpawnCtx</name>
         <load_address>0x200070b8</load_address>
         <run_address>0x200070b8</run_address>
         <size>0x9c</size>
         <input_file_ref idref="fl-143"/>
      </object_component>
      <object_component id="oc-33">
         <name>.text</name>
         <load_address>0x20007154</load_address>
         <run_address>0x20007154</run_address>
         <size>0x9c</size>
         <input_file_ref idref="fl-132"/>
      </object_component>
      <object_component id="oc-d7">
         <name>.text:sl_DevGet</name>
         <load_address>0x200071f0</load_address>
         <run_address>0x200071f0</run_address>
         <size>0x9c</size>
         <input_file_ref idref="fl-142"/>
      </object_component>
      <object_component id="oc-4b7">
         <name>.text:spi_Write</name>
         <load_address>0x2000728c</load_address>
         <run_address>0x2000728c</run_address>
         <size>0x98</size>
         <input_file_ref idref="fl-149"/>
      </object_component>
      <object_component id="oc-33a">
         <name>.text:PRCMPeripheralClockGet</name>
         <load_address>0x20007324</load_address>
         <run_address>0x20007324</run_address>
         <size>0x94</size>
         <input_file_ref idref="fl-13e"/>
      </object_component>
      <object_component id="oc-549">
         <name>.text:SetupDMAReceive</name>
         <load_address>0x200073b8</load_address>
         <run_address>0x200073b8</run_address>
         <size>0x8c</size>
         <input_file_ref idref="fl-149"/>
      </object_component>
      <object_component id="oc-50b">
         <name>.text:SetupDMASend</name>
         <load_address>0x20007444</load_address>
         <run_address>0x20007444</run_address>
         <size>0x8c</size>
         <input_file_ref idref="fl-149"/>
      </object_component>
      <object_component id="oc-56e">
         <name>.text:_sl_HandleAsync_DnsGetHostByName</name>
         <load_address>0x200074d0</load_address>
         <run_address>0x200074d0</run_address>
         <size>0x8c</size>
         <input_file_ref idref="fl-144"/>
      </object_component>
      <object_component id="oc-542">
         <name>.text:_sl_HandleAsync_PingResponse</name>
         <load_address>0x2000755c</load_address>
         <run_address>0x2000755c</run_address>
         <size>0x8c</size>
         <input_file_ref idref="fl-144"/>
      </object_component>
      <object_component id="oc-456">
         <name>.text:PinConfigSet</name>
         <load_address>0x200075e8</load_address>
         <run_address>0x200075e8</run_address>
         <size>0x88</size>
         <input_file_ref idref="fl-13d"/>
      </object_component>
      <object_component id="oc-1b7">
         <name>.text:NwpPowerOnPreamble</name>
         <load_address>0x20007670</load_address>
         <run_address>0x20007670</run_address>
         <size>0x84</size>
         <input_file_ref idref="fl-149"/>
      </object_component>
      <object_component id="oc-297">
         <name>.text:GPIOIntTypeSet</name>
         <load_address>0x200076f4</load_address>
         <run_address>0x200076f4</run_address>
         <size>0x82</size>
         <input_file_ref idref="fl-13b"/>
      </object_component>
      <object_component id="oc-20b">
         <name>.text:_SlDrvCmdOp</name>
         <load_address>0x20007778</load_address>
         <run_address>0x20007778</run_address>
         <size>0x80</size>
         <input_file_ref idref="fl-143"/>
      </object_component>
      <object_component id="oc-54f">
         <name>.text:spi_Read_CPU</name>
         <load_address>0x200077f8</load_address>
         <run_address>0x200077f8</run_address>
         <size>0x80</size>
         <input_file_ref idref="fl-149"/>
      </object_component>
      <object_component id="oc-51d">
         <name>.text:spi_Write_CPU</name>
         <load_address>0x20007878</load_address>
         <run_address>0x20007878</run_address>
         <size>0x80</size>
         <input_file_ref idref="fl-149"/>
      </object_component>
      <object_component id="oc-528">
         <name>.text:_sl_HandleAsync_InitComplete</name>
         <load_address>0x200078f8</load_address>
         <run_address>0x200078f8</run_address>
         <size>0x7c</size>
         <input_file_ref idref="fl-142"/>
      </object_component>
      <object_component id="oc-4c">
         <name>.text</name>
         <load_address>0x20007974</load_address>
         <run_address>0x20007974</run_address>
         <size>0x7a</size>
         <input_file_ref idref="fl-133"/>
      </object_component>
      <object_component id="oc-590">
         <name>.text:_sl_HandleAsync_Connect</name>
         <load_address>0x200079f0</load_address>
         <run_address>0x200079f0</run_address>
         <size>0x78</size>
         <input_file_ref idref="fl-147"/>
      </object_component>
      <object_component id="oc-21b">
         <name>.text:spi_Close</name>
         <load_address>0x20007a68</load_address>
         <run_address>0x20007a68</run_address>
         <size>0x78</size>
         <input_file_ref idref="fl-149"/>
      </object_component>
      <object_component id="oc-c5">
         <name>.text:_SlNonOsMainLoopTask</name>
         <load_address>0x20007ae0</load_address>
         <run_address>0x20007ae0</run_address>
         <size>0x70</size>
         <input_file_ref idref="fl-146"/>
      </object_component>
      <object_component id="oc-5b9">
         <name>.text:_SlDrvCmdSend</name>
         <load_address>0x20007b50</load_address>
         <run_address>0x20007b50</run_address>
         <size>0x6c</size>
         <input_file_ref idref="fl-143"/>
      </object_component>
      <object_component id="oc-5e">
         <name>.text</name>
         <load_address>0x20007bbc</load_address>
         <run_address>0x20007bbc</run_address>
         <size>0x6c</size>
         <input_file_ref idref="fl-139"/>
      </object_component>
      <object_component id="oc-3f">
         <name>.text</name>
         <load_address>0x20007c28</load_address>
         <run_address>0x20007c28</run_address>
         <size>0x6a</size>
         <input_file_ref idref="fl-12f"/>
      </object_component>
      <object_component id="oc-57a">
         <name>.text:_sl_NetAppSendTokenValue</name>
         <load_address>0x20007c94</load_address>
         <run_address>0x20007c94</run_address>
         <size>0x68</size>
         <input_file_ref idref="fl-144"/>
      </object_component>
      <object_component id="oc-135">
         <name>.text:sl_DevSet</name>
         <load_address>0x20007cfc</load_address>
         <run_address>0x20007cfc</run_address>
         <size>0x68</size>
         <input_file_ref idref="fl-142"/>
      </object_component>
      <object_component id="oc-ef">
         <name>.text:sl_NetCfgSet</name>
         <load_address>0x20007d64</load_address>
         <run_address>0x20007d64</run_address>
         <size>0x68</size>
         <input_file_ref idref="fl-145"/>
      </object_component>
      <object_component id="oc-159">
         <name>.text:sl_SetSockOpt</name>
         <load_address>0x20007dcc</load_address>
         <run_address>0x20007dcc</run_address>
         <size>0x68</size>
         <input_file_ref idref="fl-147"/>
      </object_component>
      <object_component id="oc-f5">
         <name>.text:sl_WlanSet</name>
         <load_address>0x20007e34</load_address>
         <run_address>0x20007e34</run_address>
         <size>0x68</size>
         <input_file_ref idref="fl-148"/>
      </object_component>
      <object_component id="oc-474">
         <name>.text:uDMAChannelAttributeDisable</name>
         <load_address>0x20007e9c</load_address>
         <run_address>0x20007e9c</run_address>
         <size>0x64</size>
         <input_file_ref idref="fl-14d"/>
      </object_component>
      <object_component id="oc-5a4">
         <name>.text:uDMAChannelAttributeEnable</name>
         <load_address>0x20007f00</load_address>
         <run_address>0x20007f00</run_address>
         <size>0x64</size>
         <input_file_ref idref="fl-14d"/>
      </object_component>
      <object_component id="oc-58a">
         <name>.text:_sl_HandleAsync_Accept</name>
         <load_address>0x20007f64</load_address>
         <run_address>0x20007f64</run_address>
         <size>0x60</size>
         <input_file_ref idref="fl-147"/>
      </object_component>
      <object_component id="oc-dd">
         <name>.text:sl_WlanPolicySet</name>
         <load_address>0x20007fc4</load_address>
         <run_address>0x20007fc4</run_address>
         <size>0x60</size>
         <input_file_ref idref="fl-148"/>
      </object_component>
      <object_component id="oc-31e">
         <name>.text:_SlNonOsSemGet</name>
         <load_address>0x20008024</load_address>
         <run_address>0x20008024</run_address>
         <size>0x5c</size>
         <input_file_ref idref="fl-146"/>
      </object_component>
      <object_component id="oc-3c1">
         <name>.text:_SlNonOsSpawn</name>
         <load_address>0x20008080</load_address>
         <run_address>0x20008080</run_address>
         <size>0x5c</size>
         <input_file_ref idref="fl-146"/>
      </object_component>
      <object_component id="oc-153">
         <name>.text:sl_Socket</name>
         <load_address>0x200080dc</load_address>
         <run_address>0x200080dc</run_address>
         <size>0x5c</size>
         <input_file_ref idref="fl-147"/>
      </object_component>
      <object_component id="oc-39f">
         <name>.text:IntPendClear</name>
         <load_address>0x20008138</load_address>
         <run_address>0x20008138</run_address>
         <size>0x58</size>
         <input_file_ref idref="fl-13c"/>
      </object_component>
      <object_component id="oc-27a">
         <name>.text:PRCMPeripheralReset</name>
         <load_address>0x20008190</load_address>
         <run_address>0x20008190</run_address>
         <size>0x58</size>
         <input_file_ref idref="fl-13e"/>
      </object_component>
      <object_component id="oc-29d">
         <name>.text:IntPrioritySet</name>
         <load_address>0x200081e8</load_address>
         <run_address>0x200081e8</run_address>
         <size>0x54</size>
         <input_file_ref idref="fl-13c"/>
      </object_component>
      <object_component id="oc-596">
         <name>.text:_sl_HandleAsync_Select</name>
         <load_address>0x2000823c</load_address>
         <run_address>0x2000823c</run_address>
         <size>0x54</size>
         <input_file_ref idref="fl-147"/>
      </object_component>
      <object_component id="oc-104">
         <name>.text:sl_WlanRxFilterSet</name>
         <load_address>0x20008290</load_address>
         <run_address>0x20008290</run_address>
         <size>0x54</size>
         <input_file_ref idref="fl-148"/>
      </object_component>
      <object_component id="oc-52e">
         <name>.text:_sl_HandleAsync_Stop</name>
         <load_address>0x200082e4</load_address>
         <run_address>0x200082e4</run_address>
         <size>0x50</size>
         <input_file_ref idref="fl-142"/>
      </object_component>
      <object_component id="oc-36a">
         <name>.text:SPIIntEnable</name>
         <load_address>0x20008334</load_address>
         <run_address>0x20008334</run_address>
         <size>0x4c</size>
         <input_file_ref idref="fl-14c"/>
      </object_component>
      <object_component id="oc-4c0">
         <name>.text:SPIIntNumberGet</name>
         <load_address>0x20008380</load_address>
         <run_address>0x20008380</run_address>
         <size>0x4c</size>
         <input_file_ref idref="fl-14c"/>
      </object_component>
      <object_component id="oc-1c9">
         <name>.text:_SlDrvProtectAsyncRespSetting</name>
         <load_address>0x200083cc</load_address>
         <run_address>0x200083cc</run_address>
         <size>0x4c</size>
         <input_file_ref idref="fl-143"/>
      </object_component>
      <object_component id="oc-1f6">
         <name>.text:_SlDrvRxIrqHandler</name>
         <load_address>0x20008418</load_address>
         <run_address>0x20008418</run_address>
         <size>0x4c</size>
         <input_file_ref idref="fl-143"/>
      </object_component>
      <object_component id="oc-2f9">
         <name>.text:_sl_BuildAddress</name>
         <load_address>0x20008464</load_address>
         <run_address>0x20008464</run_address>
         <size>0x4c</size>
         <input_file_ref idref="fl-147"/>
      </object_component>
      <object_component id="oc-90">
         <name>.text</name>
         <load_address>0x200084b0</load_address>
         <run_address>0x200084b0</run_address>
         <size>0x4c</size>
         <input_file_ref idref="fl-13a"/>
      </object_component>
      <object_component id="oc-46e">
         <name>.text:uDMAChannelAssign</name>
         <load_address>0x200084fc</load_address>
         <run_address>0x200084fc</run_address>
         <size>0x4c</size>
         <input_file_ref idref="fl-14d"/>
      </object_component>
      <object_component id="oc-43a">
         <name>.text:GPIOGetIntNumber</name>
         <load_address>0x20008548</load_address>
         <run_address>0x20008548</run_address>
         <size>0x48</size>
         <input_file_ref idref="fl-13b"/>
      </object_component>
      <object_component id="oc-48b">
         <name>.text:SPIIntClear</name>
         <load_address>0x20008590</load_address>
         <run_address>0x20008590</run_address>
         <size>0x48</size>
         <input_file_ref idref="fl-14c"/>
      </object_component>
      <object_component id="oc-23e">
         <name>.text:_SlDrvBasicCmd</name>
         <load_address>0x200085d8</load_address>
         <run_address>0x200085d8</run_address>
         <size>0x48</size>
         <input_file_ref idref="fl-143"/>
      </object_component>
      <object_component id="oc-47f">
         <name>.text:SPIDmaMaskGet</name>
         <load_address>0x20008620</load_address>
         <run_address>0x20008620</run_address>
         <size>0x44</size>
         <input_file_ref idref="fl-14c"/>
      </object_component>
      <object_component id="oc-55c">
         <name>.text:cc_SetupTransfer</name>
         <load_address>0x20008664</load_address>
         <run_address>0x20008664</run_address>
         <size>0x44</size>
         <input_file_ref idref="fl-149"/>
      </object_component>
      <object_component id="oc-6a">
         <name>.text</name>
         <load_address>0x200086a8</load_address>
         <run_address>0x200086a8</run_address>
         <size>0x44</size>
         <input_file_ref idref="fl-131"/>
      </object_component>
      <object_component id="oc-14d">
         <name>.text:sl_Htonl</name>
         <load_address>0x200086ec</load_address>
         <run_address>0x200086ec</run_address>
         <size>0x42</size>
         <input_file_ref idref="fl-147"/>
      </object_component>
      <object_component id="oc-45c">
         <name>.text:PinModeSet</name>
         <load_address>0x20008730</load_address>
         <run_address>0x20008730</run_address>
         <size>0x40</size>
         <input_file_ref idref="fl-13d"/>
      </object_component>
      <object_component id="oc-165">
         <name>.text</name>
         <load_address>0x20008770</load_address>
         <run_address>0x20008770</run_address>
         <size>0x40</size>
         <input_file_ref idref="fl-4"/>
      </object_component>
      <object_component id="oc-1d5">
         <name>.text:NwpRegisterInterruptHandler</name>
         <load_address>0x200087b0</load_address>
         <run_address>0x200087b0</run_address>
         <size>0x3e</size>
         <input_file_ref idref="fl-149"/>
      </object_component>
      <object_component id="oc-581">
         <name>.text:CopyPingResultsToReport</name>
         <load_address>0x200087ee</load_address>
         <run_address>0x200087ee</run_address>
         <size>0x3c</size>
         <input_file_ref idref="fl-144"/>
      </object_component>
      <object_component id="oc-274">
         <name>.text:PRCMPeripheralClkEnable</name>
         <load_address>0x2000882c</load_address>
         <run_address>0x2000882c</run_address>
         <size>0x3c</size>
         <input_file_ref idref="fl-13e"/>
      </object_component>
      <object_component id="oc-24">
         <name>.text</name>
         <load_address>0x20008868</load_address>
         <run_address>0x20008868</run_address>
         <size>0x3c</size>
         <input_file_ref idref="fl-12d"/>
      </object_component>
      <object_component id="oc-147">
         <name>.text:sl_Htons</name>
         <load_address>0x200088a4</load_address>
         <run_address>0x200088a4</run_address>
         <size>0x3c</size>
         <input_file_ref idref="fl-147"/>
      </object_component>
      <object_component id="oc-59e">
         <name>.text:uDMAChannelControlSet</name>
         <load_address>0x200088e0</load_address>
         <run_address>0x200088e0</run_address>
         <size>0x3c</size>
         <input_file_ref idref="fl-14d"/>
      </object_component>
      <object_component id="oc-1cf">
         <name>.text:NwpPowerOff</name>
         <load_address>0x2000891c</load_address>
         <run_address>0x2000891c</run_address>
         <size>0x38</size>
         <input_file_ref idref="fl-149"/>
      </object_component>
      <object_component id="oc-306">
         <name>.text:GPIODirModeSet</name>
         <load_address>0x20008954</load_address>
         <run_address>0x20008954</run_address>
         <size>0x36</size>
         <input_file_ref idref="fl-13b"/>
      </object_component>
      <object_component id="oc-fe">
         <name>.text:sl_NetAppMDNSUnRegisterService</name>
         <load_address>0x2000898a</load_address>
         <run_address>0x2000898a</run_address>
         <size>0x36</size>
         <input_file_ref idref="fl-144"/>
      </object_component>
      <object_component id="oc-346">
         <name>.text:PRCMPeripheralStatusGet</name>
         <load_address>0x200089c0</load_address>
         <run_address>0x200089c0</run_address>
         <size>0x34</size>
         <input_file_ref idref="fl-13e"/>
      </object_component>
      <object_component id="oc-35e">
         <name>.text:SPIFIFOLevelSet</name>
         <load_address>0x200089f4</load_address>
         <run_address>0x200089f4</run_address>
         <size>0x34</size>
         <input_file_ref idref="fl-14c"/>
      </object_component>
      <object_component id="oc-300">
         <name>.text:PinTypeGPIO</name>
         <load_address>0x20008a28</load_address>
         <run_address>0x20008a28</run_address>
         <size>0x30</size>
         <input_file_ref idref="fl-13d"/>
      </object_component>
      <object_component id="oc-4c9">
         <name>.text:_SlDrvDeviceEventHandler</name>
         <load_address>0x20008a58</load_address>
         <run_address>0x20008a58</run_address>
         <size>0x30</size>
         <input_file_ref idref="fl-142"/>
      </object_component>
      <object_component id="oc-e3">
         <name>.text:sl_WlanProfileDel</name>
         <load_address>0x20008a88</load_address>
         <run_address>0x20008a88</run_address>
         <size>0x30</size>
         <input_file_ref idref="fl-148"/>
      </object_component>
      <object_component id="oc-cb">
         <name>.text:sl_WlanSetMode</name>
         <load_address>0x20008ab8</load_address>
         <run_address>0x20008ab8</run_address>
         <size>0x30</size>
         <input_file_ref idref="fl-148"/>
      </object_component>
      <object_component id="oc-1db">
         <name>.text:NwpPowerOn</name>
         <load_address>0x20008ae8</load_address>
         <run_address>0x20008ae8</run_address>
         <size>0x2c</size>
         <input_file_ref idref="fl-149"/>
      </object_component>
      <object_component id="oc-286">
         <name>.text:PRCMSysResetCauseGet</name>
         <load_address>0x20008b14</load_address>
         <run_address>0x20008b14</run_address>
         <size>0x2c</size>
         <input_file_ref idref="fl-13e"/>
      </object_component>
      <object_component id="oc-280">
         <name>.text:PRCMPeripheralClkDisable</name>
         <load_address>0x20008b40</load_address>
         <run_address>0x20008b40</run_address>
         <size>0x28</size>
         <input_file_ref idref="fl-13e"/>
      </object_component>
      <object_component id="oc-37c">
         <name>.text:DmaSpiSwIntHandler</name>
         <load_address>0x20008b68</load_address>
         <run_address>0x20008b68</run_address>
         <size>0x24</size>
         <input_file_ref idref="fl-149"/>
      </object_component>
      <object_component id="oc-399">
         <name>.text:IntUnregister</name>
         <load_address>0x20008b8c</load_address>
         <run_address>0x20008b8c</run_address>
         <size>0x24</size>
         <input_file_ref idref="fl-13c"/>
      </object_component>
      <object_component id="oc-2d7">
         <name>.text:_SlDrvProtectionObjLockWaitForever</name>
         <load_address>0x20008bb0</load_address>
         <run_address>0x20008bb0</run_address>
         <size>0x24</size>
         <input_file_ref idref="fl-143"/>
      </object_component>
      <object_component id="oc-334">
         <name>.text:SPIReset</name>
         <load_address>0x20008bd4</load_address>
         <run_address>0x20008bd4</run_address>
         <size>0x22</size>
         <input_file_ref idref="fl-14c"/>
      </object_component>
      <object_component id="oc-517">
         <name>.text:SPIWordCountSet</name>
         <load_address>0x20008bf6</load_address>
         <run_address>0x20008bf6</run_address>
         <size>0x22</size>
         <input_file_ref idref="fl-14c"/>
      </object_component>
      <object_component id="oc-2b5">
         <name>.text:GPIOPinWrite</name>
         <load_address>0x20008c18</load_address>
         <run_address>0x20008c18</run_address>
         <size>0x20</size>
         <input_file_ref idref="fl-13b"/>
      </object_component>
      <object_component id="oc-364">
         <name>.text:IntRegister</name>
         <load_address>0x20008c38</load_address>
         <run_address>0x20008c38</run_address>
         <size>0x20</size>
         <input_file_ref idref="fl-13c"/>
      </object_component>
      <object_component id="oc-2dd">
         <name>.text:_SlDrvProtectionObjUnLock</name>
         <load_address>0x20008c58</load_address>
         <run_address>0x20008c58</run_address>
         <size>0x20</size>
         <input_file_ref idref="fl-143"/>
      </object_component>
      <object_component id="oc-2a3">
         <name>.text:GPIOIntRegister</name>
         <load_address>0x20008c78</load_address>
         <run_address>0x20008c78</run_address>
         <size>0x1e</size>
         <input_file_ref idref="fl-13b"/>
      </object_component>
      <object_component id="oc-3e5">
         <name>.text:_SlDrvObjLockWaitForever</name>
         <load_address>0x20008c96</load_address>
         <run_address>0x20008c96</run_address>
         <size>0x1e</size>
         <input_file_ref idref="fl-143"/>
      </object_component>
      <object_component id="oc-1e1">
         <name>.text:_SlDrvSyncObjWaitForever</name>
         <load_address>0x20008cb4</load_address>
         <run_address>0x20008cb4</run_address>
         <size>0x1e</size>
         <input_file_ref idref="fl-143"/>
      </object_component>
      <object_component id="oc-34c">
         <name>.text:cc_UDMAChannelSelect</name>
         <load_address>0x20008cd2</load_address>
         <run_address>0x20008cd2</run_address>
         <size>0x1e</size>
         <input_file_ref idref="fl-149"/>
      </object_component>
      <object_component id="oc-5b0">
         <name>.text:uDMAChannelEnable</name>
         <load_address>0x20008cf0</load_address>
         <run_address>0x20008cf0</run_address>
         <size>0x1c</size>
         <input_file_ref idref="fl-14d"/>
      </object_component>
      <object_component id="oc-2af">
         <name>.text:GPIOIntEnable</name>
         <load_address>0x20008d0c</load_address>
         <run_address>0x20008d0c</run_address>
         <size>0x1a</size>
         <input_file_ref idref="fl-13b"/>
      </object_component>
      <object_component id="oc-40e">
         <name>.text:SPIDmaDisable</name>
         <load_address>0x20008d26</load_address>
         <run_address>0x20008d26</run_address>
         <size>0x1a</size>
         <input_file_ref idref="fl-14c"/>
      </object_component>
      <object_component id="oc-358">
         <name>.text:SPIDmaEnable</name>
         <load_address>0x20008d40</load_address>
         <run_address>0x20008d40</run_address>
         <size>0x1a</size>
         <input_file_ref idref="fl-14c"/>
      </object_component>
      <object_component id="oc-408">
         <name>.text:SPIFIFODisable</name>
         <load_address>0x20008d5a</load_address>
         <run_address>0x20008d5a</run_address>
         <size>0x1a</size>
         <input_file_ref idref="fl-14c"/>
      </object_component>
      <object_component id="oc-352">
         <name>.text:SPIFIFOEnable</name>
         <load_address>0x20008d74</load_address>
         <run_address>0x20008d74</run_address>
         <size>0x1a</size>
         <input_file_ref idref="fl-14c"/>
      </object_component>
      <object_component id="oc-402">
         <name>.text:SPIIntUnregister</name>
         <load_address>0x20008d8e</load_address>
         <run_address>0x20008d8e</run_address>
         <size>0x1a</size>
         <input_file_ref idref="fl-14c"/>
      </object_component>
      <object_component id="oc-3f7">
         <name>.text:_SlDrvObjUnLock</name>
         <load_address>0x20008da8</load_address>
         <run_address>0x20008da8</run_address>
         <size>0x1a</size>
         <input_file_ref idref="fl-143"/>
      </object_component>
      <object_component id="oc-3b4">
         <name>.text:_SlDrvSyncObjSignal</name>
         <load_address>0x20008dc2</load_address>
         <run_address>0x20008dc2</run_address>
         <size>0x1a</size>
         <input_file_ref idref="fl-143"/>
      </object_component>
      <object_component id="oc-2c1">
         <name>.text:GPIOPinRead</name>
         <load_address>0x20008ddc</load_address>
         <run_address>0x20008ddc</run_address>
         <size>0x18</size>
         <input_file_ref idref="fl-13b"/>
      </object_component>
      <object_component id="oc-328">
         <name>.text:SPICSDisable</name>
         <load_address>0x20008df4</load_address>
         <run_address>0x20008df4</run_address>
         <size>0x18</size>
         <input_file_ref idref="fl-14c"/>
      </object_component>
      <object_component id="oc-511">
         <name>.text:SPICSEnable</name>
         <load_address>0x20008e0c</load_address>
         <run_address>0x20008e0c</run_address>
         <size>0x18</size>
         <input_file_ref idref="fl-14c"/>
      </object_component>
      <object_component id="oc-32e">
         <name>.text:SPIDisable</name>
         <load_address>0x20008e24</load_address>
         <run_address>0x20008e24</run_address>
         <size>0x18</size>
         <input_file_ref idref="fl-14c"/>
      </object_component>
      <object_component id="oc-370">
         <name>.text:SPIEnable</name>
         <load_address>0x20008e3c</load_address>
         <run_address>0x20008e3c</run_address>
         <size>0x18</size>
         <input_file_ref idref="fl-14c"/>
      </object_component>
      <object_component id="oc-318">
         <name>.text:_SlNonOsSemSet</name>
         <load_address>0x20008e54</load_address>
         <run_address>0x20008e54</run_address>
         <size>0x18</size>
         <input_file_ref idref="fl-146"/>
      </object_component>
      <object_component id="oc-1ed">
         <name>.text:_sl_GetStartResponseConvert</name>
         <load_address>0x20008e6c</load_address>
         <run_address>0x20008e6c</run_address>
         <size>0x18</size>
         <input_file_ref idref="fl-142"/>
      </object_component>
      <object_component id="oc-64">
         <name>.text</name>
         <load_address>0x20008e84</load_address>
         <run_address>0x20008e84</run_address>
         <size>0x18</size>
         <input_file_ref idref="fl-138"/>
      </object_component>
      <object_component id="oc-268">
         <name>.text:PRCMHIBRegRead</name>
         <load_address>0x20008e9c</load_address>
         <run_address>0x20008e9c</run_address>
         <size>0x16</size>
         <input_file_ref idref="fl-13e"/>
      </object_component>
      <object_component id="oc-26e">
         <name>.text:PRCMHIBRegWrite</name>
         <load_address>0x20008eb2</load_address>
         <run_address>0x20008eb2</run_address>
         <size>0x16</size>
         <input_file_ref idref="fl-13e"/>
      </object_component>
      <object_component id="oc-28d">
         <name>.text:_SlDrvMemZero</name>
         <load_address>0x20008ec8</load_address>
         <run_address>0x20008ec8</run_address>
         <size>0x16</size>
         <input_file_ref idref="fl-143"/>
      </object_component>
      <object_component id="oc-25d">
         <name>.text:CPUcpsie</name>
         <load_address>0x20008ede</load_address>
         <run_address>0x20008ede</run_address>
         <size>0x14</size>
         <input_file_ref idref="fl-140"/>
      </object_component>
      <object_component id="oc-2a9">
         <name>.text:GPIOIntClear</name>
         <load_address>0x20008ef2</load_address>
         <run_address>0x20008ef2</run_address>
         <size>0x14</size>
         <input_file_ref idref="fl-13b"/>
      </object_component>
      <object_component id="oc-10a">
         <name>.text:IntVTableBaseSet</name>
         <load_address>0x20008f08</load_address>
         <run_address>0x20008f08</run_address>
         <size>0x14</size>
         <input_file_ref idref="fl-13c"/>
      </object_component>
      <object_component id="oc-18a">
         <name>.text</name>
         <load_address>0x20008f1c</load_address>
         <run_address>0x20008f1c</run_address>
         <size>0x14</size>
         <input_file_ref idref="fl-137"/>
      </object_component>
      <object_component id="oc-13b">
         <name>.text</name>
         <load_address>0x20008f30</load_address>
         <run_address>0x20008f30</run_address>
         <size>0x14</size>
         <input_file_ref idref="fl-136"/>
      </object_component>
      <object_component id="oc-230">
         <name>.text:_SlDrvResetCmdExt</name>
         <load_address>0x20008f44</load_address>
         <run_address>0x20008f44</run_address>
         <size>0xe</size>
         <input_file_ref idref="fl-143"/>
      </object_component>
      <object_component id="oc-12">
         <name>.text:decompress:none</name>
         <load_address>0x20008f52</load_address>
         <run_address>0x20008f52</run_address>
         <size>0xe</size>
         <input_file_ref idref="fl-12e"/>
      </object_component>
      <object_component id="oc-2a">
         <name>.text</name>
         <load_address>0x20008f60</load_address>
         <run_address>0x20008f60</run_address>
         <size>0xe</size>
         <input_file_ref idref="fl-5"/>
      </object_component>
      <object_component id="oc-38c">
         <name>.text:NwpMaskInterrupt</name>
         <load_address>0x20008f70</load_address>
         <run_address>0x20008f70</run_address>
         <size>0xc</size>
         <input_file_ref idref="fl-149"/>
      </object_component>
      <object_component id="oc-3a6">
         <name>.text:NwpUnMaskInterrupt</name>
         <load_address>0x20008f7c</load_address>
         <run_address>0x20008f7c</run_address>
         <size>0xc</size>
         <input_file_ref idref="fl-149"/>
      </object_component>
      <object_component id="oc-1e">
         <name>.text:decompress:ZI</name>
         <load_address>0x20008f88</load_address>
         <run_address>0x20008f88</run_address>
         <size>0xc</size>
         <input_file_ref idref="fl-130"/>
      </object_component>
      <object_component id="oc-e9">
         <name>.text:sl_WlanDisconnect</name>
         <load_address>0x20008f94</load_address>
         <run_address>0x20008f94</run_address>
         <size>0xc</size>
         <input_file_ref idref="fl-148"/>
      </object_component>
      <object_component id="oc-110">
         <name>.text:IntMasterEnable</name>
         <load_address>0x20008fa0</load_address>
         <run_address>0x20008fa0</run_address>
         <size>0xa</size>
         <input_file_ref idref="fl-13c"/>
      </object_component>
      <object_component id="oc-12e">
         <name>.text:UtilsDelay</name>
         <load_address>0x20008faa</load_address>
         <run_address>0x20008faa</run_address>
         <size>0x6</size>
         <input_file_ref idref="fl-13f"/>
      </object_component>
      <object_component id="oc-18">
         <name>.text:decompress:rle24</name>
         <load_address>0x20008fb0</load_address>
         <run_address>0x20008fb0</run_address>
         <size>0x6</size>
         <input_file_ref idref="fl-12f"/>
      </object_component>
      <object_component id="oc-58">
         <name>.text</name>
         <load_address>0x20008fb6</load_address>
         <run_address>0x20008fb6</run_address>
         <size>0x4</size>
         <input_file_ref idref="fl-134"/>
      </object_component>
      <object_component id="oc-4e1">
         <name>.const:g_ulPinToPadMap</name>
         <load_address>0x20008fbc</load_address>
         <run_address>0x20008fbc</run_address>
         <size>0x100</size>
         <input_file_ref idref="fl-13d"/>
      </object_component>
      <object_component id="oc-436">
         <name>.const:g_pulRegs</name>
         <load_address>0x200090bc</load_address>
         <run_address>0x200090bc</run_address>
         <size>0xd4</size>
         <input_file_ref idref="fl-13c"/>
      </object_component>
      <object_component id="oc-293">
         <name>.const:$P$T0$1</name>
         <load_address>0x20009190</load_address>
         <run_address>0x20009190</run_address>
         <size>0xb0</size>
         <input_file_ref idref="fl-148"/>
      </object_component>
      <object_component id="oc-42a">
         <name>.const:PRCM_PeriphRegsList</name>
         <load_address>0x20009240</load_address>
         <run_address>0x20009240</run_address>
         <size>0xa8</size>
         <input_file_ref idref="fl-13e"/>
      </object_component>
      <object_component id="oc-264">
         <name>.const</name>
         <load_address>0x200092e8</load_address>
         <run_address>0x200092e8</run_address>
         <size>0x80</size>
         <input_file_ref idref="fl-13c"/>
      </object_component>
      <object_component id="oc-507">
         <name>.const:OpcodeTranslateTable</name>
         <load_address>0x20009368</load_address>
         <run_address>0x20009368</run_address>
         <size>0x3c</size>
         <input_file_ref idref="fl-143"/>
      </object_component>
      <object_component id="oc-211">
         <name>.const</name>
         <load_address>0x200093a4</load_address>
         <run_address>0x200093a4</run_address>
         <size>0x3c</size>
         <input_file_ref idref="fl-148"/>
      </object_component>
      <object_component id="oc-556">
         <name>.const:_SlActionLookupTable</name>
         <load_address>0x200093e0</load_address>
         <run_address>0x200093e0</run_address>
         <size>0x38</size>
         <input_file_ref idref="fl-143"/>
      </object_component>
      <object_component id="oc-419">
         <name>.const</name>
         <load_address>0x20009418</load_address>
         <run_address>0x20009418</run_address>
         <size>0x34</size>
         <input_file_ref idref="fl-143"/>
      </object_component>
      <object_component id="oc-2ef">
         <name>.const</name>
         <load_address>0x2000944c</load_address>
         <run_address>0x2000944c</run_address>
         <size>0x34</size>
         <input_file_ref idref="fl-147"/>
      </object_component>
      <object_component id="oc-12f">
         <name>.const:$P$T0$1</name>
         <load_address>0x20009480</load_address>
         <run_address>0x20009480</run_address>
         <size>0x2c</size>
         <input_file_ref idref="fl-3"/>
      </object_component>
      <object_component id="oc-2e3">
         <name>.const</name>
         <load_address>0x200094ac</load_address>
         <run_address>0x200094ac</run_address>
         <size>0x28</size>
         <input_file_ref idref="fl-144"/>
      </object_component>
      <object_component id="oc-524">
         <name>.const:g_ppulSPIIntMap</name>
         <load_address>0x200094d4</load_address>
         <run_address>0x200094d4</run_address>
         <size>0x24</size>
         <input_file_ref idref="fl-14c"/>
      </object_component>
      <object_component id="oc-132">
         <name>.const</name>
         <load_address>0x200094f8</load_address>
         <run_address>0x200094f8</run_address>
         <size>0x20</size>
         <input_file_ref idref="fl-3"/>
      </object_component>
      <object_component id="oc-4e8">
         <name>.const</name>
         <load_address>0x20009518</load_address>
         <run_address>0x20009518</run_address>
         <size>0x18</size>
         <input_file_ref idref="fl-14c"/>
      </object_component>
      <object_component id="oc-227">
         <name>.const</name>
         <load_address>0x20009530</load_address>
         <run_address>0x20009530</run_address>
         <size>0x14</size>
         <input_file_ref idref="fl-142"/>
      </object_component>
      <object_component id="oc-250">
         <name>.const:.string</name>
         <load_address>0x20009544</load_address>
         <run_address>0x20009544</run_address>
         <size>0x10</size>
         <input_file_ref idref="fl-3"/>
      </object_component>
      <object_component id="oc-3bb">
         <name>.const:.string</name>
         <load_address>0x20009554</load_address>
         <run_address>0x20009554</run_address>
         <size>0x8</size>
         <input_file_ref idref="fl-142"/>
      </object_component>
      <object_component id="oc-245">
         <name>.const</name>
         <load_address>0x2000955c</load_address>
         <run_address>0x2000955c</run_address>
         <size>0x8</size>
         <input_file_ref idref="fl-145"/>
      </object_component>
      <object_component id="oc-5f4">
         <name>.cinit..data.load</name>
         <load_address>0x20009568</load_address>
         <run_address>0x20009568</run_address>
         <size>0x2f</size>
      </object_component>
      <object_component id="oc-5f2">
         <name>__TI_handler_table</name>
         <load_address>0x20009598</load_address>
         <run_address>0x20009598</run_address>
         <size>0xc</size>
      </object_component>
      <object_component id="oc-5f5">
         <name>.cinit..bss.load</name>
         <load_address>0x200095a8</load_address>
         <run_address>0x200095a8</run_address>
         <size>0x8</size>
      </object_component>
      <object_component id="oc-5f3">
         <name>__TI_cinit_table</name>
         <load_address>0x200095b0</load_address>
         <run_address>0x200095b0</run_address>
         <size>0x10</size>
      </object_component>
      <object_component id="oc-29">
         <name>.stack</name>
         <uninitialized>true</uninitialized>
         <run_address>0x2002f000</run_address>
         <size>0x0</size>
         <input_file_ref idref="fl-12d"/>
      </object_component>
      <object_component id="oc-5f6">
         <name>.stack</name>
         <uninitialized>true</uninitialized>
         <run_address>0x2002f000</run_address>
         <size>0x0</size>
      </object_component>
      <object_component id="oc-b9">
         <name>.bss:g_ucConnectionSSID</name>
         <uninitialized>true</uninitialized>
         <run_address>0x2001720c</run_address>
         <size>0x24</size>
         <input_file_ref idref="fl-3"/>
      </object_component>
      <object_component id="oc-16b">
         <name>.bss:g_time</name>
         <uninitialized>true</uninitialized>
         <run_address>0x200171b8</run_address>
         <size>0x2c</size>
         <input_file_ref idref="fl-3"/>
      </object_component>
      <object_component id="oc-324">
         <name>.bss:g_StatMem</name>
         <uninitialized>true</uninitialized>
         <run_address>0x20017000</run_address>
         <size>0x168</size>
         <input_file_ref idref="fl-143"/>
      </object_component>
      <object_component id="oc-203">
         <name>.bss:g__SlNonOsCB</name>
         <uninitialized>true</uninitialized>
         <run_address>0x200171e4</run_address>
         <size>0x28</size>
         <input_file_ref idref="fl-146"/>
      </object_component>
      <object_component id="oc-379">
         <name>.bss:g_ucDinDout</name>
         <uninitialized>true</uninitialized>
         <run_address>0x20017168</run_address>
         <size>0x50</size>
         <input_file_ref idref="fl-149"/>
      </object_component>
      <object_component id="oc-2be">
         <name>.common:g_ucLED1Pin</name>
         <uninitialized>true</uninitialized>
         <run_address>0x2001723a</run_address>
         <size>0x1</size>
      </object_component>
      <object_component id="oc-2c7">
         <name>.common:g_ucLED2Pin</name>
         <uninitialized>true</uninitialized>
         <run_address>0x2001723b</run_address>
         <size>0x1</size>
      </object_component>
      <object_component id="oc-2c8">
         <name>.common:g_ucLED3Pin</name>
         <uninitialized>true</uninitialized>
         <run_address>0x2001723c</run_address>
         <size>0x1</size>
      </object_component>
      <object_component id="oc-bc">
         <name>.common:g_ucConnectionBSSID</name>
         <uninitialized>true</uninitialized>
         <run_address>0x20017230</run_address>
         <size>0x8</size>
      </object_component>
      <object_component id="oc-206">
         <name>.common:RxIrqCnt</name>
         <uninitialized>true</uninitialized>
         <run_address>0x20017238</run_address>
         <size>0x1</size>
      </object_component>
      <object_component id="oc-382">
         <name>.common:g_cDummy</name>
         <uninitialized>true</uninitialized>
         <run_address>0x20017239</run_address>
         <size>0x1</size>
      </object_component>
      <object_component id="oc-2bb">
         <name>.data</name>
         <load_address>0x20017240</load_address>
         <run_address>0x20017240</run_address>
         <size>0x20</size>
         <input_file_ref idref="fl-2"/>
      </object_component>
      <object_component id="oc-fb">
         <name>.data</name>
         <load_address>0x20017260</load_address>
         <run_address>0x20017260</run_address>
         <size>0x10</size>
         <input_file_ref idref="fl-3"/>
      </object_component>
      <object_component id="oc-a3">
         <name>.data</name>
         <load_address>0x20017290</load_address>
         <run_address>0x20017290</run_address>
         <size>0x8</size>
         <input_file_ref idref="fl-131"/>
      </object_component>
      <object_component id="oc-70">
         <name>.data</name>
         <load_address>0x20017298</load_address>
         <run_address>0x20017298</run_address>
         <size>0x4</size>
         <input_file_ref idref="fl-135"/>
      </object_component>
      <object_component id="oc-a0">
         <name>.data</name>
         <load_address>0x20017288</load_address>
         <run_address>0x20017288</run_address>
         <size>0x8</size>
         <input_file_ref idref="fl-137"/>
      </object_component>
      <object_component id="oc-1f3">
         <name>.data</name>
         <load_address>0x2001727c</load_address>
         <run_address>0x2001727c</run_address>
         <size>0x9</size>
         <input_file_ref idref="fl-143"/>
      </object_component>
      <object_component id="oc-376">
         <name>.data</name>
         <load_address>0x20017270</load_address>
         <run_address>0x20017270</run_address>
         <size>0x9</size>
         <input_file_ref idref="fl-149"/>
      </object_component>
      <object_component id="oc-2bf">
         <name>.debug_info</name>
         <load_address>0x0</load_address>
         <run_address>0x0</run_address>
         <size>0x2dd</size>
         <input_file_ref idref="fl-2"/>
      </object_component>
      <object_component id="oc-2bc">
         <name>.debug_info</name>
         <load_address>0x2dd</load_address>
         <run_address>0x2dd</run_address>
         <size>0x16a</size>
         <input_file_ref idref="fl-2"/>
      </object_component>
      <object_component id="oc-129">
         <name>.debug_info</name>
         <load_address>0x447</load_address>
         <run_address>0x447</run_address>
         <size>0xef4</size>
         <input_file_ref idref="fl-2"/>
      </object_component>
      <object_component id="oc-4d7">
         <name>.debug_info</name>
         <load_address>0x133b</load_address>
         <run_address>0x133b</run_address>
         <size>0x62</size>
         <input_file_ref idref="fl-2"/>
      </object_component>
      <object_component id="oc-77">
         <name>.debug_info</name>
         <load_address>0x139d</load_address>
         <run_address>0x139d</run_address>
         <size>0x84</size>
         <input_file_ref idref="fl-2"/>
      </object_component>
      <object_component id="oc-1ad">
         <name>.debug_info</name>
         <load_address>0x1421</load_address>
         <run_address>0x1421</run_address>
         <size>0x2c</size>
         <input_file_ref idref="fl-2"/>
      </object_component>
      <object_component id="oc-bd">
         <name>.debug_info</name>
         <load_address>0x144d</load_address>
         <run_address>0x144d</run_address>
         <size>0xaed</size>
         <input_file_ref idref="fl-3"/>
      </object_component>
      <object_component id="oc-fc">
         <name>.debug_info</name>
         <load_address>0x1f3a</load_address>
         <run_address>0x1f3a</run_address>
         <size>0x149</size>
         <input_file_ref idref="fl-3"/>
      </object_component>
      <object_component id="oc-ba">
         <name>.debug_info</name>
         <load_address>0x2083</load_address>
         <run_address>0x2083</run_address>
         <size>0xda</size>
         <input_file_ref idref="fl-3"/>
      </object_component>
      <object_component id="oc-16c">
         <name>.debug_info</name>
         <load_address>0x215d</load_address>
         <run_address>0x215d</run_address>
         <size>0xc2</size>
         <input_file_ref idref="fl-3"/>
      </object_component>
      <object_component id="oc-130">
         <name>.debug_info</name>
         <load_address>0x221f</load_address>
         <run_address>0x221f</run_address>
         <size>0xc4</size>
         <input_file_ref idref="fl-3"/>
      </object_component>
      <object_component id="oc-133">
         <name>.debug_info</name>
         <load_address>0x22e3</load_address>
         <run_address>0x22e3</run_address>
         <size>0xe3</size>
         <input_file_ref idref="fl-3"/>
      </object_component>
      <object_component id="oc-99">
         <name>.debug_info</name>
         <load_address>0x23c6</load_address>
         <run_address>0x23c6</run_address>
         <size>0xdc1</size>
         <input_file_ref idref="fl-3"/>
      </object_component>
      <object_component id="oc-16f">
         <name>.debug_info</name>
         <load_address>0x3187</load_address>
         <run_address>0x3187</run_address>
         <size>0x370</size>
         <input_file_ref idref="fl-3"/>
      </object_component>
      <object_component id="oc-1a8">
         <name>.debug_info</name>
         <load_address>0x34f7</load_address>
         <run_address>0x34f7</run_address>
         <size>0xe6</size>
         <input_file_ref idref="fl-3"/>
      </object_component>
      <object_component id="oc-17e">
         <name>.debug_info</name>
         <load_address>0x35dd</load_address>
         <run_address>0x35dd</run_address>
         <size>0x87f</size>
         <input_file_ref idref="fl-3"/>
      </object_component>
      <object_component id="oc-1a3">
         <name>.debug_info</name>
         <load_address>0x3e5c</load_address>
         <run_address>0x3e5c</run_address>
         <size>0x611</size>
         <input_file_ref idref="fl-3"/>
      </object_component>
      <object_component id="oc-179">
         <name>.debug_info</name>
         <load_address>0x446d</load_address>
         <run_address>0x446d</run_address>
         <size>0x92b</size>
         <input_file_ref idref="fl-3"/>
      </object_component>
      <object_component id="oc-30f">
         <name>.debug_info</name>
         <load_address>0x4d98</load_address>
         <run_address>0x4d98</run_address>
         <size>0x137</size>
         <input_file_ref idref="fl-3"/>
      </object_component>
      <object_component id="oc-174">
         <name>.debug_info</name>
         <load_address>0x4ecf</load_address>
         <run_address>0x4ecf</run_address>
         <size>0x6c8</size>
         <input_file_ref idref="fl-3"/>
      </object_component>
      <object_component id="oc-386">
         <name>.debug_info</name>
         <load_address>0x5597</load_address>
         <run_address>0x5597</run_address>
         <size>0x39</size>
         <input_file_ref idref="fl-3"/>
      </object_component>
      <object_component id="oc-1b2">
         <name>.debug_info</name>
         <load_address>0x55d0</load_address>
         <run_address>0x55d0</run_address>
         <size>0x46</size>
         <input_file_ref idref="fl-3"/>
      </object_component>
      <object_component id="oc-87">
         <name>.debug_info</name>
         <load_address>0x5616</load_address>
         <run_address>0x5616</run_address>
         <size>0x2c</size>
         <input_file_ref idref="fl-3"/>
      </object_component>
      <object_component id="oc-166">
         <name>.debug_info</name>
         <load_address>0x5642</load_address>
         <run_address>0x5642</run_address>
         <size>0x188</size>
         <input_file_ref idref="fl-4"/>
      </object_component>
      <object_component id="oc-32">
         <name>.debug_info</name>
         <load_address>0x57ca</load_address>
         <run_address>0x57ca</run_address>
         <size>0x11d</size>
         <input_file_ref idref="fl-5"/>
      </object_component>
      <object_component id="oc-10">
         <name>.debug_info</name>
         <load_address>0x58e7</load_address>
         <run_address>0x58e7</run_address>
         <size>0x102</size>
         <input_file_ref idref="fl-5"/>
      </object_component>
      <object_component id="oc-2b">
         <name>.debug_info</name>
         <load_address>0x59e9</load_address>
         <run_address>0x59e9</run_address>
         <size>0x423</size>
         <input_file_ref idref="fl-5"/>
      </object_component>
      <object_component id="oc-27">
         <name>.debug_info</name>
         <load_address>0x5e0c</load_address>
         <run_address>0x5e0c</run_address>
         <size>0x11e</size>
         <input_file_ref idref="fl-12d"/>
      </object_component>
      <object_component id="oc-3e">
         <name>.debug_info</name>
         <load_address>0x5f2a</load_address>
         <run_address>0x5f2a</run_address>
         <size>0x109</size>
         <input_file_ref idref="fl-12e"/>
      </object_component>
      <object_component id="oc-13">
         <name>.debug_info</name>
         <load_address>0x6033</load_address>
         <run_address>0x6033</run_address>
         <size>0x1a8</size>
         <input_file_ref idref="fl-12e"/>
      </object_component>
      <object_component id="oc-39">
         <name>.debug_info</name>
         <load_address>0x61db</load_address>
         <run_address>0x61db</run_address>
         <size>0x46</size>
         <input_file_ref idref="fl-12e"/>
      </object_component>
      <object_component id="oc-7d">
         <name>.debug_info</name>
         <load_address>0x6221</load_address>
         <run_address>0x6221</run_address>
         <size>0x2c</size>
         <input_file_ref idref="fl-12e"/>
      </object_component>
      <object_component id="oc-46">
         <name>.debug_info</name>
         <load_address>0x624d</load_address>
         <run_address>0x624d</run_address>
         <size>0xfd</size>
         <input_file_ref idref="fl-12f"/>
      </object_component>
      <object_component id="oc-42">
         <name>.debug_info</name>
         <load_address>0x634a</load_address>
         <run_address>0x634a</run_address>
         <size>0x210</size>
         <input_file_ref idref="fl-12f"/>
      </object_component>
      <object_component id="oc-1a">
         <name>.debug_info</name>
         <load_address>0x655a</load_address>
         <run_address>0x655a</run_address>
         <size>0x1a2</size>
         <input_file_ref idref="fl-12f"/>
      </object_component>
      <object_component id="oc-47">
         <name>.debug_info</name>
         <load_address>0x66fc</load_address>
         <run_address>0x66fc</run_address>
         <size>0x39</size>
         <input_file_ref idref="fl-12f"/>
      </object_component>
      <object_component id="oc-57">
         <name>.debug_info</name>
         <load_address>0x6735</load_address>
         <run_address>0x6735</run_address>
         <size>0xf8</size>
         <input_file_ref idref="fl-130"/>
      </object_component>
      <object_component id="oc-1f">
         <name>.debug_info</name>
         <load_address>0x682d</load_address>
         <run_address>0x682d</run_address>
         <size>0x173</size>
         <input_file_ref idref="fl-130"/>
      </object_component>
      <object_component id="oc-52">
         <name>.debug_info</name>
         <load_address>0x69a0</load_address>
         <run_address>0x69a0</run_address>
         <size>0x46</size>
         <input_file_ref idref="fl-130"/>
      </object_component>
      <object_component id="oc-a7">
         <name>.debug_info</name>
         <load_address>0x69e6</load_address>
         <run_address>0x69e6</run_address>
         <size>0x15a</size>
         <input_file_ref idref="fl-131"/>
      </object_component>
      <object_component id="oc-a4">
         <name>.debug_info</name>
         <load_address>0x6b40</load_address>
         <run_address>0x6b40</run_address>
         <size>0xff</size>
         <input_file_ref idref="fl-131"/>
      </object_component>
      <object_component id="oc-6c">
         <name>.debug_info</name>
         <load_address>0x6c3f</load_address>
         <run_address>0x6c3f</run_address>
         <size>0x1d6</size>
         <input_file_ref idref="fl-131"/>
      </object_component>
      <object_component id="oc-34">
         <name>.debug_info</name>
         <load_address>0x6e15</load_address>
         <run_address>0x6e15</run_address>
         <size>0xe0</size>
         <input_file_ref idref="fl-132"/>
      </object_component>
      <object_component id="oc-4d">
         <name>.debug_info</name>
         <load_address>0x6ef5</load_address>
         <run_address>0x6ef5</run_address>
         <size>0x110</size>
         <input_file_ref idref="fl-133"/>
      </object_component>
      <object_component id="oc-5a">
         <name>.debug_info</name>
         <load_address>0x7005</load_address>
         <run_address>0x7005</run_address>
         <size>0x111</size>
         <input_file_ref idref="fl-134"/>
      </object_component>
      <object_component id="oc-71">
         <name>.debug_info</name>
         <load_address>0x7116</load_address>
         <run_address>0x7116</run_address>
         <size>0xd2</size>
         <input_file_ref idref="fl-135"/>
      </object_component>
      <object_component id="oc-2d0">
         <name>.debug_info</name>
         <load_address>0x71e8</load_address>
         <run_address>0x71e8</run_address>
         <size>0xb3</size>
         <input_file_ref idref="fl-136"/>
      </object_component>
      <object_component id="oc-13c">
         <name>.debug_info</name>
         <load_address>0x729b</load_address>
         <run_address>0x729b</run_address>
         <size>0x193</size>
         <input_file_ref idref="fl-136"/>
      </object_component>
      <object_component id="oc-192">
         <name>.debug_info</name>
         <load_address>0x742e</load_address>
         <run_address>0x742e</run_address>
         <size>0xed</size>
         <input_file_ref idref="fl-137"/>
      </object_component>
      <object_component id="oc-a1">
         <name>.debug_info</name>
         <load_address>0x751b</load_address>
         <run_address>0x751b</run_address>
         <size>0xdc</size>
         <input_file_ref idref="fl-137"/>
      </object_component>
      <object_component id="oc-18c">
         <name>.debug_info</name>
         <load_address>0x75f7</load_address>
         <run_address>0x75f7</run_address>
         <size>0x1e8</size>
         <input_file_ref idref="fl-137"/>
      </object_component>
      <object_component id="oc-9f">
         <name>.debug_info</name>
         <load_address>0x77df</load_address>
         <run_address>0x77df</run_address>
         <size>0x12f</size>
         <input_file_ref idref="fl-138"/>
      </object_component>
      <object_component id="oc-65">
         <name>.debug_info</name>
         <load_address>0x790e</load_address>
         <run_address>0x790e</run_address>
         <size>0x130</size>
         <input_file_ref idref="fl-138"/>
      </object_component>
      <object_component id="oc-185">
         <name>.debug_info</name>
         <load_address>0x7a3e</load_address>
         <run_address>0x7a3e</run_address>
         <size>0x5e</size>
         <input_file_ref idref="fl-138"/>
      </object_component>
      <object_component id="oc-97">
         <name>.debug_info</name>
         <load_address>0x7a9c</load_address>
         <run_address>0x7a9c</run_address>
         <size>0x286</size>
         <input_file_ref idref="fl-139"/>
      </object_component>
      <object_component id="oc-5f">
         <name>.debug_info</name>
         <load_address>0x7d22</load_address>
         <run_address>0x7d22</run_address>
         <size>0x140</size>
         <input_file_ref idref="fl-139"/>
      </object_component>
      <object_component id="oc-af">
         <name>.debug_info</name>
         <load_address>0x7e62</load_address>
         <run_address>0x7e62</run_address>
         <size>0x39</size>
         <input_file_ref idref="fl-139"/>
      </object_component>
      <object_component id="oc-b4">
         <name>.debug_info</name>
         <load_address>0x7e9b</load_address>
         <run_address>0x7e9b</run_address>
         <size>0xcd</size>
         <input_file_ref idref="fl-139"/>
      </object_component>
      <object_component id="oc-ac">
         <name>.debug_info</name>
         <load_address>0x7f68</load_address>
         <run_address>0x7f68</run_address>
         <size>0x1a9</size>
         <input_file_ref idref="fl-13a"/>
      </object_component>
      <object_component id="oc-91">
         <name>.debug_info</name>
         <load_address>0x8111</load_address>
         <run_address>0x8111</run_address>
         <size>0x165</size>
         <input_file_ref idref="fl-13a"/>
      </object_component>
      <object_component id="oc-19a">
         <name>.debug_info</name>
         <load_address>0x8276</load_address>
         <run_address>0x8276</run_address>
         <size>0x2c</size>
         <input_file_ref idref="fl-13a"/>
      </object_component>
      <object_component id="oc-441">
         <name>.debug_info</name>
         <load_address>0x82a2</load_address>
         <run_address>0x82a2</run_address>
         <size>0x19a</size>
         <input_file_ref idref="fl-13b"/>
      </object_component>
      <object_component id="oc-43b">
         <name>.debug_info</name>
         <load_address>0x843c</load_address>
         <run_address>0x843c</run_address>
         <size>0x1ea</size>
         <input_file_ref idref="fl-13b"/>
      </object_component>
      <object_component id="oc-307">
         <name>.debug_info</name>
         <load_address>0x8626</load_address>
         <run_address>0x8626</run_address>
         <size>0x229</size>
         <input_file_ref idref="fl-13b"/>
      </object_component>
      <object_component id="oc-298">
         <name>.debug_info</name>
         <load_address>0x884f</load_address>
         <run_address>0x884f</run_address>
         <size>0x234</size>
         <input_file_ref idref="fl-13b"/>
      </object_component>
      <object_component id="oc-2b0">
         <name>.debug_info</name>
         <load_address>0x8a83</load_address>
         <run_address>0x8a83</run_address>
         <size>0x20b</size>
         <input_file_ref idref="fl-13b"/>
      </object_component>
      <object_component id="oc-2aa">
         <name>.debug_info</name>
         <load_address>0x8c8e</load_address>
         <run_address>0x8c8e</run_address>
         <size>0x209</size>
         <input_file_ref idref="fl-13b"/>
      </object_component>
      <object_component id="oc-2a4">
         <name>.debug_info</name>
         <load_address>0x8e97</load_address>
         <run_address>0x8e97</run_address>
         <size>0x254</size>
         <input_file_ref idref="fl-13b"/>
      </object_component>
      <object_component id="oc-2c2">
         <name>.debug_info</name>
         <load_address>0x90eb</load_address>
         <run_address>0x90eb</run_address>
         <size>0x1fb</size>
         <input_file_ref idref="fl-13b"/>
      </object_component>
      <object_component id="oc-2b6">
         <name>.debug_info</name>
         <load_address>0x92e6</load_address>
         <run_address>0x92e6</run_address>
         <size>0x220</size>
         <input_file_ref idref="fl-13b"/>
      </object_component>
      <object_component id="oc-427">
         <name>.debug_info</name>
         <load_address>0x9506</load_address>
         <run_address>0x9506</run_address>
         <size>0x1bb</size>
         <input_file_ref idref="fl-13c"/>
      </object_component>
      <object_component id="oc-265">
         <name>.debug_info</name>
         <load_address>0x96c1</load_address>
         <run_address>0x96c1</run_address>
         <size>0x1be</size>
         <input_file_ref idref="fl-13c"/>
      </object_component>
      <object_component id="oc-437">
[...]
      </symbol>
      <symbol id="sm-76b">
         <name>_SlDrvClassifyRxMsg</name>
         <value>0x200068ad</value>
         <object_component_ref idref="oc-4f4"/>
      </symbol>
      <symbol id="sm-76c">
         <name>_SlDrvCmdOp</name>
         <value>0x20007779</value>
         <object_component_ref idref="oc-20b"/>
      </symbol>
      <symbol id="sm-76d">
         <name>_SlDrvMsgReadCmdCtx</name>
         <value>0x20006b21</value>
         <object_component_ref idref="oc-3f1"/>
      </symbol>
      <symbol id="sm-76e">
         <name>RxMsgClassLUT</name>
         <value>0x20009428</value>
         <object_component_ref idref="oc-419"/>
      </symbol>
      <symbol id="sm-76f">
         <name>g_StatMem</name>
         <value>0x20017000</value>
         <object_component_ref idref="oc-324"/>
      </symbol>
      <symbol id="sm-770">
         <name>_SlFindAndSetActiveObj</name>
         <value>0x20005ed9</value>
         <object_component_ref idref="oc-500"/>
      </symbol>
      <symbol id="sm-771">
         <name>_SlDrvMemZero</name>
         <value>0x20008ec9</value>
         <object_component_ref idref="oc-28d"/>
      </symbol>
      <symbol id="sm-772">
         <name>_SlDrvWaitForPoolObj</name>
         <value>0x20005bc1</value>
         <object_component_ref idref="oc-2d1"/>
      </symbol>
      <symbol id="sm-773">
         <name>_SlDrvSyncObjSignal</name>
         <value>0x20008dc3</value>
         <object_component_ref idref="oc-3b4"/>
      </symbol>
      <symbol id="sm-774">
         <name>g_H2NCnysPattern</name>
         <value>0x20009420</value>
         <object_component_ref idref="oc-419"/>
      </symbol>
      <symbol id="sm-775">
         <name>_SlDrvMsgWrite</name>
         <value>0x200059f5</value>
         <object_component_ref idref="oc-3eb"/>
      </symbol>
      <symbol id="sm-776">
         <name>_SlDrvRxIrqHandler</name>
         <value>0x20008419</value>
         <object_component_ref idref="oc-1f6"/>
      </symbol>
      <symbol id="sm-777">
         <name>_SlDrvMsgRead</name>
         <value>0x20004a11</value>
         <object_component_ref idref="oc-4a9"/>
      </symbol>
      <symbol id="sm-778">
         <name>_SlDrvSyncObjWaitForever</name>
         <value>0x20008cb5</value>
         <object_component_ref idref="oc-1e1"/>
      </symbol>
      <symbol id="sm-779">
         <name>g_H2NSyncPattern</name>
         <value>0x20009418</value>
         <object_component_ref idref="oc-419"/>
      </symbol>
      <symbol id="sm-77a">
         <name>_SlDrvCmdSend</name>
         <value>0x20007b51</value>
         <object_component_ref idref="oc-5b9"/>
      </symbol>
      <symbol id="sm-77b">
         <name>_SlActionLookupTable</name>
         <value>0x200093e0</value>
         <object_component_ref idref="oc-556"/>
      </symbol>
      <symbol id="sm-80d">
         <name>sl_NetAppMDNSUnRegisterService</name>
         <value>0x2000898b</value>
         <object_component_ref idref="oc-fe"/>
      </symbol>
      <symbol id="sm-80e">
         <name>_SlNetAppSendTokenValueCmdCtrl</name>
         <value>0x200094c8</value>
         <object_component_ref idref="oc-2e3"/>
      </symbol>
      <symbol id="sm-80f">
         <name>_SlGetServiceListeCtrl</name>
         <value>0x200094b4</value>
         <object_component_ref idref="oc-2e3"/>
      </symbol>
      <symbol id="sm-810">
         <name>_SlNetAppStopCtrl</name>
         <value>0x200094b0</value>
         <object_component_ref idref="oc-2e3"/>
      </symbol>
      <symbol id="sm-811">
         <name>_SlNetAppSetCmdCtrl</name>
         <value>0x200094c4</value>
         <object_component_ref idref="oc-2e3"/>
      </symbol>
      <symbol id="sm-812">
         <name>_SlNetAppGetCmdCtrl</name>
         <value>0x200094cc</value>
         <object_component_ref idref="oc-2e3"/>
      </symbol>
      <symbol id="sm-813">
         <name>sl_NetAppDnsGetHostByName</name>
         <value>0x200063c9</value>
         <object_component_ref idref="oc-141"/>
      </symbol>
      <symbol id="sm-814">
         <name>_sl_HandleAsync_DnsGetHostByName</name>
         <value>0x200074d1</value>
         <object_component_ref idref="oc-56e"/>
      </symbol>
      <symbol id="sm-815">
         <name>_SlRegisterServiceCtrl</name>
         <value>0x200094b8</value>
         <object_component_ref idref="oc-2e3"/>
      </symbol>
      <symbol id="sm-816">
         <name>_sl_HandleAsync_PingResponse</name>
         <value>0x2000755d</value>
         <object_component_ref idref="oc-542"/>
      </symbol>
      <symbol id="sm-817">
         <name>_SlNetAppStartCtrl</name>
         <value>0x200094ac</value>
         <object_component_ref idref="oc-2e3"/>
      </symbol>
      <symbol id="sm-818">
         <name>_SlDrvNetAppEventHandler</name>
         <value>0x200065cd</value>
         <object_component_ref idref="oc-53c"/>
      </symbol>
      <symbol id="sm-819">
         <name>_sl_HandleAsync_DnsGetHostByService</name>
         <value>0x20006a59</value>
         <object_component_ref idref="oc-574"/>
      </symbol>
      <symbol id="sm-81a">
         <name>_sl_NetAppSendTokenValue</name>
         <value>0x20007c95</value>
         <object_component_ref idref="oc-57a"/>
      </symbol>
      <symbol id="sm-81b">
         <name>CopyPingResultsToReport</name>
         <value>0x200087ef</value>
         <object_component_ref idref="oc-581"/>
      </symbol>
      <symbol id="sm-81c">
         <name>_SlGetHostByNameCtrl</name>
         <value>0x200094c0</value>
         <object_component_ref idref="oc-2e3"/>
      </symbol>
      <symbol id="sm-81d">
         <name>_SlGetHostByServiceCtrl</name>
         <value>0x200094bc</value>
         <object_component_ref idref="oc-2e3"/>
      </symbol>
      <symbol id="sm-81e">
         <name>sl_NetAppMDNSRegisterUnregisterService</name>
         <value>0x20006e15</value>
         <object_component_ref idref="oc-253"/>
      </symbol>
      <symbol id="sm-83b">
         <name>_SlNetCfgSetCmdCtrl</name>
         <value>0x2000955c</value>
         <object_component_ref idref="oc-245"/>
      </symbol>
      <symbol id="sm-83c">
         <name>_SlNetCfgGetCmdCtrl</name>
         <value>0x20009560</value>
         <object_component_ref idref="oc-245"/>
      </symbol>
      <symbol id="sm-83d">
         <name>sl_NetCfgSet</name>
         <value>0x20007d65</value>
         <object_component_ref idref="oc-ef"/>
      </symbol>
      <symbol id="sm-87f">
         <name>_SlNonOsSemSet</name>
         <value>0x20008e55</value>
         <object_component_ref idref="oc-318"/>
      </symbol>
      <symbol id="sm-880">
         <name>_SlNonOsSpawn</name>
         <value>0x20008081</value>
         <object_component_ref idref="oc-3c1"/>
      </symbol>
      <symbol id="sm-881">
         <name>_SlNonOsSemGet</name>
         <value>0x20008025</value>
         <object_component_ref idref="oc-31e"/>
      </symbol>
      <symbol id="sm-882">
         <name>_SlNonOsMainLoopTask</name>
         <value>0x20007ae1</value>
         <object_component_ref idref="oc-c5"/>
      </symbol>
      <symbol id="sm-883">
         <name>g__SlNonOsCB</name>
         <value>0x200171e4</value>
         <object_component_ref idref="oc-203"/>
      </symbol>
      <symbol id="sm-916">
         <name>_SlSockCloseCmdCtrl</name>
         <value>0x20009450</value>
         <object_component_ref idref="oc-2ef"/>
      </symbol>
      <symbol id="sm-917">
         <name>_SlSendCmdCtrl</name>
         <value>0x20009458</value>
         <object_component_ref idref="oc-2ef"/>
      </symbol>
      <symbol id="sm-918">
         <name>_sl_BuildAddress</name>
         <value>0x20008465</value>
         <object_component_ref idref="oc-2f9"/>
      </symbol>
      <symbol id="sm-919">
         <name>_sl_HandleAsync_Connect</name>
         <value>0x200079f1</value>
         <object_component_ref idref="oc-590"/>
      </symbol>
      <symbol id="sm-91a">
         <name>sl_Htonl</name>
         <value>0x200086ed</value>
         <object_component_ref idref="oc-14d"/>
      </symbol>
      <symbol id="sm-91b">
         <name>sl_Htons</name>
         <value>0x200088a5</value>
         <object_component_ref idref="oc-147"/>
      </symbol>
      <symbol id="sm-91c">
         <name>_SlSelectCmdCtrl</name>
         <value>0x20009470</value>
         <object_component_ref idref="oc-2ef"/>
      </symbol>
      <symbol id="sm-91d">
         <name>sl_Connect</name>
         <value>0x200062c1</value>
         <object_component_ref idref="oc-15f"/>
      </symbol>
      <symbol id="sm-91e">
         <name>sl_Socket</name>
         <value>0x200080dd</value>
         <object_component_ref idref="oc-153"/>
      </symbol>
      <symbol id="sm-91f">
         <name>_sl_HandleAsync_Select</name>
         <value>0x2000823d</value>
         <object_component_ref idref="oc-596"/>
      </symbol>
      <symbol id="sm-920">
         <name>_SlSockSocketCmdCtrl</name>
         <value>0x2000944c</value>
         <object_component_ref idref="oc-2ef"/>
      </symbol>
      <symbol id="sm-921">
         <name>_SlRecvfomCmdCtrl</name>
         <value>0x20009454</value>
         <object_component_ref idref="oc-2ef"/>
      </symbol>
      <symbol id="sm-922">
         <name>_SlSetSockOptCmdCtrl</name>
         <value>0x20009468</value>
         <object_component_ref idref="oc-2ef"/>
      </symbol>
      <symbol id="sm-923">
         <name>_SlAcceptCmdCtrl</name>
         <value>0x20009460</value>
         <object_component_ref idref="oc-2ef"/>
      </symbol>
      <symbol id="sm-924">
         <name>_SlListenCmdCtrl</name>
         <value>0x2000945c</value>
         <object_component_ref idref="oc-2ef"/>
      </symbol>
      <symbol id="sm-925">
         <name>_SlRecvCmdCtrl</name>
         <value>0x20009464</value>
         <object_component_ref idref="oc-2ef"/>
      </symbol>
      <symbol id="sm-926">
         <name>_SlGetSockOptCmdCtrl</name>
         <value>0x2000946c</value>
         <object_component_ref idref="oc-2ef"/>
      </symbol>
      <symbol id="sm-927">
         <name>_sl_HandleAsync_Accept</name>
         <value>0x20007f65</value>
         <object_component_ref idref="oc-58a"/>
      </symbol>
      <symbol id="sm-928">
         <name>sl_SetSockOpt</name>
         <value>0x20007dcd</value>
         <object_component_ref idref="oc-159"/>
      </symbol>
      <symbol id="sm-9b6">
         <name>sl_WlanDisconnect</name>
         <value>0x20008f95</value>
         <object_component_ref idref="oc-e9"/>
      </symbol>
      <symbol id="sm-9b7">
         <name>_SlPolicyGetCmdCtrl</name>
         <value>0x200093a8</value>
         <object_component_ref idref="oc-211"/>
      </symbol>
      <symbol id="sm-9b8">
         <name>_SlPolicySetCmdCtrl</name>
         <value>0x200093a4</value>
         <object_component_ref idref="oc-211"/>
      </symbol>
      <symbol id="sm-9b9">
         <name>_SlRxFilterGetCmdCtrl</name>
         <value>0x200093c0</value>
         <object_component_ref idref="oc-211"/>
      </symbol>
      <symbol id="sm-9ba">
         <name>_SlRxFilterSetCmdCtrl</name>
         <value>0x200093bc</value>
         <object_component_ref idref="oc-211"/>
      </symbol>
      <symbol id="sm-9bb">
         <name>_SlProfileGetCmdCtrl</name>
         <value>0x200093ac</value>
         <object_component_ref idref="oc-211"/>
      </symbol>
      <symbol id="sm-9bc">
         <name>_SlWlanGetNetworkListCtrl</name>
         <value>0x200093b4</value>
         <object_component_ref idref="oc-211"/>
      </symbol>
      <symbol id="sm-9bd">
         <name>sl_WlanPolicySet</name>
         <value>0x20007fc5</value>
         <object_component_ref idref="oc-dd"/>
      </symbol>
      <symbol id="sm-9be">
         <name>_SlProfileDelCmdCtrl</name>
         <value>0x200093b0</value>
         <object_component_ref idref="oc-211"/>
      </symbol>
      <symbol id="sm-9bf">
         <name>_SlWlanSetModeCmdCtrl</name>
         <value>0x200093c8</value>
         <object_component_ref idref="oc-211"/>
      </symbol>
      <symbol id="sm-9c0">
         <name>_SlWlanCfgSetCmdCtrl</name>
         <value>0x200093cc</value>
         <object_component_ref idref="oc-211"/>
      </symbol>
      <symbol id="sm-9c1">
         <name>_SlWlanCfgGetCmdCtrl</name>
         <value>0x200093d0</value>
         <object_component_ref idref="oc-211"/>
      </symbol>
      <symbol id="sm-9c2">
         <name>sl_WlanProfileDel</name>
         <value>0x20008a89</value>
         <object_component_ref idref="oc-e3"/>
      </symbol>
      <symbol id="sm-9c3">
         <name>_SlRxFilterAddtCmdCtrl</name>
         <value>0x200093b8</value>
         <object_component_ref idref="oc-211"/>
      </symbol>
      <symbol id="sm-9c4">
         <name>sl_WlanRxFilterSet</name>
         <value>0x20008291</value>
         <object_component_ref idref="oc-104"/>
      </symbol>
      <symbol id="sm-9c5">
         <name>sl_WlanConnect</name>
         <value>0x200055e1</value>
         <object_component_ref idref="oc-122"/>
      </symbol>
      <symbol id="sm-9c6">
         <name>sl_WlanSet</name>
         <value>0x20007e35</value>
         <object_component_ref idref="oc-f5"/>
      </symbol>
      <symbol id="sm-9c7">
         <name>_SlSmartConfigStartCmdCtrl</name>
         <value>0x200093c4</value>
         <object_component_ref idref="oc-211"/>
      </symbol>
      <symbol id="sm-9c8">
         <name>sl_WlanSetMode</name>
         <value>0x20008ab9</value>
         <object_component_ref idref="oc-cb"/>
      </symbol>
      <symbol id="sm-adf">
         <name>g_cDummy</name>
         <value>0x20017239</value>
      </symbol>
      <symbol id="sm-ae0">
         <name>NwpMaskInterrupt</name>
         <value>0x20008f71</value>
         <object_component_ref idref="oc-38c"/>
      </symbol>
      <symbol id="sm-ae1">
         <name>NwpRegisterInterruptHandler</name>
         <value>0x200087b1</value>
         <object_component_ref idref="oc-1d5"/>
      </symbol>
      <symbol id="sm-ae2">
         <name>NwpPowerOnPreamble</name>
         <value>0x20007671</value>
         <object_component_ref idref="oc-1b7"/>
      </symbol>
      <symbol id="sm-ae3">
         <name>g_pHostIntHdl</name>
         <value>0x20017274</value>
         <object_component_ref idref="oc-376"/>
      </symbol>
      <symbol id="sm-ae4">
         <name>NwpUnMaskInterrupt</name>
         <value>0x20008f7d</value>
         <object_component_ref idref="oc-3a6"/>
      </symbol>
      <symbol id="sm-ae5">
         <name>g_ucDinDout</name>
         <value>0x20017168</value>
         <object_component_ref idref="oc-379"/>
      </symbol>
      <symbol id="sm-ae6">
         <name>NwpPowerOff</name>
         <value>0x2000891d</value>
         <object_component_ref idref="oc-1cf"/>
      </symbol>
      <symbol id="sm-ae7">
         <name>spi_Read</name>
         <value>0x200066cd</value>
         <object_component_ref idref="oc-4fa"/>
      </symbol>
      <symbol id="sm-ae8">
         <name>DmaSpiSwIntHandler</name>
         <value>0x20008b69</value>
         <object_component_ref idref="oc-37c"/>
      </symbol>
      <symbol id="sm-ae9">
         <name>NwpPowerOn</name>
         <value>0x20008ae9</value>
         <object_component_ref idref="oc-1db"/>
      </symbol>
      <symbol id="sm-aea">
         <name>spi_Close</name>
         <value>0x20007a69</value>
         <object_component_ref idref="oc-21b"/>
      </symbol>
      <symbol id="sm-aeb">
         <name>spi_Write</name>
         <value>0x2000728d</value>
         <object_component_ref idref="oc-4b7"/>
      </symbol>
      <symbol id="sm-aec">
         <name>spi_Open</name>
         <value>0x20006049</value>
         <object_component_ref idref="oc-1c3"/>
      </symbol>
      <symbol id="sm-aed">
         <name>g_ucDMAEnabled</name>
         <value>0x20017278</value>
         <object_component_ref idref="oc-376"/>
      </symbol>
      <symbol id="sm-aee">
         <name>g_SpiFd</name>
         <value>0x20017270</value>
         <object_component_ref idref="oc-376"/>
      </symbol>
      <symbol id="sm-bbc">
         <name>SPIFIFODisable</name>
         <value>0x20008d5b</value>
         <object_component_ref idref="oc-408"/>
      </symbol>
      <symbol id="sm-bbd">
         <name>SPICSEnable</name>
         <value>0x20008e0d</value>
         <object_component_ref idref="oc-511"/>
      </symbol>
      <symbol id="sm-bbe">
         <name>SPIDisable</name>
         <value>0x20008e25</value>
         <object_component_ref idref="oc-32e"/>
      </symbol>
      <symbol id="sm-bbf">
         <name>SPIFIFOEnable</name>
         <value>0x20008d75</value>
         <object_component_ref idref="oc-352"/>
      </symbol>
      <symbol id="sm-bc0">
         <name>SPIWordCountSet</name>
         <value>0x20008bf7</value>
         <object_component_ref idref="oc-517"/>
      </symbol>
      <symbol id="sm-bc1">
         <name>SPIEnable</name>
         <value>0x20008e3d</value>
         <object_component_ref idref="oc-370"/>
      </symbol>
      <symbol id="sm-bc2">
         <name>SPIDmaEnable</name>
         <value>0x20008d41</value>
         <object_component_ref idref="oc-358"/>
      </symbol>
      <symbol id="sm-bc3">
         <name>SPIConfigSetExpClk</name>
         <value>0x20007019</value>
         <object_component_ref idref="oc-340"/>
      </symbol>
      <symbol id="sm-bc4">
         <name>SPIIntUnregister</name>
         <value>0x20008d8f</value>
         <object_component_ref idref="oc-402"/>
      </symbol>
      <symbol id="sm-bc5">
         <name>SPIFIFOLevelSet</name>
         <value>0x200089f5</value>
         <object_component_ref idref="oc-35e"/>
      </symbol>
      <symbol id="sm-bc6">
         <name>SPIDmaDisable</name>
         <value>0x20008d27</value>
         <object_component_ref idref="oc-40e"/>
      </symbol>
      <symbol id="sm-bc7">
         <name>SPIReset</name>
         <value>0x20008bd5</value>
         <object_component_ref idref="oc-334"/>
      </symbol>
      <symbol id="sm-bc8">
         <name>SPIIntEnable</name>
         <value>0x20008335</value>
         <object_component_ref idref="oc-36a"/>
      </symbol>
      <symbol id="sm-bc9">
         <name>SPIIntClear</name>
         <value>0x20008591</value>
         <object_component_ref idref="oc-48b"/>
      </symbol>
      <symbol id="sm-bca">
         <name>SPICSDisable</name>
         <value>0x20008df5</value>
         <object_component_ref idref="oc-328"/>
      </symbol>
      <symbol id="sm-c21">
         <name>uDMAChannelControlSet</name>
         <value>0x200088e1</value>
         <object_component_ref idref="oc-59e"/>
      </symbol>
      <symbol id="sm-c22">
         <name>uDMAChannelAttributeEnable</name>
         <value>0x20007f01</value>
         <object_component_ref idref="oc-5a4"/>
      </symbol>
      <symbol id="sm-c23">
         <name>uDMAChannelTransferSet</name>
         <value>0x200067bd</value>
         <object_component_ref idref="oc-5aa"/>
      </symbol>
      <symbol id="sm-c24">
         <name>uDMAChannelAssign</name>
         <value>0x200084fd</value>
         <object_component_ref idref="oc-46e"/>
      </symbol>
      <symbol id="sm-c25">
         <name>uDMAChannelAttributeDisable</name>
         <value>0x20007e9d</value>
         <object_component_ref idref="oc-474"/>
      </symbol>
      <symbol id="sm-c26">
         <name>uDMAChannelEnable</name>
         <value>0x20008cf1</value>
         <object_component_ref idref="oc-5b0"/>
      </symbol>
      <symbol id="sm-c27">
         <name>__TI_static_base__</name>
         <value>0x20009568</value>
      </symbol>
      <symbol id="sm-c2a">
         <name>SHT$$INIT_ARRAY$$Limit</name>
         <value>0x0</value>
      </symbol>
      <symbol id="sm-c2b">
         <name>SHT$$INIT_ARRAY$$Base</name>
         <value>0x0</value>
      </symbol>
   </symbol_table>
   <title>Link successful</title>
</link_info>
