******************************************************************************
                  TI ARM Linker PC v5.2.2                      
******************************************************************************
>> Linked Fri Jun 19 18:55:04 2015

OUTPUT FILE NAME:   <aes.out>
ENTRY POINT SYMBOL: "_c_int00"  address: 20007ea1


MEMORY CONFIGURATION

         name            origin    length      used     unused   attr    fill
----------------------  --------  ---------  --------  --------  ----  --------
  SRAM_CODE             20004000   00013000  0000487e  0000e782  RW X
  SRAM_DATA             20017000   00019000  00009320  0000fce0  RW X


SEGMENT ALLOCATION MAP

run origin  load origin   length   init length attrs members
----------  ----------- ---------- ----------- ----- -------
20004000    20004000    00004880   00004880    r-x
  20004000    20004000    00000400   00000400    r-- .intvecs
  20004400    20004400    00003fda   00003fda    r-x .text
  200083dc    200083dc    0000033c   0000033c    r-- .const
  20008718    20008718    00000168   00000168    r-- .cinit
20017000    20017000    00008320   00000000    rw-
  20017000    20017000    00008000   00000000    rw- .sysmem
  2001f000    2001f000    00000268   00000000    rw- .data
  2001f268    2001f268    000000b8   00000000    rw- .bss
2002f000    2002f000    00001000   00000000    rw-
  2002f000    2002f000    00001000   00000000    rw- .stack


SECTION ALLOCATION MAP

 output                                  attributes/
section   page    origin      length       input sections
--------  ----  ----------  ----------   ----------------
.intvecs   0    20004000    00000400     
                  20004000    00000400     startup_ccs.obj (.intvecs)

.init_array 
*          0    20004000    00000000     UNINITIALIZED

.text      0    20004400    00003fda     
                  20004400    000010a6     rtsv7M4_T_le_eabi.lib : _printfi.obj (.text)
                  200054a6    00000002     --HOLE-- [fill = 0]
                  200054a8    000009e0     aes_userinput.obj (.text)
                  20005e88    00000454     main.obj (.text)
                  200062dc    000003dc     rtsv7M4_T_le_eabi.lib : memory.obj (.text)
                  200066b8    00000280     uart_if.obj (.text)
                  20006938    000001f4     rtsv7M4_T_le_eabi.lib : ull_div_t2.obj (.text)
                  20006b2c    000001b6                           : fd_add_t2.obj (.text)
                  20006ce2    00000136                           : fd_div_t2.obj (.text)
                  20006e18    00000134     driverlib.a : prcm.obj (.text:PRCMCC3200MCUInit)
                  20006f4c    00000114     rtsv7M4_T_le_eabi.lib : strtoul.obj (.text)
                  20007060    00000110                           : xdscale.obj (.text)
                  20007170    000000fc                           : fd_mul_t2.obj (.text)
                  2000726c    000000be                           : xdnorm.obj (.text)
                  2000732a    00000002     --HOLE-- [fill = 0]
                  2000732c    000000a8     driverlib.a : interrupt.obj (.text:IntEnable)
                  200073d4    0000009c     rtsv7M4_T_le_eabi.lib : memcpy_t2.obj (.text)
                  20007470    00000094     driverlib.a : aes.obj (.text:AESDataProcess)
                  20007504    00000094                 : prcm.obj (.text:PRCMPeripheralClockGet)
                  20007598    00000088                 : pin.obj (.text:PinConfigSet)
                  20007620    00000088     rtsv7M4_T_le_eabi.lib : vsnprintf.obj (.text)
                  200076a8    00000086                           : fd_cmp_t2.obj (.text:__aeabi_cdcmple)
                  2000772e    00000086                           : fd_cmp_t2.obj (.text:__aeabi_cdrcmple)
                  200077b4    00000080     driverlib.a : aes.obj (.text:AESDataWrite)
                  20007834    0000007a     rtsv7M4_T_le_eabi.lib : memset_t2.obj (.text)
                  200078ae    00000076     driverlib.a : uart.obj (.text:UARTConfigSetExpClk)
                  20007924    00000074                 : aes.obj (.text:AESDataRead)
                  20007998    0000006c     rtsv7M4_T_le_eabi.lib : autoinit.obj (.text)
                  20007a04    0000006a                           : copy_decompress_rle.obj (.text)
                  20007a6e    00000066                           : xdunscal.obj (.text)
                  20007ad4    0000005a     driverlib.a : aes.obj (.text:AESKey1Set)
                  20007b2e    00000002     --HOLE-- [fill = 0]
                  20007b30    00000058                 : aes.obj (.text:AESIntStatus)
                  20007b88    00000058                 : prcm.obj (.text:PRCMPeripheralReset)
                  20007be0    00000056     rtsv7M4_T_le_eabi.lib : ltoa.obj (.text)
                  20007c36    00000002     --HOLE-- [fill = 0]
                  20007c38    0000004c                           : atoi.obj (.text)
                  20007c84    0000004c                           : cpy_tbl.obj (.text)
                  20007cd0    00000048                           : fd_toi_t2.obj (.text)
                  20007d18    00000046                           : ldexp.obj (.text)
                  20007d5e    00000002     --HOLE-- [fill = 0]
                  20007d60    00000044                           : exit.obj (.text)
                  20007da4    00000040     driverlib.a : pin.obj (.text:PinModeSet)
                  20007de4    00000040     rtsv7M4_T_le_eabi.lib : signal.obj (.text)
                  20007e24    00000040                           : strtok.obj (.text)
                  20007e64    0000003c     driverlib.a : prcm.obj (.text:PRCMPeripheralClkEnable)
                  20007ea0    0000003c     rtsv7M4_T_le_eabi.lib : boot.obj (.text)
                  20007edc    00000034                           : feraiseexcept.obj (.text)
                  20007f10    00000030     driverlib.a : aes.obj (.text:AESIntDisable)
                  20007f40    00000030                 : aes.obj (.text:AESIntEnable)
                  20007f70    00000030                 : uart.obj (.text:UARTDisable)
                  20007fa0    00000030     rtsv7M4_T_le_eabi.lib : xferaise.obj (.text)
                  20007fd0    0000002e                           : i_tofd_t2.obj (.text)
                  20007ffe    0000002e                           : raise.obj (.text)
                  2000802c    0000002c     driverlib.a : aes.obj (.text:AESIVSet)
                  20008058    0000002c                 : prcm.obj (.text:PRCMSysResetCauseGet)
                  20008084    0000002a     rtsv7M4_T_le_eabi.lib : strspn.obj (.text)
                  200080ae    0000002a                           : xdclass.obj (.text)
                  200080d8    00000028     driverlib.a : prcm.obj (.text:PRCMPeripheralClkDisable)
                  20008100    00000024                 : uart.obj (.text:UARTEnable)
                  20008124    00000024     rtsv7M4_T_le_eabi.lib : memmov.obj (.text)
                  20008148    00000024                           : strcspn.obj (.text)
                  2000816c    00000022     driverlib.a : aes.obj (.text:AESConfigSet)
                  2000818e    00000022     rtsv7M4_T_le_eabi.lib : frexp.obj (.text)
                  200081b0    00000020     driverlib.a : aes.obj (.text:AESDataLengthSet)
                  200081d0    00000020                 : interrupt.obj (.text:IntRegister)
                  200081f0    0000001e                 : uart.obj (.text:UARTCharPut)
                  2000820e    0000001c                 : uart.obj (.text:UARTCharGetNonBlocking)
                  2000822a    0000001c     pinmux.obj (.text)
                  20008246    0000001c     rtsv7M4_T_le_eabi.lib : memccpy.obj (.text)
                  20008262    0000001a     driverlib.a : pin.obj (.text:PinTypeUART)
                  2000827c    00000018                 : uart.obj (.text:UARTCharsAvail)
                  20008294    00000018     rtsv7M4_T_le_eabi.lib : args_main.obj (.text)
                  200082ac    00000018                           : strcmp.obj (.text)
                  200082c4    00000016     driverlib.a : aes.obj (.text:AESIntRegister)
                  200082da    00000016                 : prcm.obj (.text:PRCMHIBRegRead)
                  200082f0    00000016                 : prcm.obj (.text:PRCMHIBRegWrite)
                  20008306    00000016                 : uart.obj (.text:UARTCharGet)
                  2000831c    00000016     rtsv7M4_T_le_eabi.lib : strchr.obj (.text)
                  20008332    00000014     driverlib.a : cpu.obj (.text:CPUcpsie)
                  20008346    00000002     --HOLE-- [fill = 0]
                  20008348    00000014                 : interrupt.obj (.text:IntVTableBaseSet)
                  2000835c    00000014     rtsv7M4_T_le_eabi.lib : _lock.obj (.text)
                  20008370    00000014                           : strcpy.obj (.text)
                  20008384    00000014                           : strlen.obj (.text)
                  20008398    0000000e                           : copy_decompress_none.obj (.text:decompress:none)
                  200083a6    0000000e     startup_ccs.obj (.text)
                  200083b4    0000000c     rtsv7M4_T_le_eabi.lib : copy_zero_init.obj (.text:decompress:ZI)
                  200083c0    0000000a     driverlib.a : interrupt.obj (.text:IntMasterEnable)
                  200083ca    00000006                 : utils.obj (.text:UtilsDelay)
                  200083d0    00000006     rtsv7M4_T_le_eabi.lib : copy_decompress_rle.obj (.text:decompress:rle24)
                  200083d6    00000004                           : pre_init.obj (.text)

.const     0    200083dc    0000033c     
                  200083dc    00000101     rtsv7M4_T_le_eabi.lib : ctype.obj (.const:.string:_ctypes_)
                  200084dd    00000003     --HOLE-- [fill = 0]
                  200084e0    00000100     driverlib.a : pin.obj (.const:g_ulPinToPadMap)
                  200085e0    000000a8                 : prcm.obj (.const:PRCM_PeriphRegsList)
                  20008688    00000080                 : interrupt.obj (.const)
                  20008708    00000010     main.obj (.const)

.cinit     0    20008718    00000168     
                  20008718    0000013f     (.cinit..data.load) [load image, compression = rle]
                  20008857    00000001     --HOLE-- [fill = 0]
                  20008858    0000000c     (__TI_handler_table)
                  20008864    00000004     --HOLE-- [fill = 0]
                  20008868    00000008     (.cinit..bss.load) [load image, compression = zero_init]
                  20008870    00000010     (__TI_cinit_table)

.sysmem    0    20017000    00008000     UNINITIALIZED
                  20017000    00000008     rtsv7M4_T_le_eabi.lib : memory.obj (.sysmem)
                  20017008    00007ff8     --HOLE--

.data      0    2001f000    00000268     UNINITIALIZED
                  2001f000    000000b0     rtsv7M4_T_le_eabi.lib : signal.obj (.data:sigtable)
                  2001f0b0    00000080     main.obj (.data:psAESCBCTestVectors)
                  2001f130    00000080     rtsv7M4_T_le_eabi.lib : xvalues.obj (.data)
                  2001f1b0    00000048     main.obj (.data)
                  2001f1f8    00000040     main.obj (.data:pui32AESPlainText)
                  2001f238    0000000c     rtsv7M4_T_le_eabi.lib : memory.obj (.data)
                  2001f244    00000008                           : _lock.obj (.data)
                  2001f24c    00000008                           : exit.obj (.data)
                  2001f254    00000008                           : feraiseexcept.obj (.data)
                  2001f25c    00000004                           : errno.obj (.data)
                  2001f260    00000004                           : stkdepth_vars.obj (.data)
                  2001f264    00000004                           : strtok.obj (.data)

.TI.persistent 
*          0    2001f000    00000000     UNINITIALIZED

.bss       0    2001f268    000000b8     UNINITIALIZED
                  2001f268    00000040     aes_userinput.obj (.bss:pui32AESPlainMsg)
                  2001f2a8    00000020     (.common:uiKey256)
                  2001f2c8    00000018     (.common:uiKey192)
                  2001f2e0    00000010     (.common:uiKey128)
                  2001f2f0    00000004     (.common:AES128Key1)
                  2001f2f4    00000004     (.common:AES128Key2)
                  2001f2f8    00000004     (.common:AES128Key3)
                  2001f2fc    00000004     (.common:AES192Key1)
                  2001f300    00000004     (.common:AES192Key2)
                  2001f304    00000004     (.common:AES192Key3)
                  2001f308    00000004     (.common:AES256Key1)
                  2001f30c    00000004     (.common:AES256Key2)
                  2001f310    00000004     (.common:AES256Key3)
                  2001f314    00000004     (.common:__Errorlog)
                  2001f318    00000004     (.common:ui32aes_mode)
                  2001f31c    00000001     (.common:g_bContextInIntFlag)
                  2001f31d    00000001     (.common:g_bContextOutIntFlag)
                  2001f31e    00000001     (.common:g_bDataInIntFlag)
                  2001f31f    00000001     (.common:g_bDataOutIntFlag)

.TI.noinit 
*          0    2001f268    00000000     UNINITIALIZED

.stack     0    2002f000    00001000     UNINITIALIZED
                  2002f000    00001000     --HOLE--


LINKER GENERATED COPY TABLES

__TI_cinit_table @ 20008870 records: 2, size/record: 8, table size: 16
	.data: load addr=20008718, load size=0000013f bytes, run addr=2001f000, run size=00000268 bytes, compression=rle
	.bss: load addr=20008868, load size=00000008 bytes, run addr=2001f268, run size=000000b8 bytes, compression=zero_init


LINKER GENERATED HANDLER TABLE

__TI_handler_table @ 20008858 records: 3, size/record: 4, table size: 12
	index: 0, handler: __TI_decompress_rle24
	index: 1, handler: __TI_decompress_none
	index: 2, handler: __TI_zero_init


GLOBAL SYMBOLS: SORTED ALPHABETICALLY BY Name 

address   name                    
-------   ----                    
2001f2f0  AES128Key1              
2001f2f4  AES128Key2              
2001f2f8  AES128Key3              
2001f2fc  AES192Key1              
2001f300  AES192Key2              
2001f304  AES192Key3              
2001f308  AES256Key1              
2001f30c  AES256Key2              
2001f310  AES256Key3              
2000816d  AESConfigSet            
20005e89  AESCrypt                
200081b1  AESDataLengthSet        
20007471  AESDataProcess          
20007925  AESDataRead             
200077b5  AESDataWrite            
2000802d  AESIVSet                
20007f11  AESIntDisable           
20007f41  AESIntEnable            
20005f19  AESIntHandler           
200082c5  AESIntRegister          
20007b31  AESIntStatus            
20007ad5  AESKey1Set              
200054a9  AESParser               
20007d61  C$$EXIT                 
20008333  CPUcpsie                
200066f9  ClearTerm               
20006703  Error                   
2000673b  GetCmd                  
20005659  GetKey                  
200058bd  GetMsg                  
200066b9  InitTerm                
2000732d  IntEnable               
200083c1  IntMasterEnable         
200081d1  IntRegister             
20008349  IntVTableBaseSet        
20005f77  LoadDefaultValues       
20005be1  MemAllocAndCpy          
200066d7  Message                 
20006e19  PRCMCC3200MCUInit       
200082db  PRCMHIBRegRead          
200082f1  PRCMHIBRegWrite         
200080d9  PRCMPeripheralClkDisable
20007e65  PRCMPeripheralClkEnable 
20007505  PRCMPeripheralClockGet  
20007b89  PRCMPeripheralReset     
20008059  PRCMSysResetCauseGet    
20007599  PinConfigSet            
20007da5  PinModeSet              
2000822b  PinMuxConfig            
20008263  PinTypeUART             
20005a35  ReadFromUser            
20006879  Report                  
200083a7  ResetISR                
UNDEFED   SHT$$INIT_ARRAY$$Base   
UNDEFED   SHT$$INIT_ARRAY$$Limit  
20005b71  SetKeys                 
200067e1  TrimSpace               
20008307  UARTCharGet             
2000820f  UARTCharGetNonBlocking  
200081f1  UARTCharPut             
2000827d  UARTCharsAvail          
200078af  UARTConfigSetExpClk     
20007f71  UARTDisable             
20008101  UARTEnable              
200059f1  UsageDisplay            
200083cb  UtilsDelay              
200080af  _Dclass                 
2001f130  _Denorm                 
2000726d  _Dnorm                  
20007061  _Dscale                 
20007a6f  _Dunscale               
2001f140  _Eps                    
2001f25c  _Errno                  
2001f254  _Fenv                   
20007fa1  _Feraise                
2001f150  _Hugeval                
2001f160  _Inf                    
2001f170  _Nan                    
2001f190  _Rteps                  
2001f180  _Snan                   
2001f258  _Tls_setup__Fenv        
2001f1a0  _Xbig                   
2001f1a8  _Zero                   
20030000  __STACK_END             
00001000  __STACK_SIZE            
00008000  __SYSMEM_SIZE           
20008870  __TI_CINIT_Base         
20008880  __TI_CINIT_Limit        
20008858  __TI_Handler_Table_Base 
20008864  __TI_Handler_Table_Limit
20007999  __TI_auto_init          
2001f24c  __TI_cleanup_ptr        
20008399  __TI_decompress_none    
200083d1  __TI_decompress_rle24   
2001f250  __TI_dtors_ptr          
200051a1  __TI_printfi            
20008718  __TI_static_base__      
200083b5  __TI_zero_init          
200076a9  __aeabi_cdcmpeq         
200076a9  __aeabi_cdcmple         
2000772f  __aeabi_cdrcmple        
20007cd1  __aeabi_d2iz            
20006b37  __aeabi_dadd            
20006ce3  __aeabi_ddiv            
20007171  __aeabi_dmul            
20006b2d  __aeabi_dsub            
20007fd1  __aeabi_i2d             
20007835  __aeabi_memclr          
20007835  __aeabi_memclr4         
20007835  __aeabi_memclr8         
200073d5  __aeabi_memcpy          
200073d5  __aeabi_memcpy4         
200073d5  __aeabi_memcpy8         
20007837  __aeabi_memset          
20007837  __aeabi_memset4         
20007837  __aeabi_memset8         
20006939  __aeabi_uldivmod        
ffffffff  __binit__               
ffffffff  __c_args__              
2002f000  __stack                 
20008295  _args_main              
20007ea1  _c_int00                
200083dc  _ctypes_                
2001f244  _lock                   
2000836b  _nop                    
20008363  _register_lock          
2000835d  _register_unlock        
20017000  _sys_memory             
200083d7  _system_pre_init        
2001f248  _unlock                 
20007d65  abort                   
20007c39  atoi                    
ffffffff  binit                   
20006685  calloc                  
20007c85  copy_in                 
20007d6d  exit                    
20007edd  feraiseexcept           
200063d3  free                    
2000818f  frexp                   
20004000  g_pfnVectors            
20007d19  ldexp                   
20007be1  ltoa                    
20006085  main                    
2001f260  main_func_sp            
2000636b  malloc                  
200065a1  memalign                
20008247  memccpy                 
200073d5  memcpy                  
20008125  memmove                 
2000783d  memset                  
200062dd  minit                   
2001f0b0  psAESCBCTestVectors     
2001f1b0  pui32AES128Key          
2001f1c0  pui32AES192Key          
2001f1d8  pui32AES256Key          
2001f268  pui32AESPlainMsg        
2001f1f8  pui32AESPlainText       
20007fff  raise                   
20006495  realloc                 
20007de5  signal                  
2000831d  strchr                  
200082ad  strcmp                  
20008371  strcpy                  
20008149  strcspn                 
20008385  strlen                  
20008085  strspn                  
20007e25  strtok                  
20006f4d  strtoul                 
2001f318  ui32aes_mode            
2001f2e0  uiKey128                
2001f2c8  uiKey192                
2001f2a8  uiKey256                
20007621  vsnprintf               


GLOBAL SYMBOLS: SORTED BY Symbol Address 

address   name                    
-------   ----                    
00001000  __STACK_SIZE            
00008000  __SYSMEM_SIZE           
20004000  g_pfnVectors            
200051a1  __TI_printfi            
200054a9  AESParser               
20005659  GetKey                  
200058bd  GetMsg                  
200059f1  UsageDisplay            
20005a35  ReadFromUser            
20005b71  SetKeys                 
20005be1  MemAllocAndCpy          
20005e89  AESCrypt                
20005f19  AESIntHandler           
20005f77  LoadDefaultValues       
20006085  main                    
200062dd  minit                   
2000636b  malloc                  
200063d3  free                    
20006495  realloc                 
200065a1  memalign                
20006685  calloc                  
200066b9  InitTerm                
200066d7  Message                 
200066f9  ClearTerm               
20006703  Error                   
2000673b  GetCmd                  
200067e1  TrimSpace               
20006879  Report                  
20006939  __aeabi_uldivmod        
20006b2d  __aeabi_dsub            
20006b37  __aeabi_dadd            
20006ce3  __aeabi_ddiv            
20006e19  PRCMCC3200MCUInit       
20006f4d  strtoul                 
20007061  _Dscale                 
20007171  __aeabi_dmul            
2000726d  _Dnorm                  
2000732d  IntEnable               
200073d5  __aeabi_memcpy          
200073d5  __aeabi_memcpy4         
200073d5  __aeabi_memcpy8         
200073d5  memcpy                  
20007471  AESDataProcess          
20007505  PRCMPeripheralClockGet  
20007599  PinConfigSet            
20007621  vsnprintf               
200076a9  __aeabi_cdcmpeq         
200076a9  __aeabi_cdcmple         
2000772f  __aeabi_cdrcmple        
200077b5  AESDataWrite            
20007835  __aeabi_memclr          
20007835  __aeabi_memclr4         
20007835  __aeabi_memclr8         
20007837  __aeabi_memset          
20007837  __aeabi_memset4         
20007837  __aeabi_memset8         
2000783d  memset                  
200078af  UARTConfigSetExpClk     
20007925  AESDataRead             
20007999  __TI_auto_init          
20007a6f  _Dunscale               
20007ad5  AESKey1Set              
20007b31  AESIntStatus            
20007b89  PRCMPeripheralReset     
20007be1  ltoa                    
20007c39  atoi                    
20007c85  copy_in                 
20007cd1  __aeabi_d2iz            
20007d19  ldexp                   
20007d61  C$$EXIT                 
20007d65  abort                   
20007d6d  exit                    
20007da5  PinModeSet              
20007de5  signal                  
20007e25  strtok                  
20007e65  PRCMPeripheralClkEnable 
20007ea1  _c_int00                
20007edd  feraiseexcept           
20007f11  AESIntDisable           
20007f41  AESIntEnable            
20007f71  UARTDisable             
20007fa1  _Feraise                
20007fd1  __aeabi_i2d             
20007fff  raise                   
2000802d  AESIVSet                
20008059  PRCMSysResetCauseGet    
20008085  strspn                  
200080af  _Dclass                 
200080d9  PRCMPeripheralClkDisable
20008101  UARTEnable              
20008125  memmove                 
20008149  strcspn                 
2000816d  AESConfigSet            
2000818f  frexp                   
200081b1  AESDataLengthSet        
200081d1  IntRegister             
200081f1  UARTCharPut             
2000820f  UARTCharGetNonBlocking  
2000822b  PinMuxConfig            
20008247  memccpy                 
20008263  PinTypeUART             
2000827d  UARTCharsAvail          
20008295  _args_main              
200082ad  strcmp                  
200082c5  AESIntRegister          
200082db  PRCMHIBRegRead          
200082f1  PRCMHIBRegWrite         
20008307  UARTCharGet             
2000831d  strchr                  
20008333  CPUcpsie                
20008349  IntVTableBaseSet        
2000835d  _register_unlock        
20008363  _register_lock          
2000836b  _nop                    
20008371  strcpy                  
20008385  strlen                  
20008399  __TI_decompress_none    
200083a7  ResetISR                
200083b5  __TI_zero_init          
200083c1  IntMasterEnable         
200083cb  UtilsDelay              
200083d1  __TI_decompress_rle24   
200083d7  _system_pre_init        
200083dc  _ctypes_                
20008718  __TI_static_base__      
20008858  __TI_Handler_Table_Base 
20008864  __TI_Handler_Table_Limit
20008870  __TI_CINIT_Base         
20008880  __TI_CINIT_Limit        
20017000  _sys_memory             
2001f0b0  psAESCBCTestVectors     
2001f130  _Denorm                 
2001f140  _Eps                    
2001f150  _Hugeval                
2001f160  _Inf                    
2001f170  _Nan                    
2001f180  _Snan                   
2001f190  _Rteps                  
2001f1a0  _Xbig                   
2001f1a8  _Zero                   
2001f1b0  pui32AES128Key          
2001f1c0  pui32AES192Key          
2001f1d8  pui32AES256Key          
2001f1f8  pui32AESPlainText       
2001f244  _lock                   
2001f248  _unlock                 
2001f24c  __TI_cleanup_ptr        
2001f250  __TI_dtors_ptr          
2001f254  _Fenv                   
2001f258  _Tls_setup__Fenv        
2001f25c  _Errno                  
2001f260  main_func_sp            
2001f268  pui32AESPlainMsg        
2001f2a8  uiKey256                
2001f2c8  uiKey192                
2001f2e0  uiKey128                
2001f2f0  AES128Key1              
2001f2f4  AES128Key2              
2001f2f8  AES128Key3              
2001f2fc  AES192Key1              
2001f300  AES192Key2              
2001f304  AES192Key3              
2001f308  AES256Key1              
2001f30c  AES256Key2              
2001f310  AES256Key3              
2001f318  ui32aes_mode            
2002f000  __stack                 
20030000  __STACK_END             
ffffffff  __binit__               
ffffffff  __c_args__              
ffffffff  binit                   
UNDEFED   SHT$$INIT_ARRAY$$Base   
UNDEFED   SHT$$INIT_ARRAY$$Limit  

[173 symbols]
