******************************************************************************
                  TI ARM Linker PC v5.2.2                      
******************************************************************************
>> Linked Fri Jun 19 18:59:23 2015

OUTPUT FILE NAME:   <uart_dma.out>
ENTRY POINT SYMBOL: "_c_int00"  address: 200074a5


MEMORY CONFIGURATION

         name            origin    length      used     unused   attr    fill
----------------------  --------  ---------  --------  --------  ----  --------
  SRAM_CODE             20004000   00013000  00003eae  0000f152  RW X
  SRAM_DATA             20017000   00019000  00000f96  0001806a  RW X


SEGMENT ALLOCATION MAP

run origin  load origin   length   init length attrs members
----------  ----------- ---------- ----------- ----- -------
20004000    20004000    00003eb0   00003eb0    r-x
  20004000    20004000    00000400   00000400    r-- .intvecs
  20004400    20004400    00003626   00003626    r-x .text
  20007a28    20007a28    00000410   00000410    r-- .const
  20007e38    20007e38    00000078   00000078    r-- .cinit
20017000    20017000    00000e9c   00000000    rw-
  20017000    20017000    00000800   00000000    rw- .sysmem
  20017800    20017800    0000053a   00000000    rw- .bss
  20017d40    20017d40    0000015c   00000000    rw- .data
2002ff00    2002ff00    00000100   00000000    rw-
  2002ff00    2002ff00    00000100   00000000    rw- .stack


SECTION ALLOCATION MAP

 output                                  attributes/
section   page    origin      length       input sections
--------  ----  ----------  ----------   ----------------
.intvecs   0    20004000    00000400     
                  20004000    00000400     startup_ccs.obj (.intvecs)

.init_array 
*          0    20004000    00000000     UNINITIALIZED

.text      0    20004400    00003626     
                  20004400    000010a6     rtsv7M4_T_le_eabi.lib : _printfi.obj (.text)
                  200054a6    00000002     driverlib.a : interrupt.obj (.text:IntDefaultHandler)
                  200054a8    000003dc     rtsv7M4_T_le_eabi.lib : memory.obj (.text)
                  20005884    000002b8     main.obj (.text)
                  20005b3c    00000280     uart_if.obj (.text)
                  20005dbc    000001f4     rtsv7M4_T_le_eabi.lib : ull_div_t2.obj (.text)
                  20005fb0    000001cc     udma_if.obj (.text)
                  2000617c    000001b6     rtsv7M4_T_le_eabi.lib : fd_add_t2.obj (.text)
                  20006332    00000136                           : fd_div_t2.obj (.text)
                  20006468    00000134     driverlib.a : prcm.obj (.text:PRCMCC3200MCUInit)
                  2000659c    00000110     rtsv7M4_T_le_eabi.lib : xdscale.obj (.text)
                  200066ac    000000fc                           : fd_mul_t2.obj (.text)
                  200067a8    000000f0     driverlib.a : udma.obj (.text:uDMAChannelTransferSet)
                  20006898    000000be     rtsv7M4_T_le_eabi.lib : xdnorm.obj (.text)
                  20006956    00000002     --HOLE-- [fill = 0]
                  20006958    000000a8     driverlib.a : interrupt.obj (.text:IntDisable)
                  20006a00    000000a8                 : interrupt.obj (.text:IntEnable)
                  20006aa8    0000009c     rtsv7M4_T_le_eabi.lib : memcpy_t2.obj (.text)
                  20006b44    00000094     driverlib.a : prcm.obj (.text:PRCMPeripheralClockGet)
                  20006bd8    00000088                 : pin.obj (.text:PinConfigSet)
                  20006c60    00000088     rtsv7M4_T_le_eabi.lib : vsnprintf.obj (.text)
                  20006ce8    00000086                           : fd_cmp_t2.obj (.text:__aeabi_cdcmple)
                  20006d6e    00000086                           : fd_cmp_t2.obj (.text:__aeabi_cdrcmple)
                  20006df4    0000007a                           : memset_t2.obj (.text)
                  20006e6e    00000076     driverlib.a : uart.obj (.text:UARTConfigSetExpClk)
                  20006ee4    0000006c     rtsv7M4_T_le_eabi.lib : autoinit.obj (.text)
                  20006f50    0000006a                           : copy_decompress_rle.obj (.text)
                  20006fba    00000066                           : xdunscal.obj (.text)
                  20007020    00000064     driverlib.a : udma.obj (.text:uDMAChannelAttributeDisable)
                  20007084    00000064                 : udma.obj (.text:uDMAChannelAttributeEnable)
                  200070e8    00000058                 : prcm.obj (.text:PRCMPeripheralReset)
                  20007140    00000056     rtsv7M4_T_le_eabi.lib : ltoa.obj (.text)
                  20007196    00000002     --HOLE-- [fill = 0]
                  20007198    00000054     driverlib.a : interrupt.obj (.text:IntPrioritySet)
                  200071ec    0000004c     rtsv7M4_T_le_eabi.lib : atoi.obj (.text)
                  20007238    0000004c                           : cpy_tbl.obj (.text)
                  20007284    0000004c     driverlib.a : udma.obj (.text:uDMAChannelAssign)
                  200072d0    00000048     rtsv7M4_T_le_eabi.lib : fd_toi_t2.obj (.text)
                  20007318    00000046                           : ldexp.obj (.text)
                  2000735e    00000002     --HOLE-- [fill = 0]
                  20007360    00000044     driverlib.a : uart.obj (.text:UARTIntNumberGet)
                  200073a4    00000044     rtsv7M4_T_le_eabi.lib : exit.obj (.text)
                  200073e8    00000040     driverlib.a : pin.obj (.text:PinModeSet)
                  20007428    00000040     rtsv7M4_T_le_eabi.lib : signal.obj (.text)
                  20007468    0000003c     driverlib.a : prcm.obj (.text:PRCMPeripheralClkEnable)
                  200074a4    0000003c     rtsv7M4_T_le_eabi.lib : boot.obj (.text)
                  200074e0    0000003c     driverlib.a : udma.obj (.text:uDMAChannelControlSet)
                  2000751c    00000034     rtsv7M4_T_le_eabi.lib : feraiseexcept.obj (.text)
                  20007550    00000030     driverlib.a : uart.obj (.text:UARTDisable)
                  20007580    00000030     rtsv7M4_T_le_eabi.lib : xferaise.obj (.text)
                  200075b0    0000002e                           : i_tofd_t2.obj (.text)
                  200075de    0000002e                           : raise.obj (.text)
                  2000760c    0000002c     driverlib.a : prcm.obj (.text:PRCMSysResetCauseGet)
                  20007638    0000002a     rtsv7M4_T_le_eabi.lib : xdclass.obj (.text)
                  20007662    00000002     --HOLE-- [fill = 0]
                  20007664    00000028     driverlib.a : prcm.obj (.text:PRCMPeripheralClkDisable)
                  2000768c    00000024                 : interrupt.obj (.text:IntUnregister)
                  200076b0    00000024                 : uart.obj (.text:UARTEnable)
                  200076d4    00000024     rtsv7M4_T_le_eabi.lib : memmov.obj (.text)
                  200076f8    00000022                           : frexp.obj (.text)
                  2000771a    00000002     --HOLE-- [fill = 0]
                  2000771c    00000020     driverlib.a : interrupt.obj (.text:IntRegister)
                  2000773c    0000001e                 : uart.obj (.text:UARTCharPut)
                  2000775a    0000001e                 : uart.obj (.text:UARTIntRegister)
                  20007778    0000001c                 : uart.obj (.text:UARTCharGetNonBlocking)
                  20007794    0000001c     pinmux.obj (.text)
                  200077b0    0000001c     rtsv7M4_T_le_eabi.lib : memccpy.obj (.text)
                  200077cc    0000001c     driverlib.a : udma.obj (.text:uDMAChannelDisable)
                  200077e8    0000001c                 : udma.obj (.text:uDMAChannelEnable)
                  20007804    0000001c                 : udma.obj (.text:uDMAChannelRequest)
                  20007820    0000001a                 : pin.obj (.text:PinTypeUART)
                  2000783a    00000018                 : uart.obj (.text:UARTCharsAvail)
                  20007852    00000018                 : uart.obj (.text:UARTDMADisable)
                  2000786a    00000018                 : uart.obj (.text:UARTDMAEnable)
                  20007882    00000018                 : uart.obj (.text:UARTFIFOLevelSet)
                  2000789a    00000018                 : uart.obj (.text:UARTIntEnable)
                  200078b2    00000002     --HOLE-- [fill = 0]
                  200078b4    00000018     rtsv7M4_T_le_eabi.lib : args_main.obj (.text)
                  200078cc    00000016     driverlib.a : prcm.obj (.text:PRCMHIBRegRead)
                  200078e2    00000016                 : prcm.obj (.text:PRCMHIBRegWrite)
                  200078f8    00000016     rtsv7M4_T_le_eabi.lib : strchr.obj (.text)
                  2000790e    00000016     driverlib.a : udma.obj (.text:uDMAIntRegister)
                  20007924    00000014                 : cpu.obj (.text:CPUcpsie)
                  20007938    00000014                 : interrupt.obj (.text:IntVTableBaseSet)
                  2000794c    00000014     rtsv7M4_T_le_eabi.lib : _lock.obj (.text)
                  20007960    00000014                           : strlen.obj (.text)
                  20007974    00000014     driverlib.a : udma.obj (.text:uDMAControlBaseSet)
                  20007988    00000014                 : udma.obj (.text:uDMAIntClear)
                  2000799c    00000012                 : uart.obj (.text:UARTIntClear)
                  200079ae    00000012                 : udma.obj (.text:uDMAIntUnregister)
                  200079c0    0000000e     rtsv7M4_T_le_eabi.lib : copy_decompress_none.obj (.text:decompress:none)
                  200079ce    0000000e     startup_ccs.obj (.text)
                  200079dc    0000000c     rtsv7M4_T_le_eabi.lib : copy_zero_init.obj (.text:decompress:ZI)
                  200079e8    0000000c     driverlib.a : udma.obj (.text:uDMADisable)
                  200079f4    0000000c                 : udma.obj (.text:uDMAEnable)
                  20007a00    0000000c                 : udma.obj (.text:uDMAIntStatus)
                  20007a0c    0000000a                 : interrupt.obj (.text:IntMasterEnable)
                  20007a16    00000006                 : utils.obj (.text:UtilsDelay)
                  20007a1c    00000006     rtsv7M4_T_le_eabi.lib : copy_decompress_rle.obj (.text:decompress:rle24)
                  20007a22    00000004                           : pre_init.obj (.text)

.const     0    20007a28    00000410     
                  20007a28    00000101     rtsv7M4_T_le_eabi.lib : ctype.obj (.const:.string:_ctypes_)
                  20007b29    00000003     --HOLE-- [fill = 0]
                  20007b2c    00000100     driverlib.a : pin.obj (.const:g_ulPinToPadMap)
                  20007c2c    000000d4                 : interrupt.obj (.const:g_pulRegs)
                  20007d00    000000a8                 : prcm.obj (.const:PRCM_PeriphRegsList)
                  20007da8    00000080                 : interrupt.obj (.const)
                  20007e28    00000010                 : uart.obj (.const)

.cinit     0    20007e38    00000078     
                  20007e38    0000004e     (.cinit..data.load) [load image, compression = rle]
                  20007e86    00000002     --HOLE-- [fill = 0]
                  20007e88    0000000c     (__TI_handler_table)
                  20007e94    00000004     --HOLE-- [fill = 0]
                  20007e98    00000008     (.cinit..bss.load) [load image, compression = zero_init]
                  20007ea0    00000010     (__TI_cinit_table)

.sysmem    0    20017000    00000800     UNINITIALIZED
                  20017000    00000008     rtsv7M4_T_le_eabi.lib : memory.obj (.sysmem)
                  20017008    000007f8     --HOLE--

.bss       0    20017800    0000053a     UNINITIALIZED
                  20017800    00000400     udma_if.obj (.bss:gpCtlTbl)
                  20017c00    00000100     udma_if.obj (.bss:gfpAppCallbackHndl)
                  20017d00    00000034     main.obj (.bss:ucTextBuff)
                  20017d34    00000004     (.common:__Errorlog)
                  20017d38    00000001     (.common:bRxDone)
                  20017d39    00000001     (.common:iDone)

.TI.noinit 
*          0    20017800    00000000     UNINITIALIZED

.data      0    20017d40    0000015c     UNINITIALIZED
                  20017d40    000000b0     rtsv7M4_T_le_eabi.lib : signal.obj (.data:sigtable)
                  20017df0    00000080                           : xvalues.obj (.data)
                  20017e70    0000000c                           : memory.obj (.data)
                  20017e7c    00000008                           : _lock.obj (.data)
                  20017e84    00000008                           : exit.obj (.data)
                  20017e8c    00000008                           : feraiseexcept.obj (.data)
                  20017e94    00000004                           : errno.obj (.data)
                  20017e98    00000004                           : stkdepth_vars.obj (.data)

.TI.persistent 
*          0    20017d40    00000000     UNINITIALIZED

.stack     0    2002ff00    00000100     UNINITIALIZED
                  2002ff00    00000100     --HOLE--


LINKER GENERATED COPY TABLES

__TI_cinit_table @ 20007ea0 records: 2, size/record: 8, table size: 16
	.data: load addr=20007e38, load size=0000004e bytes, run addr=20017d40, run size=0000015c bytes, compression=rle
	.bss: load addr=20007e98, load size=00000008 bytes, run addr=20017800, run size=0000053a bytes, compression=zero_init


LINKER GENERATED HANDLER TABLE

__TI_handler_table @ 20007e88 records: 3, size/record: 4, table size: 12
	index: 0, handler: __TI_decompress_rle24
	index: 1, handler: __TI_decompress_none
	index: 2, handler: __TI_zero_init


GLOBAL SYMBOLS: SORTED ALPHABETICALLY BY Name 

address   name                       
-------   ----                       
200073a5  C$$EXIT                    
20007925  CPUcpsie                   
20005b7d  ClearTerm                  
20005fc7  DmaErrorIntHandler         
20005fb1  DmaSwIntHandler            
20005b87  Error                      
20005bbf  GetCmd                     
20005b3d  InitTerm                   
20006959  IntDisable                 
20006a01  IntEnable                  
20007a0d  IntMasterEnable            
20007199  IntPrioritySet             
2000771d  IntRegister                
2000768d  IntUnregister              
20007939  IntVTableBaseSet           
20005b5b  Message                    
20006469  PRCMCC3200MCUInit          
200078cd  PRCMHIBRegRead             
200078e3  PRCMHIBRegWrite            
20007665  PRCMPeripheralClkDisable   
20007469  PRCMPeripheralClkEnable    
20006b45  PRCMPeripheralClockGet     
200070e9  PRCMPeripheralReset        
2000760d  PRCMSysResetCauseGet       
20006bd9  PinConfigSet               
200073e9  PinModeSet                 
20007795  PinMuxConfig               
20007821  PinTypeUART                
20005cfd  Report                     
200079cf  ResetISR                   
UNDEFED   SHT$$INIT_ARRAY$$Base      
UNDEFED   SHT$$INIT_ARRAY$$Limit     
20005c65  TrimSpace                  
20007779  UARTCharGetNonBlocking     
2000773d  UARTCharPut                
2000783b  UARTCharsAvail             
20006e6f  UARTConfigSetExpClk        
20007853  UARTDMADisable             
2000786b  UARTDMAEnable              
20007551  UARTDisable                
200076b1  UARTEnable                 
20007883  UARTFIFOLevelSet           
2000799d  UARTIntClear               
2000789b  UARTIntEnable              
2000775b  UARTIntRegister            
2000603b  UDMAChannelSelect          
2000610f  UDMADeInit                 
20005fd3  UDMAInit                   
20006069  UDMASetupAutoMemTransfer   
2000609d  UDMASetupPingPongTransfer  
20006123  UDMASetupTransfer          
200060f7  UDMAStartTransfer          
20006103  UDMAStopTransfer           
20007a17  UtilsDelay                 
20007639  _Dclass                    
20017df0  _Denorm                    
20006899  _Dnorm                     
2000659d  _Dscale                    
20006fbb  _Dunscale                  
20017e00  _Eps                       
20017e94  _Errno                     
20017e8c  _Fenv                      
20007581  _Feraise                   
20017e10  _Hugeval                   
20017e20  _Inf                       
20017e30  _Nan                       
20017e50  _Rteps                     
20017e40  _Snan                      
20017e90  _Tls_setup__Fenv           
20017e60  _Xbig                      
20017e68  _Zero                      
20030000  __STACK_END                
00000100  __STACK_SIZE               
00000800  __SYSMEM_SIZE              
20007ea0  __TI_CINIT_Base            
20007eb0  __TI_CINIT_Limit           
20007e88  __TI_Handler_Table_Base    
20007e94  __TI_Handler_Table_Limit   
20006ee5  __TI_auto_init             
20017e84  __TI_cleanup_ptr           
200079c1  __TI_decompress_none       
20007a1d  __TI_decompress_rle24      
20017e88  __TI_dtors_ptr             
200051a1  __TI_printfi               
20007e38  __TI_static_base__         
200079dd  __TI_zero_init             
20006ce9  __aeabi_cdcmpeq            
20006ce9  __aeabi_cdcmple            
20006d6f  __aeabi_cdrcmple           
200072d1  __aeabi_d2iz               
20006187  __aeabi_dadd               
20006333  __aeabi_ddiv               
200066ad  __aeabi_dmul               
2000617d  __aeabi_dsub               
200075b1  __aeabi_i2d                
20006df5  __aeabi_memclr             
20006df5  __aeabi_memclr4            
20006df5  __aeabi_memclr8            
20006aa9  __aeabi_memcpy             
20006aa9  __aeabi_memcpy4            
20006aa9  __aeabi_memcpy8            
20006df7  __aeabi_memset             
20006df7  __aeabi_memset4            
20006df7  __aeabi_memset8            
20005dbd  __aeabi_uldivmod           
ffffffff  __binit__                  
ffffffff  __c_args__                 
2002ff00  __stack                    
200078b5  _args_main                 
200074a5  _c_int00                   
20007a28  _ctypes_                   
20017e7c  _lock                      
2000795b  _nop                       
20007953  _register_lock             
2000794d  _register_unlock           
20017000  _sys_memory                
20007a23  _system_pre_init           
20017e80  _unlock                    
200073a9  abort                      
200071ed  atoi                       
ffffffff  binit                      
20005851  calloc                     
20007239  copy_in                    
200073b1  exit                       
2000751d  feraiseexcept              
2000559f  free                       
200076f9  frexp                      
20004000  g_pfnVectors               
20017c00  gfpAppCallbackHndl         
20017800  gpCtlTbl                   
20017d39  iDone                      
20007319  ldexp                      
20007141  ltoa                       
200058ef  main                       
20017e98  main_func_sp               
20005537  malloc                     
2000576d  memalign                   
200077b1  memccpy                    
20006aa9  memcpy                     
200076d5  memmove                    
20006dfd  memset                     
200054a9  minit                      
200075df  raise                      
20005661  realloc                    
20007429  signal                     
200078f9  strchr                     
20007961  strlen                     
20007285  uDMAChannelAssign          
20007021  uDMAChannelAttributeDisable
20007085  uDMAChannelAttributeEnable 
200074e1  uDMAChannelControlSet      
200077cd  uDMAChannelDisable         
200077e9  uDMAChannelEnable          
20007805  uDMAChannelRequest         
200067a9  uDMAChannelTransferSet     
20007975  uDMAControlBaseSet         
200079e9  uDMADisable                
200079f5  uDMAEnable                 
20007989  uDMAIntClear               
2000790f  uDMAIntRegister            
20007a01  uDMAIntStatus              
200079af  uDMAIntUnregister          
20006c61  vsnprintf                  


GLOBAL SYMBOLS: SORTED BY Symbol Address 

address   name                       
-------   ----                       
00000100  __STACK_SIZE               
00000800  __SYSMEM_SIZE              
20004000  g_pfnVectors               
200051a1  __TI_printfi               
200054a9  minit                      
20005537  malloc                     
2000559f  free                       
20005661  realloc                    
2000576d  memalign                   
20005851  calloc                     
200058ef  main                       
20005b3d  InitTerm                   
20005b5b  Message                    
20005b7d  ClearTerm                  
20005b87  Error                      
20005bbf  GetCmd                     
20005c65  TrimSpace                  
20005cfd  Report                     
20005dbd  __aeabi_uldivmod           
20005fb1  DmaSwIntHandler            
20005fc7  DmaErrorIntHandler         
20005fd3  UDMAInit                   
2000603b  UDMAChannelSelect          
20006069  UDMASetupAutoMemTransfer   
2000609d  UDMASetupPingPongTransfer  
200060f7  UDMAStartTransfer          
20006103  UDMAStopTransfer           
2000610f  UDMADeInit                 
20006123  UDMASetupTransfer          
2000617d  __aeabi_dsub               
20006187  __aeabi_dadd               
20006333  __aeabi_ddiv               
20006469  PRCMCC3200MCUInit          
2000659d  _Dscale                    
200066ad  __aeabi_dmul               
200067a9  uDMAChannelTransferSet     
20006899  _Dnorm                     
20006959  IntDisable                 
20006a01  IntEnable                  
20006aa9  __aeabi_memcpy             
20006aa9  __aeabi_memcpy4            
20006aa9  __aeabi_memcpy8            
20006aa9  memcpy                     
20006b45  PRCMPeripheralClockGet     
20006bd9  PinConfigSet               
20006c61  vsnprintf                  
20006ce9  __aeabi_cdcmpeq            
20006ce9  __aeabi_cdcmple            
20006d6f  __aeabi_cdrcmple           
20006df5  __aeabi_memclr             
20006df5  __aeabi_memclr4            
20006df5  __aeabi_memclr8            
20006df7  __aeabi_memset             
20006df7  __aeabi_memset4            
20006df7  __aeabi_memset8            
20006dfd  memset                     
20006e6f  UARTConfigSetExpClk        
20006ee5  __TI_auto_init             
20006fbb  _Dunscale                  
20007021  uDMAChannelAttributeDisable
20007085  uDMAChannelAttributeEnable 
200070e9  PRCMPeripheralReset        
20007141  ltoa                       
20007199  IntPrioritySet             
200071ed  atoi                       
20007239  copy_in                    
20007285  uDMAChannelAssign          
200072d1  __aeabi_d2iz               
20007319  ldexp                      
200073a5  C$$EXIT                    
200073a9  abort                      
200073b1  exit                       
200073e9  PinModeSet                 
20007429  signal                     
20007469  PRCMPeripheralClkEnable    
200074a5  _c_int00                   
200074e1  uDMAChannelControlSet      
2000751d  feraiseexcept              
20007551  UARTDisable                
20007581  _Feraise                   
200075b1  __aeabi_i2d                
200075df  raise                      
2000760d  PRCMSysResetCauseGet       
20007639  _Dclass                    
20007665  PRCMPeripheralClkDisable   
2000768d  IntUnregister              
200076b1  UARTEnable                 
200076d5  memmove                    
200076f9  frexp                      
2000771d  IntRegister                
2000773d  UARTCharPut                
2000775b  UARTIntRegister            
20007779  UARTCharGetNonBlocking     
20007795  PinMuxConfig               
200077b1  memccpy                    
200077cd  uDMAChannelDisable         
200077e9  uDMAChannelEnable          
20007805  uDMAChannelRequest         
20007821  PinTypeUART                
2000783b  UARTCharsAvail             
20007853  UARTDMADisable             
2000786b  UARTDMAEnable              
20007883  UARTFIFOLevelSet           
2000789b  UARTIntEnable              
200078b5  _args_main                 
200078cd  PRCMHIBRegRead             
200078e3  PRCMHIBRegWrite            
200078f9  strchr                     
2000790f  uDMAIntRegister            
20007925  CPUcpsie                   
20007939  IntVTableBaseSet           
2000794d  _register_unlock           
20007953  _register_lock             
2000795b  _nop                       
20007961  strlen                     
20007975  uDMAControlBaseSet         
20007989  uDMAIntClear               
2000799d  UARTIntClear               
200079af  uDMAIntUnregister          
200079c1  __TI_decompress_none       
200079cf  ResetISR                   
200079dd  __TI_zero_init             
200079e9  uDMADisable                
200079f5  uDMAEnable                 
20007a01  uDMAIntStatus              
20007a0d  IntMasterEnable            
20007a17  UtilsDelay                 
20007a1d  __TI_decompress_rle24      
20007a23  _system_pre_init           
20007a28  _ctypes_                   
20007e38  __TI_static_base__         
20007e88  __TI_Handler_Table_Base    
20007e94  __TI_Handler_Table_Limit   
20007ea0  __TI_CINIT_Base            
20007eb0  __TI_CINIT_Limit           
20017000  _sys_memory                
20017800  gpCtlTbl                   
20017c00  gfpAppCallbackHndl         
20017d39  iDone                      
20017df0  _Denorm                    
20017e00  _Eps                       
20017e10  _Hugeval                   
20017e20  _Inf                       
20017e30  _Nan                       
20017e40  _Snan                      
20017e50  _Rteps                     
20017e60  _Xbig                      
20017e68  _Zero                      
20017e7c  _lock                      
20017e80  _unlock                    
20017e84  __TI_cleanup_ptr           
20017e88  __TI_dtors_ptr             
20017e8c  _Fenv                      
20017e90  _Tls_setup__Fenv           
20017e94  _Errno                     
20017e98  main_func_sp               
2002ff00  __stack                    
20030000  __STACK_END                
ffffffff  __binit__                  
ffffffff  __c_args__                 
ffffffff  binit                      
UNDEFED   SHT$$INIT_ARRAY$$Base      
UNDEFED   SHT$$INIT_ARRAY$$Limit     

[163 symbols]
