******************************************************************************
                  TI ARM Linker PC v5.2.2                      
******************************************************************************
>> Linked Fri Jun 19 18:56:52 2015

OUTPUT FILE NAME:   <interrupt.out>
ENTRY POINT SYMBOL: "_c_int00"  address: 2000791d


MEMORY CONFIGURATION

         name            origin    length      used     unused   attr    fill
----------------------  --------  ---------  --------  --------  ----  --------
  SRAM_CODE             20004000   00013000  000042e4  0000ed1c  RW X
  SRAM_DATA             20017000   00019000  0000919a  0000fe66  RW X


SEGMENT ALLOCATION MAP

run origin  load origin   length   init length attrs members
----------  ----------- ---------- ----------- ----- -------
20004000    20004000    000042e8   000042e8    r-x
  20004000    20004000    00000400   00000400    r-- .intvecs
  20004400    20004400    00003a6c   00003a6c    r-x .text
  20007e6c    20007e6c    00000400   00000400    r-- .const
  20008270    20008270    00000078   00000078    r-- .cinit
20017000    20017000    0000819a   00000000    rw-
  20017000    20017000    00008000   00000000    rw- .sysmem
  2001f000    2001f000    00000168   00000000    rw- .data
  2001f168    2001f168    00000032   00000000    rw- .bss
2002f000    2002f000    00001000   00000000    rw-
  2002f000    2002f000    00001000   00000000    rw- .stack


SECTION ALLOCATION MAP

 output                                  attributes/
section   page    origin      length       input sections
--------  ----  ----------  ----------   ----------------
.intvecs   0    20004000    00000400     
                  20004000    00000400     startup_ccs.obj (.intvecs)

.init_array 
*          0    20004000    00000000     UNINITIALIZED

.text      0    20004400    00003a6c     
                  20004400    000010a6     rtsv7M4_T_le_eabi.lib : _printfi.obj (.text)
                  200054a6    00000002     driverlib.a : interrupt.obj (.text:IntDefaultHandler)
                  200054a8    00000764     main.obj (.text)
                  20005c0c    000003dc     rtsv7M4_T_le_eabi.lib : memory.obj (.text)
                  20005fe8    00000280     systick_if.obj (.text)
                  20006268    00000280     uart_if.obj (.text)
                  200064e8    000001f4     rtsv7M4_T_le_eabi.lib : ull_div_t2.obj (.text)
                  200066dc    000001b6                           : fd_add_t2.obj (.text)
                  20006892    00000136                           : fd_div_t2.obj (.text)
                  200069c8    00000134     driverlib.a : prcm.obj (.text:PRCMCC3200MCUInit)
                  20006afc    00000110     rtsv7M4_T_le_eabi.lib : xdscale.obj (.text)
                  20006c0c    000000fc                           : fd_mul_t2.obj (.text)
                  20006d08    000000be                           : xdnorm.obj (.text)
                  20006dc6    00000002     --HOLE-- [fill = 0]
                  20006dc8    000000a8     driverlib.a : interrupt.obj (.text:IntDisable)
                  20006e70    000000a8                 : interrupt.obj (.text:IntEnable)
                  20006f18    0000009c     rtsv7M4_T_le_eabi.lib : memcpy_t2.obj (.text)
                  20006fb4    00000094     driverlib.a : prcm.obj (.text:PRCMPeripheralClockGet)
                  20007048    00000088                 : pin.obj (.text:PinConfigSet)
                  200070d0    00000088     rtsv7M4_T_le_eabi.lib : vsnprintf.obj (.text)
                  20007158    00000086                           : fd_cmp_t2.obj (.text:__aeabi_cdcmple)
                  200071de    00000086                           : fd_cmp_t2.obj (.text:__aeabi_cdrcmple)
                  20007264    0000007a                           : memset_t2.obj (.text)
                  200072de    00000076     driverlib.a : uart.obj (.text:UARTConfigSetExpClk)
                  20007354    00000070                 : timer.obj (.text:TimerIntRegister)
                  200073c4    0000006c     rtsv7M4_T_le_eabi.lib : autoinit.obj (.text)
                  20007430    0000006a                           : copy_decompress_rle.obj (.text)
                  2000749a    00000002     --HOLE-- [fill = 0]
                  2000749c    00000068     driverlib.a : timer.obj (.text:TimerIntUnregister)
                  20007504    00000066     rtsv7M4_T_le_eabi.lib : xdunscal.obj (.text)
                  2000756a    00000002     --HOLE-- [fill = 0]
                  2000756c    00000058     driverlib.a : prcm.obj (.text:PRCMPeripheralReset)
                  200075c4    00000056     rtsv7M4_T_le_eabi.lib : ltoa.obj (.text)
                  2000761a    00000002     --HOLE-- [fill = 0]
                  2000761c    00000054     driverlib.a : interrupt.obj (.text:IntPrioritySet)
                  20007670    0000004c     rtsv7M4_T_le_eabi.lib : atoi.obj (.text)
                  200076bc    0000004c                           : cpy_tbl.obj (.text)
                  20007708    00000048                           : fd_toi_t2.obj (.text)
                  20007750    00000046                           : ldexp.obj (.text)
                  20007796    00000002     --HOLE-- [fill = 0]
                  20007798    00000044     driverlib.a : timer.obj (.text:TimerConfigure)
                  200077dc    00000044     rtsv7M4_T_le_eabi.lib : exit.obj (.text)
                  20007820    00000040     driverlib.a : interrupt.obj (.text:IntPriorityGroupingGet)
                  20007860    00000040                 : pin.obj (.text:PinModeSet)
                  200078a0    00000040     rtsv7M4_T_le_eabi.lib : signal.obj (.text)
                  200078e0    0000003c     driverlib.a : prcm.obj (.text:PRCMPeripheralClkEnable)
                  2000791c    0000003c     rtsv7M4_T_le_eabi.lib : boot.obj (.text)
                  20007958    00000034                           : feraiseexcept.obj (.text)
                  2000798c    00000030     driverlib.a : uart.obj (.text:UARTDisable)
                  200079bc    00000030     rtsv7M4_T_le_eabi.lib : xferaise.obj (.text)
                  200079ec    0000002e                           : i_tofd_t2.obj (.text)
                  20007a1a    0000002e                           : raise.obj (.text)
                  20007a48    0000002c     driverlib.a : prcm.obj (.text:PRCMSysResetCauseGet)
                  20007a74    0000002a                 : timer.obj (.text:TimerLoadSet)
                  20007a9e    0000002a     rtsv7M4_T_le_eabi.lib : xdclass.obj (.text)
                  20007ac8    00000028     driverlib.a : interrupt.obj (.text:IntPriorityGet)
                  20007af0    00000028                 : interrupt.obj (.text:IntPriorityGroupingSet)
                  20007b18    00000028                 : prcm.obj (.text:PRCMPeripheralClkDisable)
                  20007b40    00000024                 : interrupt.obj (.text:IntUnregister)
                  20007b64    00000024                 : uart.obj (.text:UARTEnable)
                  20007b88    00000024     rtsv7M4_T_le_eabi.lib : memmov.obj (.text)
                  20007bac    00000022                           : frexp.obj (.text)
                  20007bce    00000002     --HOLE-- [fill = 0]
                  20007bd0    00000020     driverlib.a : interrupt.obj (.text:IntRegister)
                  20007bf0    0000001e                 : timer.obj (.text:TimerDisable)
                  20007c0e    0000001e                 : timer.obj (.text:TimerEnable)
                  20007c2c    0000001e                 : timer.obj (.text:TimerIntStatus)
                  20007c4a    0000001e                 : uart.obj (.text:UARTCharPut)
                  20007c68    0000001c                 : uart.obj (.text:UARTCharGetNonBlocking)
                  20007c84    0000001c     pinmux.obj (.text)
                  20007ca0    0000001c     rtsv7M4_T_le_eabi.lib : memccpy.obj (.text)
                  20007cbc    0000001a     driverlib.a : pin.obj (.text:PinTypeUART)
                  20007cd6    00000002     --HOLE-- [fill = 0]
                  20007cd8    00000018                 : systick.obj (.text:SysTickPeriodSet)
                  20007cf0    00000018                 : timer.obj (.text:TimerIntDisable)
                  20007d08    00000018                 : timer.obj (.text:TimerIntEnable)
                  20007d20    00000018                 : uart.obj (.text:UARTCharsAvail)
                  20007d38    00000018     rtsv7M4_T_le_eabi.lib : args_main.obj (.text)
                  20007d50    00000016     driverlib.a : prcm.obj (.text:PRCMHIBRegRead)
                  20007d66    00000016                 : prcm.obj (.text:PRCMHIBRegWrite)
                  20007d7c    00000016     rtsv7M4_T_le_eabi.lib : strchr.obj (.text)
                  20007d92    00000014     driverlib.a : cpu.obj (.text:CPUcpsie)
                  20007da6    00000002     --HOLE-- [fill = 0]
                  20007da8    00000014                 : interrupt.obj (.text:IntVTableBaseSet)
                  20007dbc    00000014     rtsv7M4_T_le_eabi.lib : _lock.obj (.text)
                  20007dd0    00000014                           : strlen.obj (.text)
                  20007de4    00000012     driverlib.a : timer.obj (.text:TimerIntClear)
                  20007df6    00000002     --HOLE-- [fill = 0]
                  20007df8    00000010                 : systick.obj (.text:SysTickEnable)
                  20007e08    00000010                 : systick.obj (.text:SysTickIntEnable)
                  20007e18    0000000e     rtsv7M4_T_le_eabi.lib : copy_decompress_none.obj (.text:decompress:none)
                  20007e26    0000000e     startup_ccs.obj (.text)
                  20007e34    0000000c     driverlib.a : systick.obj (.text:SysTickValueGet)
                  20007e40    0000000c     rtsv7M4_T_le_eabi.lib : copy_zero_init.obj (.text:decompress:ZI)
                  20007e4c    0000000a     driverlib.a : interrupt.obj (.text:IntMasterEnable)
                  20007e56    00000006     systick_if.obj (.text:SysCtlDelay)
                  20007e5c    00000006     driverlib.a : utils.obj (.text:UtilsDelay)
                  20007e62    00000006     rtsv7M4_T_le_eabi.lib : copy_decompress_rle.obj (.text:decompress:rle24)
                  20007e68    00000004                           : pre_init.obj (.text)

.const     0    20007e6c    00000400     
                  20007e6c    00000101     rtsv7M4_T_le_eabi.lib : ctype.obj (.const:.string:_ctypes_)
                  20007f6d    00000003     --HOLE-- [fill = 0]
                  20007f70    00000100     driverlib.a : pin.obj (.const:g_ulPinToPadMap)
                  20008070    000000d4                 : interrupt.obj (.const:g_pulRegs)
                  20008144    000000a8                 : prcm.obj (.const:PRCM_PeriphRegsList)
                  200081ec    00000080                 : interrupt.obj (.const)

.cinit     0    20008270    00000078     
                  20008270    0000004e     (.cinit..data.load) [load image, compression = rle]
                  200082be    00000002     --HOLE-- [fill = 0]
                  200082c0    0000000c     (__TI_handler_table)
                  200082cc    00000004     --HOLE-- [fill = 0]
                  200082d0    00000008     (.cinit..bss.load) [load image, compression = zero_init]
                  200082d8    00000010     (__TI_cinit_table)

.sysmem    0    20017000    00008000     UNINITIALIZED
                  20017000    00000008     rtsv7M4_T_le_eabi.lib : memory.obj (.sysmem)
                  20017008    00007ff8     --HOLE--

.data      0    2001f000    00000168     UNINITIALIZED
                  2001f000    000000b0     rtsv7M4_T_le_eabi.lib : signal.obj (.data:sigtable)
                  2001f0b0    00000080                           : xvalues.obj (.data)
                  2001f130    0000000c                           : memory.obj (.data)
                  2001f13c    0000000c     systick_if.obj (.data)
                  2001f148    00000008     rtsv7M4_T_le_eabi.lib : _lock.obj (.data)
                  2001f150    00000008                           : exit.obj (.data)
                  2001f158    00000008                           : feraiseexcept.obj (.data)
                  2001f160    00000004                           : errno.obj (.data)
                  2001f164    00000004                           : stkdepth_vars.obj (.data)

.TI.persistent 
*          0    2001f000    00000000     UNINITIALIZED

.bss       0    2001f168    00000032     UNINITIALIZED
                  2001f168    00000004     (.common:__Errorlog)
                  2001f16c    00000004     (.common:g_lPriorityGrouping)
                  2001f170    00000004     (.common:g_ulA0IntCount)
                  2001f174    00000004     (.common:g_ulA1IntCount)
                  2001f178    00000004     (.common:g_ulA2IntCount)
                  2001f17c    00000004     (.common:g_ulClockRate)
                  2001f180    00000004     (.common:g_ulSysTickMs)
                  2001f184    00000004     (.common:g_ulSysTickRounding)
                  2001f188    00000004     (.common:g_ulTimer0APriority)
                  2001f18c    00000004     (.common:g_ulTimer1APriority)
                  2001f190    00000004     (.common:g_ulTimerSysTicks)
                  2001f194    00000004     (.common:ulSysTimeStart$1)
                  2001f198    00000001     (.common:g_bA1CountChanged)
                  2001f199    00000001     (.common:g_bA2CountChanged)

.TI.noinit 
*          0    2001f168    00000000     UNINITIALIZED

.stack     0    2002f000    00001000     UNINITIALIZED
                  2002f000    00001000     --HOLE--


LINKER GENERATED COPY TABLES

__TI_cinit_table @ 200082d8 records: 2, size/record: 8, table size: 16
	.data: load addr=20008270, load size=0000004e bytes, run addr=2001f000, run size=00000168 bytes, compression=rle
	.bss: load addr=200082d0, load size=00000008 bytes, run addr=2001f168, run size=00000032 bytes, compression=zero_init


LINKER GENERATED HANDLER TABLE

__TI_handler_table @ 200082c0 records: 3, size/record: 4, table size: 12
	index: 0, handler: __TI_decompress_rle24
	index: 1, handler: __TI_decompress_none
	index: 2, handler: __TI_zero_init


GLOBAL SYMBOLS: SORTED ALPHABETICALLY BY Name 

address   name                    
-------   ----                    
200077dd  C$$EXIT                 
20007d93  CPUcpsie                
200062a9  ClearTerm               
20005741  DoInterruptTest         
200062b3  Error                   
200062eb  GetCmd                  
20006269  InitTerm                
20006dc9  IntDisable              
20006e71  IntEnable               
20007e4d  IntMasterEnable         
20007ac9  IntPriorityGet          
20007821  IntPriorityGroupingGet  
20007af1  IntPriorityGroupingSet  
2000761d  IntPrioritySet          
20007bd1  IntRegister             
20007b41  IntUnregister           
20007da9  IntVTableBaseSet        
20006287  Message                 
200069c9  PRCMCC3200MCUInit       
20007d51  PRCMHIBRegRead          
20007d67  PRCMHIBRegWrite         
20007b19  PRCMPeripheralClkDisable
200078e1  PRCMPeripheralClkEnable 
20006fb5  PRCMPeripheralClockGet  
2000756d  PRCMPeripheralReset     
20007a49  PRCMSysResetCauseGet    
20005621  PerformIntTest          
20007049  PinConfigSet            
20007861  PinModeSet              
20007c85  PinMuxConfig            
20007cbd  PinTypeUART             
20006429  Report                  
20007e27  ResetISR                
UNDEFED   SHT$$INIT_ARRAY$$Base   
UNDEFED   SHT$$INIT_ARRAY$$Limit  
20007e57  SysCtlDelay             
20007df9  SysTickEnable           
20005fe9  SysTickHandler          
2000607b  SysTickInit             
20007e09  SysTickIntEnable        
20007cd9  SysTickPeriodSet        
20007e35  SysTickValueGet         
20007799  TimerConfigure          
20007bf1  TimerDisable            
20007c0f  TimerEnable             
20007de5  TimerIntClear           
20007cf1  TimerIntDisable         
20007d09  TimerIntEnable          
20007355  TimerIntRegister        
20007c2d  TimerIntStatus          
2000749d  TimerIntUnregister      
20007a75  TimerLoadSet            
20006391  TrimSpace               
20007c69  UARTCharGetNonBlocking  
20007c4b  UARTCharPut             
20007d21  UARTCharsAvail          
200072df  UARTConfigSetExpClk     
2000798d  UARTDisable             
20007b65  UARTEnable              
2000621d  UTUtilsDelay            
2000620b  UTUtilsDelayCycles      
2000611d  UTUtilsGetSysTime       
200061c5  UTUtilsWaitForCount     
20007e5d  UtilsDelay              
20007a9f  _Dclass                 
2001f0b0  _Denorm                 
20006d09  _Dnorm                  
20006afd  _Dscale                 
20007505  _Dunscale               
2001f0c0  _Eps                    
2001f160  _Errno                  
2001f158  _Fenv                   
200079bd  _Feraise                
2001f0d0  _Hugeval                
2001f0e0  _Inf                    
2001f0f0  _Nan                    
2001f110  _Rteps                  
2001f100  _Snan                   
2001f15c  _Tls_setup__Fenv        
2001f120  _Xbig                   
2001f128  _Zero                   
20030000  __STACK_END             
00001000  __STACK_SIZE            
00008000  __SYSMEM_SIZE           
200082d8  __TI_CINIT_Base         
200082e8  __TI_CINIT_Limit        
200082c0  __TI_Handler_Table_Base 
200082cc  __TI_Handler_Table_Limit
200073c5  __TI_auto_init          
2001f150  __TI_cleanup_ptr        
20007e19  __TI_decompress_none    
20007e63  __TI_decompress_rle24   
2001f154  __TI_dtors_ptr          
200051a1  __TI_printfi            
20008270  __TI_static_base__      
20007e41  __TI_zero_init          
20007159  __aeabi_cdcmpeq         
20007159  __aeabi_cdcmple         
200071df  __aeabi_cdrcmple        
20007709  __aeabi_d2iz            
200066e7  __aeabi_dadd            
20006893  __aeabi_ddiv            
20006c0d  __aeabi_dmul            
200066dd  __aeabi_dsub            
200079ed  __aeabi_i2d             
20007265  __aeabi_memclr          
20007265  __aeabi_memclr4         
20007265  __aeabi_memclr8         
20006f19  __aeabi_memcpy          
20006f19  __aeabi_memcpy4         
20006f19  __aeabi_memcpy8         
20007267  __aeabi_memset          
20007267  __aeabi_memset4         
20007267  __aeabi_memset8         
200064e9  __aeabi_uldivmod        
ffffffff  __binit__               
ffffffff  __c_args__              
2002f000  __stack                 
20007d39  _args_main              
2000791d  _c_int00                
20007e6c  _ctypes_                
2001f148  _lock                   
20007dcb  _nop                    
20007dc3  _register_lock          
20007dbd  _register_unlock        
20017000  _sys_memory             
20007e69  _system_pre_init        
2001f14c  _unlock                 
200077e1  abort                   
20007671  atoi                    
ffffffff  binit                   
20005fb5  calloc                  
200076bd  copy_in                 
200077e9  exit                    
20007959  feraiseexcept           
20005d03  free                    
20007bad  frexp                   
20004000  g_pfnVectors            
2001f17c  g_ulClockRate           
20007751  ldexp                   
200075c5  ltoa                    
20005987  main                    
2001f164  main_func_sp            
20005c9b  malloc                  
20005ed1  memalign                
20007ca1  memccpy                 
20006f19  memcpy                  
20007b89  memmove                 
2000726d  memset                  
20005c0d  minit                   
20007a1b  raise                   
20005dc5  realloc                 
200078a1  signal                  
20007d7d  strchr                  
20007dd1  strlen                  
200070d1  vsnprintf               


GLOBAL SYMBOLS: SORTED BY Symbol Address 

address   name                    
-------   ----                    
00001000  __STACK_SIZE            
00008000  __SYSMEM_SIZE           
20004000  g_pfnVectors            
200051a1  __TI_printfi            
20005621  PerformIntTest          
20005741  DoInterruptTest         
20005987  main                    
20005c0d  minit                   
20005c9b  malloc                  
20005d03  free                    
20005dc5  realloc                 
20005ed1  memalign                
20005fb5  calloc                  
20005fe9  SysTickHandler          
2000607b  SysTickInit             
2000611d  UTUtilsGetSysTime       
200061c5  UTUtilsWaitForCount     
2000620b  UTUtilsDelayCycles      
2000621d  UTUtilsDelay            
20006269  InitTerm                
20006287  Message                 
200062a9  ClearTerm               
200062b3  Error                   
200062eb  GetCmd                  
20006391  TrimSpace               
20006429  Report                  
200064e9  __aeabi_uldivmod        
200066dd  __aeabi_dsub            
200066e7  __aeabi_dadd            
20006893  __aeabi_ddiv            
200069c9  PRCMCC3200MCUInit       
20006afd  _Dscale                 
20006c0d  __aeabi_dmul            
20006d09  _Dnorm                  
20006dc9  IntDisable              
20006e71  IntEnable               
20006f19  __aeabi_memcpy          
20006f19  __aeabi_memcpy4         
20006f19  __aeabi_memcpy8         
20006f19  memcpy                  
20006fb5  PRCMPeripheralClockGet  
20007049  PinConfigSet            
200070d1  vsnprintf               
20007159  __aeabi_cdcmpeq         
20007159  __aeabi_cdcmple         
200071df  __aeabi_cdrcmple        
20007265  __aeabi_memclr          
20007265  __aeabi_memclr4         
20007265  __aeabi_memclr8         
20007267  __aeabi_memset          
20007267  __aeabi_memset4         
20007267  __aeabi_memset8         
2000726d  memset                  
200072df  UARTConfigSetExpClk     
20007355  TimerIntRegister        
200073c5  __TI_auto_init          
2000749d  TimerIntUnregister      
20007505  _Dunscale               
2000756d  PRCMPeripheralReset     
200075c5  ltoa                    
2000761d  IntPrioritySet          
20007671  atoi                    
200076bd  copy_in                 
20007709  __aeabi_d2iz            
20007751  ldexp                   
20007799  TimerConfigure          
200077dd  C$$EXIT                 
200077e1  abort                   
200077e9  exit                    
20007821  IntPriorityGroupingGet  
20007861  PinModeSet              
200078a1  signal                  
200078e1  PRCMPeripheralClkEnable 
2000791d  _c_int00                
20007959  feraiseexcept           
2000798d  UARTDisable             
200079bd  _Feraise                
200079ed  __aeabi_i2d             
20007a1b  raise                   
20007a49  PRCMSysResetCauseGet    
20007a75  TimerLoadSet            
20007a9f  _Dclass                 
20007ac9  IntPriorityGet          
20007af1  IntPriorityGroupingSet  
20007b19  PRCMPeripheralClkDisable
20007b41  IntUnregister           
20007b65  UARTEnable              
20007b89  memmove                 
20007bad  frexp                   
20007bd1  IntRegister             
20007bf1  TimerDisable            
20007c0f  TimerEnable             
20007c2d  TimerIntStatus          
20007c4b  UARTCharPut             
20007c69  UARTCharGetNonBlocking  
20007c85  PinMuxConfig            
20007ca1  memccpy                 
20007cbd  PinTypeUART             
20007cd9  SysTickPeriodSet        
20007cf1  TimerIntDisable         
20007d09  TimerIntEnable          
20007d21  UARTCharsAvail          
20007d39  _args_main              
20007d51  PRCMHIBRegRead          
20007d67  PRCMHIBRegWrite         
20007d7d  strchr                  
20007d93  CPUcpsie                
20007da9  IntVTableBaseSet        
20007dbd  _register_unlock        
20007dc3  _register_lock          
20007dcb  _nop                    
20007dd1  strlen                  
20007de5  TimerIntClear           
20007df9  SysTickEnable           
20007e09  SysTickIntEnable        
20007e19  __TI_decompress_none    
20007e27  ResetISR                
20007e35  SysTickValueGet         
20007e41  __TI_zero_init          
20007e4d  IntMasterEnable         
20007e57  SysCtlDelay             
20007e5d  UtilsDelay              
20007e63  __TI_decompress_rle24   
20007e69  _system_pre_init        
20007e6c  _ctypes_                
20008270  __TI_static_base__      
200082c0  __TI_Handler_Table_Base 
200082cc  __TI_Handler_Table_Limit
200082d8  __TI_CINIT_Base         
200082e8  __TI_CINIT_Limit        
20017000  _sys_memory             
2001f0b0  _Denorm                 
2001f0c0  _Eps                    
2001f0d0  _Hugeval                
2001f0e0  _Inf                    
2001f0f0  _Nan                    
2001f100  _Snan                   
2001f110  _Rteps                  
2001f120  _Xbig                   
2001f128  _Zero                   
2001f148  _lock                   
2001f14c  _unlock                 
2001f150  __TI_cleanup_ptr        
2001f154  __TI_dtors_ptr          
2001f158  _Fenv                   
2001f15c  _Tls_setup__Fenv        
2001f160  _Errno                  
2001f164  main_func_sp            
2001f17c  g_ulClockRate           
2002f000  __stack                 
20030000  __STACK_END             
ffffffff  __binit__               
ffffffff  __c_args__              
ffffffff  binit                   
UNDEFED   SHT$$INIT_ARRAY$$Base   
UNDEFED   SHT$$INIT_ARRAY$$Limit  

[156 symbols]
