******************************************************************************
                  TI ARM Linker PC v5.2.2                      
******************************************************************************
>> Linked Fri Jun 19 19:06:29 2015

OUTPUT FILE NAME:   <ota_update_os.out>
ENTRY POINT SYMBOL: "_c_int00"  address: 20011bb1


MEMORY CONFIGURATION

         name            origin    length      used     unused   attr    fill
----------------------  --------  ---------  --------  --------  ----  --------
  SRAM_CODE             20004000   00012fff  00012562  00000a9d  RW X
  SRAM_DATA             20017000   00019000  0000d513  0000baed  RW X


SEGMENT ALLOCATION MAP

run origin  load origin   length   init length attrs members
----------  ----------- ---------- ----------- ----- -------
20004000    20004000    00012568   00012568    r-x
  20004000    20004000    0000030c   0000030c    r-- .resetVecs
  20004310    20004310    0000f862   0000f862    r-x .text
  20013b74    20013b74    00002674   00002674    r-- .const
  200161e8    200161e8    00000380   00000380    r-- .cinit
20017000    20017000    0000b514   00000000    rw-
  20017000    20017000    0000af9f   00000000    rw- .bss
  20021fa0    20021fa0    00000574   00000000    rw- .data
2002e000    2002e000    00002000   00000000    rw-
  2002e000    2002e000    00002000   00000000    rw- .stack


SECTION ALLOCATION MAP

 output                                  attributes/
section   page    origin      length       input sections
--------  ----  ----------  ----------   ----------------
.bootVecs 
*          0    00000000    00000008     DSECT
                  00000000    00000008     boot.aem4 : boot.oem4 (.bootVecs)

.vecs      0    20004000    00000000     DSECT

.resetVecs 
*          0    20004000    0000030c     
                  20004000    0000030c     app_pem4.oem4 (.resetVecs)

xdc.meta   0    00000000    000000ee     COPY SECTION
                  00000000    000000ee     app_pem4.oem4 (xdc.meta)

.init_array 
*          0    20004000    00000000     UNINITIALIZED

.text      0    20004310    0000f862     
                  20004310    000010a6     rtsv7M4_T_le_eabi.lib : _printfi.obj (.text)
                  200053b6    00000002     driverlib.a : interrupt.obj (.text:IntDefaultHandler)
                  200053b8    00000dec     main.obj (.text)
                  200061a4    00000610     ota.a : OtaHttp.obj (.text)
                  200067b4    000005ec     simplelink.a : driver.obj (.text:_SlDrvMsgRead)
                  20006da0    00000544     ti_rtos.a : osi_tirtos.obj (.text)
                  200072e4    00000004     app_pem4.oem4 (.text:ti_sysbios_BIOS_RtsGateProxy_enter__E)
                  200072e8    00000430     sysbios.aem4 : BIOS.obj (.text:ti_sysbios_family_arm_m3_Hwi_excDumpRegs__I)
                  20007718    00000424     ota.a : OtaClient.obj (.text)
                  20007b3c    0000040c           : OtaApp.obj (.text)
                  20007f48    00000390     net.obj (.text)
                  200082d8    0000035c     ota.a : CdnClient.obj (.text)
                  20008634    0000034c     ti.targets.arm.rtsarm.aem4 : System.oem4 (.text:xdc_runtime_System_doPrint__I)
                  20008980    00000338     ota.a : LogClient.obj (.text)
                  20008cb8    00000314     sysbios.aem4 : BIOS.obj (.text:ti_sysbios_knl_Semaphore_pend__E)
                  20008fcc    000002d4     rtsv7M4_T_le_eabi.lib : trgdrv.obj (.text)
                  200092a0    00000280     uart_if.obj (.text)
                  20009520    00000254     sysbios.aem4 : BIOS.obj (.text:ti_sysbios_heaps_HeapMem_free__E)
                  20009774    00000248     simplelink.a : driver.obj (.text:_SlDrvRxHdrRead)
                  200099bc    00000244                  : wlan.obj (.text:sl_WlanConnect)
                  20009c00    00000240     sysbios.aem4 : BIOS.obj (.text:ti_sysbios_heaps_HeapMem_alloc__E)
                  20009e40    0000022c                  : BIOS.obj (.text:ti_sysbios_knl_Task_Instance_finalize__E)
                  2000a06c    00000004     app_pem4.oem4 (.text:ti_sysbios_BIOS_RtsGateProxy_leave__E)
                  2000a070    00000200     sysbios.aem4 : BIOS.obj (.text:ti_sysbios_knl_Task_sleep__E)
                  2000a270    000001fc                  : BIOS.obj (.text:ti_sysbios_family_arm_m3_Hwi_excHandlerMax__I)
                  2000a46c    000001f4     rtsv7M4_T_le_eabi.lib : ull_div_t2.obj (.text)
                  2000a660    000001d0     simplelink.a : driver.obj (.text:_SlDrvReleasePoolObj)
                  2000a830    000001cc                  : driver.obj (.text:_SlDrvMsgWrite)
                  2000a9fc    00000004     app_pem4.oem4 (.text:ti_sysbios_family_arm_m3_Hwi_delete)
                  2000aa00    000001c8     sysbios.aem4 : BIOS.obj (.text:ti_sysbios_knl_Task_Instance_init__E)
                  2000abc8    000001c0     udma_if.obj (.text)
                  2000ad88    000001b6     rtsv7M4_T_le_eabi.lib : fd_add_t2.obj (.text)
                  2000af3e    00000002     app_pem4.oem4 (.text:ti_sysbios_BIOS_nullFunc__I)
                  2000af40    0000019c     sysbios.aem4 : BIOS.obj (.text:ti_sysbios_knl_Task_Module_startup__E)
                  2000b0dc    00000190     simplelink.a : driver.obj (.text:_SlDrvWaitForPoolObj)
                  2000b26c    00000184     flc.a : flc.obj (.text)
                  2000b3f0    00000174     simplelink.a : driver.obj (.text:_SlDrvDriverCBInit)
                  2000b564    00000004     app_pem4.oem4 (.text:ti_sysbios_family_arm_m3_TaskSupport_Module__startupDone__S)
                  2000b568    00000174     sysbios.aem4 : BIOS.obj (.text:ti_sysbios_family_arm_m3_Hwi_excBusFault__I)
                  2000b6dc    00000170     simplelink.a : driver.obj (.text:_SlFindAndSetActiveObj)
                  2000b84c    00000004     app_pem4.oem4 (.text:ti_sysbios_heaps_HeapMem_Module_GateProxy_enter__E)
                  2000b850    00000164     sysbios.aem4 : BIOS.obj (.text:ti_sysbios_family_arm_m3_Hwi_excUsageFault__I)
                  2000b9b4    00000004     app_pem4.oem4 (.text:ti_sysbios_heaps_HeapMem_Module_GateProxy_leave__E)
                  2000b9b8    00000158     sysbios.aem4 : BIOS.obj (.text:ti_sysbios_knl_Mailbox_Instance_init__E)
                  2000bb10    00000150     button_if.obj (.text)
                  2000bc60    0000014c     simplelink.a : cc_pal.obj (.text:spi_Open)
                  2000bdac    00000004     app_pem4.oem4 (.text:ti_sysbios_knl_Clock_TimerProxy_getMaxTicks__E)
                  2000bdb0    00000148     sysbios.aem4 : BIOS.obj (.text:ti_sysbios_family_arm_m3_Hwi_excMemFault__I)
                  2000bef8    00000140                  : BIOS.obj (.text:ti_sysbios_knl_Semaphore_post__E)
                  2000c038    0000013c                  : BIOS.obj (.text:ti_sysbios_heaps_HeapMem_Instance_init__E)
                  2000c174    00000004     app_pem4.oem4 (.text:ti_sysbios_knl_Mailbox_delete)
                  2000c178    00000138     sysbios.aem4 : BIOS.obj (.text:ti_sysbios_family_arm_m3_Hwi_dispatchC__I)
                  2000c2b0    00000138     ti.targets.arm.rtsarm.aem4 : LoggerBuf.oem4 (.text:xdc_runtime_LoggerBuf_write8__E)
                  2000c3e8    00000136     rtsv7M4_T_le_eabi.lib : fd_div_t2.obj (.text)
                  2000c51e    00000002     app_pem4.oem4 (.text:xdc_runtime_Startup_reset__I)
                  2000c520    00000134     driverlib.a : prcm.obj (.text:PRCMCC3200MCUInit)
                  2000c654    00000004     app_pem4.oem4 (.text:ti_sysbios_knl_Queue_destruct)
                  2000c658    00000134     sysbios.aem4 : BIOS.obj (.text:ti_sysbios_knl_Clock_workFunc__E)
                  2000c78c    00000128     simplelink.a : driver.obj (.text:_SlDrvDataReadOp)
                  2000c8b4    00000004     app_pem4.oem4 (.text:ti_sysbios_knl_Semaphore_delete)
                  2000c8b8    0000011c     sysbios.aem4 : BIOS.obj (.text:ti_sysbios_knl_Swi_run__I)
                  2000c9d4    00000118     simplelink.a : socket.obj (.text:sl_SendTo)
                  2000caec    00000118     ti.targets.arm.rtsarm.aem4 : Error.oem4 (.text:xdc_runtime_Error_policyDefault__E)
                  2000cc04    00000110     rtsv7M4_T_le_eabi.lib : xdscale.obj (.text)
                  2000cd14    00000108     simplelink.a : socket.obj (.text:sl_Connect)
                  2000ce1c    00000108                  : socket.obj (.text:sl_Send)
                  2000cf24    00000104                  : driver.obj (.text:_SlDrvDataWriteOp)
                  2000d028    00000104                  : netapp.obj (.text:sl_NetAppDnsGetHostByName)
                  2000d12c    00000100     ti.targets.arm.rtsarm.aem4 : Core-mem.oem4 (.text:xdc_runtime_Core_createObject__I)
                  2000d22c    000000fe     simplelink.a : netapp.obj (.text:_SlDrvNetAppEventHandler)
                  2000d32a    000000fc     rtsv7M4_T_le_eabi.lib : fd_mul_t2.obj (.text)
                  2000d426    00000002     --HOLE-- [fill = 0]
                  2000d428    000000f8     ti.targets.arm.rtsarm.aem4 : Startup.oem4 (.text:xdc_runtime_Startup_startMods__I)
                  2000d520    000000f8     app_pem4.oem4 (.text:xdc_runtime_System_printfExtend__I)
                  2000d618    000000f4     simplelink.a : driver.obj (.text:_SlDrvDriverCBDeinit)
                  2000d70c    000000f4                  : fs.obj (.text:sl_FsRead)
                  2000d800    000000f0     driverlib.a : udma.obj (.text:uDMAChannelTransferSet)
                  2000d8f0    000000ec     simplelink.a : fs.obj (.text:sl_FsWrite)
                  2000d9dc    000000dc                  : cc_pal.obj (.text:spi_Read)
                  2000dab8    000000d8                  : driver.obj (.text:_SlDrvClassifyRxMsg)
                  2000db90    000000d4                  : device.obj (.text:sl_Stop)
                  2000dc64    000000d4     ti.targets.arm.rtsarm.aem4 : LoggerBuf.oem4 (.text:xdc_runtime_LoggerBuf_write4__E)
                  2000dd38    000000d0     sysbios.aem4 : m3_Hwi_asm.obj (.text:ti_sysbios_family_arm_m3_Hwi_dispatch__I)
                  2000de08    000000cc                  : BIOS.obj (.text:ti_sysbios_knl_Task_schedule__I)
                  2000ded4    000000cc     ti.targets.arm.rtsarm.aem4 : Core-smem.oem4 (.text:xdc_runtime_Core_constructObject__I)
                  2000dfa0    000000c8     simplelink.a : netapp.obj (.text:_sl_HandleAsync_DnsGetHostByService)
                  2000e068    000000c4     sysbios.aem4 : BIOS.obj (.text:ti_sysbios_family_arm_m3_Hwi_Module_startup__E)
                  2000e12c    000000c0     simplelink.a : driver.obj (.text:_SlRemoveFromList)
                  2000e1ec    00000004     app_pem4.oem4 (.text:ti_sysbios_knl_Semaphore_destruct)
                  2000e1f0    000000c0     sysbios.aem4 : BIOS.obj (.text:ti_sysbios_knl_Task_exit__E)
                  2000e2b0    000000be     rtsv7M4_T_le_eabi.lib : xdnorm.obj (.text)
                  2000e36e    00000002     --HOLE-- [fill = 0]
                  2000e370    000000bc     simplelink.a : driver.obj (.text:_SlDrvMsgReadCmdCtx)
                  2000e42c    000000bc                  : device.obj (.text:sl_Start)
                  2000e4e8    000000bc     sysbios.aem4 : BIOS.obj (.text:ti_sysbios_family_arm_m3_Hwi_excDebugMon__I)
                  2000e5a4    00000004     app_pem4.oem4 (.text:ti_sysbios_knl_Task_delete)
                  2000e5a8    000000bc     sysbios.aem4 : BIOS.obj (.text:ti_sysbios_family_arm_m3_Hwi_excHardFault__I)
                  2000e664    00000004     ti.targets.arm.rtsarm.aem4 : Error.oem4 (.text:xdc_runtime_Error_getSite__E)
                  2000e668    000000bc     sysbios.aem4 : BIOS.obj (.text:ti_sysbios_knl_Task_startCore__E)
                  2000e724    000000b8     simplelink.a : driver.obj (.text:_SlAsyncEventGenericHandler)
                  2000e7dc    000000b4                  : netapp.obj (.text:sl_NetAppMDNSRegisterUnregisterService)
                  2000e890    000000b4     sysbios.aem4 : BIOS.obj (.text:ti_sysbios_gates_GateMutex_enter__E)
                  2000e944    00000004     app_pem4.oem4 (.text:xdc_runtime_LoggerBuf_Module_GateProxy_enter__E)
                  2000e948    000000b4     sysbios.aem4 : BIOS.obj (.text:ti_sysbios_knl_Task_checkStacks__E)
                  2000e9fc    00000004     app_pem4.oem4 (.text:xdc_runtime_LoggerBuf_Module_GateProxy_leave__E)
                  2000ea00    000000b4     sysbios.aem4 : BIOS.obj (.text:ti_sysbios_knl_Task_yield__E)
                  2000eab4    00000004     app_pem4.oem4 (.text:xdc_runtime_System_Module_GateProxy_enter__E)
                  2000eab8    000000ac     sysbios.aem4 : BIOS.obj (.text:ti_sysbios_knl_Swi_post__E)
                  2000eb64    000000a8     driverlib.a : interrupt.obj (.text:IntDisable)
                  2000ec0c    000000a8                 : interrupt.obj (.text:IntEnable)
                  2000ecb4    000000a8     simplelink.a : netcfg.obj (.text:sl_NetCfgGet)
                  2000ed5c    00000004     app_pem4.oem4 (.text:xdc_runtime_System_Module_GateProxy_leave__E)
                  2000ed60    000000a8     sysbios.aem4 : BIOS.obj (.text:ti_sysbios_knl_Task_blockI__E)
                  2000ee08    000000a8                  : BIOS.obj (.text:ti_sysbios_knl_Task_postInit__I)
                  2000eeb0    000000a0     driverlib.a : spi.obj (.text:SPIConfigSetExpClk)
                  2000ef50    000000a0     auto_init.aem4 : auto_init.oem4 (.text)
                  2000eff0    000000a0     ti.targets.arm.rtsarm.aem4 : Text.oem4 (.text:xdc_runtime_Text_putMod__E)
                  2000f090    0000009c     simplelink.a : driver.obj (.text:_SlDrvMsgReadSpawnCtx)
                  2000f12c    0000009c     rtsv7M4_T_le_eabi.lib : memcpy_t2.obj (.text)
                  2000f1c8    0000009c     simplelink.a : device.obj (.text:sl_DevGet)
                  2000f264    00000004     ti.targets.arm.rtsarm.aem4 : System.oem4 (.text:xdc_runtime_System_aprintf_va__F)
                  2000f268    0000009c     sysbios.aem4 : BIOS.obj (.text:ti_sysbios_knl_Semaphore_Instance_init__E)
                  2000f304    0000009c     ti.targets.arm.rtsarm.aem4 : LoggerBuf.oem4 (.text:xdc_runtime_LoggerBuf_setFilterLevel__E)
                  2000f3a0    0000009a                                : Text.oem4 (.text:xdc_runtime_Text_putSite__E)
                  2000f43a    00000002     --HOLE-- [fill = 0]
                  2000f43c    00000098     simplelink.a : fs.obj (.text:_sl_GetCreateFsMode)
                  2000f4d4    00000004     ti.targets.arm.rtsarm.aem4 : System.oem4 (.text:xdc_runtime_System_printf_va__F)
                  2000f4d8    00000098     sysbios.aem4 : BIOS.obj (.text:ti_sysbios_knl_Mailbox_post__E)
                  2000f570    00000094     driverlib.a : prcm.obj (.text:PRCMPeripheralClockGet)
                  2000f604    00000004     --HOLE-- [fill = 0]
                  2000f608    00000094     sysbios.aem4 : BIOS.obj (.text:ti_sysbios_family_arm_m3_Hwi_Instance_init__E)
                  2000f69c    00000004     --HOLE-- [fill = 0]
                  2000f6a0    00000090                  : BIOS.obj (.text:ti_sysbios_knl_Task_unblockI__E)
                  2000f730    0000008c     simplelink.a : cc_pal.obj (.text:SetupDMAReceive)
                  2000f7bc    0000008c                  : cc_pal.obj (.text:SetupDMASend)
                  2000f848    0000008c                  : netapp.obj (.text:_sl_HandleAsync_DnsGetHostByName)
                  2000f8d4    0000008c                  : netapp.obj (.text:_sl_HandleAsync_PingResponse)
                  2000f960    0000008c                  : cc_pal.obj (.text:spi_Write)
                  2000f9ec    00000004     --HOLE-- [fill = 0]
                  2000f9f0    0000008c     sysbios.aem4 : BIOS.obj (.text:ti_sysbios_knl_Mailbox_pend__E)
                  2000fa7c    00000088     driverlib.a : prcm.obj (.text:PRCMHibernateIntervalSet)
                  2000fb04    00000088                 : pin.obj (.text:PinConfigSet)
                  2000fb8c    00000088     rtsv7M4_T_le_eabi.lib : vsnprintf.obj (.text)
                  2000fc14    00000088     simplelink.a : fs.obj (.text:sl_FsClose)
                  2000fc9c    00000004     --HOLE-- [fill = 0]
                  2000fca0    00000088     sysbios.aem4 : BIOS.obj (.text:ti_sysbios_family_arm_m3_Hwi_initNVIC__E)
                  2000fd28    00000088                  : BIOS.obj (.text:ti_sysbios_knl_Mailbox_Module_startup__E)
                  2000fdb0    00000086     rtsv7M4_T_le_eabi.lib : fd_cmp_t2.obj (.text:__aeabi_cdcmple)
                  2000fe36    00000086                           : fd_cmp_t2.obj (.text:__aeabi_cdrcmple)
                  2000febc    00000084     simplelink.a : cc_pal.obj (.text:NwpPowerOnPreamble)
                  2000ff40    00000082     driverlib.a : gpio.obj (.text:GPIOIntTypeSet)
                  2000ffc2    00000002     --HOLE-- [fill = 0]
                  2000ffc4    00000080     simplelink.a : driver.obj (.text:_SlDrvCmdOp)
                  20010044    00000080                  : cc_pal.obj (.text:spi_Read_CPU)
                  200100c4    00000080                  : cc_pal.obj (.text:spi_Write_CPU)
                  20010144    0000007c                  : device.obj (.text:_sl_HandleAsync_InitComplete)
                  200101c0    0000007a     rtsv7M4_T_le_eabi.lib : memset_t2.obj (.text)
                  2001023a    00000002     --HOLE-- [fill = 0]
                  2001023c    00000078     simplelink.a : socket.obj (.text:_sl_HandleAsync_Connect)
                  200102b4    00000078                  : fs.obj (.text:sl_FsOpen)
                  2001032c    00000078                  : cc_pal.obj (.text:spi_Close)
                  200103a4    00000076     driverlib.a : uart.obj (.text:UARTConfigSetExpClk)
                  2001041a    00000002     --HOLE-- [fill = 0]
                  2001041c    00000074     simplelink.a : socket.obj (.text:sl_Recv)
                  20010490    00000074     sysbios.aem4 : BIOS.obj (.text:ti_sysbios_family_arm_m3_Hwi_postInit__I)
                  20010504    00000074     ti.targets.arm.rtsarm.aem4 : LoggerBuf.oem4 (.text:xdc_runtime_LoggerBuf_getFilterLevel__E)
                  20010578    00000070     sysbios.aem4 : BIOS.obj (.text:ti_sysbios_knl_Mailbox_Instance_finalize__E)
                  200105e8    0000006c     simplelink.a : driver.obj (.text:_SlDrvCmdSend)
                  20010654    0000006c     ti.targets.arm.rtsarm.aem4 : Error.oem4 (.text:xdc_runtime_Error_print__E)
                  200106c0    0000006c                                : Memory.oem4 (.text:xdc_runtime_Memory_alloc__E)
                  2001072c    0000006a     rtsv7M4_T_le_eabi.lib : copy_decompress_rle.obj (.text)
                  20010796    00000002     --HOLE-- [fill = 0]
                  20010798    00000068     simplelink.a : netapp.obj (.text:_sl_NetAppSendTokenValue)
                  20010800    00000068     rtsv7M4_T_le_eabi.lib : trgmsg.obj (.text)
                  20010868    00000068     simplelink.a : netcfg.obj (.text:sl_NetCfgSet)
                  200108d0    00000068                  : socket.obj (.text:sl_SetSockOpt)
                  20010938    00000068                  : wlan.obj (.text:sl_WlanSet)
                  200109a0    00000066     rtsv7M4_T_le_eabi.lib : xdunscal.obj (.text)
                  20010a06    00000066     ti.targets.arm.rtsarm.aem4 : Core-mem.oem4 (.text:xdc_runtime_Core_deleteObject__I)
                  20010a6c    00000064     app_pem4.oem4 (.text:ti_sysbios_family_arm_m3_Hwi_create)
                  20010ad0    00000064     sysbios.aem4 : BIOS.obj (.text:ti_sysbios_family_arm_m3_TimestampProvider_get64__E)
                  20010b34    00000064     app_pem4.oem4 (.text:ti_sysbios_knl_Mailbox_create)
                  20010b98    00000064     driverlib.a : udma.obj (.text:uDMAChannelAttributeDisable)
                  20010bfc    00000064                 : udma.obj (.text:uDMAChannelAttributeEnable)
                  20010c60    00000064     ti.targets.arm.rtsarm.aem4 : System.oem4 (.text:xdc_runtime_System_formatNum__I)
                  20010cc4    00000060     simplelink.a : socket.obj (.text:_sl_HandleAsync_Accept)
                  20010d24    00000060     rtsv7M4_T_le_eabi.lib : sprintf.obj (.text)
                  20010d84    00000060     simplelink.a : wlan.obj (.text:sl_WlanPolicySet)
                  20010de4    00000004     --HOLE-- [fill = 0]
                  20010de8    00000060     sysbios.aem4 : BIOS.obj (.text:ti_sysbios_knl_Clock_logTick__E)
                  20010e48    0000005c     pinmux.obj (.text)
                  20010ea4    0000005c     simplelink.a : socket.obj (.text:sl_Socket)
                  20010f00    0000005c     sysbios.aem4 : BIOS.obj (.text:ti_sysbios_knl_Swi_restoreHwi__E)
                  20010f5c    00000004     --HOLE-- [fill = 0]
                  20010f60    0000005c                  : BIOS.obj (.text:ti_sysbios_knl_Swi_schedule__I)
                  20010fbc    0000005c     app_pem4.oem4 (.text:ti_sysbios_knl_Task_create)
                  20011018    0000005c     app_pem4.oem4 (.text:xdc_runtime_LoggerBuf_Object__create__S)
                  20011074    0000005b     ti.targets.arm.rtsarm.aem4 : Text.oem4 (.text:xdc_runtime_Text_putLab__E)
                  200110cf    00000001     --HOLE-- [fill = 0]
                  200110d0    00000058     driverlib.a : interrupt.obj (.text:IntPendClear)
                  20011128    00000058                 : prcm.obj (.text:PRCMPeripheralReset)
                  20011180    00000058     sysbios.aem4 : BIOS.obj (.text:ti_sysbios_family_arm_m3_Timer_setPeriod__E)
                  200111d8    00000056     rtsv7M4_T_le_eabi.lib : ltoa.obj (.text)
                  2001122e    00000002     --HOLE-- [fill = 0]
                  20011230    00000054     simplelink.a : socket.obj (.text:_sl_HandleAsync_Select)
                  20011284    00000054                  : wlan.obj (.text:sl_WlanRxFilterSet)
                  200112d8    00000054     sysbios.aem4 : BIOS.obj (.text:ti_sysbios_family_arm_m3_Timer_start__E)
                  2001132c    00000054     ti.targets.arm.rtsarm.aem4 : Assert.oem4 (.text:xdc_runtime_Assert_raise__I)
                  20011380    00000050     simplelink.a : device.obj (.text:_sl_HandleAsync_Stop)
                  200113d0    00000050                  : fs.obj (.text:sl_FsDel)
                  20011420    00000050     ti.targets.arm.rtsarm.aem4 : Startup.oem4 (.text:xdc_runtime_Startup_exec__E)
                  20011470    00000050                                : Text.oem4 (.text:xdc_runtime_Text_visitRope2__I)
                  200114c0    0000004c     driverlib.a : spi.obj (.text:SPIIntEnable)
                  2001150c    0000004c     simplelink.a : driver.obj (.text:_SlDrvProtectAsyncRespSetting)
                  20011558    0000004c                  : driver.obj (.text:_SlDrvRxIrqHandler)
                  200115a4    0000004c                  : socket.obj (.text:_sl_BuildAddress)
                  200115f0    0000004c     rtsv7M4_T_le_eabi.lib : atoi.obj (.text)
                  2001163c    0000004c                           : atol.obj (.text)
                  20011688    0000004c                           : cpy_tbl.obj (.text)
                  200116d4    0000004c     sysbios.aem4 : m3_TaskSupport_asm.obj (.text:ti_sysbios_family_arm_m3_TaskSupport_buildTaskStack)
                  20011720    0000004c                  : BIOS.obj (.text:ti_sysbios_heaps_HeapMem_getStats__E)
                  2001176c    00000004     --HOLE-- [fill = 0]
                  20011770    0000004c                  : BIOS.obj (.text:ti_sysbios_knl_Swi_runLoop__I)
                  200117bc    00000004     --HOLE-- [fill = 0]
                  200117c0    0000004c                  : BIOS.obj (.text:ti_sysbios_knl_Task_allBlockedFunction__I)
                  2001180c    0000004c     driverlib.a : udma.obj (.text:uDMAChannelAssign)
                  20011858    00000048                 : prcm.obj (.text:PRCMHibernateWakeupSourceEnable)
                  200118a0    00000048                 : spi.obj (.text:SPIIntClear)
                  200118e8    00000048     simplelink.a : driver.obj (.text:_SlDrvBasicCmd)
                  20011930    00000048     rtsv7M4_T_le_eabi.lib : fd_toi_t2.obj (.text)
                  20011978    00000048     sysbios.aem4 : BIOS.obj (.text:ti_sysbios_family_arm_m3_Hwi_disableInterrupt__E)
                  200119c0    00000048                  : BIOS.obj (.text:ti_sysbios_family_arm_m3_Hwi_enableInterrupt__E)
                  20011a08    00000048                  : BIOS.obj (.text:ti_sysbios_family_arm_m3_Hwi_excReserved__I)
                  20011a50    00000048                  : m3_Hwi_asm_switch.obj (.text:ti_sysbios_family_arm_m3_Hwi_initStacks__E)
                  20011a98    00000048                  : BIOS.obj (.text:ti_sysbios_family_arm_m3_Timer_initDevice__I)
                  20011ae0    00000046     rtsv7M4_T_le_eabi.lib : ldexp.obj (.text)
                  20011b26    00000046     ti.targets.arm.rtsarm.aem4 : Core-params.oem4 (.text:xdc_runtime_Core_assignParams__I)
                  20011b6c    00000044     driverlib.a : spi.obj (.text:SPIDmaMaskGet)
                  20011bb0    00000044     boot.aem4 : boot.oem4 (.text)
                  20011bf4    00000044     simplelink.a : cc_pal.obj (.text:cc_SetupTransfer)
                  20011c38    00000044     rtsv7M4_T_le_eabi.lib : exit.obj (.text)
                  20011c7c    00000004     --HOLE-- [fill = 0]
                  20011c80    00000044     sysbios.aem4 : BIOS.obj (.text:ti_sysbios_family_arm_m3_Hwi_getStackInfo__E)
                  20011cc4    00000004     --HOLE-- [fill = 0]
                  20011cc8    00000044                  : BIOS.obj (.text:ti_sysbios_knl_Mailbox_postInit__I)
                  20011d0c    00000044     ti.targets.arm.rtsarm.aem4 : Error.oem4 (.text:xdc_runtime_Error_setX__E)
                  20011d50    00000044                                : LoggerBuf.oem4 (.text:xdc_runtime_LoggerBuf_filterOutEvent__I)
                  20011d94    00000044                                : SysMin.oem4 (.text:xdc_runtime_SysMin_flush__E)
                  20011dd8    00000044                                : Text.oem4 (.text:xdc_runtime_Text_xprintf__I)
                  20011e1c    00000042     rtsv7M4_T_le_eabi.lib : u_divt2.obj (.text)
                  20011e5e    00000042     simplelink.a : socket.obj (.text:sl_Htonl)
                  20011ea0    00000040     driverlib.a : pin.obj (.text:PinModeSet)
                  20011ee0    00000040     rtsv7M4_T_le_eabi.lib : signal.obj (.text)
                  20011f20    00000040     sysbios.aem4 : BIOS.obj (.text:ti_sysbios_family_arm_m3_Timer_Module_startup__E)
                  20011f60    0000003e     app_pem4.oem4 (.text:realloc)
                  20011f9e    0000003c     simplelink.a : netapp.obj (.text:CopyPingResultsToReport)
                  20011fda    00000002     --HOLE-- [fill = 0]
                  20011fdc    0000003c     driverlib.a : prcm.obj (.text:PRCMPeripheralClkEnable)
                  20012018    0000003c     simplelink.a : socket.obj (.text:_sl_TruncatePayloadByProtocol)
                  20012054    0000003c                  : socket.obj (.text:sl_Htons)
                  20012090    0000003c     sysbios.aem4 : BIOS.obj (.text:ti_sysbios_family_arm_m3_Hwi_excSvCall__I)
                  200120cc    00000004     --HOLE-- [fill = 0]
                  200120d0    0000003c                  : BIOS.obj (.text:ti_sysbios_family_arm_m3_TaskSupport_start__E)
                  2001210c    00000004     --HOLE-- [fill = 0]
                  20012110    0000003c                  : BIOS.obj (.text:ti_sysbios_heaps_HeapMem_init__I)
                  2001214c    00000004     --HOLE-- [fill = 0]
                  20012150    0000003c                  : BIOS.obj (.text:ti_sysbios_knl_Swi_startup__E)
                  2001218c    0000003c     driverlib.a : udma.obj (.text:uDMAChannelControlSet)
                  200121c8    0000003a     ti.targets.arm.rtsarm.aem4 : LoggerBuf.oem4 (.text:xdc_runtime_LoggerBuf_Instance_init__E)
                  20012202    00000002     --HOLE-- [fill = 0]
                  20012204    00000038     simplelink.a : cc_pal.obj (.text:NwpPowerOff)
                  2001223c    00000004     --HOLE-- [fill = 0]
                  20012240    00000038     sysbios.aem4 : BIOS.obj (.text:ti_sysbios_family_arm_m3_Hwi_excNoIsr__I)
                  20012278    00000038                  : BIOS.obj (.text:ti_sysbios_knl_Task_processVitalTaskFlag__I)
                  200122b0    00000038     ti.targets.arm.rtsarm.aem4 : SysMin.oem4 (.text:xdc_runtime_SysMin_putch__E)
                  200122e8    00000038                                : System.oem4 (.text:xdc_runtime_System_atexit__E)
                  20012320    00000036     driverlib.a : gpio.obj (.text:GPIODirModeSet)
                  20012356    00000036     simplelink.a : netapp.obj (.text:sl_NetAppMDNSUnRegisterService)
                  2001238c    00000034     driverlib.a : prcm.obj (.text:PRCMPeripheralStatusGet)
                  200123c0    00000034                 : spi.obj (.text:SPIFIFOLevelSet)
                  200123f4    00000034     rtsv7M4_T_le_eabi.lib : feraiseexcept.obj (.text)
                  20012428    00000034                           : strstr.obj (.text)
                  2001245c    00000004     --HOLE-- [fill = 0]
                  20012460    00000034     sysbios.aem4 : BIOS.obj (.text:ti_sysbios_family_arm_m3_Hwi_excNmi__I)
                  20012494    00000004     --HOLE-- [fill = 0]
                  20012498    00000034                  : BIOS.obj (.text:ti_sysbios_family_arm_m3_Timer_periodicStub__I)
                  200124cc    00000004     --HOLE-- [fill = 0]
                  200124d0    00000034                  : BIOS.obj (.text:ti_sysbios_hal_Hwi_checkStack)
                  20012504    00000034     app_pem4.oem4 (.text:ti_sysbios_knl_Semaphore_create)
                  20012538    00000034     ti.targets.arm.rtsarm.aem4 : Core-label.oem4 (.text:xdc_runtime_Core_assignLabel__I)
                  2001256c    00000033                                : Text.oem4 (.text:xdc_runtime_Text_printVisFxn__I)
                  2001259f    00000001     --HOLE-- [fill = 0]
                  200125a0    00000032     sysbios.aem4 : BIOS.obj (.text:ti_sysbios_hal_Hwi_initStack)
                  200125d2    00000006     driverlib.a : utils.obj (.text:UtilsDelay)
                  200125d8    00000032     sysbios.aem4 : BIOS.obj (.text:ti_sysbios_knl_Semaphore_pendTimeout__I)
                  2001260a    00000030     driverlib.a : pin.obj (.text:PinTypeGPIO)
                  2001263a    00000002     --HOLE-- [fill = 0]
                  2001263c    00000030                 : uart.obj (.text:UARTDisable)
                  2001266c    00000030     simplelink.a : device.obj (.text:_SlDrvDeviceEventHandler)
                  2001269c    00000030                  : fs.obj (.text:_sl_Strlen)
                  200126cc    00000030     rtsv7M4_T_le_eabi.lib : strncpy.obj (.text)
                  200126fc    00000030                           : xferaise.obj (.text)
                  2001272c    00000030     simplelink.a : socket.obj (.text:sl_Close)
                  2001275c    00000030                  : wlan.obj (.text:sl_WlanProfileDel)
                  2001278c    00000030                  : wlan.obj (.text:sl_WlanSetMode)
                  200127bc    00000030     app_pem4.oem4 (.text:ti_sysbios_BIOS_atExitFunc__I)
                  200127ec    00000030     app_pem4.oem4 (.text:ti_sysbios_gates_GateHwi_Object__create__S)
                  2001281c    00000030     app_pem4.oem4 (.text:ti_sysbios_gates_GateMutex_Object__create__S)
                  2001284c    00000030     app_pem4.oem4 (.text:ti_sysbios_heaps_HeapMem_Object__create__S)
                  2001287c    00000030     app_pem4.oem4 (.text:ti_sysbios_knl_Semaphore_construct)
                  200128ac    00000030     ti.targets.arm.rtsarm.aem4 : SysMin.oem4 (.text:xdc_runtime_SysMin_abort__E)
                  200128dc    00000030                                : System.oem4 (.text:xdc_runtime_System_processAtExit__E)
                  2001290c    0000002e     app_pem4.oem4 (.text:malloc)
                  2001293a    0000002e     rtsv7M4_T_le_eabi.lib : i_tofd_t2.obj (.text)
                  20012968    0000002e                           : raise.obj (.text)
                  20012996    00000002     --HOLE-- [fill = 0]
                  20012998    0000002c     simplelink.a : cc_pal.obj (.text:DmaSpiSwIntHandler)
                  200129c4    0000002c                  : cc_pal.obj (.text:NwpPowerOn)
                  200129f0    0000002c     driverlib.a : prcm.obj (.text:PRCMSysResetCauseGet)
                  20012a1c    00000004     --HOLE-- [fill = 0]
                  20012a20    0000002c     sysbios.aem4 : BIOS.obj (.text:ti_sysbios_family_arm_m3_Hwi_Instance_finalize__E)
                  20012a4c    0000002c     app_pem4.oem4 (.text:ti_sysbios_knl_Clock_doTick__I)
                  20012a78    0000002c     app_pem4.oem4 (.text:ti_sysbios_knl_Queue_construct)
                  20012aa4    00000004     --HOLE-- [fill = 0]
                  20012aa8    0000002c     sysbios.aem4 : BIOS.obj (.text:ti_sysbios_knl_Task_restore__E)
                  20012ad4    0000002c     ti.targets.arm.rtsarm.aem4 : Text.oem4 (.text:xdc_runtime_Text_cordText__E)
                  20012b00    0000002a     rtsv7M4_T_le_eabi.lib : xdclass.obj (.text)
                  20012b2a    0000002a     ti.targets.arm.rtsarm.aem4 : System.oem4 (.text:xdc_runtime_System_putchar__I)
                  20012b54    00000028     driverlib.a : prcm.obj (.text:PRCMPeripheralClkDisable)
                  20012b7c    00000004     --HOLE-- [fill = 0]
                  20012b80    00000028     sysbios.aem4 : BIOS.obj (.text:ti_sysbios_knl_Swi_Module_startup__E)
                  20012ba8    00000028     ti.targets.arm.rtsarm.aem4 : LoggerBuf.oem4 (.text:xdc_runtime_LoggerBuf_Module_startup__E)
                  20012bd0    00000026     simplelink.a : cc_pal.obj (.text:NwpRegisterInterruptHandler)
                  20012bf6    00000026     rtsv7M4_T_le_eabi.lib : strncmp.obj (.text)
                  20012c1c    00000026     ti.targets.arm.rtsarm.aem4 : System.oem4 (.text:xdc_runtime_System_avprintf__E)
                  20012c42    00000002     --HOLE-- [fill = 0]
                  20012c44    00000024     driverlib.a : interrupt.obj (.text:IntUnregister)
                  20012c68    00000024                 : uart.obj (.text:UARTEnable)
                  20012c8c    00000024     simplelink.a : driver.obj (.text:_SlDrvProtectionObjLockWaitForever)
                  20012cb0    00000024     rtsv7M4_T_le_eabi.lib : memmov.obj (.text)
                  20012cd4    00000024     app_pem4.oem4 (.text:ti_sysbios_BIOS_errorRaiseHook__I)
                  20012cf8    00000024     app_pem4.oem4 (.text:ti_sysbios_BIOS_registerRTSLock__I)
                  20012d1c    00000024     app_pem4.oem4 (.text:ti_sysbios_BIOS_removeRTSLock__I)
                  20012d40    00000024     app_pem4.oem4 (.text:ti_sysbios_BIOS_startFunc__I)
                  20012d64    00000004     --HOLE-- [fill = 0]
                  20012d68    00000024     sysbios.aem4 : BIOS.obj (.text:ti_sysbios_family_arm_m3_Hwi_doTaskRestore__I)
                  20012d8c    00000004     --HOLE-- [fill = 0]
                  20012d90    00000024                  : BIOS.obj (.text:ti_sysbios_family_arm_m3_Timer_startup__E)
                  20012db4    00000024     app_pem4.oem4 (.text:ti_sysbios_gates_GateMutex_Object__delete__S)
                  20012dd8    00000024     sysbios.aem4 : BIOS.obj (.text:ti_sysbios_knl_Clock_Module_startup__E)
                  20012dfc    00000024     app_pem4.oem4 (.text:ti_sysbios_knl_Semaphore_Object__delete__S)
                  20012e20    00000024     ti.targets.arm.rtsarm.aem4 : System.oem4 (.text:xdc_runtime_System_vprintf__E)
                  20012e44    00000022     driverlib.a : gpio.obj (.text:GPIOIntStatus)
                  20012e66    00000022                 : spi.obj (.text:SPIReset)
                  20012e88    00000022                 : spi.obj (.text:SPIWordCountSet)
                  20012eaa    00000022     rtsv7M4_T_le_eabi.lib : frexp.obj (.text)
                  20012ecc    00000022     app_pem4.oem4 (.text:xdc_runtime_SysMin_output__I)
                  20012eee    00000002     --HOLE-- [fill = 0]
                  20012ef0    00000020     simplelink.a : driver.obj (.text:_SlDrvProtectionObjUnLock)
                  20012f10    00000020     app_pem4.oem4 (.text:ti_sysbios_BIOS_rtsLock__I)
                  20012f30    00000020     app_pem4.oem4 (.text:ti_sysbios_family_arm_m3_Hwi_Object__delete__S)
                  20012f50    00000020     sysbios.aem4 : m3_Hwi_asm.obj (.text:ti_sysbios_family_arm_m3_Hwi_excHandlerAsm__I)
                  20012f70    00000020                  : BIOS.obj (.text:ti_sysbios_family_arm_m3_Hwi_excHandler__I)
                  20012f90    00000020                  : BIOS.obj (.text:ti_sysbios_family_arm_m3_TimestampProvider_Module_startup__E)
                  20012fb0    00000020     app_pem4.oem4 (.text:ti_sysbios_gates_GateHwi_Object__delete__S)
                  20012fd0    00000020     app_pem4.oem4 (.text:ti_sysbios_heaps_HeapMem_Object__delete__S)
                  20012ff0    00000020     sysbios.aem4 : BIOS.obj (.text:ti_sysbios_knl_Idle_run__E)
                  20013010    00000020     app_pem4.oem4 (.text:ti_sysbios_knl_Mailbox_Object__delete__S)
                  20013030    00000020     app_pem4.oem4 (.text:ti_sysbios_knl_Semaphore_Object__destruct__S)
                  20013050    00000020     app_pem4.oem4 (.text:ti_sysbios_knl_Task_Object__delete__S)
                  20013070    00000020     app_pem4.oem4 (.text:xdc_runtime_LoggerBuf_Object__delete__S)
                  20013090    00000020     ti.targets.arm.rtsarm.aem4 : LoggerBuf.oem4 (.text:xdc_runtime_LoggerBuf_reset__E)
                  200130b0    00000020                                : Registry.oem4 (.text:xdc_runtime_Registry_findById__E)
                  200130d0    00000020                                : SysMin.oem4 (.text:xdc_runtime_SysMin_Module_startup__E)
                  200130f0    0000001e     driverlib.a : uart.obj (.text:UARTCharPut)
                  2001310e    0000001e     simplelink.a : cc_pal.obj (.text:cc_UDMAChannelSelect)
                  2001312c    0000001e     rtsv7M4_T_le_eabi.lib : strcat.obj (.text)
                  2001314a    0000001e     sysbios.aem4 : m3_Hwi_asm_switch.obj (.text:ti_sysbios_family_xxx_Hwi_switchAndRunFunc)
                  20013168    0000001c     driverlib.a : uart.obj (.text:UARTCharGetNonBlocking)
                  20013184    0000001c     simplelink.a : driver.obj (.text:_SlDrvObjLockWaitForever)
                  200131a0    0000001c                  : driver.obj (.text:_SlDrvSyncObjWaitForever)
                  200131bc    0000001c     rtsv7M4_T_le_eabi.lib : memccpy.obj (.text)
                  200131d8    0000001c     sysbios.aem4 : BIOS.obj (.text:ti_sysbios_family_arm_m3_Hwi_setPriority__E)
                  200131f4    00000004     --HOLE-- [fill = 0]
                  200131f8    0000001c                  : BIOS.obj (.text:ti_sysbios_gates_GateMutex_Instance_init__E)
                  20013214    0000001c     app_pem4.oem4 (.text:ti_sysbios_knl_Queue_Object__destruct__S)
                  20013230    0000001c     sysbios.aem4 : BIOS.obj (.text:ti_sysbios_knl_Task_enter__I)
                  2001324c    0000001c     driverlib.a : udma.obj (.text:uDMAChannelDisable)
                  20013268    0000001c                 : udma.obj (.text:uDMAChannelEnable)
                  20013284    0000001c                 : udma.obj (.text:uDMAChannelRequest)
                  200132a0    0000001c     ti.targets.arm.rtsarm.aem4 : Error.oem4 (.text:xdc_runtime_Error_raiseX__E)
                  200132bc    0000001c                                : Memory.oem4 (.text:xdc_runtime_Memory_valloc__E)
                  200132d8    0000001c                                : SysMin.oem4 (.text:xdc_runtime_SysMin_exit__E)
                  200132f4    0000001c                                : System.oem4 (.text:xdc_runtime_System_abort__E)
                  20013310    0000001a     driverlib.a : gpio.obj (.text:GPIOIntDisable)
                  2001332a    0000001a                 : gpio.obj (.text:GPIOIntEnable)
                  20013344    0000001a                 : pin.obj (.text:PinTypeUART)
                  2001335e    0000001a                 : spi.obj (.text:SPIDmaDisable)
                  20013378    0000001a                 : spi.obj (.text:SPIDmaEnable)
                  20013392    0000001a                 : spi.obj (.text:SPIFIFODisable)
                  200133ac    0000001a                 : spi.obj (.text:SPIFIFOEnable)
                  200133c6    0000001a     app_pem4.oem4 (.text:ti_sysbios_family_arm_m3_Hwi_Handle__label__S)
                  200133e0    0000001a     sysbios.aem4 : m3_Hwi_asm.obj (.text:ti_sysbios_family_arm_m3_Hwi_pendSV__I)
                  200133fa    0000001a     app_pem4.oem4 (.text:ti_sysbios_gates_GateHwi_Handle__label__S)
                  20013414    0000001a     app_pem4.oem4 (.text:ti_sysbios_gates_GateMutex_Handle__label__S)
                  2001342e    0000001a     app_pem4.oem4 (.text:ti_sysbios_heaps_HeapMem_Handle__label__S)
                  20013448    0000001a     app_pem4.oem4 (.text:ti_sysbios_knl_Swi_Handle__label__S)
                  20013462    0000001a     app_pem4.oem4 (.text:ti_sysbios_knl_Task_Handle__label__S)
                  2001347c    00000004     --HOLE-- [fill = 0]
                  20013480    0000001a     sysbios.aem4 : BIOS.obj (.text:ti_sysbios_knl_Task_sleepTimeout__I)
                  2001349a    0000001a     app_pem4.oem4 (.text:xdc_runtime_LoggerBuf_Handle__label__S)
                  200134b4    0000001a     app_pem4.oem4 (.text:xdc_runtime_System_aprintf__E)
                  200134ce    0000001a     app_pem4.oem4 (.text:xdc_runtime_System_printf__E)
                  200134e8    00000018     driverlib.a : prcm.obj (.text:PRCMHibernateEnter)
                  20013500    00000018                 : spi.obj (.text:SPICSDisable)
                  20013518    00000018                 : spi.obj (.text:SPICSEnable)
                  20013530    00000018                 : spi.obj (.text:SPIDisable)
                  20013548    00000018                 : spi.obj (.text:SPIEnable)
                  20013560    00000018                 : uart.obj (.text:UARTCharsAvail)
                  20013578    00000018     simplelink.a : driver.obj (.text:_SlDrvObjUnLock)
                  20013590    00000018                  : driver.obj (.text:_SlDrvSyncObjSignal)
                  200135a8    00000018                  : device.obj (.text:_sl_GetStartResponseConvert)
                  200135c0    00000018     app_pem4.oem4 (.text:free)
                  200135d8    00000018     rtsv7M4_T_le_eabi.lib : args_main.obj (.text)
                  200135f0    00000018                           : strcmp.obj (.text)
                  20013608    00000018     app_pem4.oem4 (.text:ti_sysbios_BIOS_rtsUnlock__I)
                  20013620    00000018     app_pem4.oem4 (.text:ti_sysbios_family_arm_m3_Hwi_Module__startupDone__F)
                  20013638    00000018     app_pem4.oem4 (.text:ti_sysbios_family_arm_m3_Timer_Module__startupDone__F)
                  20013650    00000018     sysbios.aem4 : BIOS.obj (.text:ti_sysbios_gates_GateMutex_leave__E)
                  20013668    00000018     ti.targets.arm.rtsarm.aem4 : Error.oem4 (.text:xdc_runtime_Error_check__E)
                  20013680    00000018                                : System.oem4 (.text:xdc_runtime_System_exit__E)
                  20013698    00000018                                : Text.oem4 (.text:xdc_runtime_Text_ropeText__E)
                  200136b0    00000016     driverlib.a : prcm.obj (.text:PRCMHIBRegRead)
                  200136c6    00000016                 : prcm.obj (.text:PRCMHIBRegWrite)
                  200136dc    00000016     simplelink.a : driver.obj (.text:_SlDrvMemZero)
                  200136f2    00000016     rtsv7M4_T_le_eabi.lib : strchr.obj (.text)
                  20013708    00000016     app_pem4.oem4 (.text:ti_sysbios_BIOS_exitFunc__I)
                  2001371e    00000014     driverlib.a : cpu.obj (.text:CPUcpsie)
                  20013732    00000014                 : gpio.obj (.text:GPIOIntClear)
                  20013746    00000002     --HOLE-- [fill = 0]
                  20013748    00000014     rtsv7M4_T_le_eabi.lib : _lock.obj (.text)
                  2001375c    00000014                           : strcpy.obj (.text)
                  20013770    00000014                           : strlen.obj (.text)
                  20013784    00000014     app_pem4.oem4 (.text:ti_sysbios_family_arm_m3_Hwi_Object__get__S)
                  20013798    00000014     sysbios.aem4 : BIOS.obj (.text:ti_sysbios_family_arm_m3_Hwi_switchFromBootStack__E)
                  200137ac    00000014     app_pem4.oem4 (.text:ti_sysbios_heaps_HeapMem_Object__get__S)
                  200137c0    00000014     app_pem4.oem4 (.text:ti_sysbios_knl_Swi_Object__get__S)
                  200137d4    00000014     driverlib.a : udma.obj (.text:uDMAControlBaseSet)
                  200137e8    00000014                 : udma.obj (.text:uDMAIntClear)
                  200137fc    00000014     app_pem4.oem4 (.text:xdc_runtime_LoggerBuf_Object__get__S)
                  20013810    00000012     sysbios.aem4 : BIOS.obj (.text:ti_sysbios_hal_Hwi_Module_startup__E)
                  20013822    00000006     ti.targets.arm.rtsarm.aem4 : xdc_noinit.oem4 (.text:__xdc__init)
                  20013828    00000012     sysbios.aem4 : BIOS.obj (.text:ti_sysbios_hal_Timer_Module_startup__E)
                  2001383a    00000012     driverlib.a : udma.obj (.text:uDMAIntUnregister)
                  2001384c    00000012     ti.targets.arm.rtsarm.aem4 : LoggerBuf.oem4 (.text:xdc_runtime_LoggerBuf_Instance_finalize__E)
                  2001385e    00000012                                : LoggerBuf.oem4 (.text:xdc_runtime_LoggerBuf_write1__E)
                  20013870    00000012                                : LoggerBuf.oem4 (.text:xdc_runtime_LoggerBuf_write2__E)
                  20013882    00000012     app_pem4.oem4 (.text:xdc_runtime_Startup_exec__I)
                  20013894    00000004     --HOLE-- [fill = 0]
                  20013898    00000010     sysbios.aem4 : BIOS.obj (.text:ti_sysbios_BIOS_setThreadType__E)
                  200138a8    00000010                  : BIOS.obj (.text:ti_sysbios_BIOS_start__E)
                  200138b8    00000010                  : BIOS.obj (.text:ti_sysbios_family_arm_m3_Hwi_getHandle__E)
                  200138c8    00000010                  : m3_TaskSupport_asm.obj (.text:ti_sysbios_family_arm_m3_TaskSupport_glue)
                  200138d8    00000010                  : m3_TaskSupport_asm.obj (.text:ti_sysbios_family_arm_m3_TaskSupport_swap__E)
                  200138e8    00000010                  : BIOS.obj (.text:ti_sysbios_gates_GateMutex_Instance_finalize__E)
                  200138f8    00000010     app_pem4.oem4 (.text:ti_sysbios_knl_Mailbox_Object__get__S)
                  20013908    00000010     sysbios.aem4 : BIOS.obj (.text:ti_sysbios_knl_Semaphore_Instance_finalize__E)
                  20013918    00000010                  : BIOS.obj (.text:ti_sysbios_knl_Swi_disable__E)
                  20013928    00000010     app_pem4.oem4 (.text:ti_sysbios_knl_Task_Object__get__S)
                  20013938    00000010     sysbios.aem4 : BIOS.obj (.text:ti_sysbios_knl_Task_disable__E)
                  20013948    00000010     ti.targets.arm.rtsarm.aem4 : Gate.oem4 (.text:xdc_runtime_Gate_leaveSystem__E)
                  20013958    00000010                                : LoggerBuf.oem4 (.text:xdc_runtime_LoggerBuf_write0__E)
                  20013968    00000010                                : Memory.oem4 (.text:xdc_runtime_Memory_free__E)
                  20013978    00000010                                : SysMin.oem4 (.text:xdc_runtime_SysMin_ready__E)
                  20013988    00000010                                : System.oem4 (.text:xdc_runtime_System_vsnprintf__E)
                  20013998    00000010     app_pem4.oem4 (.text:xdc_runtime_Text_visitRope__I)
                  200139a8    0000000e     simplelink.a : driver.obj (.text:_SlDrvResetCmdExt)
                  200139b6    0000000e     rtsv7M4_T_le_eabi.lib : copy_decompress_none.obj (.text:decompress:none)
                  200139c4    00000004     --HOLE-- [fill = 0]
                  200139c8    0000000e     sysbios.aem4 : BIOS.obj (.text:ti_sysbios_knl_Idle_loop__E)
                  200139d6    00000002     --HOLE-- [fill = 0]
                  200139d8    0000000e                  : BIOS.obj (.text:ti_sysbios_knl_Queue_empty__E)
                  200139e6    00000002     --HOLE-- [fill = 0]
                  200139e8    0000000c     simplelink.a : cc_pal.obj (.text:NwpMaskInterrupt)
                  200139f4    0000000c                  : cc_pal.obj (.text:NwpUnMaskInterrupt)
                  20013a00    0000000c     rtsv7M4_T_le_eabi.lib : copy_zero_init.obj (.text:decompress:ZI)
                  20013a0c    0000000c     simplelink.a : wlan.obj (.text:sl_WlanDisconnect)
                  20013a18    0000000c     app_pem4.oem4 (.text:ti_sysbios_family_arm_m3_Hwi_Params__init__S)
                  20013a24    00000004     --HOLE-- [fill = 0]
                  20013a28    0000000c     sysbios.aem4 : BIOS.obj (.text:ti_sysbios_family_arm_m3_Hwi_disableFxn__E)
                  20013a34    00000004     --HOLE-- [fill = 0]
                  20013a38    0000000c                  : BIOS.obj (.text:ti_sysbios_family_arm_m3_TaskSupport_checkStack__E)
                  20013a44    00000004     --HOLE-- [fill = 0]
                  20013a48    0000000c                  : BIOS.obj (.text:ti_sysbios_family_arm_m3_TaskSupport_getStackAlignment__E)
                  20013a54    00000004     --HOLE-- [fill = 0]
                  20013a58    0000000c                  : BIOS.obj (.text:ti_sysbios_gates_GateHwi_enter__E)
                  20013a64    0000000c     app_pem4.oem4 (.text:ti_sysbios_knl_Queue_Object__get__S)
                  20013a70    0000000c     app_pem4.oem4 (.text:ti_sysbios_knl_Semaphore_Params__init__S)
                  20013a7c    0000000c     app_pem4.oem4 (.text:ti_sysbios_knl_Task_Params__init__S)
                  20013a88    0000000c     driverlib.a : udma.obj (.text:uDMADisable)
                  20013a94    0000000c                 : udma.obj (.text:uDMAEnable)
                  20013aa0    0000000c                 : udma.obj (.text:uDMAIntStatus)
                  20013aac    0000000c     ti.targets.arm.rtsarm.aem4 : Error.oem4 (.text:xdc_runtime_Error_init__E)
                  20013ab8    0000000c                                : Gate.oem4 (.text:xdc_runtime_Gate_enterSystem__E)
                  20013ac4    0000000c                                : Memory.oem4 (.text:xdc_runtime_Memory_calloc__E)
                  20013ad0    0000000c                                : Memory.oem4 (.text:xdc_runtime_Memory_getMaxDefaultTypeAlign__E)
                  20013adc    0000000a     driverlib.a : interrupt.obj (.text:IntMasterEnable)
                  20013ae6    0000000a     app_pem4.oem4 (.text:xdc_runtime_IHeap_alloc)
                  20013af0    0000000a     app_pem4.oem4 (.text:xdc_runtime_IHeap_free)
                  20013afa    0000000a     ti.targets.arm.rtsarm.aem4 : LoggerBuf.oem4 (.text:xdc_runtime_LoggerBuf_disable__E)
                  20013b04    0000000a                                : LoggerBuf.oem4 (.text:xdc_runtime_LoggerBuf_enable__E)
                  20013b0e    00000002     --HOLE-- [fill = 0]
                  20013b10    00000008     sysbios.aem4 : BIOS.obj (.text:ti_sysbios_family_arm_m3_Hwi_doSwiRestore__I)
                  20013b18    00000008                  : BIOS.obj (.text:ti_sysbios_family_arm_m3_Hwi_startup__E)
                  20013b20    00000006     rtsv7M4_T_le_eabi.lib : copy_decompress_rle.obj (.text:decompress:rle24)
                  20013b26    00000002     --HOLE-- [fill = 0]
                  20013b28    00000006     sysbios.aem4 : BIOS.obj (.text:ti_sysbios_family_arm_m3_Hwi_restoreFxn__E)
                  20013b2e    00000002     --HOLE-- [fill = 0]
                  20013b30    00000006                  : BIOS.obj (.text:ti_sysbios_gates_GateHwi_leave__E)
                  20013b36    00000002     --HOLE-- [fill = 0]
                  20013b38    00000006                  : BIOS.obj (.text:ti_sysbios_heaps_HeapMem_isBlocking__E)
                  20013b3e    00000002     --HOLE-- [fill = 0]
                  20013b40    00000006                  : BIOS.obj (.text:ti_sysbios_knl_Queue_Instance_init__E)
                  20013b46    00000006     ti.targets.arm.rtsarm.aem4 : System.oem4 (.text:xdc_runtime_System_Module_startup__E)
                  20013b4c    00000004     --HOLE-- [fill = 0]
                  20013b50    00000004     sysbios.aem4 : BIOS.obj (.text:ti_sysbios_family_arm_m3_Timer_getMaxTicks__E)
                  20013b54    00000004     --HOLE-- [fill = 0]
                  20013b58    00000004                  : BIOS.obj (.text:ti_sysbios_gates_GateHwi_query__E)
                  20013b5c    00000004     --HOLE-- [fill = 0]
                  20013b60    00000004                  : BIOS.obj (.text:ti_sysbios_gates_GateMutex_query__E)
                  20013b64    00000004     --HOLE-- [fill = 0]
                  20013b68    00000004                  : BIOS.obj (.text:ti_sysbios_knl_Task_startup__E)
                  20013b6c    00000004     --HOLE-- [fill = 0]
                  20013b70    00000002                  : BIOS.obj (.text:ti_sysbios_gates_GateHwi_Instance_init__E)

.const     0    20013b74    00002674     
                  20013b74    0000180f     app_pem4.oem4 (.const:xdc_runtime_Text_charTab__A)
                  20015383    00000101     rtsv7M4_T_le_eabi.lib : ctype.obj (.const:.string:_ctypes_)
                  20015484    00000100     driverlib.a : pin.obj (.const:g_ulPinToPadMap)
                  20015584    000000f0     main.obj (.const:g_acSNTPserver)
                  20015674    000000b8     app_pem4.oem4 (.const:xdc_runtime_Text_nodeTab__A)
                  2001572c    000000b0     simplelink.a : wlan.obj (.const:$P$T0$1)
                  200157dc    000000a8     driverlib.a : prcm.obj (.const:PRCM_PeriphRegsList)
                  20015884    00000080                 : interrupt.obj (.const)
                  20015904    00000048     app_pem4.oem4 (.const:.string)
                  2001594c    0000003c     simplelink.a : driver.obj (.const:OpcodeTranslateTable)
                  20015988    0000003c                  : wlan.obj (.const)
                  200159c4    0000003c     app_pem4.oem4 (.const:ti_sysbios_knl_Task_Object__PARAMS__C)
                  20015a00    0000003c     app_pem4.oem4 (.const:xdc_runtime_LoggerBuf_Module__FXNS__C)
                  20015a3c    00000038     simplelink.a : driver.obj (.const:_SlActionLookupTable)
                  20015a74    00000038                  : fs.obj (.const)
                  20015aac    00000034                  : driver.obj (.const)
                  20015ae0    00000034                  : socket.obj (.const)
                  20015b14    00000034     app_pem4.oem4 (.const:ti_sysbios_knl_Mailbox_Object__PARAMS__C)
                  20015b48    00000030     app_pem4.oem4 (.const:ti_sysbios_family_arm_m3_Hwi_Object__PARAMS__C)
                  20015b78    00000030     app_pem4.oem4 (.const:xdc_runtime_Startup_sfxnTab__A)
                  20015ba8    0000002c     net.obj (.const:$P$T0$1)
                  20015bd4    00000028     simplelink.a : netapp.obj (.const)
                  20015bfc    00000028     app_pem4.oem4 (.const:ti_sysbios_heaps_HeapMem_Module__FXNS__C)
                  20015c24    00000024     main.obj (.const:g_acMonthOfYear)
                  20015c48    00000024     app_pem4.oem4 (.const:ti_sysbios_gates_GateHwi_Module__FXNS__C)
                  20015c6c    00000024     app_pem4.oem4 (.const:ti_sysbios_gates_GateMutex_Module__FXNS__C)
                  20015c90    00000024     app_pem4.oem4 (.const:ti_sysbios_heaps_HeapMem_Object__PARAMS__C)
                  20015cb4    00000024     app_pem4.oem4 (.const:ti_sysbios_knl_Semaphore_Object__PARAMS__C)
                  20015cd8    00000024     app_pem4.oem4 (.const:xdc_runtime_LoggerBuf_Object__PARAMS__C)
                  20015cfc    00000020     app_pem4.oem4 (.const:ti_sysbios_family_arm_m3_Hwi_Object__DESC__C)
                  20015d1c    00000020     app_pem4.oem4 (.const:ti_sysbios_gates_GateHwi_Object__DESC__C)
                  20015d3c    00000020     app_pem4.oem4 (.const:ti_sysbios_gates_GateMutex_Object__DESC__C)
                  20015d5c    00000020     app_pem4.oem4 (.const:ti_sysbios_heaps_HeapMem_Object__DESC__C)
                  20015d7c    00000020     app_pem4.oem4 (.const:ti_sysbios_knl_Mailbox_Object__DESC__C)
                  20015d9c    00000020     app_pem4.oem4 (.const:ti_sysbios_knl_Queue_Object__DESC__C)
                  20015dbc    00000020     app_pem4.oem4 (.const:ti_sysbios_knl_Semaphore_Object__DESC__C)
                  20015ddc    00000020     app_pem4.oem4 (.const:ti_sysbios_knl_Task_Object__DESC__C)
                  20015dfc    00000020     app_pem4.oem4 (.const:xdc_runtime_LoggerBuf_Object__DESC__C)
                  20015e1c    00000018     driverlib.a : spi.obj (.const)
                  20015e34    00000018     app_pem4.oem4 (.const:ti_sysbios_gates_GateHwi_Object__PARAMS__C)
                  20015e4c    00000018     app_pem4.oem4 (.const:ti_sysbios_gates_GateMutex_Object__PARAMS__C)
                  20015e64    00000018     app_pem4.oem4 (.const:ti_sysbios_knl_Queue_Object__PARAMS__C)
                  20015e7c    00000018     app_pem4.oem4 (.const:xdc_runtime_Startup_sfxnRts__A)
                  20015e94    00000015     main.obj (.const)
                  20015ea9    00000014     net.obj (.const)
                  20015ebd    00000001     app_pem4.oem4 (.const:xdc_runtime_Error_policy__C)
                  20015ebe    00000014     simplelink.a : device.obj (.const)
                  20015ed2    00000011     ti.targets.arm.rtsarm.aem4 : System.oem4 (.const:.string)
                  20015ee3    00000010     simplelink.a : socket.obj (.const:.string)
                  20015ef3    0000000c     main.obj (.const:.string)
                  20015eff    00000001     --HOLE-- [fill = 0]
                  20015f00    0000000c     app_pem4.oem4 (.const:xdc_runtime_Startup_firstFxns__A)
                  20015f0c    00000008     simplelink.a : device.obj (.const:.string)
                  20015f14    00000008                  : netcfg.obj (.const)
                  20015f1c    00000008     app_pem4.oem4 (.const:ti_sysbios_family_arm_m3_Hwi_excHookFuncs__A)
                  20015f24    00000008     app_pem4.oem4 (.const:ti_sysbios_knl_Idle_funcList__C)
                  20015f2c    00000008     app_pem4.oem4 (.const:xdc_runtime_Startup_firstFxns__C)
                  20015f34    00000008     app_pem4.oem4 (.const:xdc_runtime_Startup_lastFxns__C)
                  20015f3c    00000004     app_pem4.oem4 (.const:ti_sysbios_family_arm_m3_Hwi_E_NMI__C)
                  20015f40    00000004     app_pem4.oem4 (.const:ti_sysbios_family_arm_m3_Hwi_E_alreadyDefined__C)
                  20015f44    00000004     app_pem4.oem4 (.const:ti_sysbios_family_arm_m3_Hwi_E_busFault__C)
                  20015f48    00000004     app_pem4.oem4 (.const:ti_sysbios_family_arm_m3_Hwi_E_debugMon__C)
                  20015f4c    00000004     app_pem4.oem4 (.const:ti_sysbios_family_arm_m3_Hwi_E_hardFault__C)
                  20015f50    00000004     app_pem4.oem4 (.const:ti_sysbios_family_arm_m3_Hwi_E_memFault__C)
                  20015f54    00000004     app_pem4.oem4 (.const:ti_sysbios_family_arm_m3_Hwi_E_noIsr__C)
                  20015f58    00000004     app_pem4.oem4 (.const:ti_sysbios_family_arm_m3_Hwi_E_reserved__C)
                  20015f5c    00000004     app_pem4.oem4 (.const:ti_sysbios_family_arm_m3_Hwi_E_svCall__C)
                  20015f60    00000004     app_pem4.oem4 (.const:ti_sysbios_family_arm_m3_Hwi_E_usageFault__C)
                  20015f64    00000004     app_pem4.oem4 (.const:ti_sysbios_family_arm_m3_Hwi_LD_end__C)
                  20015f68    00000004     app_pem4.oem4 (.const:ti_sysbios_family_arm_m3_Hwi_LM_begin__C)
                  20015f6c    00000004     app_pem4.oem4 (.const:ti_sysbios_family_arm_m3_Hwi_Module__diagsEnabled__C)
                  20015f70    00000004     app_pem4.oem4 (.const:ti_sysbios_family_arm_m3_Hwi_Module__diagsIncluded__C)
                  20015f74    00000004     app_pem4.oem4 (.const:ti_sysbios_family_arm_m3_Hwi_Module__diagsMask__C)
                  20015f78    00000004     app_pem4.oem4 (.const:ti_sysbios_family_arm_m3_Hwi_Module__loggerFxn1__C)
                  20015f7c    00000004     app_pem4.oem4 (.const:ti_sysbios_family_arm_m3_Hwi_Module__loggerFxn8__C)
                  20015f80    00000004     app_pem4.oem4 (.const:ti_sysbios_family_arm_m3_Hwi_Module__loggerObj__C)
                  20015f84    00000004     app_pem4.oem4 (.const:ti_sysbios_family_arm_m3_Hwi_NUM_INTERRUPTS__C)
                  20015f88    00000004     app_pem4.oem4 (.const:ti_sysbios_family_arm_m3_Hwi_Object__count__C)
                  20015f8c    00000004     app_pem4.oem4 (.const:ti_sysbios_family_arm_m3_Hwi_ccr__C)
                  20015f90    00000004     app_pem4.oem4 (.const:ti_sysbios_family_arm_m3_Hwi_excHandlerFunc__C)
                  20015f94    00000004     app_pem4.oem4 (.const:ti_sysbios_family_arm_m3_Hwi_excHookFuncs__C)
                  20015f98    00000004     app_pem4.oem4 (.const:ti_sysbios_family_arm_m3_Hwi_nullIsrFunc__C)
                  20015f9c    00000004     app_pem4.oem4 (.const:ti_sysbios_family_arm_m3_Hwi_priGroup__C)
                  20015fa0    00000004     app_pem4.oem4 (.const:ti_sysbios_family_arm_m3_TaskSupport_stackAlignment__C)
                  20015fa4    00000004     app_pem4.oem4 (.const:ti_sysbios_family_arm_m3_Timer_E_cannotSupport__C)
                  20015fa8    00000004     app_pem4.oem4 (.const:ti_sysbios_family_arm_m3_Timer_startupNeeded__C)
                  20015fac    00000004     app_pem4.oem4 (.const:ti_sysbios_gates_GateMutex_A_badContext__C)
                  20015fb0    00000004     app_pem4.oem4 (.const:ti_sysbios_gates_GateMutex_Instance_State_sem__O)
                  20015fb4    00000004     app_pem4.oem4 (.const:ti_sysbios_gates_GateMutex_Module__diagsEnabled__C)
                  20015fb8    00000004     app_pem4.oem4 (.const:ti_sysbios_gates_GateMutex_Module__diagsIncluded__C)
                  20015fbc    00000004     app_pem4.oem4 (.const:ti_sysbios_gates_GateMutex_Module__diagsMask__C)
                  20015fc0    00000004     app_pem4.oem4 (.const:ti_sysbios_hal_Hwi_E_stackOverflow__C)
                  20015fc4    00000004     app_pem4.oem4 (.const:ti_sysbios_heaps_HeapMem_A_align__C)
                  20015fc8    00000004     app_pem4.oem4 (.const:ti_sysbios_heaps_HeapMem_A_heapSize__C)
                  20015fcc    00000004     app_pem4.oem4 (.const:ti_sysbios_heaps_HeapMem_A_invalidFree__C)
                  20015fd0    00000004     app_pem4.oem4 (.const:ti_sysbios_heaps_HeapMem_A_zeroBlock__C)
                  20015fd4    00000004     app_pem4.oem4 (.const:ti_sysbios_heaps_HeapMem_E_memory__C)
                  20015fd8    00000004     app_pem4.oem4 (.const:ti_sysbios_heaps_HeapMem_Module__diagsEnabled__C)
                  20015fdc    00000004     app_pem4.oem4 (.const:ti_sysbios_heaps_HeapMem_Module__diagsIncluded__C)
                  20015fe0    00000004     app_pem4.oem4 (.const:ti_sysbios_heaps_HeapMem_Module__diagsMask__C)
                  20015fe4    00000004     app_pem4.oem4 (.const:ti_sysbios_heaps_HeapMem_Module__gateObj__C)
                  20015fe8    00000004     app_pem4.oem4 (.const:ti_sysbios_heaps_HeapMem_Object__count__C)
                  20015fec    00000004     app_pem4.oem4 (.const:ti_sysbios_heaps_HeapMem_reqAlign__C)
                  20015ff0    00000004     app_pem4.oem4 (.const:ti_sysbios_knl_Clock_LM_begin__C)
                  20015ff4    00000004     app_pem4.oem4 (.const:ti_sysbios_knl_Clock_LM_tick__C)
                  20015ff8    00000004     app_pem4.oem4 (.const:ti_sysbios_knl_Clock_LW_delayed__C)
                  20015ffc    00000004     app_pem4.oem4 (.const:ti_sysbios_knl_Clock_Module_State_clockQ__O)
                  20016000    00000004     app_pem4.oem4 (.const:ti_sysbios_knl_Clock_Module__diagsEnabled__C)
                  20016004    00000004     app_pem4.oem4 (.const:ti_sysbios_knl_Clock_Module__diagsIncluded__C)
                  20016008    00000004     app_pem4.oem4 (.const:ti_sysbios_knl_Clock_Module__diagsMask__C)
                  2001600c    00000004     app_pem4.oem4 (.const:ti_sysbios_knl_Clock_Module__loggerFxn1__C)
                  20016010    00000004     app_pem4.oem4 (.const:ti_sysbios_knl_Clock_Module__loggerFxn2__C)
                  20016014    00000004     app_pem4.oem4 (.const:ti_sysbios_knl_Clock_Module__loggerObj__C)
                  20016018    00000004     app_pem4.oem4 (.const:ti_sysbios_knl_Clock_tickPeriod__C)
                  2001601c    00000004     app_pem4.oem4 (.const:ti_sysbios_knl_Idle_funcList__A)
                  20016020    00000004     app_pem4.oem4 (.const:ti_sysbios_knl_Mailbox_A_invalidBufSize__C)
                  20016024    00000004     app_pem4.oem4 (.const:ti_sysbios_knl_Mailbox_Instance_State_dataQue__O)
                  20016028    00000004     app_pem4.oem4 (.const:ti_sysbios_knl_Mailbox_Instance_State_dataSem__O)
                  2001602c    00000004     app_pem4.oem4 (.const:ti_sysbios_knl_Mailbox_Instance_State_freeQue__O)
                  20016030    00000004     app_pem4.oem4 (.const:ti_sysbios_knl_Mailbox_Instance_State_freeSem__O)
                  20016034    00000004     app_pem4.oem4 (.const:ti_sysbios_knl_Mailbox_Module__diagsEnabled__C)
                  20016038    00000004     app_pem4.oem4 (.const:ti_sysbios_knl_Mailbox_Module__diagsIncluded__C)
                  2001603c    00000004     app_pem4.oem4 (.const:ti_sysbios_knl_Mailbox_Module__diagsMask__C)
                  20016040    00000004     app_pem4.oem4 (.const:ti_sysbios_knl_Mailbox_Object__count__C)
                  20016044    00000004     app_pem4.oem4 (.const:ti_sysbios_knl_Mailbox_maxTypeAlign__C)
                  20016048    00000004     app_pem4.oem4 (.const:ti_sysbios_knl_Semaphore_A_badContext__C)
                  2001604c    00000004     app_pem4.oem4 (.const:ti_sysbios_knl_Semaphore_A_noEvents__C)
                  20016050    00000004     app_pem4.oem4 (.const:ti_sysbios_knl_Semaphore_A_overflow__C)
                  20016054    00000004     app_pem4.oem4 (.const:ti_sysbios_knl_Semaphore_A_pendTaskDisabled__C)
                  20016058    00000004     app_pem4.oem4 (.const:ti_sysbios_knl_Semaphore_Instance_State_pendQ__O)
                  2001605c    00000004     app_pem4.oem4 (.const:ti_sysbios_knl_Semaphore_LM_pend__C)
                  20016060    00000004     app_pem4.oem4 (.const:ti_sysbios_knl_Semaphore_LM_post__C)
                  20016064    00000004     app_pem4.oem4 (.const:ti_sysbios_knl_Semaphore_Module__diagsEnabled__C)
                  20016068    00000004     app_pem4.oem4 (.const:ti_sysbios_knl_Semaphore_Module__diagsIncluded__C)
                  2001606c    00000004     app_pem4.oem4 (.const:ti_sysbios_knl_Semaphore_Module__diagsMask__C)
                  20016070    00000004     app_pem4.oem4 (.const:ti_sysbios_knl_Semaphore_Module__loggerFxn2__C)
                  20016074    00000004     app_pem4.oem4 (.const:ti_sysbios_knl_Semaphore_Module__loggerFxn4__C)
                  20016078    00000004     app_pem4.oem4 (.const:ti_sysbios_knl_Semaphore_Module__loggerObj__C)
                  2001607c    00000004     app_pem4.oem4 (.const:ti_sysbios_knl_Swi_LD_end__C)
                  20016080    00000004     app_pem4.oem4 (.const:ti_sysbios_knl_Swi_LM_begin__C)
                  20016084    00000004     app_pem4.oem4 (.const:ti_sysbios_knl_Swi_LM_post__C)
                  20016088    00000004     app_pem4.oem4 (.const:ti_sysbios_knl_Swi_Module__diagsEnabled__C)
                  2001608c    00000004     app_pem4.oem4 (.const:ti_sysbios_knl_Swi_Module__diagsIncluded__C)
                  20016090    00000004     app_pem4.oem4 (.const:ti_sysbios_knl_Swi_Module__diagsMask__C)
                  20016094    00000004     app_pem4.oem4 (.const:ti_sysbios_knl_Swi_Module__loggerFxn1__C)
                  20016098    00000004     app_pem4.oem4 (.const:ti_sysbios_knl_Swi_Module__loggerFxn4__C)
                  2001609c    00000004     app_pem4.oem4 (.const:ti_sysbios_knl_Swi_Module__loggerObj__C)
                  200160a0    00000004     app_pem4.oem4 (.const:ti_sysbios_knl_Swi_Object__count__C)
                  200160a4    00000004     app_pem4.oem4 (.const:ti_sysbios_knl_Task_A_badPriority__C)
                  200160a8    00000004     app_pem4.oem4 (.const:ti_sysbios_knl_Task_A_badTaskState__C)
                  200160ac    00000004     app_pem4.oem4 (.const:ti_sysbios_knl_Task_A_badThreadType__C)
                  200160b0    00000004     app_pem4.oem4 (.const:ti_sysbios_knl_Task_A_badTimeout__C)
                  200160b4    00000004     app_pem4.oem4 (.const:ti_sysbios_knl_Task_A_noPendElem__C)
                  200160b8    00000004     app_pem4.oem4 (.const:ti_sysbios_knl_Task_A_sleepTaskDisabled__C)
                  200160bc    00000004     app_pem4.oem4 (.const:ti_sysbios_knl_Task_E_spOutOfBounds__C)
                  200160c0    00000004     app_pem4.oem4 (.const:ti_sysbios_knl_Task_E_stackOverflow__C)
                  200160c4    00000004     app_pem4.oem4 (.const:ti_sysbios_knl_Task_LD_block__C)
                  200160c8    00000004     app_pem4.oem4 (.const:ti_sysbios_knl_Task_LD_exit__C)
                  200160cc    00000004     app_pem4.oem4 (.const:ti_sysbios_knl_Task_LD_ready__C)
                  200160d0    00000004     app_pem4.oem4 (.const:ti_sysbios_knl_Task_LM_sleep__C)
                  200160d4    00000004     app_pem4.oem4 (.const:ti_sysbios_knl_Task_LM_switch__C)
                  200160d8    00000004     app_pem4.oem4 (.const:ti_sysbios_knl_Task_LM_yield__C)
                  200160dc    00000004     app_pem4.oem4 (.const:ti_sysbios_knl_Task_Module_State_inactiveQ__O)
                  200160e0    00000004     app_pem4.oem4 (.const:ti_sysbios_knl_Task_Module__diagsEnabled__C)
                  200160e4    00000004     app_pem4.oem4 (.const:ti_sysbios_knl_Task_Module__diagsIncluded__C)
                  200160e8    00000004     app_pem4.oem4 (.const:ti_sysbios_knl_Task_Module__diagsMask__C)
                  200160ec    00000004     app_pem4.oem4 (.const:ti_sysbios_knl_Task_Module__loggerFxn2__C)
                  200160f0    00000004     app_pem4.oem4 (.const:ti_sysbios_knl_Task_Module__loggerFxn4__C)
                  200160f4    00000004     app_pem4.oem4 (.const:ti_sysbios_knl_Task_Module__loggerObj__C)
                  200160f8    00000004     app_pem4.oem4 (.const:ti_sysbios_knl_Task_Object__count__C)
                  200160fc    00000004     app_pem4.oem4 (.const:ti_sysbios_knl_Task_allBlockedFunc__C)
                  20016100    00000004     app_pem4.oem4 (.const:ti_sysbios_knl_Task_defaultStackHeap__C)
                  20016104    00000004     app_pem4.oem4 (.const:ti_sysbios_knl_Task_defaultStackSize__C)
                  20016108    00000004     app_pem4.oem4 (.const:ti_sysbios_knl_Task_numConstructedTasks__C)
                  2001610c    00000004     app_pem4.oem4 (.const:xdc_runtime_Assert_E_assertFailed__C)
                  20016110    00000004     app_pem4.oem4 (.const:xdc_runtime_Core_A_initializedParams__C)
                  20016114    00000004     app_pem4.oem4 (.const:xdc_runtime_Core_Module__diagsEnabled__C)
                  20016118    00000004     app_pem4.oem4 (.const:xdc_runtime_Core_Module__diagsIncluded__C)
                  2001611c    00000004     app_pem4.oem4 (.const:xdc_runtime_Core_Module__diagsMask__C)
                  20016120    00000004     app_pem4.oem4 (.const:xdc_runtime_Error_E_memory__C)
                  20016124    00000004     app_pem4.oem4 (.const:xdc_runtime_Error_Module__diagsEnabled__C)
                  20016128    00000004     app_pem4.oem4 (.const:xdc_runtime_Error_Module__diagsIncluded__C)
                  2001612c    00000004     app_pem4.oem4 (.const:xdc_runtime_Error_Module__diagsMask__C)
                  20016130    00000004     app_pem4.oem4 (.const:xdc_runtime_Error_Module__loggerFxn8__C)
                  20016134    00000004     app_pem4.oem4 (.const:xdc_runtime_Error_Module__loggerObj__C)
                  20016138    00000004     app_pem4.oem4 (.const:xdc_runtime_Error_policyFxn__C)
                  2001613c    00000004     app_pem4.oem4 (.const:xdc_runtime_Error_raiseHook__C)
                  20016140    00000004     app_pem4.oem4 (.const:xdc_runtime_IFilterLogger_Interface__BASE__C)
                  20016144    00000004     app_pem4.oem4 (.const:xdc_runtime_IGateProvider_Interface__BASE__C)
                  20016148    00000004     app_pem4.oem4 (.const:xdc_runtime_IHeap_Interface__BASE__C)
                  2001614c    00000004     app_pem4.oem4 (.const:xdc_runtime_ILogger_Interface__BASE__C)
                  20016150    00000004     app_pem4.oem4 (.const:xdc_runtime_IModule_Interface__BASE__C)
                  20016154    00000004     app_pem4.oem4 (.const:xdc_runtime_Log_L_error__C)
                  20016158    00000004     app_pem4.oem4 (.const:xdc_runtime_LoggerBuf_E_badLevel__C)
                  2001615c    00000004     app_pem4.oem4 (.const:xdc_runtime_LoggerBuf_Module__gateObj__C)
                  20016160    00000004     app_pem4.oem4 (.const:xdc_runtime_LoggerBuf_Object__count__C)
                  20016164    00000004     app_pem4.oem4 (.const:xdc_runtime_LoggerBuf_statusLogger__C)
                  20016168    00000004     app_pem4.oem4 (.const:xdc_runtime_Memory_defaultHeapInstance__C)
                  2001616c    00000004     app_pem4.oem4 (.const:xdc_runtime_Startup_execImpl__C)
                  20016170    00000004     app_pem4.oem4 (.const:xdc_runtime_Startup_maxPasses__C)
                  20016174    00000004     app_pem4.oem4 (.const:xdc_runtime_Startup_sfxnRts__C)
                  20016178    00000004     app_pem4.oem4 (.const:xdc_runtime_Startup_sfxnTab__C)
                  2001617c    00000004     app_pem4.oem4 (.const:xdc_runtime_SysMin_bufSize__C)
                  20016180    00000004     app_pem4.oem4 (.const:xdc_runtime_SysMin_outputFunc__C)
                  20016184    00000004     app_pem4.oem4 (.const:xdc_runtime_System_Module__gateObj__C)
                  20016188    00000004     app_pem4.oem4 (.const:xdc_runtime_System_abortFxn__C)
                  2001618c    00000004     app_pem4.oem4 (.const:xdc_runtime_System_exitFxn__C)
                  20016190    00000004     app_pem4.oem4 (.const:xdc_runtime_System_extendFxn__C)
                  20016194    00000004     app_pem4.oem4 (.const:xdc_runtime_System_maxAtexitHandlers__C)
                  20016198    00000004     app_pem4.oem4 (.const:xdc_runtime_Text_charTab__C)
                  2001619c    00000004     app_pem4.oem4 (.const:xdc_runtime_Text_nameEmpty__C)
                  200161a0    00000004     app_pem4.oem4 (.const:xdc_runtime_Text_nameStatic__C)
                  200161a4    00000004     app_pem4.oem4 (.const:xdc_runtime_Text_nameUnknown__C)
                  200161a8    00000004     app_pem4.oem4 (.const:xdc_runtime_Text_nodeTab__C)
                  200161ac    00000004     app_pem4.oem4 (.const:xdc_runtime_Text_visitRopeFxn__C)
                  200161b0    00000002     app_pem4.oem4 (.const:ti_sysbios_family_arm_m3_Hwi_Module__id__C)
                  200161b2    00000002     app_pem4.oem4 (.const:ti_sysbios_family_arm_m3_Hwi_Module__loggerDefined__C)
                  200161b4    00000002     app_pem4.oem4 (.const:ti_sysbios_family_arm_m3_Timer_Module__id__C)
                  200161b6    00000002     app_pem4.oem4 (.const:ti_sysbios_family_arm_m3_TimestampProvider_configTimer__C)
                  200161b8    00000002     app_pem4.oem4 (.const:ti_sysbios_gates_GateMutex_Module__id__C)
                  200161ba    00000002     app_pem4.oem4 (.const:ti_sysbios_hal_Hwi_Module__id__C)
                  200161bc    00000002     app_pem4.oem4 (.const:ti_sysbios_heaps_HeapMem_Module__id__C)
                  200161be    00000002     app_pem4.oem4 (.const:ti_sysbios_knl_Clock_Module__id__C)
                  200161c0    00000002     app_pem4.oem4 (.const:ti_sysbios_knl_Clock_Module__loggerDefined__C)
                  200161c2    00000002     app_pem4.oem4 (.const:ti_sysbios_knl_Mailbox_Module__id__C)
                  200161c4    00000002     app_pem4.oem4 (.const:ti_sysbios_knl_Semaphore_Module__id__C)
                  200161c6    00000002     app_pem4.oem4 (.const:ti_sysbios_knl_Semaphore_Module__loggerDefined__C)
                  200161c8    00000002     app_pem4.oem4 (.const:ti_sysbios_knl_Swi_Module__id__C)
                  200161ca    00000002     app_pem4.oem4 (.const:ti_sysbios_knl_Swi_Module__loggerDefined__C)
                  200161cc    00000002     app_pem4.oem4 (.const:ti_sysbios_knl_Task_Module__id__C)
                  200161ce    00000002     app_pem4.oem4 (.const:ti_sysbios_knl_Task_Module__loggerDefined__C)
                  200161d0    00000002     app_pem4.oem4 (.const:ti_sysbios_knl_Task_initStackFlag__C)
                  200161d2    00000002     app_pem4.oem4 (.const:xdc_runtime_Core_Module__id__C)
                  200161d4    00000002     app_pem4.oem4 (.const:xdc_runtime_Error_Module__loggerDefined__C)
                  200161d6    00000002     app_pem4.oem4 (.const:xdc_runtime_Error_maxDepth__C)
                  200161d8    00000002     app_pem4.oem4 (.const:xdc_runtime_LoggerBuf_Module__id__C)
                  200161da    00000002     app_pem4.oem4 (.const:xdc_runtime_LoggerBuf_filterByLevel__C)
                  200161dc    00000002     app_pem4.oem4 (.const:xdc_runtime_Memory_Module__id__C)
                  200161de    00000002     app_pem4.oem4 (.const:xdc_runtime_SysMin_flushAtExit__C)
                  200161e0    00000002     app_pem4.oem4 (.const:xdc_runtime_Text_charCnt__C)
                  200161e2    00000002     app_pem4.oem4 (.const:xdc_runtime_Text_isLoaded__C)
                  200161e4    00000002     app_pem4.oem4 (.const:xdc_runtime_Text_registryModsLastId__C)
                  200161e6    00000002     app_pem4.oem4 (.const:xdc_runtime_Text_unnamedModsLastId__C)

.cinit     0    200161e8    00000380     
                  200161e8    0000035a     (.cinit..data.load) [load image, compression = rle]
                  20016542    00000002     --HOLE-- [fill = 0]
[...]
20015f8c  ti_sysbios_family_arm_m3_Hwi_ccr__C                         
20015f90  ti_sysbios_family_arm_m3_Hwi_excHandlerFunc__C              
20015f94  ti_sysbios_family_arm_m3_Hwi_excHookFuncs__C                
20015f98  ti_sysbios_family_arm_m3_Hwi_nullIsrFunc__C                 
20015f9c  ti_sysbios_family_arm_m3_Hwi_priGroup__C                    
20015fa0  ti_sysbios_family_arm_m3_TaskSupport_stackAlignment__C      
20015fa4  ti_sysbios_family_arm_m3_Timer_E_cannotSupport__C           
20015fa8  ti_sysbios_family_arm_m3_Timer_startupNeeded__C             
20015fac  ti_sysbios_gates_GateMutex_A_badContext__C                  
20015fb0  ti_sysbios_gates_GateMutex_Instance_State_sem__O            
20015fb4  ti_sysbios_gates_GateMutex_Module__diagsEnabled__C          
20015fb8  ti_sysbios_gates_GateMutex_Module__diagsIncluded__C         
20015fbc  ti_sysbios_gates_GateMutex_Module__diagsMask__C             
20015fc0  ti_sysbios_hal_Hwi_E_stackOverflow__C                       
20015fc4  ti_sysbios_heaps_HeapMem_A_align__C                         
20015fc8  ti_sysbios_heaps_HeapMem_A_heapSize__C                      
20015fcc  ti_sysbios_heaps_HeapMem_A_invalidFree__C                   
20015fd0  ti_sysbios_heaps_HeapMem_A_zeroBlock__C                     
20015fd4  ti_sysbios_heaps_HeapMem_E_memory__C                        
20015fd8  ti_sysbios_heaps_HeapMem_Module__diagsEnabled__C            
20015fdc  ti_sysbios_heaps_HeapMem_Module__diagsIncluded__C           
20015fe0  ti_sysbios_heaps_HeapMem_Module__diagsMask__C               
20015fe4  ti_sysbios_heaps_HeapMem_Module__gateObj__C                 
20015fe8  ti_sysbios_heaps_HeapMem_Object__count__C                   
20015fec  ti_sysbios_heaps_HeapMem_reqAlign__C                        
20015ff0  ti_sysbios_knl_Clock_LM_begin__C                            
20015ff4  ti_sysbios_knl_Clock_LM_tick__C                             
20015ff8  ti_sysbios_knl_Clock_LW_delayed__C                          
20015ffc  ti_sysbios_knl_Clock_Module_State_clockQ__O                 
20016000  ti_sysbios_knl_Clock_Module__diagsEnabled__C                
20016004  ti_sysbios_knl_Clock_Module__diagsIncluded__C               
20016008  ti_sysbios_knl_Clock_Module__diagsMask__C                   
2001600c  ti_sysbios_knl_Clock_Module__loggerFxn1__C                  
20016010  ti_sysbios_knl_Clock_Module__loggerFxn2__C                  
20016014  ti_sysbios_knl_Clock_Module__loggerObj__C                   
20016018  ti_sysbios_knl_Clock_tickPeriod__C                          
2001601c  ti_sysbios_knl_Idle_funcList__A                             
20016020  ti_sysbios_knl_Mailbox_A_invalidBufSize__C                  
20016024  ti_sysbios_knl_Mailbox_Instance_State_dataQue__O            
20016028  ti_sysbios_knl_Mailbox_Instance_State_dataSem__O            
2001602c  ti_sysbios_knl_Mailbox_Instance_State_freeQue__O            
20016030  ti_sysbios_knl_Mailbox_Instance_State_freeSem__O            
20016034  ti_sysbios_knl_Mailbox_Module__diagsEnabled__C              
20016038  ti_sysbios_knl_Mailbox_Module__diagsIncluded__C             
2001603c  ti_sysbios_knl_Mailbox_Module__diagsMask__C                 
20016040  ti_sysbios_knl_Mailbox_Object__count__C                     
20016044  ti_sysbios_knl_Mailbox_maxTypeAlign__C                      
20016048  ti_sysbios_knl_Semaphore_A_badContext__C                    
2001604c  ti_sysbios_knl_Semaphore_A_noEvents__C                      
20016050  ti_sysbios_knl_Semaphore_A_overflow__C                      
20016054  ti_sysbios_knl_Semaphore_A_pendTaskDisabled__C              
20016058  ti_sysbios_knl_Semaphore_Instance_State_pendQ__O            
2001605c  ti_sysbios_knl_Semaphore_LM_pend__C                         
20016060  ti_sysbios_knl_Semaphore_LM_post__C                         
20016064  ti_sysbios_knl_Semaphore_Module__diagsEnabled__C            
20016068  ti_sysbios_knl_Semaphore_Module__diagsIncluded__C           
2001606c  ti_sysbios_knl_Semaphore_Module__diagsMask__C               
20016070  ti_sysbios_knl_Semaphore_Module__loggerFxn2__C              
20016074  ti_sysbios_knl_Semaphore_Module__loggerFxn4__C              
20016078  ti_sysbios_knl_Semaphore_Module__loggerObj__C               
2001607c  ti_sysbios_knl_Swi_LD_end__C                                
20016080  ti_sysbios_knl_Swi_LM_begin__C                              
20016084  ti_sysbios_knl_Swi_LM_post__C                               
20016088  ti_sysbios_knl_Swi_Module__diagsEnabled__C                  
2001608c  ti_sysbios_knl_Swi_Module__diagsIncluded__C                 
20016090  ti_sysbios_knl_Swi_Module__diagsMask__C                     
20016094  ti_sysbios_knl_Swi_Module__loggerFxn1__C                    
20016098  ti_sysbios_knl_Swi_Module__loggerFxn4__C                    
2001609c  ti_sysbios_knl_Swi_Module__loggerObj__C                     
200160a0  ti_sysbios_knl_Swi_Object__count__C                         
200160a4  ti_sysbios_knl_Task_A_badPriority__C                        
200160a8  ti_sysbios_knl_Task_A_badTaskState__C                       
200160ac  ti_sysbios_knl_Task_A_badThreadType__C                      
200160b0  ti_sysbios_knl_Task_A_badTimeout__C                         
200160b4  ti_sysbios_knl_Task_A_noPendElem__C                         
200160b8  ti_sysbios_knl_Task_A_sleepTaskDisabled__C                  
200160bc  ti_sysbios_knl_Task_E_spOutOfBounds__C                      
200160c0  ti_sysbios_knl_Task_E_stackOverflow__C                      
200160c4  ti_sysbios_knl_Task_LD_block__C                             
200160c8  ti_sysbios_knl_Task_LD_exit__C                              
200160cc  ti_sysbios_knl_Task_LD_ready__C                             
200160d0  ti_sysbios_knl_Task_LM_sleep__C                             
200160d4  ti_sysbios_knl_Task_LM_switch__C                            
200160d8  ti_sysbios_knl_Task_LM_yield__C                             
200160dc  ti_sysbios_knl_Task_Module_State_inactiveQ__O               
200160e0  ti_sysbios_knl_Task_Module__diagsEnabled__C                 
200160e4  ti_sysbios_knl_Task_Module__diagsIncluded__C                
200160e8  ti_sysbios_knl_Task_Module__diagsMask__C                    
200160ec  ti_sysbios_knl_Task_Module__loggerFxn2__C                   
200160f0  ti_sysbios_knl_Task_Module__loggerFxn4__C                   
200160f4  ti_sysbios_knl_Task_Module__loggerObj__C                    
200160f8  ti_sysbios_knl_Task_Object__count__C                        
200160fc  ti_sysbios_knl_Task_allBlockedFunc__C                       
20016100  ti_sysbios_knl_Task_defaultStackHeap__C                     
20016104  ti_sysbios_knl_Task_defaultStackSize__C                     
20016108  ti_sysbios_knl_Task_numConstructedTasks__C                  
2001610c  xdc_runtime_Assert_E_assertFailed__C                        
20016110  xdc_runtime_Core_A_initializedParams__C                     
20016114  xdc_runtime_Core_Module__diagsEnabled__C                    
20016118  xdc_runtime_Core_Module__diagsIncluded__C                   
2001611c  xdc_runtime_Core_Module__diagsMask__C                       
20016120  xdc_runtime_Error_E_memory__C                               
20016124  xdc_runtime_Error_Module__diagsEnabled__C                   
20016128  xdc_runtime_Error_Module__diagsIncluded__C                  
2001612c  xdc_runtime_Error_Module__diagsMask__C                      
20016130  xdc_runtime_Error_Module__loggerFxn8__C                     
20016134  xdc_runtime_Error_Module__loggerObj__C                      
20016138  xdc_runtime_Error_policyFxn__C                              
2001613c  xdc_runtime_Error_raiseHook__C                              
20016140  xdc_runtime_IFilterLogger_Interface__BASE__C                
20016144  xdc_runtime_IGateProvider_Interface__BASE__C                
20016148  xdc_runtime_IHeap_Interface__BASE__C                        
2001614c  xdc_runtime_ILogger_Interface__BASE__C                      
20016150  xdc_runtime_IModule_Interface__BASE__C                      
20016154  xdc_runtime_Log_L_error__C                                  
20016158  xdc_runtime_LoggerBuf_E_badLevel__C                         
2001615c  xdc_runtime_LoggerBuf_Module__gateObj__C                    
20016160  xdc_runtime_LoggerBuf_Object__count__C                      
20016164  xdc_runtime_LoggerBuf_statusLogger__C                       
20016168  xdc_runtime_Memory_defaultHeapInstance__C                   
2001616c  xdc_runtime_Startup_execImpl__C                             
20016170  xdc_runtime_Startup_maxPasses__C                            
20016174  xdc_runtime_Startup_sfxnRts__C                              
20016178  xdc_runtime_Startup_sfxnTab__C                              
2001617c  xdc_runtime_SysMin_bufSize__C                               
20016180  xdc_runtime_SysMin_outputFunc__C                            
20016184  xdc_runtime_System_Module__gateObj__C                       
20016188  xdc_runtime_System_abortFxn__C                              
2001618c  xdc_runtime_System_exitFxn__C                               
20016190  xdc_runtime_System_extendFxn__C                             
20016194  xdc_runtime_System_maxAtexitHandlers__C                     
20016198  xdc_runtime_Text_charTab__C                                 
2001619c  xdc_runtime_Text_nameEmpty__C                               
200161a0  xdc_runtime_Text_nameStatic__C                              
200161a4  xdc_runtime_Text_nameUnknown__C                             
200161a8  xdc_runtime_Text_nodeTab__C                                 
200161ac  xdc_runtime_Text_visitRopeFxn__C                            
200161b0  ti_sysbios_family_arm_m3_Hwi_Module__id__C                  
200161b2  ti_sysbios_family_arm_m3_Hwi_Module__loggerDefined__C       
200161b4  ti_sysbios_family_arm_m3_Timer_Module__id__C                
200161b6  ti_sysbios_family_arm_m3_TimestampProvider_configTimer__C   
200161b8  ti_sysbios_gates_GateMutex_Module__id__C                    
200161ba  ti_sysbios_hal_Hwi_Module__id__C                            
200161bc  ti_sysbios_heaps_HeapMem_Module__id__C                      
200161be  ti_sysbios_knl_Clock_Module__id__C                          
200161c0  ti_sysbios_knl_Clock_Module__loggerDefined__C               
200161c2  ti_sysbios_knl_Mailbox_Module__id__C                        
200161c4  ti_sysbios_knl_Semaphore_Module__id__C                      
200161c6  ti_sysbios_knl_Semaphore_Module__loggerDefined__C           
200161c8  ti_sysbios_knl_Swi_Module__id__C                            
200161ca  ti_sysbios_knl_Swi_Module__loggerDefined__C                 
200161cc  ti_sysbios_knl_Task_Module__id__C                           
200161ce  ti_sysbios_knl_Task_Module__loggerDefined__C                
200161d0  ti_sysbios_knl_Task_initStackFlag__C                        
200161d2  xdc_runtime_Core_Module__id__C                              
200161d4  xdc_runtime_Error_Module__loggerDefined__C                  
200161d6  xdc_runtime_Error_maxDepth__C                               
200161d8  xdc_runtime_LoggerBuf_Module__id__C                         
200161da  xdc_runtime_LoggerBuf_filterByLevel__C                      
200161dc  xdc_runtime_Memory_Module__id__C                            
200161de  xdc_runtime_SysMin_flushAtExit__C                           
200161e0  xdc_runtime_Text_charCnt__C                                 
200161e2  xdc_runtime_Text_isLoaded__C                                
200161e4  xdc_runtime_Text_registryModsLastId__C                      
200161e6  xdc_runtime_Text_unnamedModsLastId__C                       
200161e8  __TI_static_base__                                          
20016544  __TI_Handler_Table_Base                                     
20016550  __TI_Handler_Table_Limit                                    
20016558  __TI_CINIT_Base                                             
20016568  __TI_CINIT_Limit                                            
20017000  ti_sysbios_heaps_HeapMem_Instance_State_0_buf__A            
2001f000  ti_sysbios_knl_Task_Instance_State_0_stack__A               
2001fda0  g_OtaCheckUpdateResponse                                    
200203ec  g_FlcSflashCb                                               
20020400  gpCtlTbl                                                    
20020800  xdc_runtime_LoggerBuf_Instance_State_0_entryArr__A          
20020c00  xdc_runtime_SysMin_Module_State_0_outbuf__A                 
20021000  g_OtaFileMetadata                                           
200213d8  ti_sysbios_family_arm_m3_Hwi_dispatchTable                  
20021924  g_StatMem                                                   
20021a9c  __CIOBUF_                                                   
20021bbc  gfpAppCallbackHndl                                          
20021d98  g_CdnClient                                                 
20021e0c  g_ucDinDout                                                 
20021e5c  g_OtaApp                                                    
20021ea8  g_OtaApp_statistics                                         
20021ef4  g_OtaClient                                                 
20021f18  g_ucConnectionSSID                                          
20021f3c  g_LogClient                                                 
20021f44  g_ucConnectionBSSID                                         
20021f5c  DMAMsgQ                                                     
20021f60  SimpleLinkSpawnTaskHndl                                     
20021f78  g_S2InterruptHdl                                            
20021f7c  g_S3InterruptHdl                                            
20021f80  g_cDummy                                                    
20021f84  g_ulGatewayIP                                               
20021f88  g_ulIpAddr                                                  
20021f8c  g_ulStatus                                                  
20021f98  simpleLink_mailbox                                          
20021f9c  RxIrqCnt                                                    
20021f9d  g_ucSimplelinkstarted                                       
20021f9e  iDone                                                       
20021fa0  ti_sysbios_family_arm_m3_Hwi_Module__root__V                
20021fa8  ti_sysbios_family_arm_m3_Hwi_Object__table__V               
20021fc0  ti_sysbios_family_arm_m3_Hwi_Module_State_0_excActive__A    
20021fc4  ti_sysbios_family_arm_m3_Hwi_Module_State_0_excContext__A   
20021fc8  ti_sysbios_family_arm_m3_Hwi_Module_State_0_excStack__A     
20021fcc  ti_sysbios_family_arm_m3_Timer_Module__root__V              
20021fd4  ti_sysbios_family_arm_m3_Timer_Module__state__V             
20021fe0  ti_sysbios_family_arm_m3_TimestampProvider_Module__state__V 
20021fe4  ti_sysbios_gates_GateHwi_Module__root__V                    
20021fec  ti_sysbios_gates_GateHwi_Object__table__V                   
20021ff0  ti_sysbios_gates_GateMutex_Module__root__V                  
20021ff8  ti_sysbios_hal_Hwi_Module__root__V                          
20022000  ti_sysbios_hal_Timer_Module__root__V                        
20022008  ti_sysbios_heaps_HeapMem_Module__root__V                    
20022010  ti_sysbios_heaps_HeapMem_Object__table__V                   
20022028  ti_sysbios_knl_Clock_Module__root__V                        
20022030  ti_sysbios_knl_Event_Module__root__V                        
20022038  ti_sysbios_knl_Mailbox_Module__root__V                      
20022040  ti_sysbios_knl_Queue_Module__root__V                        
20022048  ti_sysbios_knl_Semaphore_Module__root__V                    
20022050  ti_sysbios_knl_Swi_Module__root__V                          
20022058  ti_sysbios_knl_Swi_Module__state__V                         
20022074  ti_sysbios_knl_Task_Module__root__V                         
2002207c  ti_sysbios_knl_Task_Module_State_0_idleTask__A              
20022080  xdc_runtime_Error_Module__state__V                          
20022084  xdc_runtime_LoggerBuf_Module__root__V                       
2002208c  xdc_runtime_LoggerBuf_Module__state__V                      
20022094  xdc_runtime_Memory_Module__state__V                         
20022098  xdc_runtime_Registry_Module__state__V                       
200220a0  xdc_runtime_Startup_Module__state__V                        
200220a8  xdc_runtime_SysMin_Module__state__V                         
200220b4  xdc_runtime_System_Module_State_0_atexitHandlers__A         
200220c4  xdc_runtime_System_Module__state__V                         
200220cc  xdc_runtime_Text_Module__state__V                           
200220d4  __xdc__init__addr                                           
20022188  _Denorm                                                     
20022198  _Eps                                                        
200221a8  _Hugeval                                                    
200221b8  _Inf                                                        
200221c8  _Nan                                                        
200221d8  _Snan                                                       
200221e8  _Rteps                                                      
200221f8  _Xbig                                                       
20022200  _Zero                                                       
20022208  ti_sysbios_knl_Swi_Module_State_0_readyQ__A                 
20022288  ti_sysbios_knl_Task_Module_State_0_readyQ__A                
20022308  TSK_idle                                                    
20022308  ti_sysbios_knl_Task_Object__table__V                        
20022354  ti_sysbios_knl_Task_Module__state__V                        
20022398  ti_sysbios_gates_GateMutex_Object__table__V                 
200223d0  ti_sysbios_family_arm_m3_Hwi_Module__state__V               
20022404  ti_sysbios_family_arm_m3_Timer_Object__table__V             
20022434  ti_sysbios_knl_Swi_Object__table__V                         
20022464  ti_sysbios_knl_Clock_Module__state__V                       
20022490  ti_sysbios_BIOS_Module__state__V                            
200224b4  xdc_runtime_LoggerBuf_Object__table__V                      
200224d8  g_SpiFd                                                     
200224dc  g_pHostIntHdl                                               
200224e0  g_ucDMAEnabled                                              
200224e4  g_pCB                                                       
200224e8  pPingCallBackFunc                                           
200224ec  gFirstCmdMode                                               
200224f0  _lock                                                       
200224f4  _unlock                                                     
200224f8  __TI_cleanup_ptr                                            
200224fc  __TI_dtors_ptr                                              
20022500  _Fenv                                                       
20022504  _Tls_setup__Fenv                                            
20022508  g_ConsecutiveNetAccessNetErrors                             
2002250c  _Errno                                                      
20022510  main_func_sp                                                
2002e000  __stack                                                     
20030000  __STACK_END                                                 
e000e000  ti_sysbios_family_arm_m3_Hwi_nvic                           
ffffffff  __binit__                                                   
ffffffff  __c_args__                                                  
ffffffff  binit                                                       
UNDEFED   SHT$$INIT_ARRAY$$Base                                       
UNDEFED   SHT$$INIT_ARRAY$$Limit                                      

[1054 symbols]
