******************************************************************************
                  TI ARM Linker PC v5.2.2                      
******************************************************************************
>> Linked Fri Jun 19 18:58:55 2015

OUTPUT FILE NAME:   <tcp_socket.out>
ENTRY POINT SYMBOL: "_c_int00"  address: 2000bd21


MEMORY CONFIGURATION

         name            origin    length      used     unused   attr    fill
----------------------  --------  ---------  --------  --------  ----  --------
  SRAM_CODE             20004000   00013000  00008ec6  0000a13a  RW X
  SRAM_DATA             20017000   00019000  00001e30  000171d0  RW X


SEGMENT ALLOCATION MAP

run origin  load origin   length   init length attrs members
----------  ----------- ---------- ----------- ----- -------
20004000    20004000    00008ec8   00008ec8    r-x
  20004000    20004000    00000400   00000400    r-- .intvecs
  20004400    20004400    00008342   00008342    r-x .text
  2000c744    2000c744    000006fc   000006fc    r-- .const
  2000ce40    2000ce40    00000088   00000088    r-- .cinit
20017000    20017000    00001634   00000000    rw-
  20017000    20017000    00000c9c   00000000    rw- .bss
  20017ca0    20017ca0    00000800   00000000    rw- .sysmem
  200184a0    200184a0    00000194   00000000    rw- .data
2002f800    2002f800    00000800   00000000    rw-
  2002f800    2002f800    00000800   00000000    rw- .stack


SECTION ALLOCATION MAP

 output                                  attributes/
section   page    origin      length       input sections
--------  ----  ----------  ----------   ----------------
.intvecs   0    20004000    00000400     
                  20004000    00000400     startup_ccs.obj (.intvecs)

.init_array 
*          0    20004000    00000000     UNINITIALIZED

.text      0    20004400    00008342     
                  20004400    00001574     main.obj (.text)
                  20005974    000010a6     rtsv7M4_T_le_eabi.lib : _printfi.obj (.text)
                  20006a1a    00000002     driverlib.a : interrupt.obj (.text:IntDefaultHandler)
                  20006a1c    000005ec     simplelink.a : driver.obj (.text:_SlDrvMsgRead)
                  20007008    000003dc     rtsv7M4_T_le_eabi.lib : memory.obj (.text)
                  200073e4    00000280     uart_if.obj (.text)
                  20007664    00000248     simplelink.a : driver.obj (.text:_SlDrvRxHdrRead)
                  200078ac    00000244                  : wlan.obj (.text:sl_WlanConnect)
                  20007af0    000001f4     rtsv7M4_T_le_eabi.lib : ull_div_t2.obj (.text)
                  20007ce4    000001d0     simplelink.a : driver.obj (.text:_SlDrvReleasePoolObj)
                  20007eb4    000001cc                  : driver.obj (.text:_SlDrvMsgWrite)
                  20008080    000001cc     udma_if.obj (.text)
                  2000824c    000001b6     rtsv7M4_T_le_eabi.lib : fd_add_t2.obj (.text)
                  20008402    00000002     --HOLE-- [fill = 0]
                  20008404    00000190     simplelink.a : driver.obj (.text:_SlDrvWaitForPoolObj)
                  20008594    00000188                  : driver.obj (.text:_SlDrvDriverCBInit)
                  2000871c    00000170                  : driver.obj (.text:_SlFindAndSetActiveObj)
                  2000888c    00000144                  : cc_pal.obj (.text:spi_Open)
                  200089d0    00000138                  : socket.obj (.text:sl_Accept)
                  20008b08    00000136     rtsv7M4_T_le_eabi.lib : fd_div_t2.obj (.text)
                  20008c3e    00000002     --HOLE-- [fill = 0]
                  20008c40    00000134     driverlib.a : prcm.obj (.text:PRCMCC3200MCUInit)
                  20008d74    0000012c     simplelink.a : driver.obj (.text:_SlDrvDataReadOp)
                  20008ea0    00000114     rtsv7M4_T_le_eabi.lib : strtoul.obj (.text)
                  20008fb4    00000110                           : xdscale.obj (.text)
                  200090c4    00000108     simplelink.a : driver.obj (.text:_SlDrvDataWriteOp)
                  200091cc    00000108                  : socket.obj (.text:sl_Connect)
                  200092d4    00000108                  : socket.obj (.text:sl_Send)
                  200093dc    00000100                  : driver.obj (.text:_SlDrvDriverCBDeinit)
                  200094dc    000000fe                  : netapp.obj (.text:_SlDrvNetAppEventHandler)
                  200095da    000000fc     rtsv7M4_T_le_eabi.lib : fd_mul_t2.obj (.text)
                  200096d6    00000002     --HOLE-- [fill = 0]
                  200096d8    000000f0     simplelink.a : cc_pal.obj (.text:spi_Read)
                  200097c8    000000f0     driverlib.a : udma.obj (.text:uDMAChannelTransferSet)
                  200098b8    000000d8     simplelink.a : driver.obj (.text:_SlDrvClassifyRxMsg)
                  20009990    000000d4                  : device.obj (.text:sl_Stop)
                  20009a64    000000c8                  : netapp.obj (.text:_sl_HandleAsync_DnsGetHostByService)
                  20009b2c    000000c0                  : driver.obj (.text:_SlDrvMsgReadCmdCtx)
                  20009bec    000000c0                  : driver.obj (.text:_SlRemoveFromList)
                  20009cac    000000be     rtsv7M4_T_le_eabi.lib : xdnorm.obj (.text)
                  20009d6a    00000002     --HOLE-- [fill = 0]
                  20009d6c    000000bc     simplelink.a : device.obj (.text:sl_Start)
                  20009e28    000000b8                  : driver.obj (.text:_SlAsyncEventGenericHandler)
                  20009ee0    000000b4                  : netapp.obj (.text:sl_NetAppMDNSRegisterUnregisterService)
                  20009f94    000000a8     driverlib.a : interrupt.obj (.text:IntDisable)
                  2000a03c    000000a8                 : interrupt.obj (.text:IntEnable)
                  2000a0e4    000000a0                 : spi.obj (.text:SPIConfigSetExpClk)
                  2000a184    0000009c     simplelink.a : driver.obj (.text:_SlDrvMsgReadSpawnCtx)
                  2000a220    0000009c     rtsv7M4_T_le_eabi.lib : memcpy_t2.obj (.text)
                  2000a2bc    0000009c     simplelink.a : device.obj (.text:sl_DevGet)
                  2000a358    00000098                  : cc_pal.obj (.text:spi_Write)
                  2000a3f0    00000094     driverlib.a : prcm.obj (.text:PRCMPeripheralClockGet)
                  2000a484    0000008c     simplelink.a : cc_pal.obj (.text:SetupDMAReceive)
                  2000a510    0000008c                  : cc_pal.obj (.text:SetupDMASend)
                  2000a59c    0000008c                  : netapp.obj (.text:_sl_HandleAsync_DnsGetHostByName)
                  2000a628    0000008c                  : netapp.obj (.text:_sl_HandleAsync_PingResponse)
                  2000a6b4    00000088     driverlib.a : pin.obj (.text:PinConfigSet)
                  2000a73c    00000088     rtsv7M4_T_le_eabi.lib : vsnprintf.obj (.text)
                  2000a7c4    00000088     simplelink.a : socket.obj (.text:sl_Bind)
                  2000a84c    00000086     rtsv7M4_T_le_eabi.lib : fd_cmp_t2.obj (.text:__aeabi_cdcmple)
                  2000a8d2    00000086                           : fd_cmp_t2.obj (.text:__aeabi_cdrcmple)
                  2000a958    00000084     simplelink.a : cc_pal.obj (.text:NwpPowerOnPreamble)
                  2000a9dc    00000080                  : driver.obj (.text:_SlDrvCmdOp)
                  2000aa5c    00000080                  : cc_pal.obj (.text:spi_Read_CPU)
                  2000aadc    00000080                  : cc_pal.obj (.text:spi_Write_CPU)
                  2000ab5c    0000007c                  : device.obj (.text:_sl_HandleAsync_InitComplete)
                  2000abd8    0000007a     rtsv7M4_T_le_eabi.lib : memset_t2.obj (.text)
                  2000ac52    00000002     --HOLE-- [fill = 0]
                  2000ac54    00000078     simplelink.a : socket.obj (.text:_sl_HandleAsync_Connect)
                  2000accc    00000078                  : cc_pal.obj (.text:spi_Close)
                  2000ad44    00000076     driverlib.a : uart.obj (.text:UARTConfigSetExpClk)
                  2000adba    00000002     --HOLE-- [fill = 0]
                  2000adbc    00000074     simplelink.a : socket.obj (.text:sl_Recv)
                  2000ae30    00000070                  : nonos.obj (.text:_SlNonOsMainLoopTask)
                  2000aea0    0000006c                  : driver.obj (.text:_SlDrvCmdSend)
                  2000af0c    0000006c     rtsv7M4_T_le_eabi.lib : autoinit.obj (.text)
                  2000af78    0000006a                           : copy_decompress_rle.obj (.text)
                  2000afe2    00000002     --HOLE-- [fill = 0]
                  2000afe4    00000068     simplelink.a : netapp.obj (.text:_sl_NetAppSendTokenValue)
                  2000b04c    00000068                  : netcfg.obj (.text:sl_NetCfgSet)
                  2000b0b4    00000068                  : socket.obj (.text:sl_SetSockOpt)
                  2000b11c    00000068                  : wlan.obj (.text:sl_WlanSet)
                  2000b184    00000066     rtsv7M4_T_le_eabi.lib : xdunscal.obj (.text)
                  2000b1ea    00000002     --HOLE-- [fill = 0]
                  2000b1ec    00000064     driverlib.a : udma.obj (.text:uDMAChannelAttributeDisable)
                  2000b250    00000064                 : udma.obj (.text:uDMAChannelAttributeEnable)
                  2000b2b4    00000060     simplelink.a : socket.obj (.text:_sl_HandleAsync_Accept)
                  2000b314    00000060                  : wlan.obj (.text:sl_WlanPolicySet)
                  2000b374    0000005c                  : nonos.obj (.text:_SlNonOsSemGet)
                  2000b3d0    0000005c                  : nonos.obj (.text:_SlNonOsSpawn)
                  2000b42c    0000005c                  : socket.obj (.text:sl_Socket)
                  2000b488    00000058     driverlib.a : interrupt.obj (.text:IntPendClear)
                  2000b4e0    00000058                 : prcm.obj (.text:PRCMPeripheralReset)
                  2000b538    00000056     rtsv7M4_T_le_eabi.lib : ltoa.obj (.text)
                  2000b58e    00000002     --HOLE-- [fill = 0]
                  2000b590    00000054     driverlib.a : interrupt.obj (.text:IntPrioritySet)
                  2000b5e4    00000054     simplelink.a : socket.obj (.text:_sl_HandleAsync_Select)
                  2000b638    00000054                  : wlan.obj (.text:sl_WlanRxFilterSet)
                  2000b68c    00000050                  : device.obj (.text:_sl_HandleAsync_Stop)
                  2000b6dc    0000004c     driverlib.a : spi.obj (.text:SPIIntEnable)
                  2000b728    0000004c                 : spi.obj (.text:SPIIntNumberGet)
                  2000b774    0000004c     simplelink.a : driver.obj (.text:_SlDrvProtectAsyncRespSetting)
                  2000b7c0    0000004c                  : driver.obj (.text:_SlDrvRxIrqHandler)
                  2000b80c    0000004c                  : socket.obj (.text:_sl_BuildAddress)
                  2000b858    0000004c     rtsv7M4_T_le_eabi.lib : atoi.obj (.text)
                  2000b8a4    0000004c                           : cpy_tbl.obj (.text)
                  2000b8f0    0000004c     driverlib.a : udma.obj (.text:uDMAChannelAssign)
                  2000b93c    00000048                 : spi.obj (.text:SPIIntClear)
                  2000b984    00000048     simplelink.a : driver.obj (.text:_SlDrvBasicCmd)
                  2000b9cc    00000048     rtsv7M4_T_le_eabi.lib : fd_toi_t2.obj (.text)
                  2000ba14    00000046                           : ldexp.obj (.text)
                  2000ba5a    00000002     --HOLE-- [fill = 0]
                  2000ba5c    00000044     driverlib.a : spi.obj (.text:SPIDmaMaskGet)
                  2000baa0    00000044     simplelink.a : cc_pal.obj (.text:cc_SetupTransfer)
                  2000bae4    00000044     rtsv7M4_T_le_eabi.lib : exit.obj (.text)
                  2000bb28    00000042     simplelink.a : socket.obj (.text:sl_Htonl)
                  2000bb6a    00000002     --HOLE-- [fill = 0]
                  2000bb6c    00000040     driverlib.a : pin.obj (.text:PinModeSet)
                  2000bbac    00000040     rtsv7M4_T_le_eabi.lib : signal.obj (.text)
                  2000bbec    00000040                           : strtok.obj (.text)
                  2000bc2c    0000003e     simplelink.a : cc_pal.obj (.text:NwpRegisterInterruptHandler)
                  2000bc6a    0000003c                  : netapp.obj (.text:CopyPingResultsToReport)
                  2000bca6    00000002     --HOLE-- [fill = 0]
                  2000bca8    0000003c     driverlib.a : prcm.obj (.text:PRCMPeripheralClkEnable)
                  2000bce4    0000003c     simplelink.a : socket.obj (.text:_sl_TruncatePayloadByProtocol)
                  2000bd20    0000003c     rtsv7M4_T_le_eabi.lib : boot.obj (.text)
                  2000bd5c    0000003c     simplelink.a : socket.obj (.text:sl_Htons)
                  2000bd98    0000003c                  : socket.obj (.text:sl_Listen)
                  2000bdd4    0000003c     driverlib.a : udma.obj (.text:uDMAChannelControlSet)
                  2000be10    00000038     simplelink.a : cc_pal.obj (.text:NwpPowerOff)
                  2000be48    00000036                  : netapp.obj (.text:sl_NetAppMDNSUnRegisterService)
                  2000be7e    00000002     --HOLE-- [fill = 0]
                  2000be80    00000034     driverlib.a : prcm.obj (.text:PRCMPeripheralStatusGet)
                  2000beb4    00000034                 : spi.obj (.text:SPIFIFOLevelSet)
                  2000bee8    00000034     rtsv7M4_T_le_eabi.lib : feraiseexcept.obj (.text)
                  2000bf1c    00000030     driverlib.a : uart.obj (.text:UARTDisable)
                  2000bf4c    00000030     simplelink.a : device.obj (.text:_SlDrvDeviceEventHandler)
                  2000bf7c    00000030     rtsv7M4_T_le_eabi.lib : xferaise.obj (.text)
                  2000bfac    00000030     simplelink.a : socket.obj (.text:sl_Close)
                  2000bfdc    00000030                  : wlan.obj (.text:sl_WlanProfileDel)
                  2000c00c    00000030                  : wlan.obj (.text:sl_WlanSetMode)
                  2000c03c    0000002e     rtsv7M4_T_le_eabi.lib : i_tofd_t2.obj (.text)
                  2000c06a    0000002e                           : raise.obj (.text)
                  2000c098    0000002c     simplelink.a : cc_pal.obj (.text:NwpPowerOn)
                  2000c0c4    0000002c     driverlib.a : prcm.obj (.text:PRCMSysResetCauseGet)
                  2000c0f0    0000002a     rtsv7M4_T_le_eabi.lib : strspn.obj (.text)
                  2000c11a    0000002a                           : xdclass.obj (.text)
                  2000c144    00000028     driverlib.a : prcm.obj (.text:PRCMPeripheralClkDisable)
                  2000c16c    00000024     simplelink.a : cc_pal.obj (.text:DmaSpiSwIntHandler)
                  2000c190    00000024     driverlib.a : interrupt.obj (.text:IntUnregister)
                  2000c1b4    00000024                 : uart.obj (.text:UARTEnable)
                  2000c1d8    00000024     simplelink.a : driver.obj (.text:_SlDrvProtectionObjLockWaitForever)
                  2000c1fc    00000024     rtsv7M4_T_le_eabi.lib : memmov.obj (.text)
                  2000c220    00000024                           : strcspn.obj (.text)
                  2000c244    00000022     driverlib.a : spi.obj (.text:SPIReset)
                  2000c266    00000022                 : spi.obj (.text:SPIWordCountSet)
                  2000c288    00000022     rtsv7M4_T_le_eabi.lib : frexp.obj (.text)
                  2000c2aa    00000002     --HOLE-- [fill = 0]
                  2000c2ac    00000020     driverlib.a : interrupt.obj (.text:IntRegister)
                  2000c2cc    00000020     simplelink.a : driver.obj (.text:_SlDrvProtectionObjUnLock)
                  2000c2ec    0000001e     driverlib.a : uart.obj (.text:UARTCharPut)
                  2000c30a    0000001e     simplelink.a : driver.obj (.text:_SlDrvObjLockWaitForever)
                  2000c328    0000001e                  : driver.obj (.text:_SlDrvSyncObjWaitForever)
                  2000c346    0000001e                  : cc_pal.obj (.text:cc_UDMAChannelSelect)
                  2000c364    0000001c     driverlib.a : uart.obj (.text:UARTCharGetNonBlocking)
                  2000c380    0000001c     pinmux.obj (.text)
                  2000c39c    0000001c     rtsv7M4_T_le_eabi.lib : memccpy.obj (.text)
                  2000c3b8    0000001c     driverlib.a : udma.obj (.text:uDMAChannelDisable)
                  2000c3d4    0000001c                 : udma.obj (.text:uDMAChannelEnable)
                  2000c3f0    0000001c                 : udma.obj (.text:uDMAChannelRequest)
                  2000c40c    0000001a                 : pin.obj (.text:PinTypeUART)
                  2000c426    0000001a                 : spi.obj (.text:SPIDmaDisable)
                  2000c440    0000001a                 : spi.obj (.text:SPIDmaEnable)
                  2000c45a    0000001a                 : spi.obj (.text:SPIFIFODisable)
                  2000c474    0000001a                 : spi.obj (.text:SPIFIFOEnable)
                  2000c48e    0000001a                 : spi.obj (.text:SPIIntUnregister)
                  2000c4a8    0000001a     simplelink.a : driver.obj (.text:_SlDrvObjUnLock)
                  2000c4c2    0000001a                  : driver.obj (.text:_SlDrvSyncObjSignal)
                  2000c4dc    00000018     driverlib.a : spi.obj (.text:SPICSDisable)
                  2000c4f4    00000018                 : spi.obj (.text:SPICSEnable)
                  2000c50c    00000018                 : spi.obj (.text:SPIDisable)
                  2000c524    00000018                 : spi.obj (.text:SPIEnable)
                  2000c53c    00000018                 : uart.obj (.text:UARTCharsAvail)
                  2000c554    00000018     simplelink.a : nonos.obj (.text:_SlNonOsSemSet)
                  2000c56c    00000018                  : device.obj (.text:_sl_GetStartResponseConvert)
                  2000c584    00000018     rtsv7M4_T_le_eabi.lib : args_main.obj (.text)
                  2000c59c    00000016     driverlib.a : prcm.obj (.text:PRCMHIBRegRead)
                  2000c5b2    00000016                 : prcm.obj (.text:PRCMHIBRegWrite)
                  2000c5c8    00000016                 : uart.obj (.text:UARTCharGet)
                  2000c5de    00000016     simplelink.a : driver.obj (.text:_SlDrvMemZero)
                  2000c5f4    00000016     rtsv7M4_T_le_eabi.lib : strchr.obj (.text)
                  2000c60a    00000016     driverlib.a : udma.obj (.text:uDMAIntRegister)
                  2000c620    00000014                 : cpu.obj (.text:CPUcpsie)
                  2000c634    00000014                 : interrupt.obj (.text:IntVTableBaseSet)
                  2000c648    00000014     rtsv7M4_T_le_eabi.lib : _lock.obj (.text)
                  2000c65c    00000014                           : strlen.obj (.text)
                  2000c670    00000014     driverlib.a : udma.obj (.text:uDMAControlBaseSet)
                  2000c684    00000014                 : udma.obj (.text:uDMAIntClear)
                  2000c698    00000012                 : udma.obj (.text:uDMAIntUnregister)
                  2000c6aa    0000000e     simplelink.a : driver.obj (.text:_SlDrvResetCmdExt)
                  2000c6b8    0000000e     rtsv7M4_T_le_eabi.lib : copy_decompress_none.obj (.text:decompress:none)
                  2000c6c6    0000000e     startup_ccs.obj (.text)
                  2000c6d4    0000000c     simplelink.a : cc_pal.obj (.text:NwpMaskInterrupt)
                  2000c6e0    0000000c                  : cc_pal.obj (.text:NwpUnMaskInterrupt)
                  2000c6ec    0000000c     rtsv7M4_T_le_eabi.lib : copy_zero_init.obj (.text:decompress:ZI)
                  2000c6f8    0000000c     simplelink.a : wlan.obj (.text:sl_WlanDisconnect)
                  2000c704    0000000c     driverlib.a : udma.obj (.text:uDMADisable)
                  2000c710    0000000c                 : udma.obj (.text:uDMAEnable)
                  2000c71c    0000000c                 : udma.obj (.text:uDMAIntStatus)
                  2000c728    0000000a                 : interrupt.obj (.text:IntMasterEnable)
                  2000c732    00000006                 : utils.obj (.text:UtilsDelay)
                  2000c738    00000006     rtsv7M4_T_le_eabi.lib : copy_decompress_rle.obj (.text:decompress:rle24)
                  2000c73e    00000004                           : pre_init.obj (.text)

.const     0    2000c744    000006fc     
                  2000c744    00000101     rtsv7M4_T_le_eabi.lib : ctype.obj (.const:.string:_ctypes_)
                  2000c845    00000003     --HOLE-- [fill = 0]
                  2000c848    00000100     driverlib.a : pin.obj (.const:g_ulPinToPadMap)
                  2000c948    000000d4                 : interrupt.obj (.const:g_pulRegs)
                  2000ca1c    000000b0     simplelink.a : wlan.obj (.const:$P$T0$1)
                  2000cacc    000000a8     driverlib.a : prcm.obj (.const:PRCM_PeriphRegsList)
                  2000cb74    00000080                 : interrupt.obj (.const)
                  2000cbf4    0000003c     simplelink.a : driver.obj (.const:OpcodeTranslateTable)
                  2000cc30    0000003c                  : wlan.obj (.const)
                  2000cc6c    00000038                  : driver.obj (.const:_SlActionLookupTable)
                  2000cca4    00000034                  : driver.obj (.const)
                  2000ccd8    00000034                  : socket.obj (.const)
                  2000cd0c    0000002c     main.obj (.const:$P$T1$2)
                  2000cd38    0000002b     main.obj (.const:.string)
                  2000cd63    00000001     --HOLE-- [fill = 0]
                  2000cd64    00000028     simplelink.a : netapp.obj (.const)
                  2000cd8c    00000024     driverlib.a : spi.obj (.const:g_ppulSPIIntMap)
                  2000cdb0    00000022     main.obj (.const:.string:$P$T0$1)
                  2000cdd2    00000002     --HOLE-- [fill = 0]
                  2000cdd4    00000020     main.obj (.const)
                  2000cdf4    00000018     driverlib.a : spi.obj (.const)
                  2000ce0c    00000014     simplelink.a : device.obj (.const)
                  2000ce20    00000010                  : socket.obj (.const:.string)
                  2000ce30    00000008                  : device.obj (.const:.string)
                  2000ce38    00000008                  : netcfg.obj (.const)

.cinit     0    2000ce40    00000088     
                  2000ce40    00000060     (.cinit..data.load) [load image, compression = rle]
                  2000cea0    0000000c     (__TI_handler_table)
                  2000ceac    00000004     --HOLE-- [fill = 0]
                  2000ceb0    00000008     (.cinit..bss.load) [load image, compression = zero_init]
                  2000ceb8    00000010     (__TI_cinit_table)

.bss       0    20017000    00000c9c     UNINITIALIZED
                  20017000    00000578     main.obj (.bss:g_cBsdBuf)
                  20017578    00000168     simplelink.a : driver.obj (.bss:g_StatMem)
                  200176e0    00000100     udma_if.obj (.bss:gfpAppCallbackHndl)
                  200177e0    00000008     (.common:g_ucConnectionBSSID)
                  200177e8    00000004     (.common:__Errorlog)
                  200177ec    00000001     (.common:RxIrqCnt)
                  200177ed    00000001     (.common:g_cDummy)
                  200177ee    00000001     (.common:iDone)
                  200177ef    00000011     --HOLE--
                  20017800    00000400     udma_if.obj (.bss:gpCtlTbl)
                  20017c00    00000050     simplelink.a : cc_pal.obj (.bss:g_ucDinDout)
                  20017c50    00000028                  : nonos.obj (.bss:g__SlNonOsCB)
                  20017c78    00000024     main.obj (.bss:g_ucConnectionSSID)

.TI.noinit 
*          0    20017000    00000000     UNINITIALIZED

.sysmem    0    20017ca0    00000800     UNINITIALIZED
                  20017ca0    00000008     rtsv7M4_T_le_eabi.lib : memory.obj (.sysmem)
                  20017ca8    000007f8     --HOLE--

.data      0    200184a0    00000194     UNINITIALIZED
                  200184a0    000000b0     rtsv7M4_T_le_eabi.lib : signal.obj (.data:sigtable)
                  20018550    00000080                           : xvalues.obj (.data)
                  200185d0    0000001c     main.obj (.data)
                  200185ec    0000000c     rtsv7M4_T_le_eabi.lib : memory.obj (.data)
                  200185f8    00000009     simplelink.a : cc_pal.obj (.data)
                  20018601    00000003     --HOLE--
                  20018604    00000009                  : driver.obj (.data)
                  2001860d    00000003     --HOLE--
                  20018610    00000008     rtsv7M4_T_le_eabi.lib : _lock.obj (.data)
                  20018618    00000008                           : exit.obj (.data)
                  20018620    00000008                           : feraiseexcept.obj (.data)
                  20018628    00000004                           : errno.obj (.data)
                  2001862c    00000004                           : stkdepth_vars.obj (.data)
                  20018630    00000004                           : strtok.obj (.data)

.TI.persistent 
*          0    200184a0    00000000     UNINITIALIZED

.stack     0    2002f800    00000800     UNINITIALIZED
                  2002f800    00000800     --HOLE--


LINKER GENERATED COPY TABLES

__TI_cinit_table @ 2000ceb8 records: 2, size/record: 8, table size: 16
	.data: load addr=2000ce40, load size=00000060 bytes, run addr=200184a0, run size=00000194 bytes, compression=rle
	.bss: load addr=2000ceb0, load size=00000008 bytes, run addr=20017000, run size=00000c9c bytes, compression=zero_init


LINKER GENERATED HANDLER TABLE

__TI_handler_table @ 2000cea0 records: 3, size/record: 4, table size: 12
	index: 0, handler: __TI_decompress_rle24
	index: 1, handler: __TI_decompress_none
	index: 2, handler: __TI_zero_init


GLOBAL SYMBOLS: SORTED ALPHABETICALLY BY Name 

address   name                                  
-------   ----                                  
2000524d  BsdTcpClient                          
200053a1  BsdTcpServer                          
2000bae5  C$$EXIT                               
2000c621  CPUcpsie                              
20007425  ClearTerm                             
2000bc6b  CopyPingResultsToReport               
20008097  DmaErrorIntHandler                    
2000c16d  DmaSpiSwIntHandler                    
20008081  DmaSwIntHandler                       
2000742f  Error                                 
20007467  GetCmd                                
200073e5  InitTerm                              
20009f95  IntDisable                            
2000a03d  IntEnable                             
2000c729  IntMasterEnable                       
2000b489  IntPendClear                          
2000b591  IntPrioritySet                        
2000c2ad  IntRegister                           
2000c191  IntUnregister                         
2000c635  IntVTableBaseSet                      
20004c53  IpAddressParser                       
20007403  Message                               
2000c6d5  NwpMaskInterrupt                      
2000be11  NwpPowerOff                           
2000c099  NwpPowerOn                            
2000a959  NwpPowerOnPreamble                    
2000bc2d  NwpRegisterInterruptHandler           
2000c6e1  NwpUnMaskInterrupt                    
2000cbf4  OpcodeTranslateTable                  
20008c41  PRCMCC3200MCUInit                     
2000c59d  PRCMHIBRegRead                        
2000c5b3  PRCMHIBRegWrite                       
2000c145  PRCMPeripheralClkDisable              
2000bca9  PRCMPeripheralClkEnable               
2000a3f1  PRCMPeripheralClockGet                
2000b4e1  PRCMPeripheralReset                   
2000be81  PRCMPeripheralStatusGet               
2000c0c5  PRCMSysResetCauseGet                  
2000a6b5  PinConfigSet                          
2000bb6d  PinModeSet                            
2000c381  PinMuxConfig                          
2000c40d  PinTypeUART                           
200075a5  Report                                
2000c6c7  ResetISR                              
200177ec  RxIrqCnt                              
2000ccb4  RxMsgClassLUT                         
UNDEFED   SHT$$INIT_ARRAY$$Base                 
UNDEFED   SHT$$INIT_ARRAY$$Limit                
2000c4dd  SPICSDisable                          
2000c4f5  SPICSEnable                           
2000a0e5  SPIConfigSetExpClk                    
2000c50d  SPIDisable                            
2000c427  SPIDmaDisable                         
2000c441  SPIDmaEnable                          
2000c525  SPIEnable                             
2000c45b  SPIFIFODisable                        
2000c475  SPIFIFOEnable                         
2000beb5  SPIFIFOLevelSet                       
2000b93d  SPIIntClear                           
2000b6dd  SPIIntEnable                          
2000c48f  SPIIntUnregister                      
2000c245  SPIReset                              
2000c267  SPIWordCountSet                       
200045dd  SimpleLinkGeneralEventHandler         
200045bd  SimpleLinkHttpServerCallback          
2000450f  SimpleLinkNetAppEventHandler          
20004601  SimpleLinkSockEventHandler            
20004401  SimpleLinkWlanEventHandler            
2000ce30  StartResponseLUT                      
2000750d  TrimSpace                             
2000c5c9  UARTCharGet                           
2000c365  UARTCharGetNonBlocking                
2000c2ed  UARTCharPut                           
2000c53d  UARTCharsAvail                        
2000ad45  UARTConfigSetExpClk                   
2000bf1d  UARTDisable                           
2000c1b5  UARTEnable                            
2000810b  UDMAChannelSelect                     
200081df  UDMADeInit                            
200080a3  UDMAInit                              
20008139  UDMASetupAutoMemTransfer              
2000816d  UDMASetupPingPongTransfer             
200081f3  UDMASetupTransfer                     
200081c7  UDMAStartTransfer                     
200081d3  UDMAStopTransfer                      
20004d3d  UserInput                             
2000c733  UtilsDelay                            
2000c11b  _Dclass                               
20018550  _Denorm                               
20009cad  _Dnorm                                
20008fb5  _Dscale                               
2000b185  _Dunscale                             
20018560  _Eps                                  
20018628  _Errno                                
20018620  _Fenv                                 
2000bf7d  _Feraise                              
20018570  _Hugeval                              
20018580  _Inf                                  
20018590  _Nan                                  
200185b0  _Rteps                                
2000ccec  _SlAcceptCmdCtrl                      
2000cc6c  _SlActionLookupTable                  
20009e29  _SlAsyncEventGenericHandler           
2000ce18  _SlDeviceGetCmdCtrl                   
2000ce1c  _SlDeviceSetCmdCtrl                   
2000b985  _SlDrvBasicCmd                        
200098b9  _SlDrvClassifyRxMsg                   
2000a9dd  _SlDrvCmdOp                           
2000aea1  _SlDrvCmdSend                         
20008d75  _SlDrvDataReadOp                      
200090c5  _SlDrvDataWriteOp                     
2000bf4d  _SlDrvDeviceEventHandler              
200093dd  _SlDrvDriverCBDeinit                  
20008595  _SlDrvDriverCBInit                    
2000c5df  _SlDrvMemZero                         
20006a1d  _SlDrvMsgRead                         
20009b2d  _SlDrvMsgReadCmdCtx                   
2000a185  _SlDrvMsgReadSpawnCtx                 
20007eb5  _SlDrvMsgWrite                        
200094dd  _SlDrvNetAppEventHandler              
2000c30b  _SlDrvObjLockWaitForever              
2000c4a9  _SlDrvObjUnLock                       
2000b775  _SlDrvProtectAsyncRespSetting         
2000c1d9  _SlDrvProtectionObjLockWaitForever    
2000c2cd  _SlDrvProtectionObjUnLock             
20007ce5  _SlDrvReleasePoolObj                  
2000c6ab  _SlDrvResetCmdExt                     
20007665  _SlDrvRxHdrRead                       
2000b7c1  _SlDrvRxIrqHandler                    
2000c4c3  _SlDrvSyncObjSignal                   
2000c329  _SlDrvSyncObjWaitForever              
20008405  _SlDrvWaitForPoolObj                  
2000ce14  _SlEventMaskGetCmdCtrl                
2000ce10  _SlEventMaskSetCmdCtrl                
2000871d  _SlFindAndSetActiveObj                
2000cd78  _SlGetHostByNameCtrl                  
2000cd74  _SlGetHostByServiceCtrl               
2000cd6c  _SlGetServiceListeCtrl                
2000ccf8  _SlGetSockOptCmdCtrl                  
2000cce8  _SlListenCmdCtrl                      
2000cd84  _SlNetAppGetCmdCtrl                   
2000cd80  _SlNetAppSendTokenValueCmdCtrl        
2000cd7c  _SlNetAppSetCmdCtrl                   
2000cd64  _SlNetAppStartCtrl                    
2000cd68  _SlNetAppStopCtrl                     
2000ce3c  _SlNetCfgGetCmdCtrl                   
2000ce38  _SlNetCfgSetCmdCtrl                   
2000ae31  _SlNonOsMainLoopTask                  
2000b375  _SlNonOsSemGet                        
2000c555  _SlNonOsSemSet                        
2000b3d1  _SlNonOsSpawn                         
2000ce20  _SlPayloadByProtocolLUT               
2000cc34  _SlPolicyGetCmdCtrl                   
2000cc30  _SlPolicySetCmdCtrl                   
2000cc3c  _SlProfileDelCmdCtrl                  
2000cc38  _SlProfileGetCmdCtrl                  
2000ccf0  _SlRecvCmdCtrl                        
2000cce0  _SlRecvfomCmdCtrl                     
2000cd70  _SlRegisterServiceCtrl                
20009bed  _SlRemoveFromList                     
2000cc44  _SlRxFilterAddtCmdCtrl                
2000cc4c  _SlRxFilterGetCmdCtrl                 
2000cc48  _SlRxFilterSetCmdCtrl                 
2000ccfc  _SlSelectCmdCtrl                      
2000cce4  _SlSendCmdCtrl                        
2000ccf4  _SlSetSockOptCmdCtrl                  
2000cc50  _SlSmartConfigStartCmdCtrl            
2000ccdc  _SlSockCloseCmdCtrl                   
2000ccd8  _SlSockSocketCmdCtrl                  
2000ce0c  _SlStopCmdCtrl                        
2000cc5c  _SlWlanCfgGetCmdCtrl                  
2000cc58  _SlWlanCfgSetCmdCtrl                  
2000cc40  _SlWlanGetNetworkListCtrl             
2000cc54  _SlWlanSetModeCmdCtrl                 
200185a0  _Snan                                 
20018624  _Tls_setup__Fenv                      
200185c0  _Xbig                                 
200185c8  _Zero                                 
20030000  __STACK_END                           
00000800  __STACK_SIZE                          
00000800  __SYSMEM_SIZE                         
2000ceb8  __TI_CINIT_Base                       
2000cec8  __TI_CINIT_Limit                      
2000cea0  __TI_Handler_Table_Base               
2000ceac  __TI_Handler_Table_Limit              
2000af0d  __TI_auto_init                        
20018618  __TI_cleanup_ptr                      
2000c6b9  __TI_decompress_none                  
2000c739  __TI_decompress_rle24                 
2001861c  __TI_dtors_ptr                        
20006715  __TI_printfi                          
2000ce40  __TI_static_base__                    
2000c6ed  __TI_zero_init                        
2000a84d  __aeabi_cdcmpeq                       
2000a84d  __aeabi_cdcmple                       
2000a8d3  __aeabi_cdrcmple                      
2000b9cd  __aeabi_d2iz                          
20008257  __aeabi_dadd                          
20008b09  __aeabi_ddiv                          
200095db  __aeabi_dmul                          
2000824d  __aeabi_dsub                          
2000c03d  __aeabi_i2d                           
2000abd9  __aeabi_memclr                        
2000abd9  __aeabi_memclr4                       
2000abd9  __aeabi_memclr8                       
2000a221  __aeabi_memcpy                        
2000a221  __aeabi_memcpy4                       
2000a221  __aeabi_memcpy8                       
2000abdb  __aeabi_memset                        
2000abdb  __aeabi_memset4                       
2000abdb  __aeabi_memset8                       
20007af1  __aeabi_uldivmod                      
ffffffff  __binit__                             
ffffffff  __c_args__                            
2002f800  __stack                               
2000c585  _args_main                            
2000bd21  _c_int00                              
2000c744  _ctypes_                              
20018610  _lock                                 
2000c657  _nop                                  
2000c64f  _register_lock                        
2000c649  _register_unlock                      
2000b80d  _sl_BuildAddress                      
2000c56d  _sl_GetStartResponseConvert           
2000b2b5  _sl_HandleAsync_Accept                
2000ac55  _sl_HandleAsync_Connect               
2000a59d  _sl_HandleAsync_DnsGetHostByName      
20009a65  _sl_HandleAsync_DnsGetHostByService   
2000ab5d  _sl_HandleAsync_InitComplete          
2000a629  _sl_HandleAsync_PingResponse          
2000b5e5  _sl_HandleAsync_Select                
2000b68d  _sl_HandleAsync_Stop                  
2000afe5  _sl_NetAppSendTokenValue              
2000bce5  _sl_TruncatePayloadByProtocol         
20017ca0  _sys_memory                           
2000c73f  _system_pre_init                      
20018614  _unlock                               
2000bae9  abort                                 
2000b859  atoi                                  
ffffffff  binit                                 
200073b1  calloc                                
2000b8a5  copy_in                               
2000baf1  exit                                  
2000bee9  feraiseexcept                         
200070ff  free                                  
2000c289  frexp                                 
2001860c  gFirstCmdMode                         
2000ccac  g_H2NCnysPattern                      
2000cca4  g_H2NSyncPattern                      
200185f8  g_SpiFd                               
20017578  g_StatMem                             
20017c50  g__SlNonOsCB                          
20017000  g_cBsdBuf                             
200177ed  g_cDummy                              
20018604  g_pCB                                 
200185fc  g_pHostIntHdl                         
20004000  g_pfnVectors                          
200177e0  g_ucConnectionBSSID                   
20017c78  g_ucConnectionSSID                    
200185e4  g_ucConnectionStatus                  
20018600  g_ucDMAEnabled                        
20017c00  g_ucDinDout                           
200185e5  g_ucSimplelinkstarted                 
200185dc  g_uiPortNum                           
200185d8  g_ulDestinationIp                     
200185d4  g_ulGatewayIP                         
200185e8  g_ulIpAddr                            
200185e0  g_ulPacketCount                       
200185d0  g_ulStatus                            
200176e0  gfpAppCallbackHndl                    
20017800  gpCtlTbl                              
200177ee  iDone                                 
2000ba15  ldexp                                 
2000b539  ltoa                                  
200056ad  main                                  
2001862c  main_func_sp                          
20007097  malloc                                
200072cd  memalign                              
2000c39d  memccpy                               
2000a221  memcpy                                
2000c1fd  memmove                               
2000abe1  memset                                
20007009  minit                                 
20018608  pPingCallBackFunc                     
2000c06b  raise                                 
200071c1  realloc                               
2000bbad  signal                                
200089d1  sl_Accept                             
2000a7c5  sl_Bind                               
2000bfad  sl_Close                              
200091cd  sl_Connect                            
2000a2bd  sl_DevGet                             
2000bb29  sl_Htonl                              
2000bd5d  sl_Htons                              
2000bd99  sl_Listen                             
20009ee1  sl_NetAppMDNSRegisterUnregisterService
2000be49  sl_NetAppMDNSUnRegisterService        
2000b04d  sl_NetCfgSet                          
2000adbd  sl_Recv                               
200092d5  sl_Send                               
2000b0b5  sl_SetSockOpt                         
2000b42d  sl_Socket                             
20009d6d  sl_Start                              
20009991  sl_Stop                               
200078ad  sl_WlanConnect                        
2000c6f9  sl_WlanDisconnect                     
2000b315  sl_WlanPolicySet                      
2000bfdd  sl_WlanProfileDel                     
2000b639  sl_WlanRxFilterSet                    
2000b11d  sl_WlanSet                            
2000c00d  sl_WlanSetMode                        
2000accd  spi_Close                             
2000888d  spi_Open                              
200096d9  spi_Read                              
2000a359  spi_Write                             
2000c5f5  strchr                                
2000c221  strcspn                               
2000c65d  strlen                                
2000c0f1  strspn                                
2000bbed  strtok                                
20008ea1  strtoul                               
2000b8f1  uDMAChannelAssign                     
2000b1ed  uDMAChannelAttributeDisable           
2000b251  uDMAChannelAttributeEnable            
2000bdd5  uDMAChannelControlSet                 
2000c3b9  uDMAChannelDisable                    
2000c3d5  uDMAChannelEnable                     
2000c3f1  uDMAChannelRequest                    
200097c9  uDMAChannelTransferSet                
2000c671  uDMAControlBaseSet                    
2000c705  uDMADisable                           
2000c711  uDMAEnable                            
2000c685  uDMAIntClear                          
2000c60b  uDMAIntRegister                       
2000c71d  uDMAIntStatus                         
2000c699  uDMAIntUnregister                     
2000a73d  vsnprintf                             


GLOBAL SYMBOLS: SORTED BY Symbol Address 

address   name                                  
-------   ----                                  
00000800  __STACK_SIZE                          
00000800  __SYSMEM_SIZE                         
20004000  g_pfnVectors                          
20004401  SimpleLinkWlanEventHandler            
2000450f  SimpleLinkNetAppEventHandler          
200045bd  SimpleLinkHttpServerCallback          
200045dd  SimpleLinkGeneralEventHandler         
20004601  SimpleLinkSockEventHandler            
20004c53  IpAddressParser                       
20004d3d  UserInput                             
2000524d  BsdTcpClient                          
200053a1  BsdTcpServer                          
200056ad  main                                  
20006715  __TI_printfi                          
20006a1d  _SlDrvMsgRead                         
20007009  minit                                 
20007097  malloc                                
200070ff  free                                  
200071c1  realloc                               
200072cd  memalign                              
200073b1  calloc                                
200073e5  InitTerm                              
20007403  Message                               
20007425  ClearTerm                             
2000742f  Error                                 
20007467  GetCmd                                
2000750d  TrimSpace                             
200075a5  Report                                
20007665  _SlDrvRxHdrRead                       
200078ad  sl_WlanConnect                        
20007af1  __aeabi_uldivmod                      
20007ce5  _SlDrvReleasePoolObj                  
20007eb5  _SlDrvMsgWrite                        
20008081  DmaSwIntHandler                       
20008097  DmaErrorIntHandler                    
200080a3  UDMAInit                              
2000810b  UDMAChannelSelect                     
20008139  UDMASetupAutoMemTransfer              
2000816d  UDMASetupPingPongTransfer             
200081c7  UDMAStartTransfer                     
200081d3  UDMAStopTransfer                      
200081df  UDMADeInit                            
200081f3  UDMASetupTransfer                     
2000824d  __aeabi_dsub                          
20008257  __aeabi_dadd                          
20008405  _SlDrvWaitForPoolObj                  
20008595  _SlDrvDriverCBInit                    
2000871d  _SlFindAndSetActiveObj                
2000888d  spi_Open                              
200089d1  sl_Accept                             
20008b09  __aeabi_ddiv                          
20008c41  PRCMCC3200MCUInit                     
20008d75  _SlDrvDataReadOp                      
20008ea1  strtoul                               
20008fb5  _Dscale                               
200090c5  _SlDrvDataWriteOp                     
200091cd  sl_Connect                            
200092d5  sl_Send                               
200093dd  _SlDrvDriverCBDeinit                  
200094dd  _SlDrvNetAppEventHandler              
200095db  __aeabi_dmul                          
200096d9  spi_Read                              
200097c9  uDMAChannelTransferSet                
200098b9  _SlDrvClassifyRxMsg                   
20009991  sl_Stop                               
20009a65  _sl_HandleAsync_DnsGetHostByService   
20009b2d  _SlDrvMsgReadCmdCtx                   
20009bed  _SlRemoveFromList                     
20009cad  _Dnorm                                
20009d6d  sl_Start                              
20009e29  _SlAsyncEventGenericHandler           
20009ee1  sl_NetAppMDNSRegisterUnregisterService
20009f95  IntDisable                            
2000a03d  IntEnable                             
2000a0e5  SPIConfigSetExpClk                    
2000a185  _SlDrvMsgReadSpawnCtx                 
2000a221  __aeabi_memcpy                        
2000a221  __aeabi_memcpy4                       
2000a221  __aeabi_memcpy8                       
2000a221  memcpy                                
2000a2bd  sl_DevGet                             
2000a359  spi_Write                             
2000a3f1  PRCMPeripheralClockGet                
2000a59d  _sl_HandleAsync_DnsGetHostByName      
2000a629  _sl_HandleAsync_PingResponse          
2000a6b5  PinConfigSet                          
2000a73d  vsnprintf                             
2000a7c5  sl_Bind                               
2000a84d  __aeabi_cdcmpeq                       
2000a84d  __aeabi_cdcmple                       
2000a8d3  __aeabi_cdrcmple                      
2000a959  NwpPowerOnPreamble                    
2000a9dd  _SlDrvCmdOp                           
2000ab5d  _sl_HandleAsync_InitComplete          
2000abd9  __aeabi_memclr                        
2000abd9  __aeabi_memclr4                       
2000abd9  __aeabi_memclr8                       
2000abdb  __aeabi_memset                        
2000abdb  __aeabi_memset4                       
2000abdb  __aeabi_memset8                       
2000abe1  memset                                
2000ac55  _sl_HandleAsync_Connect               
2000accd  spi_Close                             
2000ad45  UARTConfigSetExpClk                   
2000adbd  sl_Recv                               
2000ae31  _SlNonOsMainLoopTask                  
2000aea1  _SlDrvCmdSend                         
2000af0d  __TI_auto_init                        
2000afe5  _sl_NetAppSendTokenValue              
2000b04d  sl_NetCfgSet                          
2000b0b5  sl_SetSockOpt                         
2000b11d  sl_WlanSet                            
2000b185  _Dunscale                             
2000b1ed  uDMAChannelAttributeDisable           
2000b251  uDMAChannelAttributeEnable            
2000b2b5  _sl_HandleAsync_Accept                
2000b315  sl_WlanPolicySet                      
2000b375  _SlNonOsSemGet                        
2000b3d1  _SlNonOsSpawn                         
2000b42d  sl_Socket                             
2000b489  IntPendClear                          
2000b4e1  PRCMPeripheralReset                   
2000b539  ltoa                                  
2000b591  IntPrioritySet                        
2000b5e5  _sl_HandleAsync_Select                
2000b639  sl_WlanRxFilterSet                    
2000b68d  _sl_HandleAsync_Stop                  
2000b6dd  SPIIntEnable                          
2000b775  _SlDrvProtectAsyncRespSetting         
2000b7c1  _SlDrvRxIrqHandler                    
2000b80d  _sl_BuildAddress                      
2000b859  atoi                                  
2000b8a5  copy_in                               
2000b8f1  uDMAChannelAssign                     
2000b93d  SPIIntClear                           
2000b985  _SlDrvBasicCmd                        
2000b9cd  __aeabi_d2iz                          
2000ba15  ldexp                                 
2000bae5  C$$EXIT                               
2000bae9  abort                                 
2000baf1  exit                                  
2000bb29  sl_Htonl                              
2000bb6d  PinModeSet                            
2000bbad  signal                                
2000bbed  strtok                                
2000bc2d  NwpRegisterInterruptHandler           
2000bc6b  CopyPingResultsToReport               
2000bca9  PRCMPeripheralClkEnable               
2000bce5  _sl_TruncatePayloadByProtocol         
2000bd21  _c_int00                              
2000bd5d  sl_Htons                              
2000bd99  sl_Listen                             
2000bdd5  uDMAChannelControlSet                 
2000be11  NwpPowerOff                           
2000be49  sl_NetAppMDNSUnRegisterService        
2000be81  PRCMPeripheralStatusGet               
2000beb5  SPIFIFOLevelSet                       
2000bee9  feraiseexcept                         
2000bf1d  UARTDisable                           
2000bf4d  _SlDrvDeviceEventHandler              
2000bf7d  _Feraise                              
2000bfad  sl_Close                              
2000bfdd  sl_WlanProfileDel                     
2000c00d  sl_WlanSetMode                        
2000c03d  __aeabi_i2d                           
2000c06b  raise                                 
2000c099  NwpPowerOn                            
2000c0c5  PRCMSysResetCauseGet                  
2000c0f1  strspn                                
2000c11b  _Dclass                               
2000c145  PRCMPeripheralClkDisable              
2000c16d  DmaSpiSwIntHandler                    
2000c191  IntUnregister                         
2000c1b5  UARTEnable                            
2000c1d9  _SlDrvProtectionObjLockWaitForever    
2000c1fd  memmove                               
2000c221  strcspn                               
2000c245  SPIReset                              
2000c267  SPIWordCountSet                       
2000c289  frexp                                 
2000c2ad  IntRegister                           
2000c2cd  _SlDrvProtectionObjUnLock             
2000c2ed  UARTCharPut                           
2000c30b  _SlDrvObjLockWaitForever              
2000c329  _SlDrvSyncObjWaitForever              
2000c365  UARTCharGetNonBlocking                
2000c381  PinMuxConfig                          
2000c39d  memccpy                               
2000c3b9  uDMAChannelDisable                    
2000c3d5  uDMAChannelEnable                     
2000c3f1  uDMAChannelRequest                    
2000c40d  PinTypeUART                           
2000c427  SPIDmaDisable                         
2000c441  SPIDmaEnable                          
2000c45b  SPIFIFODisable                        
2000c475  SPIFIFOEnable                         
2000c48f  SPIIntUnregister                      
2000c4a9  _SlDrvObjUnLock                       
2000c4c3  _SlDrvSyncObjSignal                   
2000c4dd  SPICSDisable                          
2000c4f5  SPICSEnable                           
2000c50d  SPIDisable                            
2000c525  SPIEnable                             
2000c53d  UARTCharsAvail                        
2000c555  _SlNonOsSemSet                        
2000c56d  _sl_GetStartResponseConvert           
2000c585  _args_main                            
2000c59d  PRCMHIBRegRead                        
2000c5b3  PRCMHIBRegWrite                       
2000c5c9  UARTCharGet                           
2000c5df  _SlDrvMemZero                         
2000c5f5  strchr                                
2000c60b  uDMAIntRegister                       
2000c621  CPUcpsie                              
2000c635  IntVTableBaseSet                      
2000c649  _register_unlock                      
2000c64f  _register_lock                        
2000c657  _nop                                  
2000c65d  strlen                                
2000c671  uDMAControlBaseSet                    
2000c685  uDMAIntClear                          
2000c699  uDMAIntUnregister                     
2000c6ab  _SlDrvResetCmdExt                     
2000c6b9  __TI_decompress_none                  
2000c6c7  ResetISR                              
2000c6d5  NwpMaskInterrupt                      
2000c6e1  NwpUnMaskInterrupt                    
2000c6ed  __TI_zero_init                        
2000c6f9  sl_WlanDisconnect                     
2000c705  uDMADisable                           
2000c711  uDMAEnable                            
2000c71d  uDMAIntStatus                         
2000c729  IntMasterEnable                       
2000c733  UtilsDelay                            
2000c739  __TI_decompress_rle24                 
2000c73f  _system_pre_init                      
2000c744  _ctypes_                              
2000cbf4  OpcodeTranslateTable                  
2000cc30  _SlPolicySetCmdCtrl                   
2000cc34  _SlPolicyGetCmdCtrl                   
2000cc38  _SlProfileGetCmdCtrl                  
2000cc3c  _SlProfileDelCmdCtrl                  
2000cc40  _SlWlanGetNetworkListCtrl             
2000cc44  _SlRxFilterAddtCmdCtrl                
2000cc48  _SlRxFilterSetCmdCtrl                 
2000cc4c  _SlRxFilterGetCmdCtrl                 
2000cc50  _SlSmartConfigStartCmdCtrl            
2000cc54  _SlWlanSetModeCmdCtrl                 
2000cc58  _SlWlanCfgSetCmdCtrl                  
2000cc5c  _SlWlanCfgGetCmdCtrl                  
2000cc6c  _SlActionLookupTable                  
2000cca4  g_H2NSyncPattern                      
2000ccac  g_H2NCnysPattern                      
2000ccb4  RxMsgClassLUT                         
2000ccd8  _SlSockSocketCmdCtrl                  
2000ccdc  _SlSockCloseCmdCtrl                   
2000cce0  _SlRecvfomCmdCtrl                     
2000cce4  _SlSendCmdCtrl                        
2000cce8  _SlListenCmdCtrl                      
2000ccec  _SlAcceptCmdCtrl                      
2000ccf0  _SlRecvCmdCtrl                        
2000ccf4  _SlSetSockOptCmdCtrl                  
2000ccf8  _SlGetSockOptCmdCtrl                  
2000ccfc  _SlSelectCmdCtrl                      
2000cd64  _SlNetAppStartCtrl                    
2000cd68  _SlNetAppStopCtrl                     
2000cd6c  _SlGetServiceListeCtrl                
2000cd70  _SlRegisterServiceCtrl                
2000cd74  _SlGetHostByServiceCtrl               
2000cd78  _SlGetHostByNameCtrl                  
2000cd7c  _SlNetAppSetCmdCtrl                   
2000cd80  _SlNetAppSendTokenValueCmdCtrl        
2000cd84  _SlNetAppGetCmdCtrl                   
2000ce0c  _SlStopCmdCtrl                        
2000ce10  _SlEventMaskSetCmdCtrl                
2000ce14  _SlEventMaskGetCmdCtrl                
2000ce18  _SlDeviceGetCmdCtrl                   
2000ce1c  _SlDeviceSetCmdCtrl                   
2000ce20  _SlPayloadByProtocolLUT               
2000ce30  StartResponseLUT                      
2000ce38  _SlNetCfgSetCmdCtrl                   
2000ce3c  _SlNetCfgGetCmdCtrl                   
2000ce40  __TI_static_base__                    
2000cea0  __TI_Handler_Table_Base               
2000ceac  __TI_Handler_Table_Limit              
2000ceb8  __TI_CINIT_Base                       
2000cec8  __TI_CINIT_Limit                      
20017000  g_cBsdBuf                             
20017578  g_StatMem                             
200176e0  gfpAppCallbackHndl                    
200177e0  g_ucConnectionBSSID                   
200177ec  RxIrqCnt                              
200177ed  g_cDummy                              
200177ee  iDone                                 
20017800  gpCtlTbl                              
20017c00  g_ucDinDout                           
20017c50  g__SlNonOsCB                          
20017c78  g_ucConnectionSSID                    
20017ca0  _sys_memory                           
20018550  _Denorm                               
20018560  _Eps                                  
20018570  _Hugeval                              
20018580  _Inf                                  
20018590  _Nan                                  
200185a0  _Snan                                 
200185b0  _Rteps                                
200185c0  _Xbig                                 
200185c8  _Zero                                 
200185d0  g_ulStatus                            
200185d4  g_ulGatewayIP                         
200185d8  g_ulDestinationIp                     
200185dc  g_uiPortNum                           
200185e0  g_ulPacketCount                       
200185e4  g_ucConnectionStatus                  
200185e5  g_ucSimplelinkstarted                 
200185e8  g_ulIpAddr                            
200185f8  g_SpiFd                               
200185fc  g_pHostIntHdl                         
20018600  g_ucDMAEnabled                        
20018604  g_pCB                                 
20018608  pPingCallBackFunc                     
2001860c  gFirstCmdMode                         
20018610  _lock                                 
20018614  _unlock                               
20018618  __TI_cleanup_ptr                      
2001861c  __TI_dtors_ptr                        
20018620  _Fenv                                 
20018624  _Tls_setup__Fenv                      
20018628  _Errno                                
2001862c  main_func_sp                          
2002f800  __stack                               
20030000  __STACK_END                           
ffffffff  __binit__                             
ffffffff  __c_args__                            
ffffffff  binit                                 
UNDEFED   SHT$$INIT_ARRAY$$Base                 
UNDEFED   SHT$$INIT_ARRAY$$Limit                

[337 symbols]
