******************************************************************************
                  TI ARM Linker PC v5.2.2                      
******************************************************************************
>> Linked Fri Jun 19 18:55:07 2015

OUTPUT FILE NAME:   <blinky.out>
ENTRY POINT SYMBOL: "_c_int00"  address: 20004f4d


MEMORY CONFIGURATION

         name            origin    length      used     unused   attr    fill
----------------------  --------  ---------  --------  --------  ----  --------
  SRAM_CODE             20004000   00019000  000014f6  00017b0a  RW X
  SRAM_DATA             2001d000   00023000  00000837  000227c9  RW X


SEGMENT ALLOCATION MAP

run origin  load origin   length   init length attrs members
----------  ----------- ---------- ----------- ----- -------
20004000    20004000    000014f8   000014f8    r-x
  20004000    20004000    00000400   00000400    r-- .intvecs
  20004400    20004400    00000daa   00000daa    r-x .text
  200051ac    200051ac    000002fc   000002fc    r-- .const
  200054a8    200054a8    00000050   00000050    r-- .cinit
2001d000    2001d000    00000037   00000000    rw-
  2001d000    2001d000    00000034   00000000    rw- .data
  2001d034    2001d034    00000003   00000000    rw- .bss
2003f800    2003f800    00000800   00000000    rw-
  2003f800    2003f800    00000800   00000000    rw- .stack


SECTION ALLOCATION MAP

 output                                  attributes/
section   page    origin      length       input sections
--------  ----  ----------  ----------   ----------------
.intvecs   0    20004000    00000400     
                  20004000    00000400     startup_ccs.obj (.intvecs)

.init_array 
*          0    20004000    00000000     UNINITIALIZED

.text      0    20004400    00000daa     
                  20004400    0000039c     gpio_if.obj (.text)
                  2000479c    00000134     driverlib.a : prcm.obj (.text:PRCMCC3200MCUInit)
                  200048d0    000000a8                 : interrupt.obj (.text:IntEnable)
                  20004978    0000009c     rtsv7M4_T_le_eabi.lib : memcpy_t2.obj (.text)
                  20004a14    00000090     main.obj (.text)
                  20004aa4    00000088     driverlib.a : pin.obj (.text:PinConfigSet)
                  20004b2c    00000082                 : gpio.obj (.text:GPIOIntTypeSet)
                  20004bae    0000007a     rtsv7M4_T_le_eabi.lib : memset_t2.obj (.text)
                  20004c28    0000006c                           : autoinit.obj (.text)
                  20004c94    0000006a                           : copy_decompress_rle.obj (.text)
                  20004cfe    00000002     --HOLE-- [fill = 0]
                  20004d00    00000058     driverlib.a : prcm.obj (.text:PRCMPeripheralReset)
                  20004d58    00000054                 : interrupt.obj (.text:IntPrioritySet)
                  20004dac    0000004c     pinmux.obj (.text)
                  20004df8    0000004c     rtsv7M4_T_le_eabi.lib : cpy_tbl.obj (.text)
                  20004e44    00000048     driverlib.a : gpio.obj (.text:GPIOGetIntNumber)
                  20004e8c    00000044     rtsv7M4_T_le_eabi.lib : exit.obj (.text)
                  20004ed0    00000040     driverlib.a : pin.obj (.text:PinModeSet)
                  20004f10    0000003c                 : prcm.obj (.text:PRCMPeripheralClkEnable)
                  20004f4c    0000003c     rtsv7M4_T_le_eabi.lib : boot.obj (.text)
                  20004f88    00000036     driverlib.a : gpio.obj (.text:GPIODirModeSet)
                  20004fbe    00000030                 : pin.obj (.text:PinTypeGPIO)
                  20004fee    00000002     --HOLE-- [fill = 0]
                  20004ff0    0000002c                 : prcm.obj (.text:PRCMSysResetCauseGet)
                  2000501c    00000028                 : prcm.obj (.text:PRCMPeripheralClkDisable)
                  20005044    00000020                 : gpio.obj (.text:GPIOPinWrite)
                  20005064    00000020                 : interrupt.obj (.text:IntRegister)
                  20005084    0000001e                 : gpio.obj (.text:GPIOIntRegister)
                  200050a2    0000001a                 : gpio.obj (.text:GPIOIntEnable)
                  200050bc    00000018                 : gpio.obj (.text:GPIOPinRead)
                  200050d4    00000018     rtsv7M4_T_le_eabi.lib : args_main.obj (.text)
                  200050ec    00000016     driverlib.a : prcm.obj (.text:PRCMHIBRegRead)
                  20005102    00000016                 : prcm.obj (.text:PRCMHIBRegWrite)
                  20005118    00000014                 : cpu.obj (.text:CPUcpsie)
                  2000512c    00000014                 : gpio.obj (.text:GPIOIntClear)
                  20005140    00000014                 : interrupt.obj (.text:IntVTableBaseSet)
                  20005154    00000014     rtsv7M4_T_le_eabi.lib : _lock.obj (.text)
                  20005168    0000000e                           : copy_decompress_none.obj (.text:decompress:none)
                  20005176    0000000e     startup_ccs.obj (.text)
                  20005184    0000000c     rtsv7M4_T_le_eabi.lib : copy_zero_init.obj (.text:decompress:ZI)
                  20005190    0000000a     driverlib.a : interrupt.obj (.text:IntMasterEnable)
                  2000519a    00000006                 : utils.obj (.text:UtilsDelay)
                  200051a0    00000006     rtsv7M4_T_le_eabi.lib : copy_decompress_rle.obj (.text:decompress:rle24)
                  200051a6    00000004                           : pre_init.obj (.text)

.const     0    200051ac    000002fc     
                  200051ac    00000100     driverlib.a : pin.obj (.const:g_ulPinToPadMap)
                  200052ac    000000d4                 : interrupt.obj (.const:g_pulRegs)
                  20005380    000000a8                 : prcm.obj (.const:PRCM_PeriphRegsList)
                  20005428    00000080                 : interrupt.obj (.const)

.cinit     0    200054a8    00000050     
                  200054a8    00000028     (.cinit..data.load) [load image, compression = rle]
                  200054d0    0000000c     (__TI_handler_table)
                  200054dc    00000004     --HOLE-- [fill = 0]
                  200054e0    00000008     (.cinit..bss.load) [load image, compression = zero_init]
                  200054e8    00000010     (__TI_cinit_table)

.data      0    2001d000    00000034     UNINITIALIZED
                  2001d000    00000020     gpio_if.obj (.data)
                  2001d020    00000008     rtsv7M4_T_le_eabi.lib : _lock.obj (.data)
                  2001d028    00000008                           : exit.obj (.data)
                  2001d030    00000004                           : stkdepth_vars.obj (.data)

.bss       0    2001d034    00000003     UNINITIALIZED
                  2001d034    00000001     (.common:g_ucLED1Pin)
                  2001d035    00000001     (.common:g_ucLED2Pin)
                  2001d036    00000001     (.common:g_ucLED3Pin)

.TI.persistent 
*          0    2001d000    00000000     UNINITIALIZED

.TI.noinit 
*          0    2001d034    00000000     UNINITIALIZED

.stack     0    2003f800    00000800     UNINITIALIZED
                  2003f800    00000800     --HOLE--


LINKER GENERATED COPY TABLES

__TI_cinit_table @ 200054e8 records: 2, size/record: 8, table size: 16
	.data: load addr=200054a8, load size=00000028 bytes, run addr=2001d000, run size=00000034 bytes, compression=rle
	.bss: load addr=200054e0, load size=00000008 bytes, run addr=2001d034, run size=00000003 bytes, compression=zero_init


LINKER GENERATED HANDLER TABLE

__TI_handler_table @ 200054d0 records: 3, size/record: 4, table size: 12
	index: 0, handler: __TI_decompress_rle24
	index: 1, handler: __TI_decompress_none
	index: 2, handler: __TI_zero_init


GLOBAL SYMBOLS: SORTED ALPHABETICALLY BY Name 

address   name                       
-------   ----                       
20004e8d  C$$EXIT                    
20005119  CPUcpsie                   
20004f89  GPIODirModeSet             
2000512d  GPIOIntClear               
200050a3  GPIOIntEnable              
20005085  GPIOIntRegister            
20004b2d  GPIOIntTypeSet             
200050bd  GPIOPinRead                
20005045  GPIOPinWrite               
200046c1  GPIO_IF_ConfigureNIntEnable
2000474d  GPIO_IF_Get                
2000467b  GPIO_IF_GetPortNPin        
2000443d  GPIO_IF_LedConfigure       
2000452f  GPIO_IF_LedOff             
2000447b  GPIO_IF_LedOn              
200045e3  GPIO_IF_LedStatus          
2000464d  GPIO_IF_LedToggle          
20004709  GPIO_IF_Set                
200048d1  IntEnable                  
20005191  IntMasterEnable            
20004d59  IntPrioritySet             
20005065  IntRegister                
20005141  IntVTableBaseSet           
20004a15  LEDBlinkyRoutine           
2000479d  PRCMCC3200MCUInit          
200050ed  PRCMHIBRegRead             
20005103  PRCMHIBRegWrite            
2000501d  PRCMPeripheralClkDisable   
20004f11  PRCMPeripheralClkEnable    
20004d01  PRCMPeripheralReset        
20004ff1  PRCMSysResetCauseGet       
20004aa5  PinConfigSet               
20004ed1  PinModeSet                 
20004dad  PinMuxConfig               
20004fbf  PinTypeGPIO                
20005177  ResetISR                   
UNDEFED   SHT$$INIT_ARRAY$$Base      
UNDEFED   SHT$$INIT_ARRAY$$Limit     
2000519b  UtilsDelay                 
20040000  __STACK_END                
00000800  __STACK_SIZE               
200054e8  __TI_CINIT_Base            
200054f8  __TI_CINIT_Limit           
200054d0  __TI_Handler_Table_Base    
200054dc  __TI_Handler_Table_Limit   
20004c29  __TI_auto_init             
2001d028  __TI_cleanup_ptr           
20005169  __TI_decompress_none       
200051a1  __TI_decompress_rle24      
2001d02c  __TI_dtors_ptr             
200054a8  __TI_static_base__         
20005185  __TI_zero_init             
20004baf  __aeabi_memclr             
20004baf  __aeabi_memclr4            
20004baf  __aeabi_memclr8            
20004979  __aeabi_memcpy             
20004979  __aeabi_memcpy4            
20004979  __aeabi_memcpy8            
20004bb1  __aeabi_memset             
20004bb1  __aeabi_memset4            
20004bb1  __aeabi_memset8            
ffffffff  __binit__                  
ffffffff  __c_args__                 
2003f800  __stack                    
200050d5  _args_main                 
20004f4d  _c_int00                   
2001d020  _lock                      
20005163  _nop                       
2000515b  _register_lock             
20005155  _register_unlock           
200051a7  _system_pre_init           
2001d024  _unlock                    
20004e91  abort                      
ffffffff  binit                      
20004df9  copy_in                    
20004e99  exit                       
20004000  g_pfnVectors               
2001d034  g_ucLED1Pin                
2001d035  g_ucLED2Pin                
2001d036  g_ucLED3Pin                
2001d014  g_uiLED1Port               
2001d018  g_uiLED2Port               
2001d01c  g_uiLED3Port               
20004a7f  main                       
2001d030  main_func_sp               
20004979  memcpy                     
20004bb7  memset                     


GLOBAL SYMBOLS: SORTED BY Symbol Address 

address   name                       
-------   ----                       
00000800  __STACK_SIZE               
20004000  g_pfnVectors               
2000443d  GPIO_IF_LedConfigure       
2000447b  GPIO_IF_LedOn              
2000452f  GPIO_IF_LedOff             
200045e3  GPIO_IF_LedStatus          
2000464d  GPIO_IF_LedToggle          
2000467b  GPIO_IF_GetPortNPin        
200046c1  GPIO_IF_ConfigureNIntEnable
20004709  GPIO_IF_Set                
2000474d  GPIO_IF_Get                
2000479d  PRCMCC3200MCUInit          
200048d1  IntEnable                  
20004979  __aeabi_memcpy             
20004979  __aeabi_memcpy4            
20004979  __aeabi_memcpy8            
20004979  memcpy                     
20004a15  LEDBlinkyRoutine           
20004a7f  main                       
20004aa5  PinConfigSet               
20004b2d  GPIOIntTypeSet             
20004baf  __aeabi_memclr             
20004baf  __aeabi_memclr4            
20004baf  __aeabi_memclr8            
20004bb1  __aeabi_memset             
20004bb1  __aeabi_memset4            
20004bb1  __aeabi_memset8            
20004bb7  memset                     
20004c29  __TI_auto_init             
20004d01  PRCMPeripheralReset        
20004d59  IntPrioritySet             
20004dad  PinMuxConfig               
20004df9  copy_in                    
20004e8d  C$$EXIT                    
20004e91  abort                      
20004e99  exit                       
20004ed1  PinModeSet                 
20004f11  PRCMPeripheralClkEnable    
20004f4d  _c_int00                   
20004f89  GPIODirModeSet             
20004fbf  PinTypeGPIO                
20004ff1  PRCMSysResetCauseGet       
2000501d  PRCMPeripheralClkDisable   
20005045  GPIOPinWrite               
20005065  IntRegister                
20005085  GPIOIntRegister            
200050a3  GPIOIntEnable              
200050bd  GPIOPinRead                
200050d5  _args_main                 
200050ed  PRCMHIBRegRead             
20005103  PRCMHIBRegWrite            
20005119  CPUcpsie                   
2000512d  GPIOIntClear               
20005141  IntVTableBaseSet           
20005155  _register_unlock           
2000515b  _register_lock             
20005163  _nop                       
20005169  __TI_decompress_none       
20005177  ResetISR                   
20005185  __TI_zero_init             
20005191  IntMasterEnable            
2000519b  UtilsDelay                 
200051a1  __TI_decompress_rle24      
200051a7  _system_pre_init           
200054a8  __TI_static_base__         
200054d0  __TI_Handler_Table_Base    
200054dc  __TI_Handler_Table_Limit   
200054e8  __TI_CINIT_Base            
200054f8  __TI_CINIT_Limit           
2001d014  g_uiLED1Port               
2001d018  g_uiLED2Port               
2001d01c  g_uiLED3Port               
2001d020  _lock                      
2001d024  _unlock                    
2001d028  __TI_cleanup_ptr           
2001d02c  __TI_dtors_ptr             
2001d030  main_func_sp               
2001d034  g_ucLED1Pin                
2001d035  g_ucLED2Pin                
2001d036  g_ucLED3Pin                
2003f800  __stack                    
20040000  __STACK_END                
ffffffff  __binit__                  
ffffffff  __c_args__                 
ffffffff  binit                      
UNDEFED   SHT$$INIT_ARRAY$$Base      
UNDEFED   SHT$$INIT_ARRAY$$Limit     

[87 symbols]
