<?xml version="1.0"?>
<link_info>
   <banner>TI ARM Linker PC v5.2.2</banner>
   <copyright>Copyright (c) 1996-2015 Texas Instruments Incorporated</copyright>
   <link_time>0x55844981</link_time>
   <link_errors>0x0</link_errors>
   <output_file>deepsleep_nw.out</output_file>
   <entry_point>
      <name>_c_int00</name>
      <address>0x2000e2f1</address>
   </entry_point>
   <input_file_list>
      <input_file id="fl-2">
         <path>.\</path>
         <kind>object</kind>
         <file>gpio_if.obj</file>
         <name>gpio_if.obj</name>
      </input_file>
      <input_file id="fl-3">
         <path>.\</path>
         <kind>object</kind>
         <file>main.obj</file>
         <name>main.obj</name>
      </input_file>
      <input_file id="fl-4">
         <path>.\</path>
         <kind>object</kind>
         <file>nw_if.obj</file>
         <name>nw_if.obj</name>
      </input_file>
      <input_file id="fl-5">
         <path>.\</path>
         <kind>object</kind>
         <file>pinmux.obj</file>
         <name>pinmux.obj</name>
      </input_file>
      <input_file id="fl-6">
         <path>.\</path>
         <kind>object</kind>
         <file>startup_ccs.obj</file>
         <name>startup_ccs.obj</name>
      </input_file>
      <input_file id="fl-7">
         <path>.\</path>
         <kind>object</kind>
         <file>timer_if.obj</file>
         <name>timer_if.obj</name>
      </input_file>
      <input_file id="fl-8">
         <path>.\</path>
         <kind>object</kind>
         <file>uart_if.obj</file>
         <name>uart_if.obj</name>
      </input_file>
      <input_file id="fl-131">
         <path>C:\ti\ccsv6\tools\compiler\ti-cgt-arm_5.2.2\lib\</path>
         <kind>archive</kind>
         <file>rtsv7M4_T_le_eabi.lib</file>
         <name>boot.obj</name>
      </input_file>
      <input_file id="fl-132">
         <path>C:\ti\ccsv6\tools\compiler\ti-cgt-arm_5.2.2\lib\</path>
         <kind>archive</kind>
         <file>rtsv7M4_T_le_eabi.lib</file>
         <name>copy_decompress_none.obj</name>
      </input_file>
      <input_file id="fl-133">
         <path>C:\ti\ccsv6\tools\compiler\ti-cgt-arm_5.2.2\lib\</path>
         <kind>archive</kind>
         <file>rtsv7M4_T_le_eabi.lib</file>
         <name>copy_decompress_rle.obj</name>
      </input_file>
      <input_file id="fl-134">
         <path>C:\ti\ccsv6\tools\compiler\ti-cgt-arm_5.2.2\lib\</path>
         <kind>archive</kind>
         <file>rtsv7M4_T_le_eabi.lib</file>
         <name>copy_zero_init.obj</name>
      </input_file>
      <input_file id="fl-135">
         <path>C:\ti\ccsv6\tools\compiler\ti-cgt-arm_5.2.2\lib\</path>
         <kind>archive</kind>
         <file>rtsv7M4_T_le_eabi.lib</file>
         <name>exit.obj</name>
      </input_file>
      <input_file id="fl-136">
         <path>C:\ti\ccsv6\tools\compiler\ti-cgt-arm_5.2.2\lib\</path>
         <kind>archive</kind>
         <file>rtsv7M4_T_le_eabi.lib</file>
         <name>memcpy_t2.obj</name>
      </input_file>
      <input_file id="fl-137">
         <path>C:\ti\ccsv6\tools\compiler\ti-cgt-arm_5.2.2\lib\</path>
         <kind>archive</kind>
         <file>rtsv7M4_T_le_eabi.lib</file>
         <name>memmov.obj</name>
      </input_file>
      <input_file id="fl-138">
         <path>C:\ti\ccsv6\tools\compiler\ti-cgt-arm_5.2.2\lib\</path>
         <kind>archive</kind>
         <file>rtsv7M4_T_le_eabi.lib</file>
         <name>memory.obj</name>
      </input_file>
      <input_file id="fl-139">
         <path>C:\ti\ccsv6\tools\compiler\ti-cgt-arm_5.2.2\lib\</path>
         <kind>archive</kind>
         <file>rtsv7M4_T_le_eabi.lib</file>
         <name>memset_t2.obj</name>
      </input_file>
      <input_file id="fl-13a">
         <path>C:\ti\ccsv6\tools\compiler\ti-cgt-arm_5.2.2\lib\</path>
         <kind>archive</kind>
         <file>rtsv7M4_T_le_eabi.lib</file>
         <name>pre_init.obj</name>
      </input_file>
      <input_file id="fl-13b">
         <path>C:\ti\ccsv6\tools\compiler\ti-cgt-arm_5.2.2\lib\</path>
         <kind>archive</kind>
         <file>rtsv7M4_T_le_eabi.lib</file>
         <name>stkdepth_vars.obj</name>
      </input_file>
      <input_file id="fl-13c">
         <path>C:\ti\ccsv6\tools\compiler\ti-cgt-arm_5.2.2\lib\</path>
         <kind>archive</kind>
         <file>rtsv7M4_T_le_eabi.lib</file>
         <name>strlen.obj</name>
      </input_file>
      <input_file id="fl-13d">
         <path>C:\ti\ccsv6\tools\compiler\ti-cgt-arm_5.2.2\lib\</path>
         <kind>archive</kind>
         <file>rtsv7M4_T_le_eabi.lib</file>
         <name>strtok.obj</name>
      </input_file>
      <input_file id="fl-13e">
         <path>C:\ti\ccsv6\tools\compiler\ti-cgt-arm_5.2.2\lib\</path>
         <kind>archive</kind>
         <file>rtsv7M4_T_le_eabi.lib</file>
         <name>vsnprintf.obj</name>
      </input_file>
      <input_file id="fl-13f">
         <path>C:\ti\ccsv6\tools\compiler\ti-cgt-arm_5.2.2\lib\</path>
         <kind>archive</kind>
         <file>rtsv7M4_T_le_eabi.lib</file>
         <name>_lock.obj</name>
      </input_file>
      <input_file id="fl-140">
         <path>C:\ti\ccsv6\tools\compiler\ti-cgt-arm_5.2.2\lib\</path>
         <kind>archive</kind>
         <file>rtsv7M4_T_le_eabi.lib</file>
         <name>_printfi.obj</name>
      </input_file>
      <input_file id="fl-141">
         <path>C:\ti\ccsv6\tools\compiler\ti-cgt-arm_5.2.2\lib\</path>
         <kind>archive</kind>
         <file>rtsv7M4_T_le_eabi.lib</file>
         <name>args_main.obj</name>
      </input_file>
      <input_file id="fl-142">
         <path>C:\ti\ccsv6\tools\compiler\ti-cgt-arm_5.2.2\lib\</path>
         <kind>archive</kind>
         <file>rtsv7M4_T_le_eabi.lib</file>
         <name>atoi.obj</name>
      </input_file>
      <input_file id="fl-143">
         <path>C:\ti\ccsv6\tools\compiler\ti-cgt-arm_5.2.2\lib\</path>
         <kind>archive</kind>
         <file>rtsv7M4_T_le_eabi.lib</file>
         <name>autoinit.obj</name>
      </input_file>
      <input_file id="fl-144">
         <path>C:\ti\ccsv6\tools\compiler\ti-cgt-arm_5.2.2\lib\</path>
         <kind>archive</kind>
         <file>rtsv7M4_T_le_eabi.lib</file>
         <name>cpy_tbl.obj</name>
      </input_file>
      <input_file id="fl-145">
         <path>C:\ti\ccsv6\tools\compiler\ti-cgt-arm_5.2.2\lib\</path>
         <kind>archive</kind>
         <file>rtsv7M4_T_le_eabi.lib</file>
         <name>ctype.obj</name>
      </input_file>
      <input_file id="fl-146">
         <path>C:\ti\ccsv6\tools\compiler\ti-cgt-arm_5.2.2\lib\</path>
         <kind>archive</kind>
         <file>rtsv7M4_T_le_eabi.lib</file>
         <name>fd_add_t2.obj</name>
      </input_file>
      <input_file id="fl-147">
         <path>C:\ti\ccsv6\tools\compiler\ti-cgt-arm_5.2.2\lib\</path>
         <kind>archive</kind>
         <file>rtsv7M4_T_le_eabi.lib</file>
         <name>fd_cmp_t2.obj</name>
      </input_file>
      <input_file id="fl-148">
         <path>C:\ti\ccsv6\tools\compiler\ti-cgt-arm_5.2.2\lib\</path>
         <kind>archive</kind>
         <file>rtsv7M4_T_le_eabi.lib</file>
         <name>fd_div_t2.obj</name>
      </input_file>
      <input_file id="fl-149">
         <path>C:\ti\ccsv6\tools\compiler\ti-cgt-arm_5.2.2\lib\</path>
         <kind>archive</kind>
         <file>rtsv7M4_T_le_eabi.lib</file>
         <name>fd_mul_t2.obj</name>
      </input_file>
      <input_file id="fl-14a">
         <path>C:\ti\ccsv6\tools\compiler\ti-cgt-arm_5.2.2\lib\</path>
         <kind>archive</kind>
         <file>rtsv7M4_T_le_eabi.lib</file>
         <name>fd_toi_t2.obj</name>
      </input_file>
      <input_file id="fl-14b">
         <path>C:\ti\ccsv6\tools\compiler\ti-cgt-arm_5.2.2\lib\</path>
         <kind>archive</kind>
         <file>rtsv7M4_T_le_eabi.lib</file>
         <name>frexp.obj</name>
      </input_file>
      <input_file id="fl-14c">
         <path>C:\ti\ccsv6\tools\compiler\ti-cgt-arm_5.2.2\lib\</path>
         <kind>archive</kind>
         <file>rtsv7M4_T_le_eabi.lib</file>
         <name>i_tofd_t2.obj</name>
      </input_file>
      <input_file id="fl-14d">
         <path>C:\ti\ccsv6\tools\compiler\ti-cgt-arm_5.2.2\lib\</path>
         <kind>archive</kind>
         <file>rtsv7M4_T_le_eabi.lib</file>
         <name>ldexp.obj</name>
      </input_file>
      <input_file id="fl-14e">
         <path>C:\ti\ccsv6\tools\compiler\ti-cgt-arm_5.2.2\lib\</path>
         <kind>archive</kind>
         <file>rtsv7M4_T_le_eabi.lib</file>
         <name>ltoa.obj</name>
      </input_file>
      <input_file id="fl-14f">
         <path>C:\ti\ccsv6\tools\compiler\ti-cgt-arm_5.2.2\lib\</path>
         <kind>archive</kind>
         <file>rtsv7M4_T_le_eabi.lib</file>
         <name>memccpy.obj</name>
      </input_file>
      <input_file id="fl-150">
         <path>C:\ti\ccsv6\tools\compiler\ti-cgt-arm_5.2.2\lib\</path>
         <kind>archive</kind>
         <file>rtsv7M4_T_le_eabi.lib</file>
         <name>strchr.obj</name>
      </input_file>
      <input_file id="fl-151">
         <path>C:\ti\ccsv6\tools\compiler\ti-cgt-arm_5.2.2\lib\</path>
         <kind>archive</kind>
         <file>rtsv7M4_T_le_eabi.lib</file>
         <name>strcspn.obj</name>
      </input_file>
      <input_file id="fl-152">
         <path>C:\ti\ccsv6\tools\compiler\ti-cgt-arm_5.2.2\lib\</path>
         <kind>archive</kind>
         <file>rtsv7M4_T_le_eabi.lib</file>
         <name>strspn.obj</name>
      </input_file>
      <input_file id="fl-153">
         <path>C:\ti\ccsv6\tools\compiler\ti-cgt-arm_5.2.2\lib\</path>
         <kind>archive</kind>
         <file>rtsv7M4_T_le_eabi.lib</file>
         <name>ull_div_t2.obj</name>
      </input_file>
      <input_file id="fl-154">
         <path>C:\ti\ccsv6\tools\compiler\ti-cgt-arm_5.2.2\lib\</path>
         <kind>archive</kind>
         <file>rtsv7M4_T_le_eabi.lib</file>
         <name>xdclass.obj</name>
      </input_file>
      <input_file id="fl-155">
         <path>C:\ti\ccsv6\tools\compiler\ti-cgt-arm_5.2.2\lib\</path>
         <kind>archive</kind>
         <file>rtsv7M4_T_le_eabi.lib</file>
         <name>xdscale.obj</name>
      </input_file>
      <input_file id="fl-156">
         <path>C:\ti\ccsv6\tools\compiler\ti-cgt-arm_5.2.2\lib\</path>
         <kind>archive</kind>
         <file>rtsv7M4_T_le_eabi.lib</file>
         <name>xdunscal.obj</name>
      </input_file>
      <input_file id="fl-157">
         <path>C:\ti\ccsv6\tools\compiler\ti-cgt-arm_5.2.2\lib\</path>
         <kind>archive</kind>
         <file>rtsv7M4_T_le_eabi.lib</file>
         <name>xferaise.obj</name>
      </input_file>
      <input_file id="fl-158">
         <path>C:\ti\ccsv6\tools\compiler\ti-cgt-arm_5.2.2\lib\</path>
         <kind>archive</kind>
         <file>rtsv7M4_T_le_eabi.lib</file>
         <name>xvalues.obj</name>
      </input_file>
      <input_file id="fl-159">
         <path>C:\ti\ccsv6\tools\compiler\ti-cgt-arm_5.2.2\lib\</path>
         <kind>archive</kind>
         <file>rtsv7M4_T_le_eabi.lib</file>
         <name>errno.obj</name>
      </input_file>
      <input_file id="fl-15a">
         <path>C:\ti\ccsv6\tools\compiler\ti-cgt-arm_5.2.2\lib\</path>
         <kind>archive</kind>
         <file>rtsv7M4_T_le_eabi.lib</file>
         <name>feraiseexcept.obj</name>
      </input_file>
      <input_file id="fl-15b">
         <path>C:\ti\ccsv6\tools\compiler\ti-cgt-arm_5.2.2\lib\</path>
         <kind>archive</kind>
         <file>rtsv7M4_T_le_eabi.lib</file>
         <name>raise.obj</name>
      </input_file>
      <input_file id="fl-15c">
         <path>C:\ti\ccsv6\tools\compiler\ti-cgt-arm_5.2.2\lib\</path>
         <kind>archive</kind>
         <file>rtsv7M4_T_le_eabi.lib</file>
         <name>signal.obj</name>
      </input_file>
      <input_file id="fl-15d">
         <path>C:\ti\ccsv6\tools\compiler\ti-cgt-arm_5.2.2\lib\</path>
         <kind>archive</kind>
         <file>rtsv7M4_T_le_eabi.lib</file>
         <name>xdnorm.obj</name>
      </input_file>
      <input_file id="fl-15e">
         <path>C:\ti\CC3200SDK_1.1.0\cc3200-sdk\simplelink\ccs\OS\</path>
         <kind>archive</kind>
         <file>simplelink.a</file>
         <name>device.obj</name>
      </input_file>
      <input_file id="fl-15f">
         <path>C:\ti\CC3200SDK_1.1.0\cc3200-sdk\simplelink\ccs\OS\</path>
         <kind>archive</kind>
         <file>simplelink.a</file>
         <name>driver.obj</name>
      </input_file>
      <input_file id="fl-160">
         <path>C:\ti\CC3200SDK_1.1.0\cc3200-sdk\simplelink\ccs\OS\</path>
         <kind>archive</kind>
         <file>simplelink.a</file>
         <name>netapp.obj</name>
      </input_file>
      <input_file id="fl-161">
         <path>C:\ti\CC3200SDK_1.1.0\cc3200-sdk\simplelink\ccs\OS\</path>
         <kind>archive</kind>
         <file>simplelink.a</file>
         <name>netcfg.obj</name>
      </input_file>
      <input_file id="fl-162">
         <path>C:\ti\CC3200SDK_1.1.0\cc3200-sdk\simplelink\ccs\OS\</path>
         <kind>archive</kind>
         <file>simplelink.a</file>
         <name>socket.obj</name>
      </input_file>
      <input_file id="fl-163">
         <path>C:\ti\CC3200SDK_1.1.0\cc3200-sdk\simplelink\ccs\OS\</path>
         <kind>archive</kind>
         <file>simplelink.a</file>
         <name>wlan.obj</name>
      </input_file>
      <input_file id="fl-164">
         <path>C:\ti\CC3200SDK_1.1.0\cc3200-sdk\simplelink\ccs\OS\</path>
         <kind>archive</kind>
         <file>simplelink.a</file>
         <name>cc_pal.obj</name>
      </input_file>
      <input_file id="fl-165">
         <path>C:\ti\CC3200SDK_1.1.0\cc3200-sdk\driverlib\ccs\Release\</path>
         <kind>archive</kind>
         <file>driverlib.a</file>
         <name>gpio.obj</name>
      </input_file>
      <input_file id="fl-166">
         <path>C:\ti\CC3200SDK_1.1.0\cc3200-sdk\driverlib\ccs\Release\</path>
         <kind>archive</kind>
         <file>driverlib.a</file>
         <name>interrupt.obj</name>
      </input_file>
      <input_file id="fl-167">
         <path>C:\ti\CC3200SDK_1.1.0\cc3200-sdk\driverlib\ccs\Release\</path>
         <kind>archive</kind>
         <file>driverlib.a</file>
         <name>pin.obj</name>
      </input_file>
      <input_file id="fl-168">
         <path>C:\ti\CC3200SDK_1.1.0\cc3200-sdk\driverlib\ccs\Release\</path>
         <kind>archive</kind>
         <file>driverlib.a</file>
         <name>prcm.obj</name>
      </input_file>
      <input_file id="fl-169">
         <path>C:\ti\CC3200SDK_1.1.0\cc3200-sdk\driverlib\ccs\Release\</path>
         <kind>archive</kind>
         <file>driverlib.a</file>
         <name>spi.obj</name>
      </input_file>
      <input_file id="fl-16a">
         <path>C:\ti\CC3200SDK_1.1.0\cc3200-sdk\driverlib\ccs\Release\</path>
         <kind>archive</kind>
         <file>driverlib.a</file>
         <name>timer.obj</name>
      </input_file>
      <input_file id="fl-16b">
         <path>C:\ti\CC3200SDK_1.1.0\cc3200-sdk\driverlib\ccs\Release\</path>
         <kind>archive</kind>
         <file>driverlib.a</file>
         <name>uart.obj</name>
      </input_file>
      <input_file id="fl-16c">
         <path>C:\ti\CC3200SDK_1.1.0\cc3200-sdk\driverlib\ccs\Release\</path>
         <kind>archive</kind>
         <file>driverlib.a</file>
         <name>udma.obj</name>
      </input_file>
      <input_file id="fl-16d">
         <path>C:\ti\CC3200SDK_1.1.0\cc3200-sdk\driverlib\ccs\Release\</path>
         <kind>archive</kind>
         <file>driverlib.a</file>
         <name>utils.obj</name>
      </input_file>
      <input_file id="fl-16e">
         <path>C:\ti\CC3200SDK_1.1.0\cc3200-sdk\driverlib\ccs\Release\</path>
         <kind>archive</kind>
         <file>driverlib.a</file>
         <name>cpu.obj</name>
      </input_file>
      <input_file id="fl-16f">
         <path>C:\ti\CC3200SDK_1.1.0\cc3200-sdk\driverlib\ccs\Release\</path>
         <kind>archive</kind>
         <file>driverlib.a</file>
         <name>flash.obj</name>
      </input_file>
      <input_file id="fl-170">
         <path>C:\ti\CC3200SDK_1.1.0\cc3200-sdk\oslib\ccs\free_rtos\</path>
         <kind>archive</kind>
         <file>free_rtos.a</file>
         <name>osi_freertos.obj</name>
      </input_file>
      <input_file id="fl-171">
         <path>C:\ti\CC3200SDK_1.1.0\cc3200-sdk\oslib\ccs\free_rtos\</path>
         <kind>archive</kind>
         <file>free_rtos.a</file>
         <name>port.obj</name>
      </input_file>
      <input_file id="fl-172">
         <path>C:\ti\CC3200SDK_1.1.0\cc3200-sdk\oslib\ccs\free_rtos\</path>
         <kind>archive</kind>
         <file>free_rtos.a</file>
         <name>portasm.obj</name>
      </input_file>
      <input_file id="fl-173">
         <path>C:\ti\CC3200SDK_1.1.0\cc3200-sdk\oslib\ccs\free_rtos\</path>
         <kind>archive</kind>
         <file>free_rtos.a</file>
         <name>queue.obj</name>
      </input_file>
      <input_file id="fl-174">
         <path>C:\ti\CC3200SDK_1.1.0\cc3200-sdk\oslib\ccs\free_rtos\</path>
         <kind>archive</kind>
         <file>free_rtos.a</file>
         <name>tasks.obj</name>
      </input_file>
      <input_file id="fl-175">
         <path>C:\ti\CC3200SDK_1.1.0\cc3200-sdk\oslib\ccs\free_rtos\</path>
         <kind>archive</kind>
         <file>free_rtos.a</file>
         <name>heap_3.obj</name>
      </input_file>
      <input_file id="fl-176">
         <path>C:\ti\CC3200SDK_1.1.0\cc3200-sdk\oslib\ccs\free_rtos\</path>
         <kind>archive</kind>
         <file>free_rtos.a</file>
         <name>list.obj</name>
      </input_file>
      <input_file id="fl-177">
         <path>C:\ti\ccsv6\tools\compiler\ti-cgt-arm_5.2.2\lib\</path>
         <kind>archive</kind>
         <file>rtsv7M4_T_le_eabi.lib</file>
         <name>ll_lsr_t2.obj</name>
      </input_file>
   </input_file_list>
   <object_component_list>
      <object_component id="oc-f">
         <name>.intvecs</name>
         <load_address>0x20004000</load_address>
         <run_address>0x20004000</run_address>
         <size>0x400</size>
         <input_file_ref idref="fl-6"/>
      </object_component>
      <object_component id="oc-87">
         <name>.text</name>
         <load_address>0x20004400</load_address>
         <run_address>0x20004400</run_address>
         <size>0x1258</size>
         <input_file_ref idref="fl-174"/>
      </object_component>
      <object_component id="oc-f2">
         <name>.text</name>
         <load_address>0x20005658</load_address>
         <run_address>0x20005658</run_address>
         <size>0x10cc</size>
         <input_file_ref idref="fl-4"/>
      </object_component>
      <object_component id="oc-4d6">
         <name>.text</name>
         <load_address>0x20006724</load_address>
         <run_address>0x20006724</run_address>
         <size>0x10a6</size>
         <input_file_ref idref="fl-140"/>
      </object_component>
      <object_component id="oc-549">
         <name>.text:IntDefaultHandler</name>
         <load_address>0x200077ca</load_address>
         <run_address>0x200077ca</run_address>
         <size>0x2</size>
         <input_file_ref idref="fl-166"/>
      </object_component>
      <object_component id="oc-3d3">
         <name>.text</name>
         <load_address>0x200077cc</load_address>
         <run_address>0x200077cc</run_address>
         <size>0xb24</size>
         <input_file_ref idref="fl-173"/>
      </object_component>
      <object_component id="oc-618">
         <name>.text:_SlDrvMsgRead</name>
         <load_address>0x200082f0</load_address>
         <run_address>0x200082f0</run_address>
         <size>0x5ec</size>
         <input_file_ref idref="fl-15f"/>
      </object_component>
      <object_component id="oc-c3">
         <name>.text</name>
         <load_address>0x200088dc</load_address>
         <run_address>0x200088dc</run_address>
         <size>0x5bc</size>
         <input_file_ref idref="fl-3"/>
      </object_component>
      <object_component id="oc-198">
         <name>.text</name>
         <load_address>0x20008e98</load_address>
         <run_address>0x20008e98</run_address>
         <size>0x45c</size>
         <input_file_ref idref="fl-170"/>
      </object_component>
      <object_component id="oc-264">
         <name>.text</name>
         <load_address>0x200092f4</load_address>
         <run_address>0x200092f4</run_address>
         <size>0x3dc</size>
         <input_file_ref idref="fl-138"/>
      </object_component>
      <object_component id="oc-149">
         <name>.text</name>
         <load_address>0x200096d0</load_address>
         <run_address>0x200096d0</run_address>
         <size>0x394</size>
         <input_file_ref idref="fl-2"/>
      </object_component>
      <object_component id="oc-12b">
         <name>.text</name>
         <load_address>0x20009a64</load_address>
         <run_address>0x20009a64</run_address>
         <size>0x290</size>
         <input_file_ref idref="fl-8"/>
      </object_component>
      <object_component id="oc-702">
         <name>.text:_SlDrvRxHdrRead</name>
         <load_address>0x20009cf4</load_address>
         <run_address>0x20009cf4</run_address>
         <size>0x248</size>
         <input_file_ref idref="fl-15f"/>
      </object_component>
      <object_component id="oc-235">
         <name>.text:sl_WlanConnect</name>
         <load_address>0x20009f3c</load_address>
         <run_address>0x20009f3c</run_address>
         <size>0x244</size>
         <input_file_ref idref="fl-163"/>
      </object_component>
      <object_component id="oc-62a">
         <name>.text</name>
         <load_address>0x2000a180</load_address>
         <run_address>0x2000a180</run_address>
         <size>0x1f4</size>
         <input_file_ref idref="fl-153"/>
      </object_component>
      <object_component id="oc-369">
         <name>.text:_SlDrvReleasePoolObj</name>
         <load_address>0x2000a374</load_address>
         <run_address>0x2000a374</run_address>
         <size>0x1d0</size>
         <input_file_ref idref="fl-15f"/>
      </object_component>
      <object_component id="oc-4b0">
         <name>.text:_SlDrvMsgWrite</name>
         <load_address>0x2000a544</load_address>
         <run_address>0x2000a544</run_address>
         <size>0x1cc</size>
         <input_file_ref idref="fl-15f"/>
      </object_component>
      <object_component id="oc-14f">
         <name>.text</name>
         <load_address>0x2000a710</load_address>
         <run_address>0x2000a710</run_address>
         <size>0x1c0</size>
         <input_file_ref idref="fl-7"/>
      </object_component>
      <object_component id="oc-653">
         <name>.text</name>
         <load_address>0x2000a8d0</load_address>
         <run_address>0x2000a8d0</run_address>
         <size>0x1b6</size>
         <input_file_ref idref="fl-146"/>
      </object_component>
      <object_component id="oc-489">
         <name>.text:_SlDrvWaitForPoolObj</name>
         <load_address>0x2000aa88</load_address>
         <run_address>0x2000aa88</run_address>
         <size>0x190</size>
         <input_file_ref idref="fl-15f"/>
      </object_component>
      <object_component id="oc-3fc">
         <name>.text:_SlDrvDriverCBInit</name>
         <load_address>0x2000ac18</load_address>
         <run_address>0x2000ac18</run_address>
         <size>0x174</size>
         <input_file_ref idref="fl-15f"/>
      </object_component>
      <object_component id="oc-714">
         <name>.text:_SlFindAndSetActiveObj</name>
         <load_address>0x2000ad8c</load_address>
         <run_address>0x2000ad8c</run_address>
         <size>0x170</size>
         <input_file_ref idref="fl-15f"/>
      </object_component>
      <object_component id="oc-402">
         <name>.text:spi_Open</name>
         <load_address>0x2000aefc</load_address>
         <run_address>0x2000aefc</run_address>
         <size>0x14c</size>
         <input_file_ref idref="fl-164"/>
      </object_component>
      <object_component id="oc-15f">
         <name>.text:sl_Accept</name>
         <load_address>0x2000b048</load_address>
         <run_address>0x2000b048</run_address>
         <size>0x138</size>
         <input_file_ref idref="fl-162"/>
      </object_component>
      <object_component id="oc-639">
         <name>.text</name>
         <load_address>0x2000b180</load_address>
         <run_address>0x2000b180</run_address>
         <size>0x136</size>
         <input_file_ref idref="fl-148"/>
      </object_component>
      <object_component id="oc-18c">
         <name>.text:PRCMCC3200MCUInit</name>
         <load_address>0x2000b2b8</load_address>
         <run_address>0x2000b2b8</run_address>
         <size>0x134</size>
         <input_file_ref idref="fl-168"/>
      </object_component>
      <object_component id="oc-e2">
         <name>.text</name>
         <load_address>0x2000b3ec</load_address>
         <run_address>0x2000b3ec</run_address>
         <size>0x12a</size>
         <input_file_ref idref="fl-176"/>
      </object_component>
      <object_component id="oc-37f">
         <name>.text:_SlDrvDataReadOp</name>
         <load_address>0x2000b518</load_address>
         <run_address>0x2000b518</run_address>
         <size>0x128</size>
         <input_file_ref idref="fl-15f"/>
      </object_component>
      <object_component id="oc-38">
         <name>.text</name>
         <load_address>0x2000b640</load_address>
         <run_address>0x2000b640</run_address>
         <size>0x110</size>
         <input_file_ref idref="fl-171"/>
      </object_component>
      <object_component id="oc-731">
         <name>.text</name>
         <load_address>0x2000b750</load_address>
         <run_address>0x2000b750</run_address>
         <size>0x110</size>
         <input_file_ref idref="fl-155"/>
      </object_component>
      <object_component id="oc-249">
         <name>.text:sl_NetAppDnsGetHostByName</name>
         <load_address>0x2000b860</load_address>
         <run_address>0x2000b860</run_address>
         <size>0x104</size>
         <input_file_ref idref="fl-160"/>
      </object_component>
      <object_component id="oc-773">
         <name>.text:_SlDrvNetAppEventHandler</name>
         <load_address>0x2000b964</load_address>
         <run_address>0x2000b964</run_address>
         <size>0xfe</size>
         <input_file_ref idref="fl-160"/>
      </object_component>
      <object_component id="oc-634">
         <name>.text</name>
         <load_address>0x2000ba62</load_address>
         <run_address>0x2000ba62</run_address>
         <size>0xfc</size>
         <input_file_ref idref="fl-149"/>
      </object_component>
      <object_component id="oc-438">
         <name>.text:_SlDrvDriverCBDeinit</name>
         <load_address>0x2000bb60</load_address>
         <run_address>0x2000bb60</run_address>
         <size>0xf4</size>
         <input_file_ref idref="fl-15f"/>
      </object_component>
      <object_component id="oc-7ce">
         <name>.text:uDMAChannelTransferSet</name>
         <load_address>0x2000bc54</load_address>
         <run_address>0x2000bc54</run_address>
         <size>0xf0</size>
         <input_file_ref idref="fl-16c"/>
      </object_component>
      <object_component id="oc-70e">
         <name>.text:spi_Read</name>
         <load_address>0x2000bd44</load_address>
         <run_address>0x2000bd44</run_address>
         <size>0xdc</size>
         <input_file_ref idref="fl-164"/>
      </object_component>
      <object_component id="oc-708">
         <name>.text:_SlDrvClassifyRxMsg</name>
         <load_address>0x2000be20</load_address>
         <run_address>0x2000be20</run_address>
         <size>0xd8</size>
         <input_file_ref idref="fl-15f"/>
      </object_component>
      <object_component id="oc-1ef">
         <name>.text:sl_Stop</name>
         <load_address>0x2000bef8</load_address>
         <run_address>0x2000bef8</run_address>
         <size>0xd4</size>
         <input_file_ref idref="fl-15e"/>
      </object_component>
      <object_component id="oc-7e1">
         <name>.text:_sl_HandleAsync_DnsGetHostByService</name>
         <load_address>0x2000bfcc</load_address>
         <run_address>0x2000bfcc</run_address>
         <size>0xc8</size>
         <input_file_ref idref="fl-160"/>
      </object_component>
      <object_component id="oc-51c">
         <name>.text:_SlRemoveFromList</name>
         <load_address>0x2000c094</load_address>
         <run_address>0x2000c094</run_address>
         <size>0xc0</size>
         <input_file_ref idref="fl-15f"/>
      </object_component>
      <object_component id="oc-795">
         <name>.text</name>
         <load_address>0x2000c154</load_address>
         <run_address>0x2000c154</run_address>
         <size>0xbe</size>
         <input_file_ref idref="fl-15d"/>
      </object_component>
      <object_component id="oc-4b6">
         <name>.text:_SlDrvMsgReadCmdCtx</name>
         <load_address>0x2000c214</load_address>
         <run_address>0x2000c214</run_address>
         <size>0xbc</size>
         <input_file_ref idref="fl-15f"/>
      </object_component>
      <object_component id="oc-1e3">
         <name>.text:sl_Start</name>
         <load_address>0x2000c2d0</load_address>
         <run_address>0x2000c2d0</run_address>
         <size>0xbc</size>
         <input_file_ref idref="fl-15e"/>
      </object_component>
      <object_component id="oc-33">
         <name>.text</name>
         <load_address>0x2000c38c</load_address>
         <run_address>0x2000c38c</run_address>
         <size>0xba</size>
         <input_file_ref idref="fl-172"/>
      </object_component>
      <object_component id="oc-61e">
         <name>.text:_SlAsyncEventGenericHandler</name>
         <load_address>0x2000c448</load_address>
         <run_address>0x2000c448</run_address>
         <size>0xb8</size>
         <input_file_ref idref="fl-15f"/>
      </object_component>
      <object_component id="oc-45c">
         <name>.text:sl_NetAppMDNSRegisterUnregisterService</name>
         <load_address>0x2000c500</load_address>
         <run_address>0x2000c500</run_address>
         <size>0xb4</size>
         <input_file_ref idref="fl-160"/>
      </object_component>
      <object_component id="oc-1ce">
         <name>.text:IntDisable</name>
         <load_address>0x2000c5b4</load_address>
         <run_address>0x2000c5b4</run_address>
         <size>0xa8</size>
         <input_file_ref idref="fl-166"/>
      </object_component>
      <object_component id="oc-186">
         <name>.text:IntEnable</name>
         <load_address>0x2000c65c</load_address>
         <run_address>0x2000c65c</run_address>
         <size>0xa8</size>
         <input_file_ref idref="fl-166"/>
      </object_component>
      <object_component id="oc-242">
         <name>.text:sl_NetCfgGet</name>
         <load_address>0x2000c704</load_address>
         <run_address>0x2000c704</run_address>
         <size>0xa8</size>
         <input_file_ref idref="fl-161"/>
      </object_component>
      <object_component id="oc-576">
         <name>.text:SPIConfigSetExpClk</name>
         <load_address>0x2000c7ac</load_address>
         <run_address>0x2000c7ac</run_address>
         <size>0xa0</size>
         <input_file_ref idref="fl-169"/>
      </object_component>
      <object_component id="oc-5cf">
         <name>.text:_SlDrvMsgReadSpawnCtx</name>
         <load_address>0x2000c84c</load_address>
         <run_address>0x2000c84c</run_address>
         <size>0x9c</size>
         <input_file_ref idref="fl-15f"/>
      </object_component>
      <object_component id="oc-41">
         <name>.text</name>
         <load_address>0x2000c8e8</load_address>
         <run_address>0x2000c8e8</run_address>
         <size>0x9c</size>
         <input_file_ref idref="fl-136"/>
      </object_component>
      <object_component id="oc-1f5">
         <name>.text:sl_DevGet</name>
         <load_address>0x2000c984</load_address>
         <run_address>0x2000c984</run_address>
         <size>0x9c</size>
         <input_file_ref idref="fl-15e"/>
      </object_component>
      <object_component id="oc-29d">
         <name>.text:PRCMPeripheralClockGet</name>
         <load_address>0x2000ca20</load_address>
         <run_address>0x2000ca20</run_address>
         <size>0x94</size>
         <input_file_ref idref="fl-168"/>
      </object_component>
      <object_component id="oc-780">
         <name>.text:SetupDMAReceive</name>
         <load_address>0x2000cab4</load_address>
         <run_address>0x2000cab4</run_address>
         <size>0x8c</size>
         <input_file_ref idref="fl-164"/>
      </object_component>
      <object_component id="oc-6e9">
         <name>.text:SetupDMASend</name>
         <load_address>0x2000cb40</load_address>
         <run_address>0x2000cb40</run_address>
         <size>0x8c</size>
         <input_file_ref idref="fl-164"/>
      </object_component>
      <object_component id="oc-7db">
         <name>.text:_sl_HandleAsync_DnsGetHostByName</name>
         <load_address>0x2000cbcc</load_address>
         <run_address>0x2000cbcc</run_address>
         <size>0x8c</size>
         <input_file_ref idref="fl-160"/>
      </object_component>
      <object_component id="oc-779">
         <name>.text:_sl_HandleAsync_PingResponse</name>
         <load_address>0x2000cc58</load_address>
         <run_address>0x2000cc58</run_address>
         <size>0x8c</size>
         <input_file_ref idref="fl-160"/>
      </object_component>
      <object_component id="oc-611">
         <name>.text:spi_Write</name>
         <load_address>0x2000cce4</load_address>
         <run_address>0x2000cce4</run_address>
         <size>0x8c</size>
         <input_file_ref idref="fl-164"/>
      </object_component>
      <object_component id="oc-53b">
         <name>.text:PinConfigSet</name>
         <load_address>0x2000cd70</load_address>
         <run_address>0x2000cd70</run_address>
         <size>0x88</size>
         <input_file_ref idref="fl-167"/>
      </object_component>
      <object_component id="oc-2af">
         <name>.text</name>
         <load_address>0x2000cdf8</load_address>
         <run_address>0x2000cdf8</run_address>
         <size>0x88</size>
         <input_file_ref idref="fl-13e"/>
      </object_component>
      <object_component id="oc-137">
         <name>.text:sl_Bind</name>
         <load_address>0x2000ce80</load_address>
         <run_address>0x2000ce80</run_address>
         <size>0x88</size>
         <input_file_ref idref="fl-162"/>
      </object_component>
      <object_component id="oc-62f">
         <name>.text:__aeabi_cdcmple</name>
         <load_address>0x2000cf08</load_address>
         <run_address>0x2000cf08</run_address>
         <size>0x86</size>
         <input_file_ref idref="fl-147"/>
      </object_component>
      <object_component id="oc-63e">
         <name>.text:__aeabi_cdrcmple</name>
         <load_address>0x2000cf8e</load_address>
         <run_address>0x2000cf8e</run_address>
         <size>0x86</size>
         <input_file_ref idref="fl-147"/>
      </object_component>
      <object_component id="oc-3f6">
         <name>.text:NwpPowerOnPreamble</name>
         <load_address>0x2000d014</load_address>
         <run_address>0x2000d014</run_address>
         <size>0x84</size>
         <input_file_ref idref="fl-164"/>
      </object_component>
      <object_component id="oc-2ea">
         <name>.text:GPIOIntTypeSet</name>
         <load_address>0x2000d098</load_address>
         <run_address>0x2000d098</run_address>
         <size>0x82</size>
         <input_file_ref idref="fl-165"/>
      </object_component>
      <object_component id="oc-289">
         <name>.text:_SlDrvCmdOp</name>
         <load_address>0x2000d11c</load_address>
         <run_address>0x2000d11c</run_address>
         <size>0x80</size>
         <input_file_ref idref="fl-15f"/>
      </object_component>
      <object_component id="oc-786">
         <name>.text:spi_Read_CPU</name>
         <load_address>0x2000d19c</load_address>
         <run_address>0x2000d19c</run_address>
         <size>0x80</size>
         <input_file_ref idref="fl-164"/>
      </object_component>
      <object_component id="oc-6fb">
         <name>.text:spi_Write_CPU</name>
         <load_address>0x2000d21c</load_address>
         <run_address>0x2000d21c</run_address>
         <size>0x80</size>
         <input_file_ref idref="fl-164"/>
      </object_component>
      <object_component id="oc-75b">
         <name>.text:_sl_HandleAsync_InitComplete</name>
         <load_address>0x2000d29c</load_address>
         <run_address>0x2000d29c</run_address>
         <size>0x7c</size>
         <input_file_ref idref="fl-15e"/>
      </object_component>
      <object_component id="oc-5a">
         <name>.text</name>
         <load_address>0x2000d318</load_address>
         <run_address>0x2000d318</run_address>
         <size>0x7a</size>
         <input_file_ref idref="fl-139"/>
      </object_component>
      <object_component id="oc-7fd">
         <name>.text:_sl_HandleAsync_Connect</name>
         <load_address>0x2000d394</load_address>
         <run_address>0x2000d394</run_address>
         <size>0x78</size>
         <input_file_ref idref="fl-162"/>
      </object_component>
      <object_component id="oc-432">
         <name>.text:spi_Close</name>
         <load_address>0x2000d40c</load_address>
         <run_address>0x2000d40c</run_address>
         <size>0x78</size>
         <input_file_ref idref="fl-164"/>
      </object_component>
      <object_component id="oc-2a3">
         <name>.text:UARTConfigSetExpClk</name>
         <load_address>0x2000d484</load_address>
         <run_address>0x2000d484</run_address>
         <size>0x76</size>
         <input_file_ref idref="fl-16b"/>
      </object_component>
      <object_component id="oc-16b">
         <name>.text:sl_Recv</name>
         <load_address>0x2000d4fc</load_address>
         <run_address>0x2000d4fc</run_address>
         <size>0x74</size>
         <input_file_ref idref="fl-162"/>
      </object_component>
      <object_component id="oc-82f">
         <name>.text:_SlDrvCmdSend</name>
         <load_address>0x2000d570</load_address>
         <run_address>0x2000d570</run_address>
         <size>0x6c</size>
         <input_file_ref idref="fl-15f"/>
      </object_component>
      <object_component id="oc-6c">
         <name>.text</name>
         <load_address>0x2000d5dc</load_address>
         <run_address>0x2000d5dc</run_address>
         <size>0x6c</size>
         <input_file_ref idref="fl-143"/>
      </object_component>
      <object_component id="oc-4d">
         <name>.text</name>
         <load_address>0x2000d648</load_address>
         <run_address>0x2000d648</run_address>
         <size>0x6a</size>
         <input_file_ref idref="fl-133"/>
      </object_component>
      <object_component id="oc-347">
         <name>.text:TimerIntUnregister</name>
         <load_address>0x2000d6b4</load_address>
         <run_address>0x2000d6b4</run_address>
         <size>0x68</size>
         <input_file_ref idref="fl-16a"/>
      </object_component>
      <object_component id="oc-7e7">
         <name>.text:_sl_NetAppSendTokenValue</name>
         <load_address>0x2000d71c</load_address>
         <run_address>0x2000d71c</run_address>
         <size>0x68</size>
         <input_file_ref idref="fl-160"/>
      </object_component>
      <object_component id="oc-20d">
         <name>.text:sl_NetCfgSet</name>
         <load_address>0x2000d784</load_address>
         <run_address>0x2000d784</run_address>
         <size>0x68</size>
         <input_file_ref idref="fl-161"/>
      </object_component>
      <object_component id="oc-213">
         <name>.text:sl_WlanSet</name>
         <load_address>0x2000d7ec</load_address>
         <run_address>0x2000d7ec</run_address>
         <size>0x68</size>
         <input_file_ref idref="fl-163"/>
      </object_component>
      <object_component id="oc-729">
         <name>.text</name>
         <load_address>0x2000d854</load_address>
         <run_address>0x2000d854</run_address>
         <size>0x66</size>
         <input_file_ref idref="fl-156"/>
      </object_component>
      <object_component id="oc-6b0">
         <name>.text:uDMAChannelAttributeDisable</name>
         <load_address>0x2000d8bc</load_address>
         <run_address>0x2000d8bc</run_address>
         <size>0x64</size>
         <input_file_ref idref="fl-16c"/>
      </object_component>
      <object_component id="oc-7c8">
         <name>.text:uDMAChannelAttributeEnable</name>
         <load_address>0x2000d920</load_address>
         <run_address>0x2000d920</run_address>
         <size>0x64</size>
         <input_file_ref idref="fl-16c"/>
      </object_component>
      <object_component id="oc-7f7">
         <name>.text:_sl_HandleAsync_Accept</name>
         <load_address>0x2000d984</load_address>
         <run_address>0x2000d984</run_address>
         <size>0x60</size>
         <input_file_ref idref="fl-162"/>
      </object_component>
      <object_component id="oc-1fb">
         <name>.text:sl_WlanPolicySet</name>
         <load_address>0x2000d9e4</load_address>
         <run_address>0x2000d9e4</run_address>
         <size>0x60</size>
         <input_file_ref idref="fl-163"/>
      </object_component>
      <object_component id="oc-125">
         <name>.text:sl_Socket</name>
         <load_address>0x2000da44</load_address>
         <run_address>0x2000da44</run_address>
         <size>0x5c</size>
         <input_file_ref idref="fl-162"/>
      </object_component>
      <object_component id="oc-5bd">
         <name>.text:IntPendClear</name>
         <load_address>0x2000daa0</load_address>
         <run_address>0x2000daa0</run_address>
         <size>0x58</size>
         <input_file_ref idref="fl-166"/>
      </object_component>
      <object_component id="oc-317">
         <name>.text:PRCMPeripheralReset</name>
         <load_address>0x2000daf8</load_address>
         <run_address>0x2000daf8</run_address>
         <size>0x58</size>
         <input_file_ref idref="fl-168"/>
      </object_component>
      <object_component id="oc-648">
         <name>.text</name>
         <load_address>0x2000db50</load_address>
         <run_address>0x2000db50</run_address>
         <size>0x56</size>
         <input_file_ref idref="fl-14e"/>
      </object_component>
      <object_component id="oc-3c7">
         <name>.text:IntPrioritySet</name>
         <load_address>0x2000dba8</load_address>
         <run_address>0x2000dba8</run_address>
         <size>0x54</size>
         <input_file_ref idref="fl-166"/>
      </object_component>
      <object_component id="oc-803">
         <name>.text:_sl_HandleAsync_Select</name>
         <load_address>0x2000dbfc</load_address>
         <run_address>0x2000dbfc</run_address>
         <size>0x54</size>
         <input_file_ref idref="fl-162"/>
      </object_component>
      <object_component id="oc-222">
         <name>.text:sl_WlanRxFilterSet</name>
         <load_address>0x2000dc50</load_address>
         <run_address>0x2000dc50</run_address>
         <size>0x54</size>
         <input_file_ref idref="fl-163"/>
      </object_component>
      <object_component id="oc-761">
         <name>.text:_sl_HandleAsync_Stop</name>
         <load_address>0x2000dca4</load_address>
         <run_address>0x2000dca4</run_address>
         <size>0x50</size>
         <input_file_ref idref="fl-15e"/>
      </object_component>
      <object_component id="oc-59a">
         <name>.text:SPIIntEnable</name>
         <load_address>0x2000dcf4</load_address>
         <run_address>0x2000dcf4</run_address>
         <size>0x4c</size>
         <input_file_ref idref="fl-169"/>
      </object_component>
      <object_component id="oc-35d">
         <name>.text:_SlDrvProtectAsyncRespSetting</name>
         <load_address>0x2000dd40</load_address>
         <run_address>0x2000dd40</run_address>
         <size>0x4c</size>
         <input_file_ref idref="fl-15f"/>
      </object_component>
      <object_component id="oc-420">
         <name>.text:_SlDrvRxIrqHandler</name>
         <load_address>0x2000dd8c</load_address>
         <run_address>0x2000dd8c</run_address>
         <size>0x4c</size>
         <input_file_ref idref="fl-15f"/>
      </object_component>
      <object_component id="oc-2d7">
         <name>.text:_sl_BuildAddress</name>
         <load_address>0x2000ddd8</load_address>
         <run_address>0x2000ddd8</run_address>
         <size>0x4c</size>
         <input_file_ref idref="fl-162"/>
      </object_component>
      <object_component id="oc-676">
         <name>.text</name>
         <load_address>0x2000de24</load_address>
         <run_address>0x2000de24</run_address>
         <size>0x4c</size>
         <input_file_ref idref="fl-142"/>
      </object_component>
      <object_component id="oc-bb">
         <name>.text</name>
         <load_address>0x2000de70</load_address>
         <run_address>0x2000de70</run_address>
         <size>0x4c</size>
         <input_file_ref idref="fl-144"/>
      </object_component>
      <object_component id="oc-6aa">
         <name>.text:uDMAChannelAssign</name>
         <load_address>0x2000debc</load_address>
         <run_address>0x2000debc</run_address>
         <size>0x4c</size>
         <input_file_ref idref="fl-16c"/>
      </object_component>
      <object_component id="oc-6c6">
         <name>.text:SPIIntClear</name>
         <load_address>0x2000df08</load_address>
         <run_address>0x2000df08</run_address>
         <size>0x48</size>
         <input_file_ref idref="fl-169"/>
      </object_component>
      <object_component id="oc-44a">
         <name>.text:_SlDrvBasicCmd</name>
         <load_address>0x2000df50</load_address>
         <run_address>0x2000df50</run_address>
         <size>0x48</size>
         <input_file_ref idref="fl-15f"/>
      </object_component>
      <object_component id="oc-643">
         <name>.text</name>
         <load_address>0x2000df98</load_address>
         <run_address>0x2000df98</run_address>
         <size>0x48</size>
         <input_file_ref idref="fl-14a"/>
      </object_component>
      <object_component id="oc-65e">
         <name>.text</name>
         <load_address>0x2000dfe0</load_address>
         <run_address>0x2000dfe0</run_address>
         <size>0x46</size>
         <input_file_ref idref="fl-14d"/>
      </object_component>
      <object_component id="oc-6ba">
         <name>.text:SPIDmaMaskGet</name>
         <load_address>0x2000e028</load_address>
         <run_address>0x2000e028</run_address>
         <size>0x44</size>
         <input_file_ref idref="fl-169"/>
      </object_component>
      <object_component id="oc-31d">
         <name>.text:TimerConfigure</name>
         <load_address>0x2000e06c</load_address>
         <run_address>0x2000e06c</run_address>
         <size>0x44</size>
         <input_file_ref idref="fl-16a"/>
      </object_component>
      <object_component id="oc-768">
         <name>.text:cc_SetupTransfer</name>
         <load_address>0x2000e0b0</load_address>
         <run_address>0x2000e0b0</run_address>
         <size>0x44</size>
         <input_file_ref idref="fl-164"/>
      </object_component>
      <object_component id="oc-78">
         <name>.text</name>
         <load_address>0x2000e0f4</load_address>
         <run_address>0x2000e0f4</run_address>
         <size>0x44</size>
         <input_file_ref idref="fl-135"/>
      </object_component>
      <object_component id="oc-165">
         <name>.text:sl_Htonl</name>
         <load_address>0x2000e138</load_address>
         <run_address>0x2000e138</run_address>
         <size>0x42</size>
         <input_file_ref idref="fl-162"/>
      </object_component>
      <object_component id="oc-535">
         <name>.text:PinModeSet</name>
         <load_address>0x2000e17c</load_address>
         <run_address>0x2000e17c</run_address>
         <size>0x40</size>
         <input_file_ref idref="fl-167"/>
      </object_component>
      <object_component id="oc-83c">
         <name>.text</name>
         <load_address>0x2000e1bc</load_address>
         <run_address>0x2000e1bc</run_address>
         <size>0x40</size>
         <input_file_ref idref="fl-15c"/>
      </object_component>
      <object_component id="oc-23c">
         <name>.text</name>
         <load_address>0x2000e1fc</load_address>
         <run_address>0x2000e1fc</run_address>
         <size>0x40</size>
         <input_file_ref idref="fl-13d"/>
      </object_component>
      <object_component id="oc-7ee">
         <name>.text:CopyPingResultsToReport</name>
         <load_address>0x2000e23c</load_address>
         <run_address>0x2000e23c</run_address>
         <size>0x3c</size>
         <input_file_ref idref="fl-160"/>
      </object_component>
      <object_component id="oc-311">
         <name>.text:PRCMPeripheralClkEnable</name>
         <load_address>0x2000e278</load_address>
         <run_address>0x2000e278</run_address>
         <size>0x3c</size>
         <input_file_ref idref="fl-168"/>
      </object_component>
      <object_component id="oc-192">
         <name>.text</name>
         <load_address>0x2000e2b4</load_address>
         <run_address>0x2000e2b4</run_address>
         <size>0x3c</size>
         <input_file_ref idref="fl-5"/>
      </object_component>
      <object_component id="oc-24">
         <name>.text</name>
         <load_address>0x2000e2f0</load_address>
         <run_address>0x2000e2f0</run_address>
         <size>0x3c</size>
         <input_file_ref idref="fl-131"/>
      </object_component>
      <object_component id="oc-131">
         <name>.text:sl_Htons</name>
         <load_address>0x2000e32c</load_address>
         <run_address>0x2000e32c</run_address>
         <size>0x3c</size>
         <input_file_ref idref="fl-162"/>
      </object_component>
      <object_component id="oc-159">
         <name>.text:sl_Listen</name>
         <load_address>0x2000e368</load_address>
         <run_address>0x2000e368</run_address>
         <size>0x3c</size>
         <input_file_ref idref="fl-162"/>
      </object_component>
      <object_component id="oc-7c2">
         <name>.text:uDMAChannelControlSet</name>
         <load_address>0x2000e3a4</load_address>
         <run_address>0x2000e3a4</run_address>
         <size>0x3c</size>
         <input_file_ref idref="fl-16c"/>
      </object_component>
      <object_component id="oc-408">
         <name>.text:NwpPowerOff</name>
         <load_address>0x2000e3e0</load_address>
         <run_address>0x2000e3e0</run_address>
         <size>0x38</size>
         <input_file_ref idref="fl-164"/>
      </object_component>
      <object_component id="oc-f8">
         <name>.text</name>
         <load_address>0x2000e418</load_address>
         <run_address>0x2000e418</run_address>
         <size>0x38</size>
         <input_file_ref idref="fl-175"/>
      </object_component>
      <object_component id="oc-3ba">
         <name>.text:GPIODirModeSet</name>
         <load_address>0x2000e450</load_address>
         <run_address>0x2000e450</run_address>
         <size>0x36</size>
         <input_file_ref idref="fl-165"/>
      </object_component>
      <object_component id="oc-219">
         <name>.text:sl_NetAppMDNSUnRegisterService</name>
         <load_address>0x2000e486</load_address>
         <run_address>0x2000e486</run_address>
         <size>0x36</size>
         <input_file_ref idref="fl-160"/>
      </object_component>
      <object_component id="oc-57c">
         <name>.text:PRCMPeripheralStatusGet</name>
         <load_address>0x2000e4bc</load_address>
         <run_address>0x2000e4bc</run_address>
         <size>0x34</size>
         <input_file_ref idref="fl-168"/>
      </object_component>
      <object_component id="oc-594">
         <name>.text:SPIFIFOLevelSet</name>
         <load_address>0x2000e4f0</load_address>
         <run_address>0x2000e4f0</run_address>
         <size>0x34</size>
         <input_file_ref idref="fl-169"/>
      </object_component>
      <object_component id="oc-7a4">
         <name>.text</name>
         <load_address>0x2000e524</load_address>
         <run_address>0x2000e524</run_address>
         <size>0x34</size>
         <input_file_ref idref="fl-15a"/>
      </object_component>
      <object_component id="oc-3b4">
         <name>.text:PinTypeGPIO</name>
         <load_address>0x2000e558</load_address>
         <run_address>0x2000e558</run_address>
         <size>0x30</size>
         <input_file_ref idref="fl-167"/>
      </object_component>
      <object_component id="oc-4c8">
         <name>.text:UARTDisable</name>
         <load_address>0x2000e588</load_address>
         <run_address>0x2000e588</run_address>
         <size>0x30</size>
         <input_file_ref idref="fl-16b"/>
      </object_component>
      <object_component id="oc-6dd">
         <name>.text:_SlDrvDeviceEventHandler</name>
         <load_address>0x2000e5b8</load_address>
         <run_address>0x2000e5b8</run_address>
         <size>0x30</size>
         <input_file_ref idref="fl-15e"/>
      </object_component>
      <object_component id="oc-737">
         <name>.text</name>
         <load_address>0x2000e5e8</load_address>
         <run_address>0x2000e5e8</run_address>
         <size>0x30</size>
         <input_file_ref idref="fl-157"/>
      </object_component>
      <object_component id="oc-171">
         <name>.text:sl_Close</name>
         <load_address>0x2000e618</load_address>
         <run_address>0x2000e618</run_address>
         <size>0x30</size>
         <input_file_ref idref="fl-162"/>
      </object_component>
      <object_component id="oc-201">
         <name>.text:sl_WlanProfileDel</name>
         <load_address>0x2000e648</load_address>
         <run_address>0x2000e648</run_address>
         <size>0x30</size>
         <input_file_ref idref="fl-163"/>
      </object_component>
      <object_component id="oc-1e9">
         <name>.text:sl_WlanSetMode</name>
         <load_address>0x2000e678</load_address>
         <run_address>0x2000e678</run_address>
         <size>0x30</size>
         <input_file_ref idref="fl-163"/>
      </object_component>
      <object_component id="oc-64e">
         <name>.text</name>
         <load_address>0x2000e6a8</load_address>
         <run_address>0x2000e6a8</run_address>
         <size>0x2e</size>
         <input_file_ref idref="fl-14c"/>
      </object_component>
      <object_component id="oc-818">
         <name>.text</name>
         <load_address>0x2000e6d6</load_address>
         <run_address>0x2000e6d6</run_address>
         <size>0x2e</size>
         <input_file_ref idref="fl-15b"/>
      </object_component>
      <object_component id="oc-5ac">
         <name>.text:DmaSpiSwIntHandler</name>
         <load_address>0x2000e704</load_address>
         <run_address>0x2000e704</run_address>
         <size>0x2c</size>
         <input_file_ref idref="fl-164"/>
      </object_component>
      <object_component id="oc-414">
         <name>.text:NwpPowerOn</name>
         <load_address>0x2000e730</load_address>
         <run_address>0x2000e730</run_address>
         <size>0x2c</size>
         <input_file_ref idref="fl-164"/>
      </object_component>
      <object_component id="oc-1d4">
         <name>.text:PRCMDeepSleepEnter</name>
         <load_address>0x2000e75c</load_address>
         <run_address>0x2000e75c</run_address>
         <size>0x2c</size>
         <input_file_ref idref="fl-168"/>
      </object_component>
      <object_component id="oc-3a7">
         <name>.text:PRCMSysResetCauseGet</name>
         <load_address>0x2000e788</load_address>
         <run_address>0x2000e788</run_address>
         <size>0x2c</size>
         <input_file_ref idref="fl-168"/>
      </object_component>
      <object_component id="oc-32f">
         <name>.text:TimerLoadSet</name>
         <load_address>0x2000e7b4</load_address>
         <run_address>0x2000e7b4</run_address>
         <size>0x2a</size>
         <input_file_ref idref="fl-16a"/>
      </object_component>
      <object_component id="oc-323">
         <name>.text:TimerPrescaleSet</name>
         <load_address>0x2000e7de</load_address>
         <run_address>0x2000e7de</run_address>
         <size>0x2a</size>
         <input_file_ref idref="fl-16a"/>
      </object_component>
      <object_component id="oc-477">
         <name>.text</name>
         <load_address>0x2000e808</load_address>
         <run_address>0x2000e808</run_address>
         <size>0x2a</size>
         <input_file_ref idref="fl-152"/>
      </object_component>
      <object_component id="oc-66a">
         <name>.text</name>
         <load_address>0x2000e832</load_address>
         <run_address>0x2000e832</run_address>
         <size>0x2a</size>
         <input_file_ref idref="fl-154"/>
      </object_component>
      <object_component id="oc-3a1">
         <name>.text:PRCMPeripheralClkDisable</name>
         <load_address>0x2000e85c</load_address>
         <run_address>0x2000e85c</run_address>
         <size>0x28</size>
         <input_file_ref idref="fl-168"/>
      </object_component>
      <object_component id="oc-40e">
         <name>.text:NwpRegisterInterruptHandler</name>
         <load_address>0x2000e884</load_address>
         <run_address>0x2000e884</run_address>
         <size>0x26</size>
         <input_file_ref idref="fl-164"/>
      </object_component>
      <object_component id="oc-3cd">
         <name>.text:IntUnregister</name>
         <load_address>0x2000e8ac</load_address>
         <run_address>0x2000e8ac</run_address>
         <size>0x24</size>
         <input_file_ref idref="fl-166"/>
      </object_component>
      <object_component id="oc-4ce">
         <name>.text:UARTEnable</name>
         <load_address>0x2000e8d0</load_address>
         <run_address>0x2000e8d0</run_address>
         <size>0x24</size>
         <input_file_ref idref="fl-16b"/>
      </object_component>
      <object_component id="oc-48f">
         <name>.text:_SlDrvProtectionObjLockWaitForever</name>
         <load_address>0x2000e8f4</load_address>
         <run_address>0x2000e8f4</run_address>
         <size>0x24</size>
         <input_file_ref idref="fl-15f"/>
      </object_component>
      <object_component id="oc-2c1">
         <name>.text</name>
         <load_address>0x2000e918</load_address>
         <run_address>0x2000e918</run_address>
         <size>0x24</size>
         <input_file_ref idref="fl-137"/>
      </object_component>
      <object_component id="oc-47d">
         <name>.text</name>
         <load_address>0x2000e93c</load_address>
         <run_address>0x2000e93c</run_address>
         <size>0x24</size>
         <input_file_ref idref="fl-151"/>
      </object_component>
      <object_component id="oc-570">
         <name>.text:SPIReset</name>
         <load_address>0x2000e960</load_address>
         <run_address>0x2000e960</run_address>
         <size>0x22</size>
         <input_file_ref idref="fl-169"/>
      </object_component>
      <object_component id="oc-6f5">
         <name>.text:SPIWordCountSet</name>
         <load_address>0x2000e982</load_address>
         <run_address>0x2000e982</run_address>
         <size>0x22</size>
         <input_file_ref idref="fl-169"/>
      </object_component>
      <object_component id="oc-658">
         <name>.text</name>
         <load_address>0x2000e9a4</load_address>
         <run_address>0x2000e9a4</run_address>
         <size>0x22</size>
         <input_file_ref idref="fl-14b"/>
      </object_component>
      <object_component id="oc-2fc">
         <name>.text:GPIOPinWrite</name>
         <load_address>0x2000e9c6</load_address>
         <run_address>0x2000e9c6</run_address>
         <size>0x20</size>
         <input_file_ref idref="fl-165"/>
      </object_component>
      <object_component id="oc-3c1">
         <name>.text:IntRegister</name>
         <load_address>0x2000e9e8</load_address>
         <run_address>0x2000e9e8</run_address>
         <size>0x20</size>
         <input_file_ref idref="fl-166"/>
      </object_component>
      <object_component id="oc-495">
         <name>.text:_SlDrvProtectionObjUnLock</name>
         <load_address>0x2000ea08</load_address>
         <run_address>0x2000ea08</run_address>
         <size>0x20</size>
         <input_file_ref idref="fl-15f"/>
      </object_component>
      <object_component id="oc-33b">
         <name>.text:TimerDisable</name>
         <load_address>0x2000ea28</load_address>
         <run_address>0x2000ea28</run_address>
         <size>0x1e</size>
         <input_file_ref idref="fl-16a"/>
      </object_component>
      <object_component id="oc-335">
         <name>.text:TimerEnable</name>
         <load_address>0x2000ea46</load_address>
         <run_address>0x2000ea46</run_address>
         <size>0x1e</size>
         <input_file_ref idref="fl-16a"/>
      </object_component>
      <object_component id="oc-13d">
         <name>.text:TimerIntStatus</name>
         <load_address>0x2000ea64</load_address>
         <run_address>0x2000ea64</run_address>
         <size>0x1e</size>
         <input_file_ref idref="fl-16a"/>
      </object_component>
      <object_component id="oc-2a9">
         <name>.text:UARTCharPut</name>
         <load_address>0x2000ea82</load_address>
         <run_address>0x2000ea82</run_address>
         <size>0x1e</size>
         <input_file_ref idref="fl-16b"/>
      </object_component>
      <object_component id="oc-582">
         <name>.text:cc_UDMAChannelSelect</name>
         <load_address>0x2000eaa0</load_address>
         <run_address>0x2000eaa0</run_address>
         <size>0x1e</size>
         <input_file_ref idref="fl-164"/>
      </object_component>
      <object_component id="oc-34d">
         <name>.text:TimerValueGet</name>
         <load_address>0x2000eabe</load_address>
         <run_address>0x2000eabe</run_address>
         <size>0x1c</size>
         <input_file_ref idref="fl-16a"/>
      </object_component>
      <object_component id="oc-2bb">
         <name>.text:UARTCharGetNonBlocking</name>
         <load_address>0x2000eada</load_address>
         <run_address>0x2000eada</run_address>
         <size>0x1c</size>
         <input_file_ref idref="fl-16b"/>
      </object_component>
      <object_component id="oc-4aa">
         <name>.text:_SlDrvObjLockWaitForever</name>
         <load_address>0x2000eaf6</load_address>
         <run_address>0x2000eaf6</run_address>
         <size>0x1c</size>
         <input_file_ref idref="fl-15f"/>
      </object_component>
      <object_component id="oc-363">
         <name>.text:_SlDrvSyncObjWaitForever</name>
         <load_address>0x2000eb12</load_address>
         <run_address>0x2000eb12</run_address>
         <size>0x1c</size>
         <input_file_ref idref="fl-15f"/>
      </object_component>
      <object_component id="oc-670">
         <name>.text</name>
         <load_address>0x2000eb2e</load_address>
         <run_address>0x2000eb2e</run_address>
         <size>0x1c</size>
         <input_file_ref idref="fl-14f"/>
      </object_component>
      <object_component id="oc-7d4">
         <name>.text:uDMAChannelEnable</name>
         <load_address>0x2000eb4c</load_address>
         <run_address>0x2000eb4c</run_address>
         <size>0x1c</size>
         <input_file_ref idref="fl-16c"/>
      </object_component>
      <object_component id="oc-2f6">
         <name>.text:GPIOIntEnable</name>
         <load_address>0x2000eb68</load_address>
         <run_address>0x2000eb68</run_address>
         <size>0x1a</size>
         <input_file_ref idref="fl-165"/>
      </object_component>
      <object_component id="oc-3ae">
         <name>.text:PinTypeUART</name>
         <load_address>0x2000eb82</load_address>
         <run_address>0x2000eb82</run_address>
         <size>0x1a</size>
         <input_file_ref idref="fl-167"/>
      </object_component>
      <object_component id="oc-5e2">
         <name>.text:SPIDmaDisable</name>
         <load_address>0x2000eb9c</load_address>
         <run_address>0x2000eb9c</run_address>
         <size>0x1a</size>
         <input_file_ref idref="fl-169"/>
      </object_component>
      <object_component id="oc-58e">
         <name>.text:SPIDmaEnable</name>
         <load_address>0x2000ebb6</load_address>
         <run_address>0x2000ebb6</run_address>
         <size>0x1a</size>
         <input_file_ref idref="fl-169"/>
      </object_component>
      <object_component id="oc-5dc">
         <name>.text:SPIFIFODisable</name>
         <load_address>0x2000ebd0</load_address>
         <run_address>0x2000ebd0</run_address>
         <size>0x1a</size>
         <input_file_ref idref="fl-169"/>
      </object_component>
      <object_component id="oc-588">
         <name>.text:SPIFIFOEnable</name>
         <load_address>0x2000ebea</load_address>
         <run_address>0x2000ebea</run_address>
         <size>0x1a</size>
         <input_file_ref idref="fl-169"/>
      </object_component>
      <object_component id="oc-302">
         <name>.text:GPIOPinRead</name>
         <load_address>0x2000ec04</load_address>
         <run_address>0x2000ec04</run_address>
         <size>0x18</size>
         <input_file_ref idref="fl-165"/>
      </object_component>
      <object_component id="oc-564">
         <name>.text:SPICSDisable</name>
         <load_address>0x2000ec1c</load_address>
         <run_address>0x2000ec1c</run_address>
         <size>0x18</size>
         <input_file_ref idref="fl-169"/>
      </object_component>
      <object_component id="oc-6ef">
         <name>.text:SPICSEnable</name>
         <load_address>0x2000ec34</load_address>
         <run_address>0x2000ec34</run_address>
         <size>0x18</size>
         <input_file_ref idref="fl-169"/>
      </object_component>
      <object_component id="oc-56a">
         <name>.text:SPIDisable</name>
         <load_address>0x2000ec4c</load_address>
         <run_address>0x2000ec4c</run_address>
         <size>0x18</size>
         <input_file_ref idref="fl-169"/>
      </object_component>
      <object_component id="oc-5a0">
         <name>.text:SPIEnable</name>
         <load_address>0x2000ec64</load_address>
         <run_address>0x2000ec64</run_address>
         <size>0x18</size>
         <input_file_ref idref="fl-169"/>
      </object_component>
      <object_component id="oc-341">
         <name>.text:TimerIntDisable</name>
         <load_address>0x2000ec7c</load_address>
         <run_address>0x2000ec7c</run_address>
         <size>0x18</size>
         <input_file_ref idref="fl-16a"/>
      </object_component>
      <object_component id="oc-329">
         <name>.text:TimerIntEnable</name>
         <load_address>0x2000ec94</load_address>
         <run_address>0x2000ec94</run_address>
         <size>0x18</size>
         <input_file_ref idref="fl-16a"/>
      </object_component>
      <object_component id="oc-2b5">
         <name>.text:UARTCharsAvail</name>
         <load_address>0x2000ecac</load_address>
         <run_address>0x2000ecac</run_address>
         <size>0x18</size>
         <input_file_ref idref="fl-16b"/>
      </object_component>
      <object_component id="oc-4bc">
         <name>.text:_SlDrvObjUnLock</name>
         <load_address>0x2000ecc4</load_address>
         <run_address>0x2000ecc4</run_address>
         <size>0x18</size>
         <input_file_ref idref="fl-15f"/>
      </object_component>
      <object_component id="oc-522">
         <name>.text:_SlDrvSyncObjSignal</name>
         <load_address>0x2000ecdc</load_address>
         <run_address>0x2000ecdc</run_address>
         <size>0x18</size>
         <input_file_ref idref="fl-15f"/>
      </object_component>
      <object_component id="oc-41a">
         <name>.text:_sl_GetStartResponseConvert</name>
         <load_address>0x2000ecf4</load_address>
         <run_address>0x2000ecf4</run_address>
         <size>0x18</size>
         <input_file_ref idref="fl-15e"/>
      </object_component>
      <object_component id="oc-72">
         <name>.text</name>
         <load_address>0x2000ed0c</load_address>
         <run_address>0x2000ed0c</run_address>
         <size>0x18</size>
         <input_file_ref idref="fl-141"/>
      </object_component>
      <object_component id="oc-395">
         <name>.text:PRCMHIBRegRead</name>
         <load_address>0x2000ed24</load_address>
         <run_address>0x2000ed24</run_address>
         <size>0x16</size>
         <input_file_ref idref="fl-168"/>
      </object_component>
      <object_component id="oc-39b">
         <name>.text:PRCMHIBRegWrite</name>
         <load_address>0x2000ed3a</load_address>
         <run_address>0x2000ed3a</run_address>
         <size>0x16</size>
         <input_file_ref idref="fl-168"/>
      </object_component>
      <object_component id="oc-46d">
         <name>.text:_SlDrvMemZero</name>
         <load_address>0x2000ed50</load_address>
         <run_address>0x2000ed50</run_address>
         <size>0x16</size>
         <input_file_ref idref="fl-15f"/>
      </object_component>
      <object_component id="oc-664">
         <name>.text</name>
         <load_address>0x2000ed66</load_address>
         <run_address>0x2000ed66</run_address>
         <size>0x16</size>
         <input_file_ref idref="fl-150"/>
      </object_component>
      <object_component id="oc-38a">
         <name>.text:CPUcpsie</name>
         <load_address>0x2000ed7c</load_address>
         <run_address>0x2000ed7c</run_address>
         <size>0x14</size>
         <input_file_ref idref="fl-16e"/>
      </object_component>
      <object_component id="oc-2f0">
         <name>.text:GPIOIntClear</name>
         <load_address>0x2000ed90</load_address>
         <run_address>0x2000ed90</run_address>
         <size>0x14</size>
         <input_file_ref idref="fl-165"/>
      </object_component>
      <object_component id="oc-17a">
         <name>.text:IntVTableBaseSet</name>
         <load_address>0x2000eda4</load_address>
         <run_address>0x2000eda4</run_address>
         <size>0x14</size>
         <input_file_ref idref="fl-166"/>
      </object_component>
      <object_component id="oc-1ab">
         <name>.text</name>
         <load_address>0x2000edb8</load_address>
         <run_address>0x2000edb8</run_address>
         <size>0x14</size>
         <input_file_ref idref="fl-13f"/>
      </object_component>
      <object_component id="oc-22f">
         <name>.text</name>
         <load_address>0x2000edcc</load_address>
         <run_address>0x2000edcc</run_address>
         <size>0x14</size>
         <input_file_ref idref="fl-13c"/>
      </object_component>
      <object_component id="oc-143">
         <name>.text:TimerIntClear</name>
         <load_address>0x2000ede0</load_address>
         <run_address>0x2000ede0</run_address>
         <size>0x12</size>
         <input_file_ref idref="fl-16a"/>
      </object_component>
      <object_component id="oc-379">
         <name>.text:_SlDrvResetCmdExt</name>
         <load_address>0x2000edf2</load_address>
         <run_address>0x2000edf2</run_address>
         <size>0xe</size>
         <input_file_ref idref="fl-15f"/>
      </object_component>
      <object_component id="oc-12">
         <name>.text:decompress:none</name>
         <load_address>0x2000ee00</load_address>
         <run_address>0x2000ee00</run_address>
         <size>0xe</size>
         <input_file_ref idref="fl-132"/>
      </object_component>
      <object_component id="oc-2d">
         <name>.text</name>
         <load_address>0x2000ee0e</load_address>
         <run_address>0x2000ee0e</run_address>
         <size>0xe</size>
         <input_file_ref idref="fl-6"/>
      </object_component>
      <object_component id="oc-3e4">
         <name>.text:CPUwfi</name>
         <load_address>0x2000ee1c</load_address>
         <run_address>0x2000ee1c</run_address>
         <size>0xc</size>
         <input_file_ref idref="fl-16e"/>
      </object_component>
      <object_component id="oc-5b6">
         <name>.text:NwpMaskInterrupt</name>
         <load_address>0x2000ee28</load_address>
         <run_address>0x2000ee28</run_address>
         <size>0xc</size>
         <input_file_ref idref="fl-164"/>
      </object_component>
      <object_component id="oc-5c4">
         <name>.text:NwpUnMaskInterrupt</name>
         <load_address>0x2000ee34</load_address>
         <run_address>0x2000ee34</run_address>
         <size>0xc</size>
         <input_file_ref idref="fl-164"/>
      </object_component>
      <object_component id="oc-1e">
         <name>.text:decompress:ZI</name>
         <load_address>0x2000ee40</load_address>
         <run_address>0x2000ee40</run_address>
         <size>0xc</size>
         <input_file_ref idref="fl-134"/>
      </object_component>
      <object_component id="oc-207">
         <name>.text:sl_WlanDisconnect</name>
         <load_address>0x2000ee4c</load_address>
         <run_address>0x2000ee4c</run_address>
         <size>0xc</size>
         <input_file_ref idref="fl-163"/>
      </object_component>
      <object_component id="oc-180">
         <name>.text:IntMasterEnable</name>
         <load_address>0x2000ee58</load_address>
         <run_address>0x2000ee58</run_address>
         <size>0xa</size>
         <input_file_ref idref="fl-166"/>
      </object_component>
      <object_component id="oc-23b">
         <name>.text:UtilsDelay</name>
         <load_address>0x2000ee62</load_address>
         <run_address>0x2000ee62</run_address>
         <size>0x6</size>
         <input_file_ref idref="fl-16d"/>
      </object_component>
      <object_component id="oc-18">
         <name>.text:decompress:rle24</name>
         <load_address>0x2000ee68</load_address>
         <run_address>0x2000ee68</run_address>
         <size>0x6</size>
         <input_file_ref idref="fl-133"/>
      </object_component>
      <object_component id="oc-66">
         <name>.text</name>
         <load_address>0x2000ee6e</load_address>
         <run_address>0x2000ee6e</run_address>
         <size>0x4</size>
         <input_file_ref idref="fl-13a"/>
      </object_component>
      <object_component id="oc-745">
         <name>.const:.string:_ctypes_</name>
         <load_address>0x2000ee74</load_address>
         <run_address>0x2000ee74</run_address>
         <size>0x101</size>
         <input_file_ref idref="fl-145"/>
      </object_component>
      <object_component id="oc-699">
         <name>.const:g_ulPinToPadMap</name>
         <load_address>0x2000ef78</load_address>
         <run_address>0x2000ef78</run_address>
         <size>0x100</size>
         <input_file_ref idref="fl-167"/>
      </object_component>
      <object_component id="oc-545">
         <name>.const:g_pulRegs</name>
         <load_address>0x2000f078</load_address>
         <run_address>0x2000f078</run_address>
         <size>0xd4</size>
         <input_file_ref idref="fl-166"/>
      </object_component>
      <object_component id="oc-473">
         <name>.const:$P$T0$1</name>
         <load_address>0x2000f14c</load_address>
         <run_address>0x2000f14c</run_address>
         <size>0xb0</size>
         <input_file_ref idref="fl-163"/>
      </object_component>
      <object_component id="oc-509">
         <name>.const:PRCM_PeriphRegsList</name>
         <load_address>0x2000f1fc</load_address>
         <run_address>0x2000f1fc</run_address>
         <size>0xa8</size>
         <input_file_ref idref="fl-168"/>
      </object_component>
      <object_component id="oc-391">
         <name>.const</name>
         <load_address>0x2000f2a4</load_address>
         <run_address>0x2000f2a4</run_address>
         <size>0x80</size>
         <input_file_ref idref="fl-166"/>
      </object_component>
      <object_component id="oc-22c">
         <name>.const:.string</name>
         <load_address>0x2000f324</load_address>
         <run_address>0x2000f324</run_address>
         <size>0x62</size>
         <input_file_ref idref="fl-4"/>
      </object_component>
      <object_component id="oc-71b">
         <name>.const:OpcodeTranslateTable</name>
         <load_address>0x2000f386</load_address>
         <run_address>0x2000f386</run_address>
         <size>0x3c</size>
         <input_file_ref idref="fl-15f"/>
      </object_component>
      <object_component id="oc-428">
         <name>.const</name>
         <load_address>0x2000f3c2</load_address>
         <run_address>0x2000f3c2</run_address>
         <size>0x3c</size>
         <input_file_ref idref="fl-163"/>
      </object_component>
      <object_component id="oc-78d">
         <name>.const:_SlActionLookupTable</name>
         <load_address>0x2000f400</load_address>
         <run_address>0x2000f400</run_address>
         <size>0x38</size>
         <input_file_ref idref="fl-15f"/>
      </object_component>
      <object_component id="oc-5ec">
         <name>.const</name>
         <load_address>0x2000f438</load_address>
         <run_address>0x2000f438</run_address>
         <size>0x34</size>
         <input_file_ref idref="fl-15f"/>
      </object_component>
      <object_component id="oc-28f">
         <name>.const</name>
         <load_address>0x2000f46c</load_address>
         <run_address>0x2000f46c</run_address>
         <size>0x34</size>
         <input_file_ref idref="fl-162"/>
      </object_component>
      <object_component id="oc-21f">
         <name>.const:$P$T1$2</name>
         <load_address>0x2000f4a0</load_address>
         <run_address>0x2000f4a0</run_address>
         <size>0x2c</size>
         <input_file_ref idref="fl-4"/>
      </object_component>
      <object_component id="oc-155">
         <name>.const:.string</name>
         <load_address>0x2000f4cc</load_address>
         <run_address>0x2000f4cc</run_address>
         <size>0x29</size>
         <input_file_ref idref="fl-3"/>
      </object_component>
      <object_component id="oc-49b">
         <name>.const</name>
         <load_address>0x2000f4f6</load_address>
         <run_address>0x2000f4f6</run_address>
         <size>0x28</size>
         <input_file_ref idref="fl-160"/>
      </object_component>
      <object_component id="oc-228">
         <name>.const</name>
         <load_address>0x2000f520</load_address>
         <run_address>0x2000f520</run_address>
         <size>0x24</size>
         <input_file_ref idref="fl-4"/>
      </object_component>
      <object_component id="oc-22b">
         <name>.const:.string:$P$T0$1</name>
         <load_address>0x2000f544</load_address>
         <run_address>0x2000f544</run_address>
         <size>0x22</size>
         <input_file_ref idref="fl-4"/>
      </object_component>
      <object_component id="oc-756">
         <name>.const</name>
         <load_address>0x2000f568</load_address>
         <run_address>0x2000f568</run_address>
         <size>0x18</size>
         <input_file_ref idref="fl-169"/>
      </object_component>
      <object_component id="oc-43e">
         <name>.const</name>
         <load_address>0x2000f580</load_address>
         <run_address>0x2000f580</run_address>
         <size>0x14</size>
         <input_file_ref idref="fl-15e"/>
      </object_component>
      <object_component id="oc-5cb">
         <name>.const:.string</name>
         <load_address>0x2000f594</load_address>
         <run_address>0x2000f594</run_address>
         <size>0x8</size>
         <input_file_ref idref="fl-15e"/>
      </object_component>
      <object_component id="oc-451">
         <name>.const</name>
         <load_address>0x2000f59c</load_address>
         <run_address>0x2000f59c</run_address>
         <size>0x8</size>
         <input_file_ref idref="fl-161"/>
      </object_component>
      <object_component id="oc-88a">
         <name>.cinit..data.load</name>
         <load_address>0x2000f5a8</load_address>
         <run_address>0x2000f5a8</run_address>
         <size>0x70</size>
      </object_component>
      <object_component id="oc-888">
         <name>__TI_handler_table</name>
         <load_address>0x2000f618</load_address>
         <run_address>0x2000f618</run_address>
         <size>0xc</size>
[...]
         <name>osi_TaskEnable</name>
         <value>0x200092cf</value>
         <object_component_ref idref="oc-198"/>
      </symbol>
      <symbol id="sm-12c2">
         <name>osi_TaskDelete</name>
         <value>0x2000902f</value>
         <object_component_ref idref="oc-198"/>
      </symbol>
      <symbol id="sm-12c3">
         <name>xHigherPriorityTaskWoken</name>
         <value>0x2001f514</value>
         <object_component_ref idref="oc-3d9"/>
      </symbol>
      <symbol id="sm-12c4">
         <name>osi_InterruptRegister</name>
         <value>0x20008e99</value>
         <object_component_ref idref="oc-198"/>
      </symbol>
      <symbol id="sm-12c5">
         <name>mem_set</name>
         <value>0x20009271</value>
         <object_component_ref idref="oc-198"/>
      </symbol>
      <symbol id="sm-12c6">
         <name>osi_LockObjCreate</name>
         <value>0x20008fc9</value>
         <object_component_ref idref="oc-198"/>
      </symbol>
      <symbol id="sm-12c7">
         <name>osi_SyncObjSignal</name>
         <value>0x20008f1b</value>
         <object_component_ref idref="oc-198"/>
      </symbol>
      <symbol id="sm-12c8">
         <name>mem_Malloc</name>
         <value>0x20009259</value>
         <object_component_ref idref="oc-198"/>
      </symbol>
      <symbol id="sm-12c9">
         <name>osi_SyncObjCreate</name>
         <value>0x20008ed1</value>
         <object_component_ref idref="oc-198"/>
      </symbol>
      <symbol id="sm-12ca">
         <name>osi_SyncObjWait</name>
         <value>0x20008f7b</value>
         <object_component_ref idref="oc-198"/>
      </symbol>
      <symbol id="sm-12cb">
         <name>osi_SyncObjSignalFromISR</name>
         <value>0x20008f43</value>
         <object_component_ref idref="oc-198"/>
      </symbol>
      <symbol id="sm-12cc">
         <name>osi_ContextRestore</name>
         <value>0x200092db</value>
         <object_component_ref idref="oc-198"/>
      </symbol>
      <symbol id="sm-12cd">
         <name>osi_start</name>
         <value>0x200092ad</value>
         <object_component_ref idref="oc-198"/>
      </symbol>
      <symbol id="sm-12ce">
         <name>osi_EnterCritical</name>
         <value>0x20009299</value>
         <object_component_ref idref="oc-198"/>
      </symbol>
      <symbol id="sm-12cf">
         <name>osi_TaskCreate</name>
         <value>0x20008fef</value>
         <object_component_ref idref="oc-198"/>
      </symbol>
      <symbol id="sm-12d0">
         <name>osi_MsgQRead</name>
         <value>0x2000921d</value>
         <object_component_ref idref="oc-198"/>
      </symbol>
      <symbol id="sm-12d1">
         <name>osi_MsgQCreate</name>
         <value>0x2000918d</value>
         <object_component_ref idref="oc-198"/>
      </symbol>
      <symbol id="sm-12d2">
         <name>osi_ExitCritical</name>
         <value>0x200092a3</value>
         <object_component_ref idref="oc-198"/>
      </symbol>
      <symbol id="sm-12d3">
         <name>osi_LockObjLock</name>
         <value>0x2000904d</value>
         <object_component_ref idref="oc-198"/>
      </symbol>
      <symbol id="sm-12d4">
         <name>VDeleteSimpleLinkSpawnTask</name>
         <value>0x20009161</value>
         <object_component_ref idref="oc-198"/>
      </symbol>
      <symbol id="sm-12d5">
         <name>osi_SyncObjClear</name>
         <value>0x20008fa7</value>
         <object_component_ref idref="oc-198"/>
      </symbol>
      <symbol id="sm-12d6">
         <name>VStartSimpleLinkSpawnTask</name>
         <value>0x20009111</value>
         <object_component_ref idref="oc-198"/>
      </symbol>
      <symbol id="sm-12d7">
         <name>osi_MsgQWrite</name>
         <value>0x200091eb</value>
         <object_component_ref idref="oc-198"/>
      </symbol>
      <symbol id="sm-12d8">
         <name>osi_Sleep</name>
         <value>0x200092b5</value>
         <object_component_ref idref="oc-198"/>
      </symbol>
      <symbol id="sm-12d9">
         <name>osi_SyncObjDelete</name>
         <value>0x20008f01</value>
         <object_component_ref idref="oc-198"/>
      </symbol>
      <symbol id="sm-12da">
         <name>osi_TaskDisable</name>
         <value>0x200092c5</value>
         <object_component_ref idref="oc-198"/>
      </symbol>
      <symbol id="sm-12db">
         <name>osi_Spawn</name>
         <value>0x200090a3</value>
         <object_component_ref idref="oc-198"/>
      </symbol>
      <symbol id="sm-12dc">
         <name>mem_Free</name>
         <value>0x20009265</value>
         <object_component_ref idref="oc-198"/>
      </symbol>
      <symbol id="sm-12dd">
         <name>osi_ContextSave</name>
         <value>0x200092d9</value>
         <object_component_ref idref="oc-198"/>
      </symbol>
      <symbol id="sm-12de">
         <name>xSimpleLinkSpawnQueue</name>
         <value>0x2001f518</value>
         <object_component_ref idref="oc-3d9"/>
      </symbol>
      <symbol id="sm-12df">
         <name>xSimpleLinkSpawnTaskHndl</name>
         <value>0x2001f51c</value>
         <object_component_ref idref="oc-3d9"/>
      </symbol>
      <symbol id="sm-1307">
         <name>vPortSetupTimerInterrupt</name>
         <value>0x2000b71d</value>
         <object_component_ref idref="oc-38"/>
      </symbol>
      <symbol id="sm-1308">
         <name>vPortEndScheduler</name>
         <value>0x2000b6bd</value>
         <object_component_ref idref="oc-38"/>
      </symbol>
      <symbol id="sm-1309">
         <name>vPortYield</name>
         <value>0x2000b6bf</value>
         <object_component_ref idref="oc-38"/>
      </symbol>
      <symbol id="sm-130a">
         <name>xPortSysTickHandler</name>
         <value>0x2000b701</value>
         <object_component_ref idref="oc-38"/>
      </symbol>
      <symbol id="sm-130b">
         <name>pxPortInitialiseStack</name>
         <value>0x2000b641</value>
         <object_component_ref idref="oc-38"/>
      </symbol>
      <symbol id="sm-130c">
         <name>vPortExitCritical</name>
         <value>0x2000b6e9</value>
         <object_component_ref idref="oc-38"/>
      </symbol>
      <symbol id="sm-130d">
         <name>xPortStartScheduler</name>
         <value>0x2000b691</value>
         <object_component_ref idref="oc-38"/>
      </symbol>
      <symbol id="sm-130e">
         <name>vPortEnterCritical</name>
         <value>0x2000b6d1</value>
         <object_component_ref idref="oc-38"/>
      </symbol>
      <symbol id="sm-131f">
         <name>portCLZ</name>
         <value>0x2000c441</value>
         <object_component_ref idref="oc-33"/>
      </symbol>
      <symbol id="sm-1320">
         <name>xPortPendSVHandler</name>
         <value>0x2000c3b5</value>
         <object_component_ref idref="oc-33"/>
      </symbol>
      <symbol id="sm-1321">
         <name>vPortClearInterruptMask</name>
         <value>0x2000c3a7</value>
         <object_component_ref idref="oc-33"/>
      </symbol>
      <symbol id="sm-1322">
         <name>ulPortSetInterruptMask</name>
         <value>0x2000c391</value>
         <object_component_ref idref="oc-33"/>
      </symbol>
      <symbol id="sm-1323">
         <name>prvPortStartFirstTask</name>
         <value>0x2000c429</value>
         <object_component_ref idref="oc-33"/>
      </symbol>
      <symbol id="sm-1324">
         <name>vPortSVCHandler</name>
         <value>0x2000c401</value>
         <object_component_ref idref="oc-33"/>
      </symbol>
      <symbol id="sm-13d8">
         <name>xQueuePeekFromISR</name>
         <value>0x20007e7d</value>
         <object_component_ref idref="oc-3d3"/>
      </symbol>
      <symbol id="sm-13d9">
         <name>xQueueIsQueueEmptyFromISR</name>
         <value>0x20008103</value>
         <object_component_ref idref="oc-3d3"/>
      </symbol>
      <symbol id="sm-13da">
         <name>xQueueGenericSendFromISR</name>
         <value>0x20007c27</value>
         <object_component_ref idref="oc-3d3"/>
      </symbol>
      <symbol id="sm-13db">
         <name>uxQueueMessagesWaiting</name>
         <value>0x20007ec1</value>
         <object_component_ref idref="oc-3d3"/>
      </symbol>
      <symbol id="sm-13dc">
         <name>vQueueAddToRegistry</name>
         <value>0x20008167</value>
         <object_component_ref idref="oc-3d3"/>
      </symbol>
      <symbol id="sm-13dd">
         <name>xQueueIsQueueFullFromISR</name>
         <value>0x20008145</value>
         <object_component_ref idref="oc-3d3"/>
      </symbol>
      <symbol id="sm-13de">
         <name>xQueueSelectFromSet</name>
         <value>0x2000826d</value>
         <object_component_ref idref="oc-3d3"/>
      </symbol>
      <symbol id="sm-13df">
         <name>xQueueGenericCreate</name>
         <value>0x2000785d</value>
         <object_component_ref idref="oc-3d3"/>
      </symbol>
      <symbol id="sm-13e0">
         <name>xQueueSelectFromSetFromISR</name>
         <value>0x20008287</value>
         <object_component_ref idref="oc-3d3"/>
      </symbol>
      <symbol id="sm-13e1">
         <name>xQueueCreateMutex</name>
         <value>0x200078d3</value>
         <object_component_ref idref="oc-3d3"/>
      </symbol>
      <symbol id="sm-13e2">
         <name>vQueueSetQueueNumber</name>
         <value>0x20007f3b</value>
         <object_component_ref idref="oc-3d3"/>
      </symbol>
      <symbol id="sm-13e3">
         <name>xQueueGenericSend</name>
         <value>0x20007971</value>
         <object_component_ref idref="oc-3d3"/>
      </symbol>
      <symbol id="sm-13e4">
         <name>xQueueGenericReset</name>
         <value>0x200077cd</value>
         <object_component_ref idref="oc-3d3"/>
      </symbol>
      <symbol id="sm-13e5">
         <name>xQueueReceiveFromISR</name>
         <value>0x20007e05</value>
         <object_component_ref idref="oc-3d3"/>
      </symbol>
      <symbol id="sm-13e6">
         <name>uxQueueSpacesAvailable</name>
         <value>0x20007ed7</value>
         <object_component_ref idref="oc-3d3"/>
      </symbol>
      <symbol id="sm-13e7">
         <name>xQueueRegistry</name>
         <value>0x2001f290</value>
         <object_component_ref idref="oc-550"/>
      </symbol>
      <symbol id="sm-13e8">
         <name>vQueueUnregisterQueue</name>
         <value>0x200081a9</value>
         <object_component_ref idref="oc-3d3"/>
      </symbol>
      <symbol id="sm-13e9">
         <name>xQueueAltGenericReceive</name>
         <value>0x20007b29</value>
         <object_component_ref idref="oc-3d3"/>
      </symbol>
      <symbol id="sm-13ea">
         <name>uxQueueMessagesWaitingFromISR</name>
         <value>0x20007ef7</value>
         <object_component_ref idref="oc-3d3"/>
      </symbol>
      <symbol id="sm-13eb">
         <name>uxQueueGetQueueNumber</name>
         <value>0x20007f2d</value>
         <object_component_ref idref="oc-3d3"/>
      </symbol>
      <symbol id="sm-13ec">
         <name>xQueueGenericReceive</name>
         <value>0x20007cc3</value>
         <object_component_ref idref="oc-3d3"/>
      </symbol>
      <symbol id="sm-13ed">
         <name>xQueueCreateCountingSemaphore</name>
         <value>0x20007951</value>
         <object_component_ref idref="oc-3d3"/>
      </symbol>
      <symbol id="sm-13ee">
         <name>vQueueDelete</name>
         <value>0x20007f09</value>
         <object_component_ref idref="oc-3d3"/>
      </symbol>
      <symbol id="sm-13ef">
         <name>xQueueAddToSet</name>
         <value>0x200081f7</value>
         <object_component_ref idref="oc-3d3"/>
      </symbol>
      <symbol id="sm-13f0">
         <name>xQueueAltGenericSend</name>
         <value>0x20007a7d</value>
         <object_component_ref idref="oc-3d3"/>
      </symbol>
      <symbol id="sm-13f1">
         <name>xQueueCreateSet</name>
         <value>0x200081e3</value>
         <object_component_ref idref="oc-3d3"/>
      </symbol>
      <symbol id="sm-13f2">
         <name>xQueueRemoveFromSet</name>
         <value>0x2000822b</value>
         <object_component_ref idref="oc-3d3"/>
      </symbol>
      <symbol id="sm-13f3">
         <name>ucQueueGetQueueType</name>
         <value>0x20007f4d</value>
         <object_component_ref idref="oc-3d3"/>
      </symbol>
      <symbol id="sm-1563">
         <name>vTaskDelay</name>
         <value>0x2000463b</value>
         <object_component_ref idref="oc-87"/>
      </symbol>
      <symbol id="sm-1564">
         <name>vTaskSuspendAll</name>
         <value>0x20004a9f</value>
         <object_component_ref idref="oc-87"/>
      </symbol>
      <symbol id="sm-1565">
         <name>vTaskPriorityInherit</name>
         <value>0x200054dd</value>
         <object_component_ref idref="oc-87"/>
      </symbol>
      <symbol id="sm-1566">
         <name>vTaskPlaceOnEventList</name>
         <value>0x20004e51</value>
         <object_component_ref idref="oc-87"/>
      </symbol>
      <symbol id="sm-1567">
         <name>vTaskSetTaskNumber</name>
         <value>0x200050e9</value>
         <object_component_ref idref="oc-87"/>
      </symbol>
      <symbol id="sm-1568">
         <name>xTaskCheckForTimeOut</name>
         <value>0x20005041</value>
         <object_component_ref idref="oc-87"/>
      </symbol>
      <symbol id="sm-1569">
         <name>xTaskRemoveFromUnorderedEventList</name>
         <value>0x20004fad</value>
         <object_component_ref idref="oc-87"/>
      </symbol>
      <symbol id="sm-156a">
         <name>vTaskPrioritySet</name>
         <value>0x2000475d</value>
         <object_component_ref idref="oc-87"/>
      </symbol>
      <symbol id="sm-156b">
         <name>vTaskStartScheduler</name>
         <value>0x20004a43</value>
         <object_component_ref idref="oc-87"/>
      </symbol>
      <symbol id="sm-156c">
         <name>pcTaskGetTaskName</name>
         <value>0x20004bb5</value>
         <object_component_ref idref="oc-87"/>
      </symbol>
      <symbol id="sm-156d">
         <name>vTaskPriorityDisinherit</name>
         <value>0x20005597</value>
         <object_component_ref idref="oc-87"/>
      </symbol>
      <symbol id="sm-156e">
         <name>vTaskDelayUntil</name>
         <value>0x2000459f</value>
         <object_component_ref idref="oc-87"/>
      </symbol>
      <symbol id="sm-156f">
         <name>uxTaskGetTaskNumber</name>
         <value>0x200050c9</value>
         <object_component_ref idref="oc-87"/>
      </symbol>
      <symbol id="sm-1570">
         <name>vTaskEndScheduler</name>
         <value>0x20004a8d</value>
         <object_component_ref idref="oc-87"/>
      </symbol>
      <symbol id="sm-1571">
         <name>vTaskMissedYield</name>
         <value>0x200050bb</value>
         <object_component_ref idref="oc-87"/>
      </symbol>
      <symbol id="sm-1572">
         <name>uxTaskGetNumberOfTasks</name>
         <value>0x20004ba9</value>
         <object_component_ref idref="oc-87"/>
      </symbol>
      <symbol id="sm-1573">
         <name>uxTaskPriorityGet</name>
         <value>0x20004725</value>
         <object_component_ref idref="oc-87"/>
      </symbol>
      <symbol id="sm-1574">
         <name>xTaskResumeAll</name>
         <value>0x20004ab1</value>
         <object_component_ref idref="oc-87"/>
      </symbol>
      <symbol id="sm-1575">
         <name>xTaskGetTickCount</name>
         <value>0x20004b7d</value>
         <object_component_ref idref="oc-87"/>
      </symbol>
      <symbol id="sm-1576">
         <name>xTaskGenericCreate</name>
         <value>0x20004401</value>
         <object_component_ref idref="oc-87"/>
      </symbol>
      <symbol id="sm-1577">
         <name>uxTaskGetSystemState</name>
         <value>0x20004bd9</value>
         <object_component_ref idref="oc-87"/>
      </symbol>
      <symbol id="sm-1578">
         <name>vTaskDelete</name>
         <value>0x2000450f</value>
         <object_component_ref idref="oc-87"/>
      </symbol>
      <symbol id="sm-1579">
         <name>pxCurrentTCB</name>
         <value>0x2001f4c0</value>
         <object_component_ref idref="oc-8d"/>
      </symbol>
      <symbol id="sm-157a">
         <name>eTaskGetState</name>
         <value>0x20004691</value>
         <object_component_ref idref="oc-87"/>
      </symbol>
      <symbol id="sm-157b">
         <name>vTaskSuspend</name>
         <value>0x20004861</value>
         <object_component_ref idref="oc-87"/>
      </symbol>
      <symbol id="sm-157c">
         <name>xTaskGetIdleTaskHandle</name>
         <value>0x20004c97</value>
         <object_component_ref idref="oc-87"/>
      </symbol>
      <symbol id="sm-157d">
         <name>xTaskGetTickCountFromISR</name>
         <value>0x20004b91</value>
         <object_component_ref idref="oc-87"/>
      </symbol>
      <symbol id="sm-157e">
         <name>vTaskResume</name>
         <value>0x20004955</value>
         <object_component_ref idref="oc-87"/>
      </symbol>
      <symbol id="sm-157f">
         <name>vTaskSetTimeOutState</name>
         <value>0x2000501b</value>
         <object_component_ref idref="oc-87"/>
      </symbol>
      <symbol id="sm-1580">
         <name>xTaskIncrementTick</name>
         <value>0x20004cb5</value>
         <object_component_ref idref="oc-87"/>
      </symbol>
      <symbol id="sm-1581">
         <name>vTaskSwitchContext</name>
         <value>0x20004dd1</value>
         <object_component_ref idref="oc-87"/>
      </symbol>
      <symbol id="sm-1582">
         <name>uxTaskResetEventItemValue</name>
         <value>0x20005621</value>
         <object_component_ref idref="oc-87"/>
      </symbol>
      <symbol id="sm-1583">
         <name>xTaskGetSchedulerState</name>
         <value>0x200054a5</value>
         <object_component_ref idref="oc-87"/>
      </symbol>
      <symbol id="sm-1584">
         <name>xTaskResumeFromISR</name>
         <value>0x200049c9</value>
         <object_component_ref idref="oc-87"/>
      </symbol>
      <symbol id="sm-1585">
         <name>xTaskGetCurrentTaskHandle</name>
         <value>0x20005491</value>
         <object_component_ref idref="oc-87"/>
      </symbol>
      <symbol id="sm-1586">
         <name>vTaskPlaceOnUnorderedEventList</name>
         <value>0x20004eb5</value>
         <object_component_ref idref="oc-87"/>
      </symbol>
      <symbol id="sm-1587">
         <name>xTaskRemoveFromEventList</name>
         <value>0x20004f25</value>
         <object_component_ref idref="oc-87"/>
      </symbol>
      <symbol id="sm-1597">
         <name>pvPortMalloc</name>
         <value>0x2000e419</value>
         <object_component_ref idref="oc-f8"/>
      </symbol>
      <symbol id="sm-1598">
         <name>vPortFree</name>
         <value>0x2000e439</value>
         <object_component_ref idref="oc-f8"/>
      </symbol>
      <symbol id="sm-15ae">
         <name>uxListRemove</name>
         <value>0x2000b4cf</value>
         <object_component_ref idref="oc-e2"/>
      </symbol>
      <symbol id="sm-15af">
         <name>vListInsert</name>
         <value>0x2000b469</value>
         <object_component_ref idref="oc-e2"/>
      </symbol>
      <symbol id="sm-15b0">
         <name>vListInitialiseItem</name>
         <value>0x2000b41d</value>
         <object_component_ref idref="oc-e2"/>
      </symbol>
      <symbol id="sm-15b1">
         <name>vListInsertEnd</name>
         <value>0x2000b42d</value>
         <object_component_ref idref="oc-e2"/>
      </symbol>
      <symbol id="sm-15b2">
         <name>vListInitialise</name>
         <value>0x2000b3ed</value>
         <object_component_ref idref="oc-e2"/>
      </symbol>
      <symbol id="sm-15b7">
         <name>__TI_static_base__</name>
         <value>0x2000f5a8</value>
      </symbol>
      <symbol id="sm-15ba">
         <name>SHT$$INIT_ARRAY$$Limit</name>
         <value>0x0</value>
      </symbol>
      <symbol id="sm-15bb">
         <name>SHT$$INIT_ARRAY$$Base</name>
         <value>0x0</value>
      </symbol>
   </symbol_table>
   <title>Link successful</title>
</link_info>
