******************************************************************************
                  TI ARM Linker PC v5.2.2                      
******************************************************************************
>> Linked Fri Jun 19 18:55:24 2015

OUTPUT FILE NAME:   <crc.out>
ENTRY POINT SYMBOL: "_c_int00"  address: 20007525


MEMORY CONFIGURATION

         name            origin    length      used     unused   attr    fill
----------------------  --------  ---------  --------  --------  ----  --------
  SRAM_CODE             20004000   00013000  00003d76  0000f28a  RW X
  SRAM_DATA             20017000   00019000  000099d4  0000f62c  RW X


SEGMENT ALLOCATION MAP

run origin  load origin   length   init length attrs members
----------  ----------- ---------- ----------- ----- -------
20004000    20004000    00003d78   00003d78    r-x
  20004000    20004000    00000400   00000400    r-- .intvecs
  20004400    20004400    00003582   00003582    r-x .text
  20007984    20007984    0000032c   0000032c    r-- .const
  20007cb0    20007cb0    000000c8   000000c8    r-- .cinit
20017000    20017000    000089d8   00000000    rw-
  20017000    20017000    00008000   00000000    rw- .sysmem
  2001f000    2001f000    00000824   00000000    rw- .bss
  2001f828    2001f828    000001b0   00000000    rw- .data
2002f000    2002f000    00001000   00000000    rw-
  2002f000    2002f000    00001000   00000000    rw- .stack


SECTION ALLOCATION MAP

 output                                  attributes/
section   page    origin      length       input sections
--------  ----  ----------  ----------   ----------------
.intvecs   0    20004000    00000400     
                  20004000    00000400     startup_ccs.obj (.intvecs)

.init_array 
*          0    20004000    00000000     UNINITIALIZED

.text      0    20004400    00003582     
                  20004400    000010a6     rtsv7M4_T_le_eabi.lib : _printfi.obj (.text)
                  200054a6    00000002     --HOLE-- [fill = 0]
                  200054a8    00000544     crc_userinput.obj (.text)
                  200059ec    000003dc     rtsv7M4_T_le_eabi.lib : memory.obj (.text)
                  20005dc8    00000280     uart_if.obj (.text)
                  20006048    00000258     main.obj (.text)
                  200062a0    000001f4     rtsv7M4_T_le_eabi.lib : ull_div_t2.obj (.text)
                  20006494    000001b6                           : fd_add_t2.obj (.text)
                  2000664a    00000136                           : fd_div_t2.obj (.text)
                  20006780    00000134     driverlib.a : prcm.obj (.text:PRCMCC3200MCUInit)
                  200068b4    00000110     rtsv7M4_T_le_eabi.lib : xdscale.obj (.text)
                  200069c4    000000fc                           : fd_mul_t2.obj (.text)
                  20006ac0    000000be                           : xdnorm.obj (.text)
                  20006b7e    00000002     --HOLE-- [fill = 0]
                  20006b80    000000a8     driverlib.a : interrupt.obj (.text:IntEnable)
                  20006c28    0000009c     rtsv7M4_T_le_eabi.lib : memcpy_t2.obj (.text)
                  20006cc4    00000094     driverlib.a : prcm.obj (.text:PRCMPeripheralClockGet)
                  20006d58    00000088                 : pin.obj (.text:PinConfigSet)
                  20006de0    00000088     rtsv7M4_T_le_eabi.lib : vsnprintf.obj (.text)
                  20006e68    00000086                           : fd_cmp_t2.obj (.text:__aeabi_cdcmple)
                  20006eee    00000086                           : fd_cmp_t2.obj (.text:__aeabi_cdrcmple)
                  20006f74    0000007a                           : memset_t2.obj (.text)
                  20006fee    00000076     driverlib.a : uart.obj (.text:UARTConfigSetExpClk)
                  20007064    0000006c                 : crc.obj (.text:CRCDataProcess)
                  200070d0    0000006c     rtsv7M4_T_le_eabi.lib : autoinit.obj (.text)
                  2000713c    0000006a                           : copy_decompress_rle.obj (.text)
                  200071a6    00000066                           : xdunscal.obj (.text)
                  2000720c    00000058     driverlib.a : prcm.obj (.text:PRCMPeripheralReset)
                  20007264    00000056     rtsv7M4_T_le_eabi.lib : ltoa.obj (.text)
                  200072ba    00000002     --HOLE-- [fill = 0]
                  200072bc    0000004c                           : atoi.obj (.text)
                  20007308    0000004c                           : cpy_tbl.obj (.text)
                  20007354    00000048                           : fd_toi_t2.obj (.text)
                  2000739c    00000046                           : ldexp.obj (.text)
                  200073e2    00000002     --HOLE-- [fill = 0]
                  200073e4    00000044                           : exit.obj (.text)
                  20007428    00000040     driverlib.a : pin.obj (.text:PinModeSet)
                  20007468    00000040     rtsv7M4_T_le_eabi.lib : signal.obj (.text)
                  200074a8    00000040                           : strtok.obj (.text)
                  200074e8    0000003c     driverlib.a : prcm.obj (.text:PRCMPeripheralClkEnable)
                  20007524    0000003c     rtsv7M4_T_le_eabi.lib : boot.obj (.text)
                  20007560    00000034                           : feraiseexcept.obj (.text)
                  20007594    00000030     driverlib.a : uart.obj (.text:UARTDisable)
                  200075c4    00000030     rtsv7M4_T_le_eabi.lib : xferaise.obj (.text)
                  200075f4    0000002e                           : i_tofd_t2.obj (.text)
                  20007622    0000002e                           : raise.obj (.text)
                  20007650    0000002c     driverlib.a : prcm.obj (.text:PRCMSysResetCauseGet)
                  2000767c    0000002a     rtsv7M4_T_le_eabi.lib : strspn.obj (.text)
                  200076a6    0000002a                           : xdclass.obj (.text)
                  200076d0    00000028     driverlib.a : prcm.obj (.text:PRCMPeripheralClkDisable)
                  200076f8    00000024                 : uart.obj (.text:UARTEnable)
                  2000771c    00000024     rtsv7M4_T_le_eabi.lib : memmov.obj (.text)
                  20007740    00000024                           : strcspn.obj (.text)
                  20007764    00000022                           : frexp.obj (.text)
                  20007786    0000001e     driverlib.a : uart.obj (.text:UARTCharPut)
                  200077a4    0000001c                 : uart.obj (.text:UARTCharGetNonBlocking)
                  200077c0    0000001c     pinmux.obj (.text)
                  200077dc    0000001c     rtsv7M4_T_le_eabi.lib : memccpy.obj (.text)
                  200077f8    0000001a     driverlib.a : pin.obj (.text:PinTypeUART)
                  20007812    00000018                 : uart.obj (.text:UARTCharsAvail)
                  2000782a    00000002     --HOLE-- [fill = 0]
                  2000782c    00000018     rtsv7M4_T_le_eabi.lib : args_main.obj (.text)
                  20007844    00000018                           : strcmp.obj (.text)
                  2000785c    00000016     driverlib.a : prcm.obj (.text:PRCMHIBRegRead)
                  20007872    00000016                 : prcm.obj (.text:PRCMHIBRegWrite)
                  20007888    00000016                 : uart.obj (.text:UARTCharGet)
                  2000789e    00000016     rtsv7M4_T_le_eabi.lib : strchr.obj (.text)
                  200078b4    00000014     driverlib.a : cpu.obj (.text:CPUcpsie)
                  200078c8    00000014                 : crc.obj (.text:CRCConfigSet)
                  200078dc    00000014                 : crc.obj (.text:CRCResultRead)
                  200078f0    00000014                 : crc.obj (.text:CRCSeedSet)
                  20007904    00000014                 : interrupt.obj (.text:IntVTableBaseSet)
                  20007918    00000014     rtsv7M4_T_le_eabi.lib : _lock.obj (.text)
                  2000792c    00000014                           : strlen.obj (.text)
                  20007940    0000000e                           : copy_decompress_none.obj (.text:decompress:none)
                  2000794e    0000000e     startup_ccs.obj (.text)
                  2000795c    0000000c     rtsv7M4_T_le_eabi.lib : copy_zero_init.obj (.text:decompress:ZI)
                  20007968    0000000a     driverlib.a : interrupt.obj (.text:IntMasterEnable)
                  20007972    00000006                 : utils.obj (.text:UtilsDelay)
                  20007978    00000006     rtsv7M4_T_le_eabi.lib : copy_decompress_rle.obj (.text:decompress:rle24)
                  2000797e    00000004                           : pre_init.obj (.text)

.const     0    20007984    0000032c     
                  20007984    00000101     rtsv7M4_T_le_eabi.lib : ctype.obj (.const:.string:_ctypes_)
                  20007a85    00000003     --HOLE-- [fill = 0]
                  20007a88    00000100     driverlib.a : pin.obj (.const:g_ulPinToPadMap)
                  20007b88    000000a8                 : prcm.obj (.const:PRCM_PeriphRegsList)
                  20007c30    00000080                 : interrupt.obj (.const)

.cinit     0    20007cb0    000000c8     
                  20007cb0    0000009e     (.cinit..data.load) [load image, compression = rle]
                  20007d4e    00000002     --HOLE-- [fill = 0]
                  20007d50    0000000c     (__TI_handler_table)
                  20007d5c    00000004     --HOLE-- [fill = 0]
                  20007d60    00000008     (.cinit..bss.load) [load image, compression = zero_init]
                  20007d68    00000010     (__TI_cinit_table)

.sysmem    0    20017000    00008000     UNINITIALIZED
                  20017000    00000008     rtsv7M4_T_le_eabi.lib : memory.obj (.sysmem)
                  20017008    00007ff8     --HOLE--

.bss       0    2001f000    00000824     UNINITIALIZED
                  2001f000    00000820     crc_userinput.obj (.bss:puiPlainMsg)
                  2001f820    00000004     (.common:__Errorlog)

.TI.noinit 
*          0    2001f000    00000000     UNINITIALIZED

.data      0    2001f828    000001b0     UNINITIALIZED
                  2001f828    000000b0     rtsv7M4_T_le_eabi.lib : signal.obj (.data:sigtable)
                  2001f8d8    00000080                           : xvalues.obj (.data)
                  2001f958    00000040     main.obj (.data:g_pui32RandomData)
                  2001f998    00000010     main.obj (.data)
                  2001f9a8    0000000c     rtsv7M4_T_le_eabi.lib : memory.obj (.data)
                  2001f9b4    00000008                           : _lock.obj (.data)
                  2001f9bc    00000008                           : exit.obj (.data)
                  2001f9c4    00000008                           : feraiseexcept.obj (.data)
                  2001f9cc    00000004                           : errno.obj (.data)
                  2001f9d0    00000004                           : stkdepth_vars.obj (.data)
                  2001f9d4    00000004                           : strtok.obj (.data)

.TI.persistent 
*          0    2001f828    00000000     UNINITIALIZED

.stack     0    2002f000    00001000     UNINITIALIZED
                  2002f000    00001000     --HOLE--


LINKER GENERATED COPY TABLES

__TI_cinit_table @ 20007d68 records: 2, size/record: 8, table size: 16
	.data: load addr=20007cb0, load size=0000009e bytes, run addr=2001f828, run size=000001b0 bytes, compression=rle
	.bss: load addr=20007d60, load size=00000008 bytes, run addr=2001f000, run size=00000824 bytes, compression=zero_init


LINKER GENERATED HANDLER TABLE

__TI_handler_table @ 20007d50 records: 3, size/record: 4, table size: 12
	index: 0, handler: __TI_decompress_rle24
	index: 1, handler: __TI_decompress_none
	index: 2, handler: __TI_zero_init


GLOBAL SYMBOLS: SORTED ALPHABETICALLY BY Name 

address   name                    
-------   ----                    
200073e5  C$$EXIT                 
200078b5  CPUcpsie                
200078c9  CRCConfigSet            
20007065  CRCDataProcess          
200054a9  CRCParser               
200078dd  CRCResultRead           
200078f1  CRCSeedSet              
20005e09  ClearTerm               
20005e13  Error                   
20005e4b  GetCmd                  
200056e1  GetMsg                  
20005dc9  InitTerm                
20006b81  IntEnable               
20007969  IntMasterEnable         
20007905  IntVTableBaseSet        
2000607b  LoadDefaultValues       
20005de7  Message                 
20006781  PRCMCC3200MCUInit       
2000785d  PRCMHIBRegRead          
20007873  PRCMHIBRegWrite         
200076d1  PRCMPeripheralClkDisable
200074e9  PRCMPeripheralClkEnable 
20006cc5  PRCMPeripheralClockGet  
2000720d  PRCMPeripheralReset     
20007651  PRCMSysResetCauseGet    
20006d59  PinConfigSet            
20007429  PinModeSet              
200077c1  PinMuxConfig            
200077f9  PinTypeUART             
20005681  ReadFromUser            
20005f89  Report                  
2000794f  ResetISR                
20006049  RunCRC                  
UNDEFED   SHT$$INIT_ARRAY$$Base   
UNDEFED   SHT$$INIT_ARRAY$$Limit  
20005ef1  TrimSpace               
20007889  UARTCharGet             
200077a5  UARTCharGetNonBlocking  
20007787  UARTCharPut             
20007813  UARTCharsAvail          
20006fef  UARTConfigSetExpClk     
20007595  UARTDisable             
200076f9  UARTEnable              
20005641  UsageDisplay            
20007973  UtilsDelay              
200076a7  _Dclass                 
2001f8d8  _Denorm                 
20006ac1  _Dnorm                  
200068b5  _Dscale                 
200071a7  _Dunscale               
2001f8e8  _Eps                    
2001f9cc  _Errno                  
2001f9c4  _Fenv                   
200075c5  _Feraise                
2001f8f8  _Hugeval                
2001f908  _Inf                    
2001f918  _Nan                    
2001f938  _Rteps                  
2001f928  _Snan                   
2001f9c8  _Tls_setup__Fenv        
2001f948  _Xbig                   
2001f950  _Zero                   
20030000  __STACK_END             
00001000  __STACK_SIZE            
00008000  __SYSMEM_SIZE           
20007d68  __TI_CINIT_Base         
20007d78  __TI_CINIT_Limit        
20007d50  __TI_Handler_Table_Base 
20007d5c  __TI_Handler_Table_Limit
200070d1  __TI_auto_init          
2001f9bc  __TI_cleanup_ptr        
20007941  __TI_decompress_none    
20007979  __TI_decompress_rle24   
2001f9c0  __TI_dtors_ptr          
200051a1  __TI_printfi            
20007cb0  __TI_static_base__      
2000795d  __TI_zero_init          
20006e69  __aeabi_cdcmpeq         
20006e69  __aeabi_cdcmple         
20006eef  __aeabi_cdrcmple        
20007355  __aeabi_d2iz            
2000649f  __aeabi_dadd            
2000664b  __aeabi_ddiv            
200069c5  __aeabi_dmul            
20006495  __aeabi_dsub            
200075f5  __aeabi_i2d             
20006f75  __aeabi_memclr          
20006f75  __aeabi_memclr4         
20006f75  __aeabi_memclr8         
20006c29  __aeabi_memcpy          
20006c29  __aeabi_memcpy4         
20006c29  __aeabi_memcpy8         
20006f77  __aeabi_memset          
20006f77  __aeabi_memset4         
20006f77  __aeabi_memset8         
200062a1  __aeabi_uldivmod        
ffffffff  __binit__               
ffffffff  __c_args__              
2002f000  __stack                 
2000782d  _args_main              
20007525  _c_int00                
20007984  _ctypes_                
2001f9b4  _lock                   
20007927  _nop                    
2000791f  _register_lock          
20007919  _register_unlock        
20017000  _sys_memory             
2000797f  _system_pre_init        
2001f9b8  _unlock                 
200073e9  abort                   
200072bd  atoi                    
ffffffff  binit                   
20005d95  calloc                  
20007309  copy_in                 
200073f1  exit                    
20007561  feraiseexcept           
20005ae3  free                    
20007765  frexp                   
20004000  g_pfnVectors            
2001f998  g_psCRC8005TestVectors  
2001f958  g_pui32RandomData       
2000739d  ldexp                   
20007265  ltoa                    
2000611f  main                    
2001f9d0  main_func_sp            
20005a7b  malloc                  
20005cb1  memalign                
200077dd  memccpy                 
20006c29  memcpy                  
2000771d  memmove                 
20006f7d  memset                  
200059ed  minit                   
2001f000  puiPlainMsg             
20007623  raise                   
20005ba5  realloc                 
20007469  signal                  
2000789f  strchr                  
20007845  strcmp                  
20007741  strcspn                 
2000792d  strlen                  
2000767d  strspn                  
200074a9  strtok                  
20006de1  vsnprintf               


GLOBAL SYMBOLS: SORTED BY Symbol Address 

address   name                    
-------   ----                    
00001000  __STACK_SIZE            
00008000  __SYSMEM_SIZE           
20004000  g_pfnVectors            
200051a1  __TI_printfi            
200054a9  CRCParser               
20005641  UsageDisplay            
20005681  ReadFromUser            
200056e1  GetMsg                  
200059ed  minit                   
20005a7b  malloc                  
20005ae3  free                    
20005ba5  realloc                 
20005cb1  memalign                
20005d95  calloc                  
20005dc9  InitTerm                
20005de7  Message                 
20005e09  ClearTerm               
20005e13  Error                   
20005e4b  GetCmd                  
20005ef1  TrimSpace               
20005f89  Report                  
20006049  RunCRC                  
2000607b  LoadDefaultValues       
2000611f  main                    
200062a1  __aeabi_uldivmod        
20006495  __aeabi_dsub            
2000649f  __aeabi_dadd            
2000664b  __aeabi_ddiv            
20006781  PRCMCC3200MCUInit       
200068b5  _Dscale                 
200069c5  __aeabi_dmul            
20006ac1  _Dnorm                  
20006b81  IntEnable               
20006c29  __aeabi_memcpy          
20006c29  __aeabi_memcpy4         
20006c29  __aeabi_memcpy8         
20006c29  memcpy                  
20006cc5  PRCMPeripheralClockGet  
20006d59  PinConfigSet            
20006de1  vsnprintf               
20006e69  __aeabi_cdcmpeq         
20006e69  __aeabi_cdcmple         
20006eef  __aeabi_cdrcmple        
20006f75  __aeabi_memclr          
20006f75  __aeabi_memclr4         
20006f75  __aeabi_memclr8         
20006f77  __aeabi_memset          
20006f77  __aeabi_memset4         
20006f77  __aeabi_memset8         
20006f7d  memset                  
20006fef  UARTConfigSetExpClk     
20007065  CRCDataProcess          
200070d1  __TI_auto_init          
200071a7  _Dunscale               
2000720d  PRCMPeripheralReset     
20007265  ltoa                    
200072bd  atoi                    
20007309  copy_in                 
20007355  __aeabi_d2iz            
2000739d  ldexp                   
200073e5  C$$EXIT                 
200073e9  abort                   
200073f1  exit                    
20007429  PinModeSet              
20007469  signal                  
200074a9  strtok                  
200074e9  PRCMPeripheralClkEnable 
20007525  _c_int00                
20007561  feraiseexcept           
20007595  UARTDisable             
200075c5  _Feraise                
200075f5  __aeabi_i2d             
20007623  raise                   
20007651  PRCMSysResetCauseGet    
2000767d  strspn                  
200076a7  _Dclass                 
200076d1  PRCMPeripheralClkDisable
200076f9  UARTEnable              
2000771d  memmove                 
20007741  strcspn                 
20007765  frexp                   
20007787  UARTCharPut             
200077a5  UARTCharGetNonBlocking  
200077c1  PinMuxConfig            
200077dd  memccpy                 
200077f9  PinTypeUART             
20007813  UARTCharsAvail          
2000782d  _args_main              
20007845  strcmp                  
2000785d  PRCMHIBRegRead          
20007873  PRCMHIBRegWrite         
20007889  UARTCharGet             
2000789f  strchr                  
200078b5  CPUcpsie                
200078c9  CRCConfigSet            
200078dd  CRCResultRead           
200078f1  CRCSeedSet              
20007905  IntVTableBaseSet        
20007919  _register_unlock        
2000791f  _register_lock          
20007927  _nop                    
2000792d  strlen                  
20007941  __TI_decompress_none    
2000794f  ResetISR                
2000795d  __TI_zero_init          
20007969  IntMasterEnable         
20007973  UtilsDelay              
20007979  __TI_decompress_rle24   
2000797f  _system_pre_init        
20007984  _ctypes_                
20007cb0  __TI_static_base__      
20007d50  __TI_Handler_Table_Base 
20007d5c  __TI_Handler_Table_Limit
20007d68  __TI_CINIT_Base         
20007d78  __TI_CINIT_Limit        
20017000  _sys_memory             
2001f000  puiPlainMsg             
2001f8d8  _Denorm                 
2001f8e8  _Eps                    
2001f8f8  _Hugeval                
2001f908  _Inf                    
2001f918  _Nan                    
2001f928  _Snan                   
2001f938  _Rteps                  
2001f948  _Xbig                   
2001f950  _Zero                   
2001f958  g_pui32RandomData       
2001f998  g_psCRC8005TestVectors  
2001f9b4  _lock                   
2001f9b8  _unlock                 
2001f9bc  __TI_cleanup_ptr        
2001f9c0  __TI_dtors_ptr          
2001f9c4  _Fenv                   
2001f9c8  _Tls_setup__Fenv        
2001f9cc  _Errno                  
2001f9d0  main_func_sp            
2002f000  __stack                 
20030000  __STACK_END             
ffffffff  __binit__               
ffffffff  __c_args__              
ffffffff  binit                   
UNDEFED   SHT$$INIT_ARRAY$$Base   
UNDEFED   SHT$$INIT_ARRAY$$Limit  

[143 symbols]
