******************************************************************************
                  TI ARM Linker PC v5.2.2                      
******************************************************************************
>> Linked Fri Jun 19 18:58:00 2015

OUTPUT FILE NAME:   <provisioning_wps.out>
ENTRY POINT SYMBOL: "_c_int00"  address: 20008335


MEMORY CONFIGURATION

         name            origin    length      used     unused   attr    fill
----------------------  --------  ---------  --------  --------  ----  --------
  SRAM_CODE             20004000   00013000  00005002  0000dffe  RW X
  SRAM_DATA             20017000   00019000  00000a65  0001859b  RW X


SEGMENT ALLOCATION MAP

run origin  load origin   length   init length attrs members
----------  ----------- ---------- ----------- ----- -------
20004000    20004000    00005008   00005008    r-x
  20004000    20004000    00000400   00000400    r-- .intvecs
  20004400    20004400    0000465a   0000465a    r-x .text
  20008a5c    20008a5c    00000558   00000558    r-- .const
  20008fb8    20008fb8    00000050   00000050    r-- .cinit
20017000    20017000    00000268   00000000    rw-
  20017000    20017000    00000211   00000000    rw- .bss
  20017214    20017214    00000054   00000000    rw- .data
2002f800    2002f800    00000800   00000000    rw-
  2002f800    2002f800    00000800   00000000    rw- .stack


SECTION ALLOCATION MAP

 output                                  attributes/
section   page    origin      length       input sections
--------  ----  ----------  ----------   ----------------
.intvecs   0    20004000    00000400     
                  20004000    00000400     startup_ccs.obj (.intvecs)

.init_array 
*          0    20004000    00000000     UNINITIALIZED

.text      0    20004400    0000465a     
                  20004400    000005ec     simplelink.a : driver.obj (.text:_SlDrvMsgRead)
                  200049ec    000004e4     main.obj (.text)
                  20004ed0    0000039c     gpio_if.obj (.text)
                  2000526c    00000248     simplelink.a : driver.obj (.text:_SlDrvRxHdrRead)
                  200054b4    00000244                  : wlan.obj (.text:sl_WlanConnect)
                  200056f8    000001d0                  : driver.obj (.text:_SlDrvReleasePoolObj)
                  200058c8    000001cc                  : driver.obj (.text:_SlDrvMsgWrite)
                  20005a94    00000190                  : driver.obj (.text:_SlDrvWaitForPoolObj)
                  20005c24    00000188                  : driver.obj (.text:_SlDrvDriverCBInit)
                  20005dac    00000170                  : driver.obj (.text:_SlFindAndSetActiveObj)
                  20005f1c    00000144                  : cc_pal.obj (.text:spi_Open)
                  20006060    00000134     driverlib.a : prcm.obj (.text:PRCMCC3200MCUInit)
                  20006194    00000100     simplelink.a : driver.obj (.text:_SlDrvDriverCBDeinit)
                  20006294    000000fe                  : netapp.obj (.text:_SlDrvNetAppEventHandler)
                  20006392    00000002     driverlib.a : interrupt.obj (.text:IntDefaultHandler)
                  20006394    000000f0     simplelink.a : cc_pal.obj (.text:spi_Read)
                  20006484    000000f0     driverlib.a : udma.obj (.text:uDMAChannelTransferSet)
                  20006574    000000d8     simplelink.a : driver.obj (.text:_SlDrvClassifyRxMsg)
                  2000664c    000000d4                  : device.obj (.text:sl_Stop)
                  20006720    000000c8                  : netapp.obj (.text:_sl_HandleAsync_DnsGetHostByService)
                  200067e8    000000c0                  : driver.obj (.text:_SlDrvMsgReadCmdCtx)
                  200068a8    000000c0                  : driver.obj (.text:_SlRemoveFromList)
                  20006968    000000bc                  : device.obj (.text:sl_Start)
                  20006a24    000000b8                  : driver.obj (.text:_SlAsyncEventGenericHandler)
                  20006adc    000000b4                  : netapp.obj (.text:sl_NetAppMDNSRegisterUnregisterService)
                  20006b90    000000a8     driverlib.a : interrupt.obj (.text:IntDisable)
                  20006c38    000000a8                 : interrupt.obj (.text:IntEnable)
                  20006ce0    000000a0                 : spi.obj (.text:SPIConfigSetExpClk)
                  20006d80    0000009c     simplelink.a : driver.obj (.text:_SlDrvMsgReadSpawnCtx)
                  20006e1c    0000009c     rtsv7M4_T_le_eabi.lib : memcpy_t2.obj (.text)
                  20006eb8    0000009c     simplelink.a : device.obj (.text:sl_DevGet)
                  20006f54    00000098                  : cc_pal.obj (.text:spi_Write)
                  20006fec    00000094     driverlib.a : prcm.obj (.text:PRCMPeripheralClockGet)
                  20007080    0000008c     simplelink.a : cc_pal.obj (.text:SetupDMAReceive)
                  2000710c    0000008c                  : cc_pal.obj (.text:SetupDMASend)
                  20007198    0000008c                  : netapp.obj (.text:_sl_HandleAsync_DnsGetHostByName)
                  20007224    0000008c                  : netapp.obj (.text:_sl_HandleAsync_PingResponse)
                  200072b0    00000088     driverlib.a : pin.obj (.text:PinConfigSet)
                  20007338    00000084     simplelink.a : cc_pal.obj (.text:NwpPowerOnPreamble)
                  200073bc    00000082     driverlib.a : gpio.obj (.text:GPIOIntTypeSet)
                  2000743e    00000002     --HOLE-- [fill = 0]
                  20007440    00000080     simplelink.a : driver.obj (.text:_SlDrvCmdOp)
                  200074c0    00000080                  : cc_pal.obj (.text:spi_Read_CPU)
                  20007540    00000080                  : cc_pal.obj (.text:spi_Write_CPU)
                  200075c0    0000007c                  : device.obj (.text:_sl_HandleAsync_InitComplete)
                  2000763c    0000007a     rtsv7M4_T_le_eabi.lib : memset_t2.obj (.text)
                  200076b6    00000002     --HOLE-- [fill = 0]
                  200076b8    00000078     simplelink.a : socket.obj (.text:_sl_HandleAsync_Connect)
                  20007730    00000078                  : cc_pal.obj (.text:spi_Close)
                  200077a8    00000070                  : nonos.obj (.text:_SlNonOsMainLoopTask)
                  20007818    0000006c                  : driver.obj (.text:_SlDrvCmdSend)
                  20007884    0000006c     rtsv7M4_T_le_eabi.lib : autoinit.obj (.text)
                  200078f0    0000006a                           : copy_decompress_rle.obj (.text)
                  2000795a    00000002     --HOLE-- [fill = 0]
                  2000795c    00000068     simplelink.a : netapp.obj (.text:_sl_NetAppSendTokenValue)
                  200079c4    00000068                  : netcfg.obj (.text:sl_NetCfgSet)
                  20007a2c    00000068                  : wlan.obj (.text:sl_WlanSet)
                  20007a94    00000064     driverlib.a : udma.obj (.text:uDMAChannelAttributeDisable)
                  20007af8    00000064                 : udma.obj (.text:uDMAChannelAttributeEnable)
                  20007b5c    00000060     simplelink.a : socket.obj (.text:_sl_HandleAsync_Accept)
                  20007bbc    00000060                  : wlan.obj (.text:sl_WlanPolicySet)
                  20007c1c    0000005c                  : nonos.obj (.text:_SlNonOsSemGet)
                  20007c78    0000005c                  : nonos.obj (.text:_SlNonOsSpawn)
                  20007cd4    00000058     driverlib.a : interrupt.obj (.text:IntPendClear)
                  20007d2c    00000058                 : prcm.obj (.text:PRCMPeripheralReset)
                  20007d84    00000054                 : interrupt.obj (.text:IntPrioritySet)
                  20007dd8    00000054     simplelink.a : socket.obj (.text:_sl_HandleAsync_Select)
                  20007e2c    00000054                  : wlan.obj (.text:sl_WlanRxFilterSet)
                  20007e80    00000050                  : device.obj (.text:_sl_HandleAsync_Stop)
                  20007ed0    0000004c     driverlib.a : spi.obj (.text:SPIIntEnable)
                  20007f1c    0000004c                 : spi.obj (.text:SPIIntNumberGet)
                  20007f68    0000004c     simplelink.a : driver.obj (.text:_SlDrvProtectAsyncRespSetting)
                  20007fb4    0000004c                  : driver.obj (.text:_SlDrvRxIrqHandler)
                  20008000    0000004c     rtsv7M4_T_le_eabi.lib : cpy_tbl.obj (.text)
                  2000804c    0000004c     driverlib.a : udma.obj (.text:uDMAChannelAssign)
                  20008098    00000048                 : gpio.obj (.text:GPIOGetIntNumber)
                  200080e0    00000048                 : spi.obj (.text:SPIIntClear)
                  20008128    00000048     simplelink.a : driver.obj (.text:_SlDrvBasicCmd)
                  20008170    00000044     driverlib.a : spi.obj (.text:SPIDmaMaskGet)
                  200081b4    00000044     simplelink.a : cc_pal.obj (.text:cc_SetupTransfer)
                  200081f8    00000044     rtsv7M4_T_le_eabi.lib : exit.obj (.text)
                  2000823c    00000040     driverlib.a : pin.obj (.text:PinModeSet)
                  2000827c    0000003e     simplelink.a : cc_pal.obj (.text:NwpRegisterInterruptHandler)
                  200082ba    0000003c                  : netapp.obj (.text:CopyPingResultsToReport)
                  200082f6    00000002     --HOLE-- [fill = 0]
                  200082f8    0000003c     driverlib.a : prcm.obj (.text:PRCMPeripheralClkEnable)
                  20008334    0000003c     rtsv7M4_T_le_eabi.lib : boot.obj (.text)
                  20008370    0000003c     driverlib.a : udma.obj (.text:uDMAChannelControlSet)
                  200083ac    00000038     simplelink.a : cc_pal.obj (.text:NwpPowerOff)
                  200083e4    00000036     driverlib.a : gpio.obj (.text:GPIODirModeSet)
                  2000841a    00000036     simplelink.a : netapp.obj (.text:sl_NetAppMDNSUnRegisterService)
                  20008450    00000034     driverlib.a : prcm.obj (.text:PRCMPeripheralStatusGet)
                  20008484    00000034                 : spi.obj (.text:SPIFIFOLevelSet)
                  200084b8    00000030                 : pin.obj (.text:PinTypeGPIO)
                  200084e8    00000030     simplelink.a : device.obj (.text:_SlDrvDeviceEventHandler)
                  20008518    00000030                  : wlan.obj (.text:sl_WlanProfileDel)
                  20008548    00000030                  : wlan.obj (.text:sl_WlanSetMode)
                  20008578    0000002c                  : cc_pal.obj (.text:NwpPowerOn)
                  200085a4    0000002c     driverlib.a : prcm.obj (.text:PRCMSysResetCauseGet)
                  200085d0    00000028                 : prcm.obj (.text:PRCMPeripheralClkDisable)
                  200085f8    00000024     simplelink.a : cc_pal.obj (.text:DmaSpiSwIntHandler)
                  2000861c    00000024     driverlib.a : interrupt.obj (.text:IntUnregister)
                  20008640    00000024     simplelink.a : driver.obj (.text:_SlDrvProtectionObjLockWaitForever)
                  20008664    00000024     pinmux.obj (.text)
                  20008688    00000022     driverlib.a : spi.obj (.text:SPIReset)
                  200086aa    00000022                 : spi.obj (.text:SPIWordCountSet)
                  200086cc    00000020                 : gpio.obj (.text:GPIOPinWrite)
                  200086ec    00000020                 : interrupt.obj (.text:IntRegister)
                  2000870c    00000020     simplelink.a : driver.obj (.text:_SlDrvProtectionObjUnLock)
                  2000872c    0000001e     driverlib.a : gpio.obj (.text:GPIOIntRegister)
                  2000874a    0000001e     simplelink.a : driver.obj (.text:_SlDrvObjLockWaitForever)
                  20008768    0000001e                  : driver.obj (.text:_SlDrvSyncObjWaitForever)
                  20008786    0000001e                  : cc_pal.obj (.text:cc_UDMAChannelSelect)
                  200087a4    0000001c     driverlib.a : udma.obj (.text:uDMAChannelEnable)
                  200087c0    0000001a                 : gpio.obj (.text:GPIOIntEnable)
                  200087da    0000001a                 : spi.obj (.text:SPIDmaDisable)
                  200087f4    0000001a                 : spi.obj (.text:SPIDmaEnable)
                  2000880e    0000001a                 : spi.obj (.text:SPIFIFODisable)
                  20008828    0000001a                 : spi.obj (.text:SPIFIFOEnable)
                  20008842    0000001a                 : spi.obj (.text:SPIIntUnregister)
                  2000885c    0000001a     simplelink.a : driver.obj (.text:_SlDrvObjUnLock)
                  20008876    0000001a                  : driver.obj (.text:_SlDrvSyncObjSignal)
                  20008890    00000018     driverlib.a : gpio.obj (.text:GPIOPinRead)
                  200088a8    00000018                 : spi.obj (.text:SPICSDisable)
                  200088c0    00000018                 : spi.obj (.text:SPICSEnable)
                  200088d8    00000018                 : spi.obj (.text:SPIDisable)
                  200088f0    00000018                 : spi.obj (.text:SPIEnable)
                  20008908    00000018     simplelink.a : nonos.obj (.text:_SlNonOsSemSet)
                  20008920    00000018                  : device.obj (.text:_sl_GetStartResponseConvert)
                  20008938    00000018     rtsv7M4_T_le_eabi.lib : args_main.obj (.text)
                  20008950    00000016     driverlib.a : prcm.obj (.text:PRCMHIBRegRead)
                  20008966    00000016                 : prcm.obj (.text:PRCMHIBRegWrite)
                  2000897c    00000016     simplelink.a : driver.obj (.text:_SlDrvMemZero)
                  20008992    00000014     driverlib.a : cpu.obj (.text:CPUcpsie)
                  200089a6    00000014                 : gpio.obj (.text:GPIOIntClear)
                  200089ba    00000002     --HOLE-- [fill = 0]
                  200089bc    00000014                 : interrupt.obj (.text:IntVTableBaseSet)
                  200089d0    00000014     rtsv7M4_T_le_eabi.lib : _lock.obj (.text)
                  200089e4    0000000e     simplelink.a : driver.obj (.text:_SlDrvResetCmdExt)
                  200089f2    0000000e     rtsv7M4_T_le_eabi.lib : copy_decompress_none.obj (.text:decompress:none)
                  20008a00    0000000e     startup_ccs.obj (.text)
                  20008a0e    00000002     --HOLE-- [fill = 0]
                  20008a10    0000000c     simplelink.a : cc_pal.obj (.text:NwpMaskInterrupt)
                  20008a1c    0000000c                  : cc_pal.obj (.text:NwpUnMaskInterrupt)
                  20008a28    0000000c     rtsv7M4_T_le_eabi.lib : copy_zero_init.obj (.text:decompress:ZI)
                  20008a34    0000000c     simplelink.a : wlan.obj (.text:sl_WlanDisconnect)
                  20008a40    0000000a     driverlib.a : interrupt.obj (.text:IntMasterEnable)
                  20008a4a    00000006                 : utils.obj (.text:UtilsDelay)
                  20008a50    00000006     rtsv7M4_T_le_eabi.lib : copy_decompress_rle.obj (.text:decompress:rle24)
                  20008a56    00000004                           : pre_init.obj (.text)

.const     0    20008a5c    00000558     
                  20008a5c    00000100     driverlib.a : pin.obj (.const:g_ulPinToPadMap)
                  20008b5c    000000d4                 : interrupt.obj (.const:g_pulRegs)
                  20008c30    000000b0     simplelink.a : wlan.obj (.const:$P$T0$1)
                  20008ce0    000000a8     driverlib.a : prcm.obj (.const:PRCM_PeriphRegsList)
                  20008d88    00000080                 : interrupt.obj (.const)
                  20008e08    0000003c     simplelink.a : driver.obj (.const:OpcodeTranslateTable)
                  20008e44    0000003c                  : wlan.obj (.const)
                  20008e80    00000038                  : driver.obj (.const:_SlActionLookupTable)
                  20008eb8    00000034                  : driver.obj (.const)
                  20008eec    0000002c     main.obj (.const:$P$T0$1)
                  20008f18    00000028     simplelink.a : netapp.obj (.const)
                  20008f40    00000024     driverlib.a : spi.obj (.const:g_ppulSPIIntMap)
                  20008f64    00000018                 : spi.obj (.const)
                  20008f7c    00000014     main.obj (.const)
                  20008f90    00000014     simplelink.a : device.obj (.const)
                  20008fa4    00000008                  : device.obj (.const:.string)
                  20008fac    00000008                  : netcfg.obj (.const)

.cinit     0    20008fb8    00000050     
                  20008fb8    00000028     (.cinit..data.load) [load image, compression = rle]
                  20008fe0    0000000c     (__TI_handler_table)
                  20008fec    00000004     --HOLE-- [fill = 0]
                  20008ff0    00000008     (.cinit..bss.load) [load image, compression = zero_init]
                  20008ff8    00000010     (__TI_cinit_table)

.bss       0    20017000    00000211     UNINITIALIZED
                  20017000    00000168     simplelink.a : driver.obj (.bss:g_StatMem)
                  20017168    00000050                  : cc_pal.obj (.bss:g_ucDinDout)
                  200171b8    00000028                  : nonos.obj (.bss:g__SlNonOsCB)
                  200171e0    00000024     main.obj (.bss:g_ucConnectionSSID)
                  20017204    00000008     (.common:g_ucConnectionBSSID)
                  2001720c    00000001     (.common:RxIrqCnt)
                  2001720d    00000001     (.common:g_cDummy)
                  2001720e    00000001     (.common:g_ucLED1Pin)
                  2001720f    00000001     (.common:g_ucLED2Pin)
                  20017210    00000001     (.common:g_ucLED3Pin)

.data      0    20017214    00000054     UNINITIALIZED
                  20017214    00000020     gpio_if.obj (.data)
                  20017234    00000009     simplelink.a : cc_pal.obj (.data)
                  2001723d    00000003     --HOLE--
                  20017240    00000009                  : driver.obj (.data)
                  20017249    00000003     --HOLE--
                  2001724c    00000008     main.obj (.data)
                  20017254    00000008     rtsv7M4_T_le_eabi.lib : _lock.obj (.data)
                  2001725c    00000008                           : exit.obj (.data)
                  20017264    00000004                           : stkdepth_vars.obj (.data)

.TI.noinit 
*          0    20017000    00000000     UNINITIALIZED

.TI.persistent 
*          0    20017214    00000000     UNINITIALIZED

.stack     0    2002f800    00000800     UNINITIALIZED
                  2002f800    00000800     --HOLE--


LINKER GENERATED COPY TABLES

__TI_cinit_table @ 20008ff8 records: 2, size/record: 8, table size: 16
	.data: load addr=20008fb8, load size=00000028 bytes, run addr=20017214, run size=00000054 bytes, compression=rle
	.bss: load addr=20008ff0, load size=00000008 bytes, run addr=20017000, run size=00000211 bytes, compression=zero_init


LINKER GENERATED HANDLER TABLE

__TI_handler_table @ 20008fe0 records: 3, size/record: 4, table size: 12
	index: 0, handler: __TI_decompress_rle24
	index: 1, handler: __TI_decompress_none
	index: 2, handler: __TI_zero_init


GLOBAL SYMBOLS: SORTED ALPHABETICALLY BY Name 

address   name                                  
-------   ----                                  
200081f9  C$$EXIT                               
20008993  CPUcpsie                              
200082bb  CopyPingResultsToReport               
200085f9  DmaSpiSwIntHandler                    
200083e5  GPIODirModeSet                        
200089a7  GPIOIntClear                          
200087c1  GPIOIntEnable                         
2000872d  GPIOIntRegister                       
200073bd  GPIOIntTypeSet                        
20008891  GPIOPinRead                           
200086cd  GPIOPinWrite                          
20005191  GPIO_IF_ConfigureNIntEnable           
2000521d  GPIO_IF_Get                           
2000514b  GPIO_IF_GetPortNPin                   
20004f0d  GPIO_IF_LedConfigure                  
20004fff  GPIO_IF_LedOff                        
20004f4b  GPIO_IF_LedOn                         
200050b3  GPIO_IF_LedStatus                     
2000511d  GPIO_IF_LedToggle                     
200051d9  GPIO_IF_Set                           
20006b91  IntDisable                            
20006c39  IntEnable                             
20008a41  IntMasterEnable                       
20007cd5  IntPendClear                          
20007d85  IntPrioritySet                        
200086ed  IntRegister                           
2000861d  IntUnregister                         
200089bd  IntVTableBaseSet                      
20008a11  NwpMaskInterrupt                      
200083ad  NwpPowerOff                           
20008579  NwpPowerOn                            
20007339  NwpPowerOnPreamble                    
2000827d  NwpRegisterInterruptHandler           
20008a1d  NwpUnMaskInterrupt                    
20008e08  OpcodeTranslateTable                  
20006061  PRCMCC3200MCUInit                     
20008951  PRCMHIBRegRead                        
20008967  PRCMHIBRegWrite                       
200085d1  PRCMPeripheralClkDisable              
200082f9  PRCMPeripheralClkEnable               
20006fed  PRCMPeripheralClockGet                
20007d2d  PRCMPeripheralReset                   
20008451  PRCMPeripheralStatusGet               
200085a5  PRCMSysResetCauseGet                  
200072b1  PinConfigSet                          
2000823d  PinModeSet                            
20008665  PinMuxConfig                          
200084b9  PinTypeGPIO                           
20008a01  ResetISR                              
2001720c  RxIrqCnt                              
20008ec8  RxMsgClassLUT                         
UNDEFED   SHT$$INIT_ARRAY$$Base                 
UNDEFED   SHT$$INIT_ARRAY$$Limit                
200088a9  SPICSDisable                          
200088c1  SPICSEnable                           
20006ce1  SPIConfigSetExpClk                    
200088d9  SPIDisable                            
200087db  SPIDmaDisable                         
200087f5  SPIDmaEnable                          
200088f1  SPIEnable                             
2000880f  SPIFIFODisable                        
20008829  SPIFIFOEnable                         
20008485  SPIFIFOLevelSet                       
200080e1  SPIIntClear                           
20007ed1  SPIIntEnable                          
20008843  SPIIntUnregister                      
20008689  SPIReset                              
200086ab  SPIWordCountSet                       
20004ab3  SimpleLinkGeneralEventHandler         
20004aa7  SimpleLinkHttpServerCallback          
20004a6f  SimpleLinkNetAppEventHandler          
20004ac3  SimpleLinkSockEventHandler            
200049ed  SimpleLinkWlanEventHandler            
20008fa4  StartResponseLUT                      
20008a4b  UtilsDelay                            
20004dad  WlanDisconnect                        
20004d53  WpsConnectPinCode                     
20004d01  WpsConnectPushButton                  
20008e80  _SlActionLookupTable                  
20006a25  _SlAsyncEventGenericHandler           
20008f9c  _SlDeviceGetCmdCtrl                   
20008fa0  _SlDeviceSetCmdCtrl                   
20008129  _SlDrvBasicCmd                        
20006575  _SlDrvClassifyRxMsg                   
20007441  _SlDrvCmdOp                           
20007819  _SlDrvCmdSend                         
200084e9  _SlDrvDeviceEventHandler              
20006195  _SlDrvDriverCBDeinit                  
20005c25  _SlDrvDriverCBInit                    
2000897d  _SlDrvMemZero                         
20004401  _SlDrvMsgRead                         
200067e9  _SlDrvMsgReadCmdCtx                   
20006d81  _SlDrvMsgReadSpawnCtx                 
200058c9  _SlDrvMsgWrite                        
20006295  _SlDrvNetAppEventHandler              
2000874b  _SlDrvObjLockWaitForever              
2000885d  _SlDrvObjUnLock                       
20007f69  _SlDrvProtectAsyncRespSetting         
20008641  _SlDrvProtectionObjLockWaitForever    
2000870d  _SlDrvProtectionObjUnLock             
200056f9  _SlDrvReleasePoolObj                  
200089e5  _SlDrvResetCmdExt                     
2000526d  _SlDrvRxHdrRead                       
20007fb5  _SlDrvRxIrqHandler                    
20008877  _SlDrvSyncObjSignal                   
20008769  _SlDrvSyncObjWaitForever              
20005a95  _SlDrvWaitForPoolObj                  
20008f98  _SlEventMaskGetCmdCtrl                
20008f94  _SlEventMaskSetCmdCtrl                
20005dad  _SlFindAndSetActiveObj                
20008f2c  _SlGetHostByNameCtrl                  
20008f28  _SlGetHostByServiceCtrl               
20008f20  _SlGetServiceListeCtrl                
20008f38  _SlNetAppGetCmdCtrl                   
20008f34  _SlNetAppSendTokenValueCmdCtrl        
20008f30  _SlNetAppSetCmdCtrl                   
20008f18  _SlNetAppStartCtrl                    
20008f1c  _SlNetAppStopCtrl                     
20008fb0  _SlNetCfgGetCmdCtrl                   
20008fac  _SlNetCfgSetCmdCtrl                   
200077a9  _SlNonOsMainLoopTask                  
20007c1d  _SlNonOsSemGet                        
20008909  _SlNonOsSemSet                        
20007c79  _SlNonOsSpawn                         
20008e48  _SlPolicyGetCmdCtrl                   
20008e44  _SlPolicySetCmdCtrl                   
20008e50  _SlProfileDelCmdCtrl                  
20008e4c  _SlProfileGetCmdCtrl                  
20008f24  _SlRegisterServiceCtrl                
200068a9  _SlRemoveFromList                     
20008e58  _SlRxFilterAddtCmdCtrl                
20008e60  _SlRxFilterGetCmdCtrl                 
20008e5c  _SlRxFilterSetCmdCtrl                 
20008e64  _SlSmartConfigStartCmdCtrl            
20008f90  _SlStopCmdCtrl                        
20008e70  _SlWlanCfgGetCmdCtrl                  
20008e6c  _SlWlanCfgSetCmdCtrl                  
20008e54  _SlWlanGetNetworkListCtrl             
20008e68  _SlWlanSetModeCmdCtrl                 
20030000  __STACK_END                           
00000800  __STACK_SIZE                          
20008ff8  __TI_CINIT_Base                       
20009008  __TI_CINIT_Limit                      
20008fe0  __TI_Handler_Table_Base               
20008fec  __TI_Handler_Table_Limit              
20007885  __TI_auto_init                        
2001725c  __TI_cleanup_ptr                      
200089f3  __TI_decompress_none                  
20008a51  __TI_decompress_rle24                 
20017260  __TI_dtors_ptr                        
20008fb8  __TI_static_base__                    
20008a29  __TI_zero_init                        
2000763d  __aeabi_memclr                        
2000763d  __aeabi_memclr4                       
2000763d  __aeabi_memclr8                       
20006e1d  __aeabi_memcpy                        
20006e1d  __aeabi_memcpy4                       
20006e1d  __aeabi_memcpy8                       
2000763f  __aeabi_memset                        
2000763f  __aeabi_memset4                       
2000763f  __aeabi_memset8                       
ffffffff  __binit__                             
ffffffff  __c_args__                            
2002f800  __stack                               
20008939  _args_main                            
20008335  _c_int00                              
20017254  _lock                                 
200089df  _nop                                  
200089d7  _register_lock                        
200089d1  _register_unlock                      
20008921  _sl_GetStartResponseConvert           
20007b5d  _sl_HandleAsync_Accept                
200076b9  _sl_HandleAsync_Connect               
20007199  _sl_HandleAsync_DnsGetHostByName      
20006721  _sl_HandleAsync_DnsGetHostByService   
200075c1  _sl_HandleAsync_InitComplete          
20007225  _sl_HandleAsync_PingResponse          
20007dd9  _sl_HandleAsync_Select                
20007e81  _sl_HandleAsync_Stop                  
2000795d  _sl_NetAppSendTokenValue              
20008a57  _system_pre_init                      
20017258  _unlock                               
200081fd  abort                                 
ffffffff  binit                                 
20008001  copy_in                               
20008205  exit                                  
20017248  gFirstCmdMode                         
20008ec0  g_H2NCnysPattern                      
20008eb8  g_H2NSyncPattern                      
20017234  g_SpiFd                               
20017000  g_StatMem                             
200171b8  g__SlNonOsCB                          
2001720d  g_cDummy                              
20017240  g_pCB                                 
20017238  g_pHostIntHdl                         
20004000  g_pfnVectors                          
20017204  g_ucConnectionBSSID                   
200171e0  g_ucConnectionSSID                    
2001723c  g_ucDMAEnabled                        
20017168  g_ucDinDout                           
2001720e  g_ucLED1Pin                           
2001720f  g_ucLED2Pin                           
20017210  g_ucLED3Pin                           
20017228  g_uiLED1Port                          
2001722c  g_uiLED2Port                          
20017230  g_uiLED3Port                          
20017250  g_ulGatewayIP                         
2001724c  g_ulStatus                            
20004ded  main                                  
20017264  main_func_sp                          
20006e1d  memcpy                                
20007645  memset                                
20017244  pPingCallBackFunc                     
20006eb9  sl_DevGet                             
20006add  sl_NetAppMDNSRegisterUnregisterService
2000841b  sl_NetAppMDNSUnRegisterService        
200079c5  sl_NetCfgSet                          
20006969  sl_Start                              
2000664d  sl_Stop                               
200054b5  sl_WlanConnect                        
20008a35  sl_WlanDisconnect                     
20007bbd  sl_WlanPolicySet                      
20008519  sl_WlanProfileDel                     
20007e2d  sl_WlanRxFilterSet                    
20007a2d  sl_WlanSet                            
20008549  sl_WlanSetMode                        
20007731  spi_Close                             
20005f1d  spi_Open                              
20006395  spi_Read                              
20006f55  spi_Write                             
2000804d  uDMAChannelAssign                     
20007a95  uDMAChannelAttributeDisable           
20007af9  uDMAChannelAttributeEnable            
20008371  uDMAChannelControlSet                 
200087a5  uDMAChannelEnable                     
20006485  uDMAChannelTransferSet                


GLOBAL SYMBOLS: SORTED BY Symbol Address 

address   name                                  
-------   ----                                  
00000800  __STACK_SIZE                          
20004000  g_pfnVectors                          
20004401  _SlDrvMsgRead                         
200049ed  SimpleLinkWlanEventHandler            
20004a6f  SimpleLinkNetAppEventHandler          
20004aa7  SimpleLinkHttpServerCallback          
20004ab3  SimpleLinkGeneralEventHandler         
20004ac3  SimpleLinkSockEventHandler            
20004d01  WpsConnectPushButton                  
20004d53  WpsConnectPinCode                     
20004dad  WlanDisconnect                        
20004ded  main                                  
20004f0d  GPIO_IF_LedConfigure                  
20004f4b  GPIO_IF_LedOn                         
20004fff  GPIO_IF_LedOff                        
200050b3  GPIO_IF_LedStatus                     
2000511d  GPIO_IF_LedToggle                     
2000514b  GPIO_IF_GetPortNPin                   
20005191  GPIO_IF_ConfigureNIntEnable           
200051d9  GPIO_IF_Set                           
2000521d  GPIO_IF_Get                           
2000526d  _SlDrvRxHdrRead                       
200054b5  sl_WlanConnect                        
200056f9  _SlDrvReleasePoolObj                  
200058c9  _SlDrvMsgWrite                        
20005a95  _SlDrvWaitForPoolObj                  
20005c25  _SlDrvDriverCBInit                    
20005dad  _SlFindAndSetActiveObj                
20005f1d  spi_Open                              
20006061  PRCMCC3200MCUInit                     
20006195  _SlDrvDriverCBDeinit                  
20006295  _SlDrvNetAppEventHandler              
20006395  spi_Read                              
20006485  uDMAChannelTransferSet                
20006575  _SlDrvClassifyRxMsg                   
2000664d  sl_Stop                               
20006721  _sl_HandleAsync_DnsGetHostByService   
200067e9  _SlDrvMsgReadCmdCtx                   
200068a9  _SlRemoveFromList                     
20006969  sl_Start                              
20006a25  _SlAsyncEventGenericHandler           
20006add  sl_NetAppMDNSRegisterUnregisterService
20006b91  IntDisable                            
20006c39  IntEnable                             
20006ce1  SPIConfigSetExpClk                    
20006d81  _SlDrvMsgReadSpawnCtx                 
20006e1d  __aeabi_memcpy                        
20006e1d  __aeabi_memcpy4                       
20006e1d  __aeabi_memcpy8                       
20006e1d  memcpy                                
20006eb9  sl_DevGet                             
20006f55  spi_Write                             
20006fed  PRCMPeripheralClockGet                
20007199  _sl_HandleAsync_DnsGetHostByName      
20007225  _sl_HandleAsync_PingResponse          
200072b1  PinConfigSet                          
20007339  NwpPowerOnPreamble                    
200073bd  GPIOIntTypeSet                        
20007441  _SlDrvCmdOp                           
200075c1  _sl_HandleAsync_InitComplete          
2000763d  __aeabi_memclr                        
2000763d  __aeabi_memclr4                       
2000763d  __aeabi_memclr8                       
2000763f  __aeabi_memset                        
2000763f  __aeabi_memset4                       
2000763f  __aeabi_memset8                       
20007645  memset                                
200076b9  _sl_HandleAsync_Connect               
20007731  spi_Close                             
200077a9  _SlNonOsMainLoopTask                  
20007819  _SlDrvCmdSend                         
20007885  __TI_auto_init                        
2000795d  _sl_NetAppSendTokenValue              
200079c5  sl_NetCfgSet                          
20007a2d  sl_WlanSet                            
20007a95  uDMAChannelAttributeDisable           
20007af9  uDMAChannelAttributeEnable            
20007b5d  _sl_HandleAsync_Accept                
20007bbd  sl_WlanPolicySet                      
20007c1d  _SlNonOsSemGet                        
20007c79  _SlNonOsSpawn                         
20007cd5  IntPendClear                          
20007d2d  PRCMPeripheralReset                   
20007d85  IntPrioritySet                        
20007dd9  _sl_HandleAsync_Select                
20007e2d  sl_WlanRxFilterSet                    
20007e81  _sl_HandleAsync_Stop                  
20007ed1  SPIIntEnable                          
20007f69  _SlDrvProtectAsyncRespSetting         
20007fb5  _SlDrvRxIrqHandler                    
20008001  copy_in                               
2000804d  uDMAChannelAssign                     
200080e1  SPIIntClear                           
20008129  _SlDrvBasicCmd                        
200081f9  C$$EXIT                               
200081fd  abort                                 
20008205  exit                                  
2000823d  PinModeSet                            
2000827d  NwpRegisterInterruptHandler           
200082bb  CopyPingResultsToReport               
200082f9  PRCMPeripheralClkEnable               
20008335  _c_int00                              
20008371  uDMAChannelControlSet                 
200083ad  NwpPowerOff                           
200083e5  GPIODirModeSet                        
2000841b  sl_NetAppMDNSUnRegisterService        
20008451  PRCMPeripheralStatusGet               
20008485  SPIFIFOLevelSet                       
200084b9  PinTypeGPIO                           
200084e9  _SlDrvDeviceEventHandler              
20008519  sl_WlanProfileDel                     
20008549  sl_WlanSetMode                        
20008579  NwpPowerOn                            
200085a5  PRCMSysResetCauseGet                  
200085d1  PRCMPeripheralClkDisable              
200085f9  DmaSpiSwIntHandler                    
2000861d  IntUnregister                         
20008641  _SlDrvProtectionObjLockWaitForever    
20008665  PinMuxConfig                          
20008689  SPIReset                              
200086ab  SPIWordCountSet                       
200086cd  GPIOPinWrite                          
200086ed  IntRegister                           
2000870d  _SlDrvProtectionObjUnLock             
2000872d  GPIOIntRegister                       
2000874b  _SlDrvObjLockWaitForever              
20008769  _SlDrvSyncObjWaitForever              
200087a5  uDMAChannelEnable                     
200087c1  GPIOIntEnable                         
200087db  SPIDmaDisable                         
200087f5  SPIDmaEnable                          
2000880f  SPIFIFODisable                        
20008829  SPIFIFOEnable                         
20008843  SPIIntUnregister                      
2000885d  _SlDrvObjUnLock                       
20008877  _SlDrvSyncObjSignal                   
20008891  GPIOPinRead                           
200088a9  SPICSDisable                          
200088c1  SPICSEnable                           
200088d9  SPIDisable                            
200088f1  SPIEnable                             
20008909  _SlNonOsSemSet                        
20008921  _sl_GetStartResponseConvert           
20008939  _args_main                            
20008951  PRCMHIBRegRead                        
20008967  PRCMHIBRegWrite                       
2000897d  _SlDrvMemZero                         
20008993  CPUcpsie                              
200089a7  GPIOIntClear                          
200089bd  IntVTableBaseSet                      
200089d1  _register_unlock                      
200089d7  _register_lock                        
200089df  _nop                                  
200089e5  _SlDrvResetCmdExt                     
200089f3  __TI_decompress_none                  
20008a01  ResetISR                              
20008a11  NwpMaskInterrupt                      
20008a1d  NwpUnMaskInterrupt                    
20008a29  __TI_zero_init                        
20008a35  sl_WlanDisconnect                     
20008a41  IntMasterEnable                       
20008a4b  UtilsDelay                            
20008a51  __TI_decompress_rle24                 
20008a57  _system_pre_init                      
20008e08  OpcodeTranslateTable                  
20008e44  _SlPolicySetCmdCtrl                   
20008e48  _SlPolicyGetCmdCtrl                   
20008e4c  _SlProfileGetCmdCtrl                  
20008e50  _SlProfileDelCmdCtrl                  
20008e54  _SlWlanGetNetworkListCtrl             
20008e58  _SlRxFilterAddtCmdCtrl                
20008e5c  _SlRxFilterSetCmdCtrl                 
20008e60  _SlRxFilterGetCmdCtrl                 
20008e64  _SlSmartConfigStartCmdCtrl            
20008e68  _SlWlanSetModeCmdCtrl                 
20008e6c  _SlWlanCfgSetCmdCtrl                  
20008e70  _SlWlanCfgGetCmdCtrl                  
20008e80  _SlActionLookupTable                  
20008eb8  g_H2NSyncPattern                      
20008ec0  g_H2NCnysPattern                      
20008ec8  RxMsgClassLUT                         
20008f18  _SlNetAppStartCtrl                    
20008f1c  _SlNetAppStopCtrl                     
20008f20  _SlGetServiceListeCtrl                
20008f24  _SlRegisterServiceCtrl                
20008f28  _SlGetHostByServiceCtrl               
20008f2c  _SlGetHostByNameCtrl                  
20008f30  _SlNetAppSetCmdCtrl                   
20008f34  _SlNetAppSendTokenValueCmdCtrl        
20008f38  _SlNetAppGetCmdCtrl                   
20008f90  _SlStopCmdCtrl                        
20008f94  _SlEventMaskSetCmdCtrl                
20008f98  _SlEventMaskGetCmdCtrl                
20008f9c  _SlDeviceGetCmdCtrl                   
20008fa0  _SlDeviceSetCmdCtrl                   
20008fa4  StartResponseLUT                      
20008fac  _SlNetCfgSetCmdCtrl                   
20008fb0  _SlNetCfgGetCmdCtrl                   
20008fb8  __TI_static_base__                    
20008fe0  __TI_Handler_Table_Base               
20008fec  __TI_Handler_Table_Limit              
20008ff8  __TI_CINIT_Base                       
20009008  __TI_CINIT_Limit                      
20017000  g_StatMem                             
20017168  g_ucDinDout                           
200171b8  g__SlNonOsCB                          
200171e0  g_ucConnectionSSID                    
20017204  g_ucConnectionBSSID                   
2001720c  RxIrqCnt                              
2001720d  g_cDummy                              
2001720e  g_ucLED1Pin                           
2001720f  g_ucLED2Pin                           
20017210  g_ucLED3Pin                           
20017228  g_uiLED1Port                          
2001722c  g_uiLED2Port                          
20017230  g_uiLED3Port                          
20017234  g_SpiFd                               
20017238  g_pHostIntHdl                         
2001723c  g_ucDMAEnabled                        
20017240  g_pCB                                 
20017244  pPingCallBackFunc                     
20017248  gFirstCmdMode                         
2001724c  g_ulStatus                            
20017250  g_ulGatewayIP                         
20017254  _lock                                 
20017258  _unlock                               
2001725c  __TI_cleanup_ptr                      
20017260  __TI_dtors_ptr                        
20017264  main_func_sp                          
2002f800  __stack                               
20030000  __STACK_END                           
ffffffff  __binit__                             
ffffffff  __c_args__                            
ffffffff  binit                                 
UNDEFED   SHT$$INIT_ARRAY$$Base                 
UNDEFED   SHT$$INIT_ARRAY$$Limit                

[236 symbols]
