******************************************************************************
                  TI ARM Linker PC v5.2.2                      
******************************************************************************
>> Linked Fri Jun 19 18:55:11 2015

OUTPUT FILE NAME:   <bootmgr.out>
ENTRY POINT SYMBOL: "_c_int00"  address: 200029c1


MEMORY CONFIGURATION

         name            origin    length      used     unused   attr    fill
----------------------  --------  ---------  --------  --------  ----  --------
  SRAM_CODE             20000000   000037ff  00003356  000004a9  RW X
  SRAM_DATA             20003800   00000800  000006c6  0000013a  RW X


SEGMENT ALLOCATION MAP

run origin  load origin   length   init length attrs members
----------  ----------- ---------- ----------- ----- -------
20000000    20000000    00003358   00003358    r-x
  20000000    20000000    00000308   00000308    r-- .intvecs
  20000308    20000308    00002cb2   00002cb2    r-x .text
  20002fbc    20002fbc    0000035c   0000035c    r-- .const
  20003318    20003318    00000040   00000040    r-- .cinit
20003800    20003800    00000448   00000000    rw-
  20003800    20003800    00000262   00000000    rw- .bss
  20003a64    20003a64    000001e4   00000000    rw- .data
20003d80    20003d80    00000280   00000000    rw-
  20003d80    20003d80    00000280   00000000    rw- .stack


SECTION ALLOCATION MAP

 output                                  attributes/
section   page    origin      length       input sections
--------  ----  ----------  ----------   ----------------
.intvecs   0    20000000    00000308     
                  20000000    00000308     startup_ccs.obj (.intvecs)

.init_array 
*          0    20000000    00000000     UNINITIALIZED

.text      0    20000308    00002cb2     
                  20000308    0000036c     simplelink_opt.a : driver.obj (.text:_SlDrvMsgRead)
                  20000674    000002a4     main.obj (.text)
                  20000918    00000150     simplelink_opt.a : driver.obj (.text:_SlDrvRxHdrRead)
                  20000a68    00000134     driverlib.a : prcm.obj (.text:PRCMCC3200MCUInit)
                  20000b9c    00000128     simplelink_opt.a : cc_pal.obj (.text:spi_Open)
                  20000cc4    00000110                      : driver.obj (.text:_SlDrvMsgWrite)
                  20000dd4    000000f4                      : cc_pal.obj (.text:spi_Write)
                  20000ec8    000000f0                      : driver.obj (.text:_SlDrvDriverCBInit)
                  20000fb8    000000f0     driverlib.a : udma.obj (.text:uDMAChannelTransferSet)
                  200010a8    000000e8     simplelink_opt.a : driver.obj (.text:_SlDrvReleasePoolObj)
                  20001190    000000d4                      : cc_pal.obj (.text:spi_Read)
                  20001264    000000c8                      : driver.obj (.text:_SlDrvWaitForPoolObj)
                  2000132c    000000b2                      : netapp.obj (.text:_SlDrvNetAppEventHandler)
                  200013de    00000002     driverlib.a : interrupt.obj (.text:IntDefaultHandler)
                  200013e0    000000a8                 : interrupt.obj (.text:IntDisable)
                  20001488    000000a8                 : interrupt.obj (.text:IntEnable)
                  20001530    000000a0                 : spi.obj (.text:SPIConfigSetExpClk)
                  200015d0    0000009c     simplelink_opt.a : driver.obj (.text:_SlDrvMsgReadCmdCtx)
                  2000166c    0000009c     rtsv7M4_T_le_eabi.lib : memcpy_t2.obj (.text)
                  20001708    00000098     simplelink_opt.a : driver.obj (.text:_SlFindAndSetActiveObj)
                  200017a0    00000098                      : device.obj (.text:sl_Stop)
                  20001838    00000094     driverlib.a : prcm.obj (.text:PRCMPeripheralClockGet)
                  200018cc    00000090     simplelink_opt.a : device.obj (.text:sl_Start)
                  2000195c    0000008c                      : driver.obj (.text:_SlDrvDriverCBDeinit)
                  200019e8    0000008c                      : fs.obj (.text:sl_FsRead)
                  20001a74    0000008c                      : fs.obj (.text:sl_FsWrite)
                  20001b00    00000080                      : cc_pal.obj (.text:NwpPowerOnPreamble)
                  20001b80    0000007a     rtsv7M4_T_le_eabi.lib : memset_t2.obj (.text)
                  20001bfa    00000002     --HOLE-- [fill = 0]
                  20001bfc    00000078     simplelink_opt.a : cc_pal.obj (.text:SetupDMAReceive)
                  20001c74    00000078                      : driver.obj (.text:_SlDrvClassifyRxMsg)
                  20001cec    00000078     udma_if.obj (.text)
                  20001d64    00000074     simplelink_opt.a : fs.obj (.text:sl_FsClose)
                  20001dd8    00000074                      : cc_pal.obj (.text:spi_Close)
                  20001e4c    0000006c                      : driver.obj (.text:_SlDrvCmdOp)
                  20001eb8    0000006c                      : driver.obj (.text:_SlDrvMsgReadSpawnCtx)
                  20001f24    0000006c     rtsv7M4_T_le_eabi.lib : autoinit.obj (.text)
                  20001f90    0000006a                           : copy_decompress_rle.obj (.text)
                  20001ffa    00000002     --HOLE-- [fill = 0]
                  20001ffc    00000068     simplelink_opt.a : fs.obj (.text:sl_FsGetInfo)
                  20002064    00000064                      : fs.obj (.text:_sl_GetCreateFsMode)
                  200020c8    00000064                      : netapp.obj (.text:_sl_HandleAsync_DnsGetHostByName)
                  2000212c    00000064                      : netapp.obj (.text:_sl_HandleAsync_DnsGetHostByService)
                  20002190    00000064     driverlib.a : udma.obj (.text:uDMAChannelAttributeDisable)
                  200021f4    00000064                 : udma.obj (.text:uDMAChannelAttributeEnable)
                  20002258    0000005c     simplelink_opt.a : device.obj (.text:_sl_HandleAsync_InitComplete)
                  200022b4    0000005c                      : netapp.obj (.text:_sl_HandleAsync_PingResponse)
                  20002310    00000058     driverlib.a : interrupt.obj (.text:IntPendClear)
                  20002368    00000058                 : prcm.obj (.text:PRCMPeripheralReset)
                  200023c0    00000058     simplelink_opt.a : driver.obj (.text:_SlDrvCmdSend)
                  20002418    00000054     driverlib.a : interrupt.obj (.text:IntPrioritySet)
                  2000246c    00000054     simplelink_opt.a : netapp.obj (.text:_sl_NetAppSendTokenValue)
                  200024c0    00000054                      : fs.obj (.text:sl_FsOpen)
                  20002514    00000050                      : driver.obj (.text:_SlAsyncEventGenericHandler)
                  20002564    00000050                      : socket.obj (.text:_sl_HandleAsync_Connect)
                  200025b4    0000004c     driverlib.a : spi.obj (.text:SPIIntEnable)
                  20002600    0000004c                 : spi.obj (.text:SPIIntNumberGet)
                  2000264c    0000004c     simplelink_opt.a : nonos.obj (.text:_SlNonOsMainLoopTask)
                  20002698    0000004c                      : socket.obj (.text:_sl_HandleAsync_Accept)
                  200026e4    0000004c     rtsv7M4_T_le_eabi.lib : cpy_tbl.obj (.text)
                  20002730    0000004c     driverlib.a : udma.obj (.text:uDMAChannelAssign)
                  2000277c    00000048                 : spi.obj (.text:SPIIntClear)
                  200027c4    00000044                 : spi.obj (.text:SPIDmaMaskGet)
                  20002808    00000044     rtsv7M4_T_le_eabi.lib : exit.obj (.text)
                  2000284c    00000040     simplelink_opt.a : driver.obj (.text:_SlDrvRxIrqHandler)
                  2000288c    00000040                      : driver.obj (.text:_SlRemoveFromList)
                  200028cc    00000040                      : socket.obj (.text:_sl_HandleAsync_Select)
                  2000290c    0000003c                      : cc_pal.obj (.text:NwpPowerOff)
                  20002948    0000003c     driverlib.a : prcm.obj (.text:PRCMPeripheralClkEnable)
                  20002984    0000003c     simplelink_opt.a : device.obj (.text:_sl_HandleAsync_Stop)
                  200029c0    0000003c     rtsv7M4_T_le_eabi.lib : boot.obj (.text)
                  200029fc    0000003c     driverlib.a : udma.obj (.text:uDMAChannelControlSet)
                  20002a38    00000038     simplelink_opt.a : cc_pal.obj (.text:NwpRegisterInterruptHandler)
                  20002a70    00000034     driverlib.a : prcm.obj (.text:PRCMPeripheralStatusGet)
                  20002aa4    00000034                 : spi.obj (.text:SPIFIFOLevelSet)
                  20002ad8    00000034     simplelink_opt.a : driver.obj (.text:_SlDrvProtectAsyncRespSetting)
                  20002b0c    00000030                      : cc_pal.obj (.text:NwpPowerOn)
                  20002b3c    00000030                      : nonos.obj (.text:_SlNonOsSemGet)
                  20002b6c    0000002c     driverlib.a : prcm.obj (.text:PRCMSysResetCauseGet)
                  20002b98    00000028                 : prcm.obj (.text:PRCMPeripheralClkDisable)
                  20002bc0    00000024     simplelink_opt.a : cc_pal.obj (.text:DmaSpiSwIntHandler)
                  20002be4    00000024     driverlib.a : interrupt.obj (.text:IntUnregister)
                  20002c08    00000022                 : spi.obj (.text:SPIReset)
                  20002c2a    00000022                 : spi.obj (.text:SPIWordCountSet)
                  20002c4c    00000020                 : interrupt.obj (.text:IntRegister)
                  20002c6c    00000020     simplelink_opt.a : nonos.obj (.text:_SlNonOsSpawn)
                  20002c8c    0000001c                      : driver.obj (.text:_SlDrvProtectionObjLockWaitForever)
                  20002ca8    0000001c     driverlib.a : udma.obj (.text:uDMAChannelEnable)
                  20002cc4    0000001a     simplelink_opt.a : netapp.obj (.text:CopyPingResultsToReport)
                  20002cde    0000001a     driverlib.a : spi.obj (.text:SPIDmaDisable)
                  20002cf8    0000001a                 : spi.obj (.text:SPIDmaEnable)
                  20002d12    0000001a                 : spi.obj (.text:SPIFIFODisable)
                  20002d2c    0000001a                 : spi.obj (.text:SPIFIFOEnable)
                  20002d46    0000001a                 : spi.obj (.text:SPIIntUnregister)
                  20002d60    00000018                 : spi.obj (.text:SPICSDisable)
                  20002d78    00000018                 : spi.obj (.text:SPICSEnable)
                  20002d90    00000018                 : spi.obj (.text:SPIDisable)
                  20002da8    00000018                 : spi.obj (.text:SPIEnable)
                  20002dc0    00000018     simplelink_opt.a : driver.obj (.text:_SlDrvProtectionObjUnLock)
                  20002dd8    00000018     rtsv7M4_T_le_eabi.lib : args_main.obj (.text)
                  20002df0    00000016     driverlib.a : prcm.obj (.text:PRCMHIBRegRead)
                  20002e06    00000016                 : prcm.obj (.text:PRCMHIBRegWrite)
                  20002e1c    00000016     simplelink_opt.a : fs.obj (.text:_sl_Strlen)
                  20002e32    00000016     driverlib.a : udma.obj (.text:uDMAIntRegister)
                  20002e48    00000014                 : cpu.obj (.text:CPUcpsie)
                  20002e5c    00000014                 : interrupt.obj (.text:IntVTableBaseSet)
                  20002e70    00000014     simplelink_opt.a : device.obj (.text:_SlDrvDeviceEventHandler)
                  20002e84    00000014     rtsv7M4_T_le_eabi.lib : _lock.obj (.text)
                  20002e98    00000014     driverlib.a : udma.obj (.text:uDMAControlBaseSet)
                  20002eac    00000014                 : udma.obj (.text:uDMAIntClear)
                  20002ec0    00000012     simplelink_opt.a : driver.obj (.text:_SlDrvObjLockWaitForever)
                  20002ed2    00000012                      : driver.obj (.text:_SlDrvSyncObjWaitForever)
                  20002ee4    00000012     driverlib.a : udma.obj (.text:uDMAIntUnregister)
                  20002ef6    00000002     --HOLE-- [fill = 0]
                  20002ef8    00000010     simplelink_opt.a : cc_pal.obj (.text:NwpMaskInterrupt)
                  20002f08    00000010                      : device.obj (.text:_sl_GetStartResponseConvert)
                  20002f18    0000000e                      : driver.obj (.text:_SlDrvObjUnLock)
                  20002f26    0000000e                      : driver.obj (.text:_SlDrvSyncObjSignal)
                  20002f34    0000000e     rtsv7M4_T_le_eabi.lib : copy_decompress_none.obj (.text:decompress:none)
                  20002f42    0000000e     startup_ccs.obj (.text)
                  20002f50    0000000c     simplelink_opt.a : cc_pal.obj (.text:NwpUnMaskInterrupt)
                  20002f5c    0000000c     main.obj (.text:Run)
                  20002f68    0000000c     rtsv7M4_T_le_eabi.lib : copy_zero_init.obj (.text:decompress:ZI)
                  20002f74    0000000c     driverlib.a : udma.obj (.text:uDMADisable)
                  20002f80    0000000c                 : udma.obj (.text:uDMAEnable)
                  20002f8c    0000000c                 : udma.obj (.text:uDMAIntStatus)
                  20002f98    0000000a                 : interrupt.obj (.text:IntMasterEnable)
                  20002fa2    00000008     simplelink_opt.a : nonos.obj (.text:_SlNonOsSemSet)
                  20002faa    00000006     driverlib.a : utils.obj (.text:UtilsDelay)
                  20002fb0    00000006     rtsv7M4_T_le_eabi.lib : copy_decompress_rle.obj (.text:decompress:rle24)
                  20002fb6    00000004                           : pre_init.obj (.text)

.const     0    20002fbc    0000035c     
                  20002fbc    000000d4     driverlib.a : interrupt.obj (.const:g_pulRegs)
                  20003090    000000a8                 : prcm.obj (.const:PRCM_PeriphRegsList)
                  20003138    000000a8     simplelink_opt.a : driver.obj (.const)
                  200031e0    00000080     driverlib.a : interrupt.obj (.const)
                  20003260    00000038     simplelink_opt.a : fs.obj (.const)
                  20003298    00000028                      : netapp.obj (.const)
                  200032c0    00000024     driverlib.a : spi.obj (.const:g_ppulSPIIntMap)
                  200032e4    0000001c     simplelink_opt.a : device.obj (.const)
                  20003300    00000018     driverlib.a : spi.obj (.const)

.cinit     0    20003318    00000040     
                  20003318    00000016     (.cinit..data.load) [load image, compression = rle]
                  2000332e    00000002     --HOLE-- [fill = 0]
                  20003330    0000000c     (__TI_handler_table)
                  2000333c    00000004     --HOLE-- [fill = 0]
                  20003340    00000008     (.cinit..bss.load) [load image, compression = zero_init]
                  20003348    00000010     (__TI_cinit_table)

.bss       0    20003800    00000262     UNINITIALIZED
                  20003800    00000200     udma_if.obj (.bss:gpCtlTbl)
                  20003a00    00000038     main.obj (.bss)
                  20003a38    00000028     simplelink_opt.a : nonos.obj (.bss:g__SlNonOsCB)
                  20003a60    00000001     (.common:RxIrqCnt)
                  20003a61    00000001     (.common:g_cDummy)

.data      0    20003a64    000001e4     UNINITIALIZED
                  20003a64    00000174     simplelink_opt.a : driver.obj (.data)
                  20003bd8    0000005c                      : cc_pal.obj (.data)
                  20003c34    00000008     rtsv7M4_T_le_eabi.lib : _lock.obj (.data)
                  20003c3c    00000008                           : exit.obj (.data)
                  20003c44    00000004                           : stkdepth_vars.obj (.data)

.TI.noinit 
*          0    20003800    00000000     UNINITIALIZED

.TI.persistent 
*          0    20003a64    00000000     UNINITIALIZED

.stack     0    20003d80    00000280     UNINITIALIZED
                  20003d80    00000280     --HOLE--


LINKER GENERATED COPY TABLES

__TI_cinit_table @ 20003348 records: 2, size/record: 8, table size: 16
	.data: load addr=20003318, load size=00000016 bytes, run addr=20003a64, run size=000001e4 bytes, compression=rle
	.bss: load addr=20003340, load size=00000008 bytes, run addr=20003800, run size=00000262 bytes, compression=zero_init


LINKER GENERATED HANDLER TABLE

__TI_handler_table @ 20003330 records: 3, size/record: 4, table size: 12
	index: 0, handler: __TI_decompress_rle24
	index: 1, handler: __TI_decompress_none
	index: 2, handler: __TI_zero_init


GLOBAL SYMBOLS: SORTED ALPHABETICALLY BY Name 

address   name                               
-------   ----                               
20002809  C$$EXIT                            
20002e49  CPUcpsie                           
20002cc5  CopyPingResultsToReport            
20001d4b  DmaErrorIntHandler                 
20002bc1  DmaSpiSwIntHandler                 
20001d3f  DmaSwIntHandler                    
200013e1  IntDisable                         
20001489  IntEnable                          
20002f99  IntMasterEnable                    
20002311  IntPendClear                       
20002419  IntPrioritySet                     
20002c4d  IntRegister                        
20002be5  IntUnregister                      
20002e5d  IntVTableBaseSet                   
20000715  LoadAndExecute                     
20002ef9  NwpMaskInterrupt                   
2000290d  NwpPowerOff                        
20002b0d  NwpPowerOn                         
20001b01  NwpPowerOnPreamble                 
20002a39  NwpRegisterInterruptHandler        
20002f51  NwpUnMaskInterrupt                 
200031a4  OpcodeTranslateTable               
20000a69  PRCMCC3200MCUInit                  
20002df1  PRCMHIBRegRead                     
20002e07  PRCMHIBRegWrite                    
20002b99  PRCMPeripheralClkDisable           
20002949  PRCMPeripheralClkEnable            
20001839  PRCMPeripheralClockGet             
20002369  PRCMPeripheralReset                
20002a71  PRCMPeripheralStatusGet            
20002b6d  PRCMSysResetCauseGet               
20002f43  ResetISR                           
20002f5d  Run                                
20003a60  RxIrqCnt                           
2000314c  RxMsgClassLUT                      
UNDEFED   SHT$$INIT_ARRAY$$Base              
UNDEFED   SHT$$INIT_ARRAY$$Limit             
20002d61  SPICSDisable                       
20002d79  SPICSEnable                        
20001531  SPIConfigSetExpClk                 
20002d91  SPIDisable                         
20002cdf  SPIDmaDisable                      
20002cf9  SPIDmaEnable                       
20002da9  SPIEnable                          
20002d13  SPIFIFODisable                     
20002d2d  SPIFIFOEnable                      
20002aa5  SPIFIFOLevelSet                    
2000277d  SPIIntClear                        
200025b5  SPIIntEnable                       
20002d47  SPIIntUnregister                   
20002c09  SPIReset                           
20002c2b  SPIWordCountSet                    
20000891  SimpleLinkHttpServerCallback       
2000088f  SimpleLinkNetAppEventHandler       
2000088d  SimpleLinkSockEventHandler         
2000088b  SimpleLinkWlanEventHandler         
200032f8  StartResponseLUT                   
20001d2b  UDMADeInit                         
20001ced  UDMAInit                           
20002fab  UtilsDelay                         
2000316c  _SlActionLookupTable               
20002515  _SlAsyncEventGenericHandler        
200032f0  _SlDeviceGetCmdCtrl                
200032f4  _SlDeviceSetCmdCtrl                
20001c75  _SlDrvClassifyRxMsg                
20001e4d  _SlDrvCmdOp                        
200023c1  _SlDrvCmdSend                      
20002e71  _SlDrvDeviceEventHandler           
2000195d  _SlDrvDriverCBDeinit               
20000ec9  _SlDrvDriverCBInit                 
20000309  _SlDrvMsgRead                      
200015d1  _SlDrvMsgReadCmdCtx                
20001eb9  _SlDrvMsgReadSpawnCtx              
20000cc5  _SlDrvMsgWrite                     
2000132d  _SlDrvNetAppEventHandler           
20002ec1  _SlDrvObjLockWaitForever           
20002f19  _SlDrvObjUnLock                    
20002ad9  _SlDrvProtectAsyncRespSetting      
20002c8d  _SlDrvProtectionObjLockWaitForever 
20002dc1  _SlDrvProtectionObjUnLock          
200010a9  _SlDrvReleasePoolObj               
20000919  _SlDrvRxHdrRead                    
2000284d  _SlDrvRxIrqHandler                 
20002f27  _SlDrvSyncObjSignal                
20002ed3  _SlDrvSyncObjWaitForever           
20001265  _SlDrvWaitForPoolObj               
200032ec  _SlEventMaskGetCmdCtrl             
200032e8  _SlEventMaskSetCmdCtrl             
20001709  _SlFindAndSetActiveObj             
20003264  _SlFsCloseCmdCtrl                  
20003274  _SlFsDeleteCmdCtrl                 
20003270  _SlFsGetInfoCmdCtrl                
20003260  _SlFsOpenCmdCtrl                   
20003268  _SlFsReadCmdCtrl                   
2000326c  _SlFsWriteCmdCtrl                  
200032b0  _SlGetHostByNameCtrl               
200032ac  _SlGetHostByServiceCtrl            
200032a4  _SlGetServiceListeCtrl             
200032bc  _SlNetAppGetCmdCtrl                
200032b8  _SlNetAppSendTokenValueCmdCtrl     
200032b4  _SlNetAppSetCmdCtrl                
2000329c  _SlNetAppStartCtrl                 
200032a0  _SlNetAppStopCtrl                  
2000264d  _SlNonOsMainLoopTask               
20002b3d  _SlNonOsSemGet                     
20002fa3  _SlNonOsSemSet                     
20002c6d  _SlNonOsSpawn                      
200032a8  _SlRegisterServiceCtrl             
2000288d  _SlRemoveFromList                  
200032e4  _SlStopCmdCtrl                     
20004000  __STACK_END                        
00000280  __STACK_SIZE                       
20003348  __TI_CINIT_Base                    
20003358  __TI_CINIT_Limit                   
20003330  __TI_Handler_Table_Base            
2000333c  __TI_Handler_Table_Limit           
20001f25  __TI_auto_init                     
20003c3c  __TI_cleanup_ptr                   
20002f35  __TI_decompress_none               
20002fb1  __TI_decompress_rle24              
20003c40  __TI_dtors_ptr                     
20003318  __TI_static_base__                 
20002f69  __TI_zero_init                     
20001b81  __aeabi_memclr                     
20001b81  __aeabi_memclr4                    
20001b81  __aeabi_memclr8                    
2000166d  __aeabi_memcpy                     
2000166d  __aeabi_memcpy4                    
2000166d  __aeabi_memcpy8                    
20001b83  __aeabi_memset                     
20001b83  __aeabi_memset4                    
20001b83  __aeabi_memset8                    
ffffffff  __binit__                          
ffffffff  __c_args__                         
20003d80  __stack                            
20002dd9  _args_main                         
200029c1  _c_int00                           
20003c34  _lock                              
20002e93  _nop                               
20002e8b  _register_lock                     
20002e85  _register_unlock                   
20002065  _sl_GetCreateFsMode                
20002f09  _sl_GetStartResponseConvert        
20002699  _sl_HandleAsync_Accept             
20002565  _sl_HandleAsync_Connect            
200020c9  _sl_HandleAsync_DnsGetHostByName   
2000212d  _sl_HandleAsync_DnsGetHostByService
20002259  _sl_HandleAsync_InitComplete       
200022b5  _sl_HandleAsync_PingResponse       
200028cd  _sl_HandleAsync_Select             
20002985  _sl_HandleAsync_Stop               
2000246d  _sl_NetAppSendTokenValue           
20002e1d  _sl_Strlen                         
20002fb7  _system_pre_init                   
20003c38  _unlock                            
2000280d  abort                              
ffffffff  binit                              
200026e5  copy_in                            
20002815  exit                               
20003a68  gFirstCmdMode                      
20003144  g_H2NCnysPattern                   
2000313c  g_H2NSyncPattern                   
20003bd8  g_SpiFd                            
20003a70  g_StatMem                          
20003a38  g__SlNonOsCB                       
20003a61  g_cDummy                           
20003a6c  g_pCB                              
20003bdc  g_pHostIntHdl                      
20000000  g_pfnVectors                       
20003be0  g_ucDMAEnabled                     
20003be4  g_ucDinDout                        
20003800  gpCtlTbl                           
200007d9  main                               
20003c44  main_func_sp                       
2000166d  memcpy                             
20001b89  memset                             
20003a64  pPingCallBackFunc                  
20001d65  sl_FsClose                         
20001ffd  sl_FsGetInfo                       
200024c1  sl_FsOpen                          
200019e9  sl_FsRead                          
20001a75  sl_FsWrite                         
200018cd  sl_Start                           
200017a1  sl_Stop                            
20001dd9  spi_Close                          
20000b9d  spi_Open                           
20001191  spi_Read                           
20000dd5  spi_Write                          
20002731  uDMAChannelAssign                  
20002191  uDMAChannelAttributeDisable        
200021f5  uDMAChannelAttributeEnable         
200029fd  uDMAChannelControlSet              
20002ca9  uDMAChannelEnable                  
20000fb9  uDMAChannelTransferSet             
20002e99  uDMAControlBaseSet                 
20002f75  uDMADisable                        
20002f81  uDMAEnable                         
20002ead  uDMAIntClear                       
20002e33  uDMAIntRegister                    
20002f8d  uDMAIntStatus                      
20002ee5  uDMAIntUnregister                  


GLOBAL SYMBOLS: SORTED BY Symbol Address 

address   name                               
-------   ----                               
00000280  __STACK_SIZE                       
20000000  g_pfnVectors                       
20000309  _SlDrvMsgRead                      
20000715  LoadAndExecute                     
200007d9  main                               
2000088b  SimpleLinkWlanEventHandler         
2000088d  SimpleLinkSockEventHandler         
2000088f  SimpleLinkNetAppEventHandler       
20000891  SimpleLinkHttpServerCallback       
20000919  _SlDrvRxHdrRead                    
20000a69  PRCMCC3200MCUInit                  
20000b9d  spi_Open                           
20000cc5  _SlDrvMsgWrite                     
20000dd5  spi_Write                          
20000ec9  _SlDrvDriverCBInit                 
20000fb9  uDMAChannelTransferSet             
200010a9  _SlDrvReleasePoolObj               
20001191  spi_Read                           
20001265  _SlDrvWaitForPoolObj               
2000132d  _SlDrvNetAppEventHandler           
200013e1  IntDisable                         
20001489  IntEnable                          
20001531  SPIConfigSetExpClk                 
200015d1  _SlDrvMsgReadCmdCtx                
2000166d  __aeabi_memcpy                     
2000166d  __aeabi_memcpy4                    
2000166d  __aeabi_memcpy8                    
2000166d  memcpy                             
20001709  _SlFindAndSetActiveObj             
200017a1  sl_Stop                            
20001839  PRCMPeripheralClockGet             
200018cd  sl_Start                           
2000195d  _SlDrvDriverCBDeinit               
200019e9  sl_FsRead                          
20001a75  sl_FsWrite                         
20001b01  NwpPowerOnPreamble                 
20001b81  __aeabi_memclr                     
20001b81  __aeabi_memclr4                    
20001b81  __aeabi_memclr8                    
20001b83  __aeabi_memset                     
20001b83  __aeabi_memset4                    
20001b83  __aeabi_memset8                    
20001b89  memset                             
20001c75  _SlDrvClassifyRxMsg                
20001ced  UDMAInit                           
20001d2b  UDMADeInit                         
20001d3f  DmaSwIntHandler                    
20001d4b  DmaErrorIntHandler                 
20001d65  sl_FsClose                         
20001dd9  spi_Close                          
20001e4d  _SlDrvCmdOp                        
20001eb9  _SlDrvMsgReadSpawnCtx              
20001f25  __TI_auto_init                     
20001ffd  sl_FsGetInfo                       
20002065  _sl_GetCreateFsMode                
200020c9  _sl_HandleAsync_DnsGetHostByName   
2000212d  _sl_HandleAsync_DnsGetHostByService
20002191  uDMAChannelAttributeDisable        
200021f5  uDMAChannelAttributeEnable         
20002259  _sl_HandleAsync_InitComplete       
200022b5  _sl_HandleAsync_PingResponse       
20002311  IntPendClear                       
20002369  PRCMPeripheralReset                
200023c1  _SlDrvCmdSend                      
20002419  IntPrioritySet                     
2000246d  _sl_NetAppSendTokenValue           
200024c1  sl_FsOpen                          
20002515  _SlAsyncEventGenericHandler        
20002565  _sl_HandleAsync_Connect            
200025b5  SPIIntEnable                       
2000264d  _SlNonOsMainLoopTask               
20002699  _sl_HandleAsync_Accept             
200026e5  copy_in                            
20002731  uDMAChannelAssign                  
2000277d  SPIIntClear                        
20002809  C$$EXIT                            
2000280d  abort                              
20002815  exit                               
2000284d  _SlDrvRxIrqHandler                 
2000288d  _SlRemoveFromList                  
200028cd  _sl_HandleAsync_Select             
2000290d  NwpPowerOff                        
20002949  PRCMPeripheralClkEnable            
20002985  _sl_HandleAsync_Stop               
200029c1  _c_int00                           
200029fd  uDMAChannelControlSet              
20002a39  NwpRegisterInterruptHandler        
20002a71  PRCMPeripheralStatusGet            
20002aa5  SPIFIFOLevelSet                    
20002ad9  _SlDrvProtectAsyncRespSetting      
20002b0d  NwpPowerOn                         
20002b3d  _SlNonOsSemGet                     
20002b6d  PRCMSysResetCauseGet               
20002b99  PRCMPeripheralClkDisable           
20002bc1  DmaSpiSwIntHandler                 
20002be5  IntUnregister                      
20002c09  SPIReset                           
20002c2b  SPIWordCountSet                    
20002c4d  IntRegister                        
20002c6d  _SlNonOsSpawn                      
20002c8d  _SlDrvProtectionObjLockWaitForever 
20002ca9  uDMAChannelEnable                  
20002cc5  CopyPingResultsToReport            
20002cdf  SPIDmaDisable                      
20002cf9  SPIDmaEnable                       
20002d13  SPIFIFODisable                     
20002d2d  SPIFIFOEnable                      
20002d47  SPIIntUnregister                   
20002d61  SPICSDisable                       
20002d79  SPICSEnable                        
20002d91  SPIDisable                         
20002da9  SPIEnable                          
20002dc1  _SlDrvProtectionObjUnLock          
20002dd9  _args_main                         
20002df1  PRCMHIBRegRead                     
20002e07  PRCMHIBRegWrite                    
20002e1d  _sl_Strlen                         
20002e33  uDMAIntRegister                    
20002e49  CPUcpsie                           
20002e5d  IntVTableBaseSet                   
20002e71  _SlDrvDeviceEventHandler           
20002e85  _register_unlock                   
20002e8b  _register_lock                     
20002e93  _nop                               
20002e99  uDMAControlBaseSet                 
20002ead  uDMAIntClear                       
20002ec1  _SlDrvObjLockWaitForever           
20002ed3  _SlDrvSyncObjWaitForever           
20002ee5  uDMAIntUnregister                  
20002ef9  NwpMaskInterrupt                   
20002f09  _sl_GetStartResponseConvert        
20002f19  _SlDrvObjUnLock                    
20002f27  _SlDrvSyncObjSignal                
20002f35  __TI_decompress_none               
20002f43  ResetISR                           
20002f51  NwpUnMaskInterrupt                 
20002f5d  Run                                
20002f69  __TI_zero_init                     
20002f75  uDMADisable                        
20002f81  uDMAEnable                         
20002f8d  uDMAIntStatus                      
20002f99  IntMasterEnable                    
20002fa3  _SlNonOsSemSet                     
20002fab  UtilsDelay                         
20002fb1  __TI_decompress_rle24              
20002fb7  _system_pre_init                   
2000313c  g_H2NSyncPattern                   
20003144  g_H2NCnysPattern                   
2000314c  RxMsgClassLUT                      
2000316c  _SlActionLookupTable               
200031a4  OpcodeTranslateTable               
20003260  _SlFsOpenCmdCtrl                   
20003264  _SlFsCloseCmdCtrl                  
20003268  _SlFsReadCmdCtrl                   
2000326c  _SlFsWriteCmdCtrl                  
20003270  _SlFsGetInfoCmdCtrl                
20003274  _SlFsDeleteCmdCtrl                 
2000329c  _SlNetAppStartCtrl                 
200032a0  _SlNetAppStopCtrl                  
200032a4  _SlGetServiceListeCtrl             
200032a8  _SlRegisterServiceCtrl             
200032ac  _SlGetHostByServiceCtrl            
200032b0  _SlGetHostByNameCtrl               
200032b4  _SlNetAppSetCmdCtrl                
200032b8  _SlNetAppSendTokenValueCmdCtrl     
200032bc  _SlNetAppGetCmdCtrl                
200032e4  _SlStopCmdCtrl                     
200032e8  _SlEventMaskSetCmdCtrl             
200032ec  _SlEventMaskGetCmdCtrl             
200032f0  _SlDeviceGetCmdCtrl                
200032f4  _SlDeviceSetCmdCtrl                
200032f8  StartResponseLUT                   
20003318  __TI_static_base__                 
20003330  __TI_Handler_Table_Base            
2000333c  __TI_Handler_Table_Limit           
20003348  __TI_CINIT_Base                    
20003358  __TI_CINIT_Limit                   
20003800  gpCtlTbl                           
20003a38  g__SlNonOsCB                       
20003a60  RxIrqCnt                           
20003a61  g_cDummy                           
20003a64  pPingCallBackFunc                  
20003a68  gFirstCmdMode                      
20003a6c  g_pCB                              
20003a70  g_StatMem                          
20003bd8  g_SpiFd                            
20003bdc  g_pHostIntHdl                      
20003be0  g_ucDMAEnabled                     
20003be4  g_ucDinDout                        
20003c34  _lock                              
20003c38  _unlock                            
20003c3c  __TI_cleanup_ptr                   
20003c40  __TI_dtors_ptr                     
20003c44  main_func_sp                       
20003d80  __stack                            
20004000  __STACK_END                        
ffffffff  __binit__                          
ffffffff  __c_args__                         
ffffffff  binit                              
UNDEFED   SHT$$INIT_ARRAY$$Base              
UNDEFED   SHT$$INIT_ARRAY$$Limit             

[201 symbols]
