******************************************************************************
                  TI ARM Linker PC v5.2.2                      
******************************************************************************
>> Linked Fri Jun 19 18:58:11 2015

OUTPUT FILE NAME:   <sdhost.out>
ENTRY POINT SYMBOL: "_c_int00"  address: 200071ad


MEMORY CONFIGURATION

         name            origin    length      used     unused   attr    fill
----------------------  --------  ---------  --------  --------  ----  --------
  SRAM_CODE             20004000   00013000  00003cc6  0000f33a  RW X
  SRAM_DATA             20017000   00019000  00001b60  000174a0  RW X


SEGMENT ALLOCATION MAP

run origin  load origin   length   init length attrs members
----------  ----------- ---------- ----------- ----- -------
20004000    20004000    00003cc8   00003cc8    r-x
  20004000    20004000    00000400   00000400    r-- .intvecs
  20004400    20004400    00003522   00003522    r-x .text
  20007924    20007924    0000032c   0000032c    r-- .const
  20007c50    20007c50    00000078   00000078    r-- .cinit
20017000    20017000    00000b64   00000000    rw-
  20017000    20017000    00000800   00000000    rw- .sysmem
  20017800    20017800    00000204   00000000    rw- .bss
  20017a08    20017a08    0000015c   00000000    rw- .data
2002f000    2002f000    00001000   00000000    rw-
  2002f000    2002f000    00001000   00000000    rw- .stack


SECTION ALLOCATION MAP

 output                                  attributes/
section   page    origin      length       input sections
--------  ----  ----------  ----------   ----------------
.intvecs   0    20004000    00000400     
                  20004000    00000400     startup_ccs.obj (.intvecs)

.init_array 
*          0    20004000    00000000     UNINITIALIZED

.text      0    20004400    00003522     
                  20004400    000010ba     rtsv7M4_T_le_v4SPD16_eabi.lib : _printfi.obj (.text)
                  200054ba    00000002     --HOLE-- [fill = 0]
                  200054bc    000005b0     main.obj (.text)
                  20005a6c    000003dc     rtsv7M4_T_le_v4SPD16_eabi.lib : memory.obj (.text)
                  20005e48    00000280     uart_if.obj (.text)
                  200060c8    000001f4     rtsv7M4_T_le_v4SPD16_eabi.lib : ull_div_t2.obj (.text)
                  200062bc    000001b6                                   : fd_add_t2.obj (.text)
                  20006472    00000136                                   : fd_div_t2.obj (.text)
                  200065a8    00000134     driverlib.a : prcm.obj (.text:PRCMCC3200MCUInit)
                  200066dc    00000110     rtsv7M4_T_le_v4SPD16_eabi.lib : xdscale.obj (.text)
                  200067ec    000000fc                                   : fd_mul_t2.obj (.text)
                  200068e8    000000be                                   : xdnorm.obj (.text)
                  200069a6    00000002     --HOLE-- [fill = 0]
                  200069a8    000000a8     driverlib.a : interrupt.obj (.text:IntEnable)
                  20006a50    0000009c     rtsv7M4_T_le_v4SPD16_eabi.lib : memcpy_t2.obj (.text)
                  20006aec    00000094     driverlib.a : prcm.obj (.text:PRCMPeripheralClockGet)
                  20006b80    00000088                 : pin.obj (.text:PinConfigSet)
                  20006c08    00000088     rtsv7M4_T_le_v4SPD16_eabi.lib : vsnprintf.obj (.text)
                  20006c90    00000086                                   : fd_cmp_t2.obj (.text:__aeabi_cdcmple)
                  20006d16    00000086                                   : fd_cmp_t2.obj (.text:__aeabi_cdrcmple)
                  20006d9c    0000007c     driverlib.a : sdhost.obj (.text:SDHostInit)
                  20006e18    0000007a     rtsv7M4_T_le_v4SPD16_eabi.lib : memset_t2.obj (.text)
                  20006e92    00000076     driverlib.a : uart.obj (.text:UARTConfigSetExpClk)
                  20006f08    0000006c     rtsv7M4_T_le_v4SPD16_eabi.lib : autoinit.obj (.text)
                  20006f74    0000006a                                   : copy_decompress_rle.obj (.text)
                  20006fde    00000066     driverlib.a : sdhost.obj (.text:SDHostSetExpClk)
                  20007044    00000066     rtsv7M4_T_le_v4SPD16_eabi.lib : xdunscal.obj (.text)
                  200070aa    00000002     --HOLE-- [fill = 0]
                  200070ac    00000058     driverlib.a : prcm.obj (.text:PRCMPeripheralReset)
                  20007104    00000056     rtsv7M4_T_le_v4SPD16_eabi.lib : ltoa.obj (.text)
                  2000715a    00000052                                   : ldexp.obj (.text)
                  200071ac    00000050                                   : boot.obj (.text)
                  200071fc    0000004c                                   : atoi.obj (.text)
                  20007248    0000004c                                   : cpy_tbl.obj (.text)
                  20007294    00000048                                   : fd_toi_t2.obj (.text)
                  200072dc    00000044                                   : exit.obj (.text)
                  20007320    00000040     driverlib.a : pin.obj (.text:PinModeSet)
                  20007360    00000040     rtsv7M4_T_le_v4SPD16_eabi.lib : signal.obj (.text)
                  200073a0    0000003e     driverlib.a : sdhost.obj (.text:SDHostCmdSend)
                  200073de    00000002     --HOLE-- [fill = 0]
                  200073e0    0000003c                 : prcm.obj (.text:PRCMPeripheralClkEnable)
                  2000741c    0000003c                 : pin.obj (.text:PinDirModeSet)
                  20007458    0000003c     pinmux.obj (.text)
                  20007494    00000034     driverlib.a : sdhost.obj (.text:SDHostRespGet)
                  200074c8    00000034     rtsv7M4_T_le_v4SPD16_eabi.lib : feraiseexcept.obj (.text)
                  200074fc    00000030     driverlib.a : uart.obj (.text:UARTDisable)
                  2000752c    00000030     rtsv7M4_T_le_v4SPD16_eabi.lib : xdclass.obj (.text)
                  2000755c    00000030                                   : xferaise.obj (.text)
                  2000758c    0000002e                                   : i_tofd_t2.obj (.text)
                  200075ba    0000002e                                   : raise.obj (.text)
                  200075e8    0000002c     driverlib.a : prcm.obj (.text:PRCMSysResetCauseGet)
                  20007614    0000002c                 : sdhost.obj (.text:SDHostIntStatus)
                  20007640    0000002a     rtsv7M4_T_le_v4SPD16_eabi.lib : frexp.obj (.text)
                  2000766a    00000002     --HOLE-- [fill = 0]
                  2000766c    00000028     driverlib.a : prcm.obj (.text:PRCMPeripheralClkDisable)
                  20007694    00000028                 : sdhost.obj (.text:SDHostBlockSizeSet)
                  200076bc    00000026                 : sdhost.obj (.text:SDHostBlockCountSet)
                  200076e2    00000002     --HOLE-- [fill = 0]
                  200076e4    00000024                 : sdhost.obj (.text:SDHostIntClear)
                  20007708    00000024                 : uart.obj (.text:UARTEnable)
                  2000772c    00000024     rtsv7M4_T_le_v4SPD16_eabi.lib : memmov.obj (.text)
                  20007750    00000022     driverlib.a : sdhost.obj (.text:SDHostCmdReset)
                  20007772    00000020                 : sdhost.obj (.text:SDHostDataRead)
                  20007792    0000001e                 : uart.obj (.text:UARTCharPut)
                  200077b0    0000001c                 : uart.obj (.text:UARTCharGetNonBlocking)
                  200077cc    0000001c     rtsv7M4_T_le_v4SPD16_eabi.lib : memccpy.obj (.text)
                  200077e8    0000001a     driverlib.a : pin.obj (.text:PinTypeSDHost)
                  20007802    0000001a                 : pin.obj (.text:PinTypeUART)
                  2000781c    00000018                 : uart.obj (.text:UARTCharsAvail)
                  20007834    00000018     rtsv7M4_T_le_v4SPD16_eabi.lib : args_main.obj (.text)
                  2000784c    00000016     driverlib.a : prcm.obj (.text:PRCMHIBRegRead)
                  20007862    00000016                 : prcm.obj (.text:PRCMHIBRegWrite)
                  20007878    00000016     rtsv7M4_T_le_v4SPD16_eabi.lib : strchr.obj (.text)
                  2000788e    00000014     driverlib.a : cpu.obj (.text:CPUcpsie)
                  200078a2    00000002     --HOLE-- [fill = 0]
                  200078a4    00000014                 : interrupt.obj (.text:IntVTableBaseSet)
                  200078b8    00000014     rtsv7M4_T_le_v4SPD16_eabi.lib : _lock.obj (.text)
                  200078cc    00000014                                   : strlen.obj (.text)
                  200078e0    0000000e                                   : copy_decompress_none.obj (.text:decompress:none)
                  200078ee    0000000e     startup_ccs.obj (.text)
                  200078fc    0000000c     rtsv7M4_T_le_v4SPD16_eabi.lib : copy_zero_init.obj (.text:decompress:ZI)
                  20007908    0000000a     driverlib.a : interrupt.obj (.text:IntMasterEnable)
                  20007912    00000006                 : utils.obj (.text:UtilsDelay)
                  20007918    00000006     rtsv7M4_T_le_v4SPD16_eabi.lib : copy_decompress_rle.obj (.text:decompress:rle24)
                  2000791e    00000004                                   : pre_init.obj (.text)

.const     0    20007924    0000032c     
                  20007924    00000101     rtsv7M4_T_le_v4SPD16_eabi.lib : ctype.obj (.const:.string:_ctypes_)
                  20007a25    00000003     --HOLE-- [fill = 0]
                  20007a28    00000100     driverlib.a : pin.obj (.const:g_ulPinToPadMap)
                  20007b28    000000a8                 : prcm.obj (.const:PRCM_PeriphRegsList)
                  20007bd0    00000080                 : interrupt.obj (.const)

.cinit     0    20007c50    00000078     
                  20007c50    0000004e     (.cinit..data.load) [load image, compression = rle]
                  20007c9e    00000002     --HOLE-- [fill = 0]
                  20007ca0    0000000c     (__TI_handler_table)
                  20007cac    00000004     --HOLE-- [fill = 0]
                  20007cb0    00000008     (.cinit..bss.load) [load image, compression = zero_init]
                  20007cb8    00000010     (__TI_cinit_table)

.sysmem    0    20017000    00000800     UNINITIALIZED
                  20017000    00000008     rtsv7M4_T_le_v4SPD16_eabi.lib : memory.obj (.sysmem)
                  20017008    000007f8     --HOLE--

.bss       0    20017800    00000204     UNINITIALIZED
                  20017800    00000200     main.obj (.bss:g_ucDataBuff)
                  20017a00    00000004     (.common:__Errorlog)

.TI.noinit 
*          0    20017800    00000000     UNINITIALIZED

.data      0    20017a08    0000015c     UNINITIALIZED
                  20017a08    000000b0     rtsv7M4_T_le_v4SPD16_eabi.lib : signal.obj (.data:sigtable)
                  20017ab8    00000080                                   : xvalues.obj (.data)
                  20017b38    0000000c                                   : memory.obj (.data)
                  20017b44    00000008                                   : _lock.obj (.data)
                  20017b4c    00000008                                   : exit.obj (.data)
                  20017b54    00000008                                   : feraiseexcept.obj (.data)
                  20017b5c    00000004                                   : errno.obj (.data)
                  20017b60    00000004                                   : stkdepth_vars.obj (.data)

.TI.persistent 
*          0    20017a08    00000000     UNINITIALIZED

.stack     0    2002f000    00001000     UNINITIALIZED
                  2002f000    00001000     --HOLE--


LINKER GENERATED COPY TABLES

__TI_cinit_table @ 20007cb8 records: 2, size/record: 8, table size: 16
	.data: load addr=20007c50, load size=0000004e bytes, run addr=20017a08, run size=0000015c bytes, compression=rle
	.bss: load addr=20007cb0, load size=00000008 bytes, run addr=20017800, run size=00000204 bytes, compression=zero_init


LINKER GENERATED HANDLER TABLE

__TI_handler_table @ 20007ca0 records: 3, size/record: 4, table size: 12
	index: 0, handler: __TI_decompress_rle24
	index: 1, handler: __TI_decompress_none
	index: 2, handler: __TI_zero_init


GLOBAL SYMBOLS: SORTED ALPHABETICALLY BY Name 

address   name                    
-------   ----                    
200072dd  C$$EXIT                 
2000788f  CPUcpsie                
20005e89  ClearTerm               
20005e93  Error                   
20005ecb  GetCmd                  
20005e49  InitTerm                
200069a9  IntEnable               
20007909  IntMasterEnable         
200078a5  IntVTableBaseSet        
20005e67  Message                 
200065a9  PRCMCC3200MCUInit       
2000784d  PRCMHIBRegRead          
20007863  PRCMHIBRegWrite         
2000766d  PRCMPeripheralClkDisable
200073e1  PRCMPeripheralClkEnable 
20006aed  PRCMPeripheralClockGet  
200070ad  PRCMPeripheralReset     
200075e9  PRCMSysResetCauseGet    
20006b81  PinConfigSet            
2000741d  PinDirModeSet           
20007321  PinModeSet              
20007459  PinMuxConfig            
200077e9  PinTypeSDHost           
20007803  PinTypeUART             
20006009  Report                  
200078ef  ResetISR                
200076bd  SDHostBlockCountSet     
20007695  SDHostBlockSizeSet      
20007751  SDHostCmdReset          
200073a1  SDHostCmdSend           
20007773  SDHostDataRead          
20006d9d  SDHostInit              
200076e5  SDHostIntClear          
20007615  SDHostIntStatus         
20007495  SDHostRespGet           
20006fdf  SDHostSetExpClk         
UNDEFED   SHT$$INIT_ARRAY$$Base   
UNDEFED   SHT$$INIT_ARRAY$$Limit  
20005f71  TrimSpace               
200077b1  UARTCharGetNonBlocking  
20007793  UARTCharPut             
2000781d  UARTCharsAvail          
20006e93  UARTConfigSetExpClk     
200074fd  UARTDisable             
20007709  UARTEnable              
20007913  UtilsDelay              
2000752d  _Dclass                 
20017ab8  _Denorm                 
200068e9  _Dnorm                  
200066dd  _Dscale                 
20007045  _Dunscale               
20017ac8  _Eps                    
20017b5c  _Errno                  
20017b54  _Fenv                   
2000755d  _Feraise                
20017ad8  _Hugeval                
20017ae8  _Inf                    
20017af8  _Nan                    
20017b18  _Rteps                  
20017b08  _Snan                   
20017b58  _Tls_setup__Fenv        
20017b28  _Xbig                   
20017b30  _Zero                   
20030000  __STACK_END             
00001000  __STACK_SIZE            
00000800  __SYSMEM_SIZE           
20007cb8  __TI_CINIT_Base         
20007cc8  __TI_CINIT_Limit        
20007ca0  __TI_Handler_Table_Base 
20007cac  __TI_Handler_Table_Limit
20006f09  __TI_auto_init          
20017b4c  __TI_cleanup_ptr        
200078e1  __TI_decompress_none    
20007919  __TI_decompress_rle24   
20017b50  __TI_dtors_ptr          
200051b5  __TI_printfi            
20007c50  __TI_static_base__      
200078fd  __TI_zero_init          
20006c91  __aeabi_cdcmpeq         
20006c91  __aeabi_cdcmple         
20006d17  __aeabi_cdrcmple        
20007295  __aeabi_d2iz            
200062c7  __aeabi_dadd            
20006473  __aeabi_ddiv            
200067ed  __aeabi_dmul            
200062bd  __aeabi_dsub            
2000758d  __aeabi_i2d             
20006e19  __aeabi_memclr          
20006e19  __aeabi_memclr4         
20006e19  __aeabi_memclr8         
20006a51  __aeabi_memcpy          
20006a51  __aeabi_memcpy4         
20006a51  __aeabi_memcpy8         
20006e1b  __aeabi_memset          
20006e1b  __aeabi_memset4         
20006e1b  __aeabi_memset8         
200060c9  __aeabi_uldivmod        
ffffffff  __binit__               
ffffffff  __c_args__              
2002f000  __stack                 
20007835  _args_main              
200071ad  _c_int00                
20007924  _ctypes_                
20017b44  _lock                   
200078c7  _nop                    
200078bf  _register_lock          
200078b9  _register_unlock        
20017000  _sys_memory             
2000791f  _system_pre_init        
20017b48  _unlock                 
200072e1  abort                   
200071fd  atoi                    
ffffffff  binit                   
20005e15  calloc                  
20007249  copy_in                 
200072e9  exit                    
200074c9  feraiseexcept           
20005b63  free                    
20007641  frexp                   
20004000  g_pfnVectors            
2000715b  ldexp                   
20007105  ltoa                    
2000577d  main                    
20017b60  main_func_sp            
20005afb  malloc                  
20005d31  memalign                
200077cd  memccpy                 
20006a51  memcpy                  
2000772d  memmove                 
20006e21  memset                  
20005a6d  minit                   
200075bb  raise                   
20005c25  realloc                 
20007361  signal                  
20007879  strchr                  
200078cd  strlen                  
20006c09  vsnprintf               


GLOBAL SYMBOLS: SORTED BY Symbol Address 

address   name                    
-------   ----                    
00000800  __SYSMEM_SIZE           
00001000  __STACK_SIZE            
20004000  g_pfnVectors            
200051b5  __TI_printfi            
2000577d  main                    
20005a6d  minit                   
20005afb  malloc                  
20005b63  free                    
20005c25  realloc                 
20005d31  memalign                
20005e15  calloc                  
20005e49  InitTerm                
20005e67  Message                 
20005e89  ClearTerm               
20005e93  Error                   
20005ecb  GetCmd                  
20005f71  TrimSpace               
20006009  Report                  
200060c9  __aeabi_uldivmod        
200062bd  __aeabi_dsub            
200062c7  __aeabi_dadd            
20006473  __aeabi_ddiv            
200065a9  PRCMCC3200MCUInit       
200066dd  _Dscale                 
200067ed  __aeabi_dmul            
200068e9  _Dnorm                  
200069a9  IntEnable               
20006a51  __aeabi_memcpy          
20006a51  __aeabi_memcpy4         
20006a51  __aeabi_memcpy8         
20006a51  memcpy                  
20006aed  PRCMPeripheralClockGet  
20006b81  PinConfigSet            
20006c09  vsnprintf               
20006c91  __aeabi_cdcmpeq         
20006c91  __aeabi_cdcmple         
20006d17  __aeabi_cdrcmple        
20006d9d  SDHostInit              
20006e19  __aeabi_memclr          
20006e19  __aeabi_memclr4         
20006e19  __aeabi_memclr8         
20006e1b  __aeabi_memset          
20006e1b  __aeabi_memset4         
20006e1b  __aeabi_memset8         
20006e21  memset                  
20006e93  UARTConfigSetExpClk     
20006f09  __TI_auto_init          
20006fdf  SDHostSetExpClk         
20007045  _Dunscale               
200070ad  PRCMPeripheralReset     
20007105  ltoa                    
2000715b  ldexp                   
200071ad  _c_int00                
200071fd  atoi                    
20007249  copy_in                 
20007295  __aeabi_d2iz            
200072dd  C$$EXIT                 
200072e1  abort                   
200072e9  exit                    
20007321  PinModeSet              
20007361  signal                  
200073a1  SDHostCmdSend           
200073e1  PRCMPeripheralClkEnable 
2000741d  PinDirModeSet           
20007459  PinMuxConfig            
20007495  SDHostRespGet           
200074c9  feraiseexcept           
200074fd  UARTDisable             
2000752d  _Dclass                 
2000755d  _Feraise                
2000758d  __aeabi_i2d             
200075bb  raise                   
200075e9  PRCMSysResetCauseGet    
20007615  SDHostIntStatus         
20007641  frexp                   
2000766d  PRCMPeripheralClkDisable
20007695  SDHostBlockSizeSet      
200076bd  SDHostBlockCountSet     
200076e5  SDHostIntClear          
20007709  UARTEnable              
2000772d  memmove                 
20007751  SDHostCmdReset          
20007773  SDHostDataRead          
20007793  UARTCharPut             
200077b1  UARTCharGetNonBlocking  
200077cd  memccpy                 
200077e9  PinTypeSDHost           
20007803  PinTypeUART             
2000781d  UARTCharsAvail          
20007835  _args_main              
2000784d  PRCMHIBRegRead          
20007863  PRCMHIBRegWrite         
20007879  strchr                  
2000788f  CPUcpsie                
200078a5  IntVTableBaseSet        
200078b9  _register_unlock        
200078bf  _register_lock          
200078c7  _nop                    
200078cd  strlen                  
200078e1  __TI_decompress_none    
200078ef  ResetISR                
200078fd  __TI_zero_init          
20007909  IntMasterEnable         
20007913  UtilsDelay              
20007919  __TI_decompress_rle24   
2000791f  _system_pre_init        
20007924  _ctypes_                
20007c50  __TI_static_base__      
20007ca0  __TI_Handler_Table_Base 
20007cac  __TI_Handler_Table_Limit
20007cb8  __TI_CINIT_Base         
20007cc8  __TI_CINIT_Limit        
20017000  _sys_memory             
20017ab8  _Denorm                 
20017ac8  _Eps                    
20017ad8  _Hugeval                
20017ae8  _Inf                    
20017af8  _Nan                    
20017b08  _Snan                   
20017b18  _Rteps                  
20017b28  _Xbig                   
20017b30  _Zero                   
20017b44  _lock                   
20017b48  _unlock                 
20017b4c  __TI_cleanup_ptr        
20017b50  __TI_dtors_ptr          
20017b54  _Fenv                   
20017b58  _Tls_setup__Fenv        
20017b5c  _Errno                  
20017b60  main_func_sp            
2002f000  __stack                 
20030000  __STACK_END             
ffffffff  __binit__               
ffffffff  __c_args__              
ffffffff  binit                   
UNDEFED   SHT$$INIT_ARRAY$$Base   
UNDEFED   SHT$$INIT_ARRAY$$Limit  

[137 symbols]
