******************************************************************************
                  TI ARM Linker PC v5.2.2                      
******************************************************************************
>> Linked Fri Jun 19 18:56:26 2015

OUTPUT FILE NAME:   <hib.out>
ENTRY POINT SYMBOL: "_c_int00"  address: 2000e521


MEMORY CONFIGURATION

         name            origin    length      used     unused   attr    fill
----------------------  --------  ---------  --------  --------  ----  --------
  SRAM_CODE             20004000   00013000  0000b84e  000077b2  RW X
  SRAM_DATA             20017000   00019000  00008d7e  00010282  RW X


SEGMENT ALLOCATION MAP

run origin  load origin   length   init length attrs members
----------  ----------- ---------- ----------- ----- -------
20004000    20004000    0000b850   0000b850    r-x
  20004000    20004000    00000400   00000400    r-- .intvecs
  20004400    20004400    0000ac66   0000ac66    r-x .text
  2000f068    2000f068    00000750   00000750    r-- .const
  2000f7b8    2000f7b8    00000098   00000098    r-- .cinit
20017000    20017000    00008584   00000000    rw-
  20017000    20017000    00008000   00000000    rw- .sysmem
  2001f000    2001f000    0000038a   00000000    rw- .bss
  2001f390    2001f390    000001f4   00000000    rw- .data
2002f800    2002f800    00000800   00000000    rw-
  2002f800    2002f800    00000800   00000000    rw- .stack


SECTION ALLOCATION MAP

 output                                  attributes/
section   page    origin      length       input sections
--------  ----  ----------  ----------   ----------------
.intvecs   0    20004000    00000400     
                  20004000    00000400     startup_ccs.obj (.intvecs)

.init_array 
*          0    20004000    00000000     UNINITIALIZED

.text      0    20004400    0000ac66     
                  20004400    000012e0     network_if.obj (.text)
                  200056e0    00001258     free_rtos.a : tasks.obj (.text)
                  20006938    000010a6     rtsv7M4_T_le_eabi.lib : _printfi.obj (.text)
                  200079de    00000002     driverlib.a : interrupt.obj (.text:IntDefaultHandler)
                  200079e0    00000b24     free_rtos.a : queue.obj (.text)
                  20008504    000005ec     simplelink.a : driver.obj (.text:_SlDrvMsgRead)
                  20008af0    000004bc     main.obj (.text)
                  20008fac    0000045c     free_rtos.a : osi_freertos.obj (.text)
                  20009408    000003dc     rtsv7M4_T_le_eabi.lib : memory.obj (.text)
                  200097e4    00000394     gpio_if.obj (.text)
                  20009b78    00000290     uart_if.obj (.text)
                  20009e08    00000248     simplelink.a : driver.obj (.text:_SlDrvRxHdrRead)
                  2000a050    00000244                  : wlan.obj (.text:sl_WlanConnect)
                  2000a294    000001f4     rtsv7M4_T_le_eabi.lib : ull_div_t2.obj (.text)
                  2000a488    000001d0     simplelink.a : driver.obj (.text:_SlDrvReleasePoolObj)
                  2000a658    000001cc                  : driver.obj (.text:_SlDrvMsgWrite)
                  2000a824    000001c0     timer_if.obj (.text)
                  2000a9e4    000001b6     rtsv7M4_T_le_eabi.lib : fd_add_t2.obj (.text)
                  2000ab9a    00000002     --HOLE-- [fill = 0]
                  2000ab9c    00000190     simplelink.a : driver.obj (.text:_SlDrvWaitForPoolObj)
                  2000ad2c    00000174                  : driver.obj (.text:_SlDrvDriverCBInit)
                  2000aea0    00000170                  : driver.obj (.text:_SlFindAndSetActiveObj)
                  2000b010    0000014c                  : cc_pal.obj (.text:spi_Open)
                  2000b15c    00000136     rtsv7M4_T_le_eabi.lib : fd_div_t2.obj (.text)
                  2000b292    00000002     --HOLE-- [fill = 0]
                  2000b294    00000134     driverlib.a : prcm.obj (.text:PRCMCC3200MCUInit)
                  2000b3c8    0000012a     free_rtos.a : list.obj (.text)
                  2000b4f2    00000002     --HOLE-- [fill = 0]
                  2000b4f4    00000118     simplelink.a : socket.obj (.text:sl_SendTo)
                  2000b60c    00000110     free_rtos.a : port.obj (.text)
                  2000b71c    00000110     rtsv7M4_T_le_eabi.lib : xdscale.obj (.text)
                  2000b82c    00000104     simplelink.a : driver.obj (.text:_SlDrvDataWriteOp)
                  2000b930    00000104                  : netapp.obj (.text:sl_NetAppDnsGetHostByName)
                  2000ba34    000000fe                  : netapp.obj (.text:_SlDrvNetAppEventHandler)
                  2000bb32    000000fc     rtsv7M4_T_le_eabi.lib : fd_mul_t2.obj (.text)
                  2000bc2e    00000002     --HOLE-- [fill = 0]
                  2000bc30    000000f4     simplelink.a : driver.obj (.text:_SlDrvDriverCBDeinit)
                  2000bd24    000000f0     driverlib.a : udma.obj (.text:uDMAChannelTransferSet)
                  2000be14    000000dc     simplelink.a : cc_pal.obj (.text:spi_Read)
                  2000bef0    000000d8                  : driver.obj (.text:_SlDrvClassifyRxMsg)
                  2000bfc8    000000d4                  : device.obj (.text:sl_Stop)
                  2000c09c    000000d4     utils_if.obj (.text)
                  2000c170    000000c8     simplelink.a : netapp.obj (.text:_sl_HandleAsync_DnsGetHostByService)
                  2000c238    000000c0                  : driver.obj (.text:_SlRemoveFromList)
                  2000c2f8    000000be     rtsv7M4_T_le_eabi.lib : xdnorm.obj (.text)
                  2000c3b6    00000002     --HOLE-- [fill = 0]
                  2000c3b8    000000bc     simplelink.a : driver.obj (.text:_SlDrvMsgReadCmdCtx)
                  2000c474    000000bc                  : device.obj (.text:sl_Start)
                  2000c530    000000ba     free_rtos.a : portasm.obj (.text)
                  2000c5ea    00000002     --HOLE-- [fill = 0]
                  2000c5ec    000000b8     simplelink.a : driver.obj (.text:_SlAsyncEventGenericHandler)
                  2000c6a4    000000b4                  : netapp.obj (.text:sl_NetAppMDNSRegisterUnregisterService)
                  2000c758    000000a8     driverlib.a : interrupt.obj (.text:IntDisable)
                  2000c800    000000a8                 : interrupt.obj (.text:IntEnable)
                  2000c8a8    000000a8     simplelink.a : netcfg.obj (.text:sl_NetCfgGet)
                  2000c950    000000a0     driverlib.a : spi.obj (.text:SPIConfigSetExpClk)
                  2000c9f0    0000009c     simplelink.a : driver.obj (.text:_SlDrvMsgReadSpawnCtx)
                  2000ca8c    0000009c     rtsv7M4_T_le_eabi.lib : memcpy_t2.obj (.text)
                  2000cb28    0000009c     simplelink.a : device.obj (.text:sl_DevGet)
                  2000cbc4    00000094     driverlib.a : prcm.obj (.text:PRCMPeripheralClockGet)
                  2000cc58    0000008c     simplelink.a : cc_pal.obj (.text:SetupDMAReceive)
                  2000cce4    0000008c                  : cc_pal.obj (.text:SetupDMASend)
                  2000cd70    0000008c                  : netapp.obj (.text:_sl_HandleAsync_DnsGetHostByName)
                  2000cdfc    0000008c                  : netapp.obj (.text:_sl_HandleAsync_PingResponse)
                  2000ce88    0000008c                  : cc_pal.obj (.text:spi_Write)
                  2000cf14    00000088     driverlib.a : prcm.obj (.text:PRCMHibernateIntervalSet)
                  2000cf9c    00000088                 : pin.obj (.text:PinConfigSet)
                  2000d024    00000088     rtsv7M4_T_le_eabi.lib : vsnprintf.obj (.text)
                  2000d0ac    00000086                           : fd_cmp_t2.obj (.text:__aeabi_cdcmple)
                  2000d132    00000086                           : fd_cmp_t2.obj (.text:__aeabi_cdrcmple)
                  2000d1b8    00000084     simplelink.a : cc_pal.obj (.text:NwpPowerOnPreamble)
                  2000d23c    00000082     driverlib.a : gpio.obj (.text:GPIOIntTypeSet)
                  2000d2be    00000002     --HOLE-- [fill = 0]
                  2000d2c0    00000080     simplelink.a : driver.obj (.text:_SlDrvCmdOp)
                  2000d340    00000080                  : cc_pal.obj (.text:spi_Read_CPU)
                  2000d3c0    00000080                  : cc_pal.obj (.text:spi_Write_CPU)
                  2000d440    0000007c                  : device.obj (.text:_sl_HandleAsync_InitComplete)
                  2000d4bc    0000007a     rtsv7M4_T_le_eabi.lib : memset_t2.obj (.text)
                  2000d536    00000002     --HOLE-- [fill = 0]
                  2000d538    00000078     simplelink.a : socket.obj (.text:_sl_HandleAsync_Connect)
                  2000d5b0    00000078                  : cc_pal.obj (.text:spi_Close)
                  2000d628    00000076     driverlib.a : uart.obj (.text:UARTConfigSetExpClk)
                  2000d69e    00000002     --HOLE-- [fill = 0]
                  2000d6a0    00000070                 : hwspinlock.obj (.text:HwSpinLockTryAcquire)
                  2000d710    0000006c     simplelink.a : driver.obj (.text:_SlDrvCmdSend)
                  2000d77c    0000006c     rtsv7M4_T_le_eabi.lib : autoinit.obj (.text)
                  2000d7e8    0000006a                           : copy_decompress_rle.obj (.text)
                  2000d852    00000002     --HOLE-- [fill = 0]
                  2000d854    00000068     driverlib.a : timer.obj (.text:TimerIntUnregister)
                  2000d8bc    00000068     simplelink.a : netapp.obj (.text:_sl_NetAppSendTokenValue)
                  2000d924    00000068                  : netcfg.obj (.text:sl_NetCfgSet)
                  2000d98c    00000068                  : wlan.obj (.text:sl_WlanSet)
                  2000d9f4    00000066     rtsv7M4_T_le_eabi.lib : xdunscal.obj (.text)
                  2000da5a    00000002     --HOLE-- [fill = 0]
                  2000da5c    00000064     driverlib.a : udma.obj (.text:uDMAChannelAttributeDisable)
                  2000dac0    00000064                 : udma.obj (.text:uDMAChannelAttributeEnable)
                  2000db24    00000060     simplelink.a : socket.obj (.text:_sl_HandleAsync_Accept)
                  2000db84    00000060                  : wlan.obj (.text:sl_WlanPolicySet)
                  2000dbe4    0000005c                  : socket.obj (.text:sl_Socket)
                  2000dc40    00000058     driverlib.a : interrupt.obj (.text:IntPendClear)
                  2000dc98    00000058                 : prcm.obj (.text:PRCMPeripheralReset)
                  2000dcf0    00000056     rtsv7M4_T_le_eabi.lib : ltoa.obj (.text)
                  2000dd46    00000002     --HOLE-- [fill = 0]
                  2000dd48    00000054     driverlib.a : interrupt.obj (.text:IntPrioritySet)
                  2000dd9c    00000054     simplelink.a : socket.obj (.text:_sl_HandleAsync_Select)
                  2000ddf0    00000054                  : wlan.obj (.text:sl_WlanRxFilterSet)
                  2000de44    00000050                  : device.obj (.text:_sl_HandleAsync_Stop)
                  2000de94    0000004c     driverlib.a : hwspinlock.obj (.text:HwSpinLockRelease)
                  2000dee0    0000004c                 : spi.obj (.text:SPIIntEnable)
                  2000df2c    0000004c     simplelink.a : driver.obj (.text:_SlDrvProtectAsyncRespSetting)
                  2000df78    0000004c                  : driver.obj (.text:_SlDrvRxIrqHandler)
                  2000dfc4    0000004c                  : socket.obj (.text:_sl_BuildAddress)
                  2000e010    0000004c     rtsv7M4_T_le_eabi.lib : atoi.obj (.text)
                  2000e05c    0000004c                           : cpy_tbl.obj (.text)
                  2000e0a8    0000004c     driverlib.a : udma.obj (.text:uDMAChannelAssign)
                  2000e0f4    00000048                 : prcm.obj (.text:PRCMHibernateWakeupSourceEnable)
                  2000e13c    00000048                 : spi.obj (.text:SPIIntClear)
                  2000e184    00000048     simplelink.a : driver.obj (.text:_SlDrvBasicCmd)
                  2000e1cc    00000048     rtsv7M4_T_le_eabi.lib : fd_toi_t2.obj (.text)
                  2000e214    00000046                           : ldexp.obj (.text)
                  2000e25a    00000002     --HOLE-- [fill = 0]
                  2000e25c    00000044     driverlib.a : spi.obj (.text:SPIDmaMaskGet)
                  2000e2a0    00000044                 : timer.obj (.text:TimerConfigure)
                  2000e2e4    00000044     simplelink.a : cc_pal.obj (.text:cc_SetupTransfer)
                  2000e328    00000044     rtsv7M4_T_le_eabi.lib : exit.obj (.text)
                  2000e36c    00000042     simplelink.a : socket.obj (.text:sl_Htonl)
                  2000e3ae    00000002     --HOLE-- [fill = 0]
                  2000e3b0    00000040     driverlib.a : pin.obj (.text:PinModeSet)
                  2000e3f0    00000040     rtsv7M4_T_le_eabi.lib : signal.obj (.text)
                  2000e430    0000003c     simplelink.a : netapp.obj (.text:CopyPingResultsToReport)
                  2000e46c    0000003c     driverlib.a : prcm.obj (.text:PRCMPeripheralClkEnable)
                  2000e4a8    0000003c     simplelink.a : socket.obj (.text:_sl_TruncatePayloadByProtocol)
                  2000e4e4    0000003c     pinmux.obj (.text)
                  2000e520    0000003c     rtsv7M4_T_le_eabi.lib : boot.obj (.text)
                  2000e55c    0000003c     simplelink.a : socket.obj (.text:sl_Htons)
                  2000e598    0000003c     driverlib.a : udma.obj (.text:uDMAChannelControlSet)
                  2000e5d4    00000038     simplelink.a : cc_pal.obj (.text:NwpPowerOff)
                  2000e60c    00000038     free_rtos.a : heap_3.obj (.text)
                  2000e644    00000036     driverlib.a : gpio.obj (.text:GPIODirModeSet)
                  2000e67a    00000036     simplelink.a : netapp.obj (.text:sl_NetAppMDNSUnRegisterService)
                  2000e6b0    00000034     driverlib.a : prcm.obj (.text:PRCMPeripheralStatusGet)
                  2000e6e4    00000034                 : spi.obj (.text:SPIFIFOLevelSet)
                  2000e718    00000034     rtsv7M4_T_le_eabi.lib : feraiseexcept.obj (.text)
                  2000e74c    00000030     driverlib.a : pin.obj (.text:PinTypeGPIO)
                  2000e77c    00000030                 : uart.obj (.text:UARTDisable)
                  2000e7ac    00000030     simplelink.a : device.obj (.text:_SlDrvDeviceEventHandler)
                  2000e7dc    00000030     rtsv7M4_T_le_eabi.lib : strncpy.obj (.text)
                  2000e80c    00000030                           : xferaise.obj (.text)
                  2000e83c    00000030     simplelink.a : socket.obj (.text:sl_Close)
                  2000e86c    00000030                  : wlan.obj (.text:sl_WlanProfileDel)
                  2000e89c    00000030                  : wlan.obj (.text:sl_WlanSetMode)
                  2000e8cc    0000002e     rtsv7M4_T_le_eabi.lib : i_tofd_t2.obj (.text)
                  2000e8fa    0000002e                           : raise.obj (.text)
                  2000e928    0000002c     simplelink.a : cc_pal.obj (.text:DmaSpiSwIntHandler)
                  2000e954    0000002c                  : cc_pal.obj (.text:NwpPowerOn)
                  2000e980    0000002c     driverlib.a : prcm.obj (.text:PRCMSysResetCauseGet)
                  2000e9ac    0000002a                 : timer.obj (.text:TimerLoadSet)
                  2000e9d6    0000002a                 : timer.obj (.text:TimerPrescaleSet)
                  2000ea00    0000002a     rtsv7M4_T_le_eabi.lib : xdclass.obj (.text)
                  2000ea2a    00000002     --HOLE-- [fill = 0]
                  2000ea2c    00000028     driverlib.a : prcm.obj (.text:PRCMPeripheralClkDisable)
                  2000ea54    00000026     simplelink.a : cc_pal.obj (.text:NwpRegisterInterruptHandler)
                  2000ea7a    00000002     --HOLE-- [fill = 0]
                  2000ea7c    00000024     driverlib.a : interrupt.obj (.text:IntUnregister)
                  2000eaa0    00000024                 : uart.obj (.text:UARTEnable)
                  2000eac4    00000024     simplelink.a : driver.obj (.text:_SlDrvProtectionObjLockWaitForever)
                  2000eae8    00000024     rtsv7M4_T_le_eabi.lib : memmov.obj (.text)
                  2000eb0c    00000022     driverlib.a : spi.obj (.text:SPIReset)
                  2000eb2e    00000022                 : spi.obj (.text:SPIWordCountSet)
                  2000eb50    00000022     rtsv7M4_T_le_eabi.lib : frexp.obj (.text)
                  2000eb72    00000020     driverlib.a : gpio.obj (.text:GPIOPinWrite)
                  2000eb92    00000002     --HOLE-- [fill = 0]
                  2000eb94    00000020                 : interrupt.obj (.text:IntRegister)
                  2000ebb4    00000020                 : spi.obj (.text:SPIDataGet)
                  2000ebd4    00000020     simplelink.a : driver.obj (.text:_SlDrvProtectionObjUnLock)
                  2000ebf4    0000001e     driverlib.a : spi.obj (.text:SPIDataPut)
                  2000ec12    0000001e                 : timer.obj (.text:TimerDisable)
                  2000ec30    0000001e                 : timer.obj (.text:TimerEnable)
                  2000ec4e    0000001e                 : timer.obj (.text:TimerIntStatus)
                  2000ec6c    0000001e                 : uart.obj (.text:UARTCharPut)
                  2000ec8a    0000001e     simplelink.a : cc_pal.obj (.text:cc_UDMAChannelSelect)
                  2000eca8    0000001c     driverlib.a : timer.obj (.text:TimerValueGet)
                  2000ecc4    0000001c                 : uart.obj (.text:UARTCharGetNonBlocking)
                  2000ece0    0000001c     simplelink.a : driver.obj (.text:_SlDrvObjLockWaitForever)
                  2000ecfc    0000001c                  : driver.obj (.text:_SlDrvSyncObjWaitForever)
                  2000ed18    0000001c     rtsv7M4_T_le_eabi.lib : memccpy.obj (.text)
                  2000ed34    0000001c     driverlib.a : udma.obj (.text:uDMAChannelEnable)
                  2000ed50    0000001a                 : gpio.obj (.text:GPIOIntEnable)
                  2000ed6a    0000001a                 : pin.obj (.text:PinTypeUART)
                  2000ed84    0000001a                 : spi.obj (.text:SPIDmaDisable)
                  2000ed9e    0000001a                 : spi.obj (.text:SPIDmaEnable)
                  2000edb8    0000001a                 : spi.obj (.text:SPIFIFODisable)
                  2000edd2    0000001a                 : spi.obj (.text:SPIFIFOEnable)
                  2000edec    00000018                 : gpio.obj (.text:GPIOPinRead)
                  2000ee04    00000018                 : prcm.obj (.text:PRCMHibernateEnter)
                  2000ee1c    00000018                 : spi.obj (.text:SPICSDisable)
                  2000ee34    00000018                 : spi.obj (.text:SPICSEnable)
                  2000ee4c    00000018                 : spi.obj (.text:SPIDisable)
                  2000ee64    00000018                 : spi.obj (.text:SPIEnable)
                  2000ee7c    00000018                 : timer.obj (.text:TimerIntDisable)
                  2000ee94    00000018                 : timer.obj (.text:TimerIntEnable)
                  2000eeac    00000018                 : uart.obj (.text:UARTCharsAvail)
                  2000eec4    00000018     simplelink.a : driver.obj (.text:_SlDrvObjUnLock)
                  2000eedc    00000018                  : driver.obj (.text:_SlDrvSyncObjSignal)
                  2000eef4    00000018                  : device.obj (.text:_sl_GetStartResponseConvert)
                  2000ef0c    00000018     rtsv7M4_T_le_eabi.lib : args_main.obj (.text)
                  2000ef24    00000016     driverlib.a : prcm.obj (.text:PRCMHIBRegRead)
                  2000ef3a    00000016                 : prcm.obj (.text:PRCMHIBRegWrite)
                  2000ef50    00000016     simplelink.a : driver.obj (.text:_SlDrvMemZero)
                  2000ef66    00000016     rtsv7M4_T_le_eabi.lib : strchr.obj (.text)
                  2000ef7c    00000014     driverlib.a : cpu.obj (.text:CPUcpsie)
                  2000ef90    00000014                 : gpio.obj (.text:GPIOIntClear)
                  2000efa4    00000014                 : interrupt.obj (.text:IntVTableBaseSet)
                  2000efb8    00000014     rtsv7M4_T_le_eabi.lib : _lock.obj (.text)
                  2000efcc    00000014                           : strlen.obj (.text)
                  2000efe0    00000012     driverlib.a : timer.obj (.text:TimerIntClear)
                  2000eff2    0000000e     simplelink.a : driver.obj (.text:_SlDrvResetCmdExt)
                  2000f000    0000000e     rtsv7M4_T_le_eabi.lib : copy_decompress_none.obj (.text:decompress:none)
                  2000f00e    0000000e     startup_ccs.obj (.text)
                  2000f01c    0000000c     simplelink.a : cc_pal.obj (.text:NwpMaskInterrupt)
                  2000f028    0000000c                  : cc_pal.obj (.text:NwpUnMaskInterrupt)
                  2000f034    0000000c     rtsv7M4_T_le_eabi.lib : copy_zero_init.obj (.text:decompress:ZI)
                  2000f040    0000000c     simplelink.a : wlan.obj (.text:sl_WlanDisconnect)
                  2000f04c    0000000a     driverlib.a : interrupt.obj (.text:IntMasterEnable)
                  2000f056    00000006                 : utils.obj (.text:UtilsDelay)
                  2000f05c    00000006     rtsv7M4_T_le_eabi.lib : copy_decompress_rle.obj (.text:decompress:rle24)
                  2000f062    00000004                           : pre_init.obj (.text)

.const     0    2000f068    00000750     
                  2000f068    00000101     rtsv7M4_T_le_eabi.lib : ctype.obj (.const:.string:_ctypes_)
                  2000f169    00000003     --HOLE-- [fill = 0]
                  2000f16c    00000100     driverlib.a : pin.obj (.const:g_ulPinToPadMap)
                  2000f26c    000000d4                 : interrupt.obj (.const:g_pulRegs)
                  2000f340    000000b0     simplelink.a : wlan.obj (.const:$P$T0$1)
                  2000f3f0    000000a8     driverlib.a : prcm.obj (.const:PRCM_PeriphRegsList)
                  2000f498    00000080                 : interrupt.obj (.const)
                  2000f518    00000062     network_if.obj (.const:.string)
                  2000f57a    0000003c     simplelink.a : driver.obj (.const:OpcodeTranslateTable)
                  2000f5b6    0000003c                  : wlan.obj (.const)
                  2000f5f2    00000002     --HOLE-- [fill = 0]
                  2000f5f4    00000038                  : driver.obj (.const:_SlActionLookupTable)
                  2000f62c    00000036     main.obj (.const:.string)
                  2000f662    00000002     --HOLE-- [fill = 0]
                  2000f664    00000034     simplelink.a : driver.obj (.const)
                  2000f698    00000034                  : socket.obj (.const)
                  2000f6cc    0000002c     network_if.obj (.const:$P$T1$2)
                  2000f6f8    00000028     simplelink.a : netapp.obj (.const)
                  2000f720    00000024     network_if.obj (.const)
                  2000f744    00000022     network_if.obj (.const:.string:$P$T0$1)
                  2000f766    00000002     --HOLE-- [fill = 0]
                  2000f768    00000018     driverlib.a : spi.obj (.const)
                  2000f780    00000014     simplelink.a : device.obj (.const)
                  2000f794    00000010                  : socket.obj (.const:.string)
                  2000f7a4    00000008                  : device.obj (.const:.string)
                  2000f7ac    00000008                  : netcfg.obj (.const)
                  2000f7b4    00000004     driverlib.a : hwspinlock.obj (.const)

.cinit     0    2000f7b8    00000098     
                  2000f7b8    00000070     (.cinit..data.load) [load image, compression = rle]
                  2000f828    0000000c     (__TI_handler_table)
                  2000f834    00000004     --HOLE-- [fill = 0]
                  2000f838    00000008     (.cinit..bss.load) [load image, compression = zero_init]
                  2000f840    00000010     (__TI_cinit_table)

.sysmem    0    20017000    00008000     UNINITIALIZED
                  20017000    00000008     rtsv7M4_T_le_eabi.lib : memory.obj (.sysmem)
                  20017008    00007ff8     --HOLE--

.bss       0    2001f000    0000038a     UNINITIALIZED
                  2001f000    00000178     simplelink.a : driver.obj (.bss:g_StatMem)
                  2001f178    000000c8     free_rtos.a : tasks.obj (.bss:pxReadyTasksLists)
                  2001f240    00000050     simplelink.a : cc_pal.obj (.bss:g_ucDinDout)
                  2001f290    00000050     free_rtos.a : queue.obj (.bss:xQueueRegistry)
                  2001f2e0    00000024     network_if.obj (.bss:g_ucConnectionSSID)
                  2001f304    00000014     (.common:xDelayedTaskList1)
                  2001f318    00000014     (.common:xDelayedTaskList2)
                  2001f32c    00000014     (.common:xPendingReadyList)
                  2001f340    00000014     (.common:xSuspendedTaskList)
                  2001f354    00000014     (.common:xTasksWaitingTermination)
                  2001f368    00000008     (.common:g_ucConnectionBSSID)
                  2001f370    00000004     (.common:DMAMsgQ)
                  2001f374    00000004     (.common:__Errorlog)
                  2001f378    00000004     (.common:g_cDummy)
                  2001f37c    00000004     (.common:pxDelayedTaskList)
                  2001f380    00000004     (.common:pxOverflowDelayedTaskList)
                  2001f384    00000002     (.common:g_usConnectIndex)
                  2001f386    00000001     (.common:RxIrqCnt)
                  2001f387    00000001     (.common:g_ucLED1Pin)
                  2001f388    00000001     (.common:g_ucLED2Pin)
                  2001f389    00000001     (.common:g_ucLED3Pin)

.TI.noinit 
*          0    2001f000    00000000     UNINITIALIZED

.data      0    2001f390    000001f4     UNINITIALIZED
                  2001f390    000000b0     rtsv7M4_T_le_eabi.lib : signal.obj (.data:sigtable)
                  2001f440    00000080                           : xvalues.obj (.data)
                  2001f4c0    00000034     free_rtos.a : tasks.obj (.data)
                  2001f4f4    00000020     gpio_if.obj (.data)
                  2001f514    0000000e     main.obj (.data)
                  2001f522    00000002     --HOLE--
                  2001f524    0000000c     free_rtos.a : osi_freertos.obj (.data)
                  2001f530    0000000c     network_if.obj (.data)
                  2001f53c    0000000c     rtsv7M4_T_le_eabi.lib : memory.obj (.data)
                  2001f548    00000009     simplelink.a : cc_pal.obj (.data)
                  2001f551    00000003     --HOLE--
                  2001f554    00000009                  : driver.obj (.data)
                  2001f55d    00000003     --HOLE--
                  2001f560    00000008     rtsv7M4_T_le_eabi.lib : _lock.obj (.data)
                  2001f568    00000008                           : exit.obj (.data)
                  2001f570    00000008                           : feraiseexcept.obj (.data)
                  2001f578    00000004     free_rtos.a : port.obj (.data)
                  2001f57c    00000004     rtsv7M4_T_le_eabi.lib : errno.obj (.data)
                  2001f580    00000004                           : stkdepth_vars.obj (.data)

.TI.persistent 
*          0    2001f390    00000000     UNINITIALIZED

.stack     0    2002f800    00000800     UNINITIALIZED
                  2002f800    00000800     --HOLE--


LINKER GENERATED COPY TABLES

__TI_cinit_table @ 2000f840 records: 2, size/record: 8, table size: 16
	.data: load addr=2000f7b8, load size=00000070 bytes, run addr=2001f390, run size=000001f4 bytes, compression=rle
	.bss: load addr=2000f838, load size=00000008 bytes, run addr=2001f000, run size=0000038a bytes, compression=zero_init


LINKER GENERATED HANDLER TABLE

__TI_handler_table @ 2000f828 records: 3, size/record: 4, table size: 12
	index: 0, handler: __TI_decompress_rle24
	index: 1, handler: __TI_decompress_none
	index: 2, handler: __TI_zero_init


GLOBAL SYMBOLS: SORTED ALPHABETICALLY BY Name 

address   name                                  
-------   ----                                  
2000e329  C$$EXIT                               
2000ef7d  CPUcpsie                              
20009bb9  ClearTerm                             
20004b3d  ConfigureSimpleLinkToDefaultState     
2000e431  CopyPingResultsToReport               
2001f370  DMAMsgQ                               
2000e929  DmaSpiSwIntHandler                    
20008ce1  EnterHIBernate                        
20009bc3  Error                                 
2000e645  GPIODirModeSet                        
2000ef91  GPIOIntClear                          
2000ed51  GPIOIntEnable                         
2000d23d  GPIOIntTypeSet                        
2000eded  GPIOPinRead                           
2000eb73  GPIOPinWrite                          
20009aa5  GPIO_IF_ConfigureNIntEnable           
20009b21  GPIO_IF_Get                           
20009a5f  GPIO_IF_GetPortNPin                   
20009821  GPIO_IF_LedConfigure                  
20009913  GPIO_IF_LedOff                        
2000985f  GPIO_IF_LedOn                         
200099c7  GPIO_IF_LedStatus                     
20009a31  GPIO_IF_LedToggle                     
20009ae7  GPIO_IF_Set                           
20009bfb  GetCmd                                
20008b95  HIBUDPBroadcastTask                   
2000de95  HwSpinLockRelease                     
2000d6a1  HwSpinLockTryAcquire                  
20009b79  InitTerm                              
20004b01  InitializeAppVariables                
2000c759  IntDisable                            
2000c801  IntEnable                             
2000f04d  IntMasterEnable                       
2000dc41  IntPendClear                          
2000dd49  IntPrioritySet                        
2000eb95  IntRegister                           
2000ea7d  IntUnregister                         
2000efa5  IntVTableBaseSet                      
20008b25  LedTimerConfigNStart                  
20008b4d  LedTimerDeinitStop                    
20009b97  Message                               
200051e1  Network_IF_ConnectAP                  
200054e5  Network_IF_CurrentMCUState            
20005041  Network_IF_DeInitDriver               
200053bf  Network_IF_DisconnectFromAP           
20005471  Network_IF_GetHostIP                  
20004edd  Network_IF_InitDriver                 
200053fd  Network_IF_IpConfigGet                
200054dd  Network_IF_ResetMCUStateMachine       
200054eb  Network_IF_SetMCUMachineState         
20005507  Network_IF_UnsetMCUMachineState       
2000f01d  NwpMaskInterrupt                      
2000e5d5  NwpPowerOff                           
2000e955  NwpPowerOn                            
2000d1b9  NwpPowerOnPreamble                    
2000ea55  NwpRegisterInterruptHandler           
2000f029  NwpUnMaskInterrupt                    
2000f57a  OpcodeTranslateTable                  
2000b295  PRCMCC3200MCUInit                     
2000ef25  PRCMHIBRegRead                        
2000ef3b  PRCMHIBRegWrite                       
2000ee05  PRCMHibernateEnter                    
2000cf15  PRCMHibernateIntervalSet              
2000e0f5  PRCMHibernateWakeupSourceEnable       
2000ea2d  PRCMPeripheralClkDisable              
2000e46d  PRCMPeripheralClkEnable               
2000cbc5  PRCMPeripheralClockGet                
2000dc99  PRCMPeripheralReset                   
2000e6b1  PRCMPeripheralStatusGet               
2000e981  PRCMSysResetCauseGet                  
2000cf9d  PinConfigSet                          
2000e3b1  PinModeSet                            
2000e4e5  PinMuxConfig                          
2000e74d  PinTypeGPIO                           
2000ed6b  PinTypeUART                           
20009d49  Report                                
2000f00f  ResetISR                              
2001f386  RxIrqCnt                              
2000f674  RxMsgClassLUT                         
UNDEFED   SHT$$INIT_ARRAY$$Base                 
UNDEFED   SHT$$INIT_ARRAY$$Limit                
2000ee1d  SPICSDisable                          
2000ee35  SPICSEnable                           
2000c951  SPIConfigSetExpClk                    
2000ebb5  SPIDataGet                            
2000ebf5  SPIDataPut                            
2000ee4d  SPIDisable                            
2000ed85  SPIDmaDisable                         
2000ed9f  SPIDmaEnable                          
2000ee65  SPIEnable                             
2000edb9  SPIFIFODisable                        
2000edd3  SPIFIFOEnable                         
2000e6e5  SPIFIFOLevelSet                       
2000e13d  SPIIntClear                           
2000dee1  SPIIntEnable                          
2000eb0d  SPIReset                              
2000eb2f  SPIWordCountSet                       
2001f514  SecurityParams                        
20004655  SimpleLinkGeneralEventHandler         
200048b3  SimpleLinkHttpServerCallback          
200045dd  SimpleLinkNetAppEventHandler          
20004675  SimpleLinkSockEventHandler            
20004419  SimpleLinkWlanEventHandler            
2000f7a4  StartResponseLUT                      
2000e2a1  TimerConfigure                        
2000ec13  TimerDisable                          
2000ec31  TimerEnable                           
2000efe1  TimerIntClear                         
2000ee7d  TimerIntDisable                       
2000ee95  TimerIntEnable                        
2000ec4f  TimerIntStatus                        
2000d855  TimerIntUnregister                    
2000e9ad  TimerLoadSet                          
20008af1  TimerPeriodicIntHandler               
2000e9d7  TimerPrescaleSet                      
2000eca9  TimerValueGet                         
2000a991  Timer_IF_DeInit                       
2000a9c3  Timer_IF_GetCount                     
2000a8a5  Timer_IF_Init                         
2000a8d7  Timer_IF_IntSetup                     
2000a949  Timer_IF_InterruptClear               
2000a9ab  Timer_IF_ReLoad                       
2000a961  Timer_IF_Start                        
2000a981  Timer_IF_Stop                         
20009cb1  TrimSpace                             
2000ecc5  UARTCharGetNonBlocking                
2000ec6d  UARTCharPut                           
2000eead  UARTCharsAvail                        
2000d629  UARTConfigSetExpClk                   
2000e77d  UARTDisable                           
2000eaa1  UARTEnable                            
2000f057  UtilsDelay                            
2000c09d  Utils_SpiFlashDeepPowerDown           
2000c149  Utils_TriggerHibCycle                 
20009275  VDeleteSimpleLinkSpawnTask            
20009225  VStartSimpleLinkSpawnTask             
2000ea01  _Dclass                               
2001f440  _Denorm                               
2000c2f9  _Dnorm                                
2000b71d  _Dscale                               
2000d9f5  _Dunscale                             
2001f450  _Eps                                  
2001f57c  _Errno                                
2001f570  _Fenv                                 
2000e80d  _Feraise                              
2001f460  _Hugeval                              
2001f470  _Inf                                  
2001f480  _Nan                                  
2001f4a0  _Rteps                                
2000f6ac  _SlAcceptCmdCtrl                      
2000f5f4  _SlActionLookupTable                  
2000c5ed  _SlAsyncEventGenericHandler           
2000f78c  _SlDeviceGetCmdCtrl                   
2000f790  _SlDeviceSetCmdCtrl                   
2000e185  _SlDrvBasicCmd                        
2000bef1  _SlDrvClassifyRxMsg                   
2000d2c1  _SlDrvCmdOp                           
2000d711  _SlDrvCmdSend                         
2000b82d  _SlDrvDataWriteOp                     
2000e7ad  _SlDrvDeviceEventHandler              
2000bc31  _SlDrvDriverCBDeinit                  
2000ad2d  _SlDrvDriverCBInit                    
2000ef51  _SlDrvMemZero                         
20008505  _SlDrvMsgRead                         
2000c3b9  _SlDrvMsgReadCmdCtx                   
2000c9f1  _SlDrvMsgReadSpawnCtx                 
2000a659  _SlDrvMsgWrite                        
2000ba35  _SlDrvNetAppEventHandler              
2000ece1  _SlDrvObjLockWaitForever              
2000eec5  _SlDrvObjUnLock                       
2000df2d  _SlDrvProtectAsyncRespSetting         
2000eac5  _SlDrvProtectionObjLockWaitForever    
2000ebd5  _SlDrvProtectionObjUnLock             
2000a489  _SlDrvReleasePoolObj                  
2000eff3  _SlDrvResetCmdExt                     
20009e09  _SlDrvRxHdrRead                       
2000df79  _SlDrvRxIrqHandler                    
2000eedd  _SlDrvSyncObjSignal                   
2000ecfd  _SlDrvSyncObjWaitForever              
2000ab9d  _SlDrvWaitForPoolObj                  
2000f788  _SlEventMaskGetCmdCtrl                
2000f784  _SlEventMaskSetCmdCtrl                
2000aea1  _SlFindAndSetActiveObj                
2000f70c  _SlGetHostByNameCtrl                  
2000f708  _SlGetHostByServiceCtrl               
2000f700  _SlGetServiceListeCtrl                
2000f6b8  _SlGetSockOptCmdCtrl                  
2000f6a8  _SlListenCmdCtrl                      
2000f718  _SlNetAppGetCmdCtrl                   
2000f714  _SlNetAppSendTokenValueCmdCtrl        
2000f710  _SlNetAppSetCmdCtrl                   
2000f6f8  _SlNetAppStartCtrl                    
2000f6fc  _SlNetAppStopCtrl                     
2000f7b0  _SlNetCfgGetCmdCtrl                   
2000f7ac  _SlNetCfgSetCmdCtrl                   
2000f794  _SlPayloadByProtocolLUT               
2000f5ba  _SlPolicyGetCmdCtrl                   
2000f5b6  _SlPolicySetCmdCtrl                   
2000f5c2  _SlProfileDelCmdCtrl                  
2000f5be  _SlProfileGetCmdCtrl                  
2000f6b0  _SlRecvCmdCtrl                        
2000f6a0  _SlRecvfomCmdCtrl                     
2000f704  _SlRegisterServiceCtrl                
2000c239  _SlRemoveFromList                     
2000f5ca  _SlRxFilterAddtCmdCtrl                
2000f5d2  _SlRxFilterGetCmdCtrl                 
2000f5ce  _SlRxFilterSetCmdCtrl                 
2000f6bc  _SlSelectCmdCtrl                      
2000f6a4  _SlSendCmdCtrl                        
2000f6b4  _SlSetSockOptCmdCtrl                  
2000f5d6  _SlSmartConfigStartCmdCtrl            
2000f69c  _SlSockCloseCmdCtrl                   
2000f698  _SlSockSocketCmdCtrl                  
2000f780  _SlStopCmdCtrl                        
2000f5e2  _SlWlanCfgGetCmdCtrl                  
2000f5de  _SlWlanCfgSetCmdCtrl                  
2000f5c6  _SlWlanGetNetworkListCtrl             
2000f5da  _SlWlanSetModeCmdCtrl                 
2001f490  _Snan                                 
2001f574  _Tls_setup__Fenv                      
2001f4b0  _Xbig                                 
2001f4b8  _Zero                                 
20030000  __STACK_END                           
00000800  __STACK_SIZE                          
00008000  __SYSMEM_SIZE                         
2000f840  __TI_CINIT_Base                       
2000f850  __TI_CINIT_Limit                      
2000f828  __TI_Handler_Table_Base               
2000f834  __TI_Handler_Table_Limit              
2000d77d  __TI_auto_init                        
2001f568  __TI_cleanup_ptr                      
2000f001  __TI_decompress_none                  
2000f05d  __TI_decompress_rle24                 
2001f56c  __TI_dtors_ptr                        
200076d9  __TI_printfi                          
2000f7b8  __TI_static_base__                    
2000f035  __TI_zero_init                        
2000d0ad  __aeabi_cdcmpeq                       
2000d0ad  __aeabi_cdcmple                       
2000d133  __aeabi_cdrcmple                      
2000e1cd  __aeabi_d2iz                          
2000a9ef  __aeabi_dadd                          
2000b15d  __aeabi_ddiv                          
2000bb33  __aeabi_dmul                          
2000a9e5  __aeabi_dsub                          
2000e8cd  __aeabi_i2d                           
2000d4bd  __aeabi_memclr                        
2000d4bd  __aeabi_memclr4                       
2000d4bd  __aeabi_memclr8                       
2000ca8d  __aeabi_memcpy                        
2000ca8d  __aeabi_memcpy4                       
2000ca8d  __aeabi_memcpy8                       
2000d4bf  __aeabi_memset                        
2000d4bf  __aeabi_memset4                       
2000d4bf  __aeabi_memset8                       
2000a295  __aeabi_uldivmod                      
ffffffff  __binit__                             
ffffffff  __c_args__                            
2002f800  __stack                               
2000ef0d  _args_main                            
2000e521  _c_int00                              
2000f068  _ctypes_                              
2001f560  _lock                                 
2000efc7  _nop                                  
2000efbf  _register_lock                        
2000efb9  _register_unlock                      
2000dfc5  _sl_BuildAddress                      
2000eef5  _sl_GetStartResponseConvert           
2000db25  _sl_HandleAsync_Accept                
2000d539  _sl_HandleAsync_Connect               
2000cd71  _sl_HandleAsync_DnsGetHostByName      
2000c171  _sl_HandleAsync_DnsGetHostByService   
2000d441  _sl_HandleAsync_InitComplete          
2000cdfd  _sl_HandleAsync_PingResponse          
2000dd9d  _sl_HandleAsync_Select                
2000de45  _sl_HandleAsync_Stop                  
2000d8bd  _sl_NetAppSendTokenValue              
2000e4a9  _sl_TruncatePayloadByProtocol         
20017000  _sys_memory                           
2000f063  _system_pre_init                      
2001f564  _unlock                               
2000e32d  abort                                 
2000e011  atoi                                  
ffffffff  binit                                 
200097b1  calloc                                
2000e05d  copy_in                               
20005971  eTaskGetState                         
2000e335  exit                                  
2000e719  feraiseexcept                         
200094ff  free                                  
2000eb51  frexp                                 
2001f55c  gFirstCmdMode                         
2000f66c  g_H2NCnysPattern                      
2000f664  g_H2NSyncPattern                      
2001f548  g_SpiFd                               
2001f000  g_StatMem                             
2001f378  g_cDummy                              
2001f554  g_pCB                                 
2001f54c  g_pHostIntHdl                         
20004000  g_pfnVectors                          
2001f368  g_ucConnectionBSSID                   
2001f2e0  g_ucConnectionSSID                    
2001f550  g_ucDMAEnabled                        
2001f240  g_ucDinDout                           
2001f387  g_ucLED1Pin                           
2001f388  g_ucLED2Pin                           
2001f389  g_ucLED3Pin                           
2001f508  g_uiLED1Port                          
2001f50c  g_uiLED2Port                          
2001f510  g_uiLED3Port                          
2001f538  g_ulGatewayIP                         
2001f534  g_ulStaIp                             
2001f530  g_ulStatus                            
2001f384  g_usConnectIndex                      
2001f520  g_usTimerInts                         
200055a1  itoa                                  
2000e215  ldexp                                 
2000dcf1  ltoa                                  
20008d31  main                                  
2001f580  main_func_sp                          
20009497  malloc                                
20009379  mem_Free                              
2000936d  mem_Malloc                            
20009399  mem_copy                              
20009385  mem_set                               
200096cd  memalign                              
2000ed19  memccpy                               
2000ca8d  memcpy                                
2000eae9  memmove                               
2000d4c5  memset                                
20009409  minit                                 
200093ef  osi_ContextRestore                    
200093ed  osi_ContextSave                       
200093ad  osi_EnterCritical                     
200093b7  osi_ExitCritical                      
20008fd3  osi_InterruptDeRegister               
20008fad  osi_InterruptRegister                 
200090dd  osi_LockObjCreate                     
20009151  osi_LockObjDelete                     
20009161  osi_LockObjLock                       
2000918d  osi_LockObjUnlock                     
200092a1  osi_MsgQCreate                        
200092e5  osi_MsgQDelete                        
20009331  osi_MsgQRead                          
200092ff  osi_MsgQWrite                         
200093c9  osi_Sleep                             
200091b7  osi_Spawn                             
200090bb  osi_SyncObjClear                      
20008fe5  osi_SyncObjCreate                     
20009015  osi_SyncObjDelete                     
2000902f  osi_SyncObjSignal                     
20009057  osi_SyncObjSignalFromISR              
2000908f  osi_SyncObjWait                       
20009103  osi_TaskCreate                        
20009143  osi_TaskDelete                        
200093d9  osi_TaskDisable                       
200093e3  osi_TaskEnable                        
200093c1  osi_start                             
2001f558  pPingCallBackFunc                     
2000f518  pcDigits                              
20005e95  pcTaskGetTaskName                     
2000c5e5  portCLZ                               
2000c5cd  prvPortStartFirstTask                 
2000e60d  pvPortMalloc                          
2001f4c0  pxCurrentTCB                          
2000b60d  pxPortInitialiseStack                 
2000e8fb  raise                                 
200095c1  realloc                               
2000e3f1  signal                                
2000e83d  sl_Close                              
2000cb29  sl_DevGet                             
2000e36d  sl_Htonl                              
2000e55d  sl_Htons                              
2000b931  sl_NetAppDnsGetHostByName             
2000c6a5  sl_NetAppMDNSRegisterUnregisterService
2000e67b  sl_NetAppMDNSUnRegisterService        
2000c8a9  sl_NetCfgGet                          
2000d925  sl_NetCfgSet                          
2000b4f5  sl_SendTo                             
2000dbe5  sl_Socket                             
2000c475  sl_Start                              
2000bfc9  sl_Stop                               
2000a051  sl_WlanConnect                        
2000f041  sl_WlanDisconnect                     
2000db85  sl_WlanPolicySet                      
2000e86d  sl_WlanProfileDel                     
2000ddf1  sl_WlanRxFilterSet                    
2000d98d  sl_WlanSet                            
2000e89d  sl_WlanSetMode                        
2000d5b1  spi_Close                             
2000b011  spi_Open                              
2000be15  spi_Read                              
2000ce89  spi_Write                             
2000ef67  strchr                                
2000efcd  strlen                                
2000e7dd  strncpy                               
2000e0a9  uDMAChannelAssign                     
2000da5d  uDMAChannelAttributeDisable           
2000dac1  uDMAChannelAttributeEnable            
2000e599  uDMAChannelControlSet                 
2000ed35  uDMAChannelEnable                     
2000bd25  uDMAChannelTransferSet                
20008161  ucQueueGetQueueType                   
2000c535  ulPortSetInterruptMask                
2000b4ab  uxListRemove                          
20008141  uxQueueGetQueueNumber                 
200080d5  uxQueueMessagesWaiting                
2000810b  uxQueueMessagesWaitingFromISR         
200080eb  uxQueueSpacesAvailable                
20005e89  uxTaskGetNumberOfTasks                
20005eb9  uxTaskGetSystemState                  
200063a9  uxTaskGetTaskNumber                   
20005a05  uxTaskPriorityGet                     
20006901  uxTaskResetEventItemValue             
2000440b  vApplicationIdleHook                  
2000440d  vApplicationMallocFailedHook          
2000440f  vApplicationStackOverflowHook         
20004401  vAssertCalled                         
2000b3c9  vListInitialise                       
2000b3f9  vListInitialiseItem                   
2000b445  vListInsert                           
2000b409  vListInsertEnd                        
2000c54b  vPortClearInterruptMask               
2000b689  vPortEndScheduler                     
2000b69d  vPortEnterCritical                    
2000b6b5  vPortExitCritical                     
2000e62d  vPortFree                             
2000c5a5  vPortSVCHandler                       
2000b6e9  vPortSetupTimerInterrupt              
2000b68b  vPortYield                            
2000837b  vQueueAddToRegistry                   
2000811d  vQueueDelete                          
2000814f  vQueueSetQueueNumber                  
200083bd  vQueueUnregisterQueue                 
2000591b  vTaskDelay                            
2000587f  vTaskDelayUntil                       
200057ef  vTaskDelete                           
20005d6d  vTaskEndScheduler                     
2000639b  vTaskMissedYield                      
20006131  vTaskPlaceOnEventList                 
20006195  vTaskPlaceOnUnorderedEventList        
20006877  vTaskPriorityDisinherit               
200067bd  vTaskPriorityInherit                  
20005a3d  vTaskPrioritySet                      
20005c35  vTaskResume                           
200063c9  vTaskSetTaskNumber                    
200062fb  vTaskSetTimeOutState                  
20005d23  vTaskStartScheduler                   
20005b41  vTaskSuspend                          
20005d7f  vTaskSuspendAll                       
200060b1  vTaskSwitchContext                    
2000d025  vsnprintf                             
2001f524  xHigherPriorityTaskWoken              
2000c559  xPortPendSVHandler                    
2000b65d  xPortStartScheduler                   
2000b6cd  xPortSysTickHandler                   
2000840b  xQueueAddToSet                        
20007d3d  xQueueAltGenericReceive               
20007c91  xQueueAltGenericSend                  
20007b65  xQueueCreateCountingSemaphore         
20007ae7  xQueueCreateMutex                     
200083f7  xQueueCreateSet                       
20007a71  xQueueGenericCreate                   
20007ed7  xQueueGenericReceive                  
200079e1  xQueueGenericReset                    
20007b85  xQueueGenericSend                     
20007e3b  xQueueGenericSendFromISR              
20008317  xQueueIsQueueEmptyFromISR             
20008359  xQueueIsQueueFullFromISR              
20008091  xQueuePeekFromISR                     
20008019  xQueueReceiveFromISR                  
2001f290  xQueueRegistry                        
2000843f  xQueueRemoveFromSet                   
20008481  xQueueSelectFromSet                   
2000849b  xQueueSelectFromSetFromISR            
2001f528  xSimpleLinkSpawnQueue                 
2001f52c  xSimpleLinkSpawnTaskHndl              
20006321  xTaskCheckForTimeOut                  
200056e1  xTaskGenericCreate                    
20006771  xTaskGetCurrentTaskHandle             
20005f77  xTaskGetIdleTaskHandle                
20006785  xTaskGetSchedulerState                
20005e5d  xTaskGetTickCount                     
20005e71  xTaskGetTickCountFromISR              
20005f95  xTaskIncrementTick                    
20006205  xTaskRemoveFromEventList              
2000628d  xTaskRemoveFromUnorderedEventList     
20005d91  xTaskResumeAll                        
20005ca9  xTaskResumeFromISR                    


GLOBAL SYMBOLS: SORTED BY Symbol Address 

address   name                                  
-------   ----                                  
00000800  __STACK_SIZE                          
00008000  __SYSMEM_SIZE                         
20004000  g_pfnVectors                          
20004401  vAssertCalled                         
2000440b  vApplicationIdleHook                  
2000440d  vApplicationMallocFailedHook          
2000440f  vApplicationStackOverflowHook         
20004419  SimpleLinkWlanEventHandler            
200045dd  SimpleLinkNetAppEventHandler          
20004655  SimpleLinkGeneralEventHandler         
20004675  SimpleLinkSockEventHandler            
200048b3  SimpleLinkHttpServerCallback          
20004b01  InitializeAppVariables                
20004b3d  ConfigureSimpleLinkToDefaultState     
20004edd  Network_IF_InitDriver                 
20005041  Network_IF_DeInitDriver               
200051e1  Network_IF_ConnectAP                  
200053bf  Network_IF_DisconnectFromAP           
200053fd  Network_IF_IpConfigGet                
20005471  Network_IF_GetHostIP                  
200054dd  Network_IF_ResetMCUStateMachine       
200054e5  Network_IF_CurrentMCUState            
200054eb  Network_IF_SetMCUMachineState         
20005507  Network_IF_UnsetMCUMachineState       
200055a1  itoa                                  
200056e1  xTaskGenericCreate                    
200057ef  vTaskDelete                           
2000587f  vTaskDelayUntil                       
2000591b  vTaskDelay                            
20005971  eTaskGetState                         
20005a05  uxTaskPriorityGet                     
20005a3d  vTaskPrioritySet                      
20005b41  vTaskSuspend                          
20005c35  vTaskResume                           
20005ca9  xTaskResumeFromISR                    
20005d23  vTaskStartScheduler                   
20005d6d  vTaskEndScheduler                     
20005d7f  vTaskSuspendAll                       
20005d91  xTaskResumeAll                        
20005e5d  xTaskGetTickCount                     
20005e71  xTaskGetTickCountFromISR              
20005e89  uxTaskGetNumberOfTasks                
20005e95  pcTaskGetTaskName                     
20005eb9  uxTaskGetSystemState                  
20005f77  xTaskGetIdleTaskHandle                
20005f95  xTaskIncrementTick                    
200060b1  vTaskSwitchContext                    
20006131  vTaskPlaceOnEventList                 
20006195  vTaskPlaceOnUnorderedEventList        
20006205  xTaskRemoveFromEventList              
2000628d  xTaskRemoveFromUnorderedEventList     
200062fb  vTaskSetTimeOutState                  
20006321  xTaskCheckForTimeOut                  
2000639b  vTaskMissedYield                      
200063a9  uxTaskGetTaskNumber                   
200063c9  vTaskSetTaskNumber                    
20006771  xTaskGetCurrentTaskHandle             
20006785  xTaskGetSchedulerState                
200067bd  vTaskPriorityInherit                  
20006877  vTaskPriorityDisinherit               
20006901  uxTaskResetEventItemValue             
200076d9  __TI_printfi                          
200079e1  xQueueGenericReset                    
20007a71  xQueueGenericCreate                   
20007ae7  xQueueCreateMutex                     
20007b65  xQueueCreateCountingSemaphore         
20007b85  xQueueGenericSend                     
20007c91  xQueueAltGenericSend                  
20007d3d  xQueueAltGenericReceive               
20007e3b  xQueueGenericSendFromISR              
20007ed7  xQueueGenericReceive                  
20008019  xQueueReceiveFromISR                  
20008091  xQueuePeekFromISR                     
200080d5  uxQueueMessagesWaiting                
200080eb  uxQueueSpacesAvailable                
2000810b  uxQueueMessagesWaitingFromISR         
2000811d  vQueueDelete                          
20008141  uxQueueGetQueueNumber                 
2000814f  vQueueSetQueueNumber                  
20008161  ucQueueGetQueueType                   
20008317  xQueueIsQueueEmptyFromISR             
20008359  xQueueIsQueueFullFromISR              
2000837b  vQueueAddToRegistry                   
200083bd  vQueueUnregisterQueue                 
200083f7  xQueueCreateSet                       
2000840b  xQueueAddToSet                        
2000843f  xQueueRemoveFromSet                   
20008481  xQueueSelectFromSet                   
2000849b  xQueueSelectFromSetFromISR            
20008505  _SlDrvMsgRead                         
20008af1  TimerPeriodicIntHandler               
20008b25  LedTimerConfigNStart                  
20008b4d  LedTimerDeinitStop                    
20008b95  HIBUDPBroadcastTask                   
20008ce1  EnterHIBernate                        
20008d31  main                                  
20008fad  osi_InterruptRegister                 
20008fd3  osi_InterruptDeRegister               
20008fe5  osi_SyncObjCreate                     
20009015  osi_SyncObjDelete                     
2000902f  osi_SyncObjSignal                     
20009057  osi_SyncObjSignalFromISR              
2000908f  osi_SyncObjWait                       
200090bb  osi_SyncObjClear                      
200090dd  osi_LockObjCreate                     
20009103  osi_TaskCreate                        
20009143  osi_TaskDelete                        
20009151  osi_LockObjDelete                     
20009161  osi_LockObjLock                       
2000918d  osi_LockObjUnlock                     
200091b7  osi_Spawn                             
20009225  VStartSimpleLinkSpawnTask             
20009275  VDeleteSimpleLinkSpawnTask            
200092a1  osi_MsgQCreate                        
200092e5  osi_MsgQDelete                        
200092ff  osi_MsgQWrite                         
20009331  osi_MsgQRead                          
2000936d  mem_Malloc                            
20009379  mem_Free                              
20009385  mem_set                               
20009399  mem_copy                              
200093ad  osi_EnterCritical                     
200093b7  osi_ExitCritical                      
200093c1  osi_start                             
200093c9  osi_Sleep                             
200093d9  osi_TaskDisable                       
200093e3  osi_TaskEnable                        
200093ed  osi_ContextSave                       
200093ef  osi_ContextRestore                    
20009409  minit                                 
20009497  malloc                                
200094ff  free                                  
200095c1  realloc                               
200096cd  memalign                              
200097b1  calloc                                
20009821  GPIO_IF_LedConfigure                  
2000985f  GPIO_IF_LedOn                         
20009913  GPIO_IF_LedOff                        
200099c7  GPIO_IF_LedStatus                     
20009a31  GPIO_IF_LedToggle                     
20009a5f  GPIO_IF_GetPortNPin                   
20009aa5  GPIO_IF_ConfigureNIntEnable           
20009ae7  GPIO_IF_Set                           
20009b21  GPIO_IF_Get                           
20009b79  InitTerm                              
20009b97  Message                               
20009bb9  ClearTerm                             
20009bc3  Error                                 
20009bfb  GetCmd                                
20009cb1  TrimSpace                             
20009d49  Report                                
20009e09  _SlDrvRxHdrRead                       
2000a051  sl_WlanConnect                        
2000a295  __aeabi_uldivmod                      
2000a489  _SlDrvReleasePoolObj                  
2000a659  _SlDrvMsgWrite                        
2000a8a5  Timer_IF_Init                         
2000a8d7  Timer_IF_IntSetup                     
2000a949  Timer_IF_InterruptClear               
2000a961  Timer_IF_Start                        
2000a981  Timer_IF_Stop                         
2000a991  Timer_IF_DeInit                       
2000a9ab  Timer_IF_ReLoad                       
2000a9c3  Timer_IF_GetCount                     
2000a9e5  __aeabi_dsub                          
2000a9ef  __aeabi_dadd                          
2000ab9d  _SlDrvWaitForPoolObj                  
2000ad2d  _SlDrvDriverCBInit                    
2000aea1  _SlFindAndSetActiveObj                
2000b011  spi_Open                              
2000b15d  __aeabi_ddiv                          
2000b295  PRCMCC3200MCUInit                     
2000b3c9  vListInitialise                       
2000b3f9  vListInitialiseItem                   
2000b409  vListInsertEnd                        
2000b445  vListInsert                           
2000b4ab  uxListRemove                          
2000b4f5  sl_SendTo                             
2000b60d  pxPortInitialiseStack                 
2000b65d  xPortStartScheduler                   
2000b689  vPortEndScheduler                     
2000b68b  vPortYield                            
2000b69d  vPortEnterCritical                    
2000b6b5  vPortExitCritical                     
2000b6cd  xPortSysTickHandler                   
2000b6e9  vPortSetupTimerInterrupt              
2000b71d  _Dscale                               
2000b82d  _SlDrvDataWriteOp                     
2000b931  sl_NetAppDnsGetHostByName             
2000ba35  _SlDrvNetAppEventHandler              
2000bb33  __aeabi_dmul                          
2000bc31  _SlDrvDriverCBDeinit                  
2000bd25  uDMAChannelTransferSet                
2000be15  spi_Read                              
2000bef1  _SlDrvClassifyRxMsg                   
2000bfc9  sl_Stop                               
2000c09d  Utils_SpiFlashDeepPowerDown           
2000c149  Utils_TriggerHibCycle                 
2000c171  _sl_HandleAsync_DnsGetHostByService   
2000c239  _SlRemoveFromList                     
2000c2f9  _Dnorm                                
2000c3b9  _SlDrvMsgReadCmdCtx                   
2000c475  sl_Start                              
2000c535  ulPortSetInterruptMask                
2000c54b  vPortClearInterruptMask               
2000c559  xPortPendSVHandler                    
2000c5a5  vPortSVCHandler                       
2000c5cd  prvPortStartFirstTask                 
2000c5e5  portCLZ                               
2000c5ed  _SlAsyncEventGenericHandler           
2000c6a5  sl_NetAppMDNSRegisterUnregisterService
2000c759  IntDisable                            
2000c801  IntEnable                             
2000c8a9  sl_NetCfgGet                          
2000c951  SPIConfigSetExpClk                    
2000c9f1  _SlDrvMsgReadSpawnCtx                 
2000ca8d  __aeabi_memcpy                        
2000ca8d  __aeabi_memcpy4                       
2000ca8d  __aeabi_memcpy8                       
2000ca8d  memcpy                                
2000cb29  sl_DevGet                             
2000cbc5  PRCMPeripheralClockGet                
2000cd71  _sl_HandleAsync_DnsGetHostByName      
2000cdfd  _sl_HandleAsync_PingResponse          
2000ce89  spi_Write                             
2000cf15  PRCMHibernateIntervalSet              
2000cf9d  PinConfigSet                          
2000d025  vsnprintf                             
2000d0ad  __aeabi_cdcmpeq                       
2000d0ad  __aeabi_cdcmple                       
2000d133  __aeabi_cdrcmple                      
2000d1b9  NwpPowerOnPreamble                    
2000d23d  GPIOIntTypeSet                        
2000d2c1  _SlDrvCmdOp                           
2000d441  _sl_HandleAsync_InitComplete          
2000d4bd  __aeabi_memclr                        
2000d4bd  __aeabi_memclr4                       
2000d4bd  __aeabi_memclr8                       
2000d4bf  __aeabi_memset                        
2000d4bf  __aeabi_memset4                       
2000d4bf  __aeabi_memset8                       
2000d4c5  memset                                
2000d539  _sl_HandleAsync_Connect               
2000d5b1  spi_Close                             
2000d629  UARTConfigSetExpClk                   
2000d6a1  HwSpinLockTryAcquire                  
2000d711  _SlDrvCmdSend                         
2000d77d  __TI_auto_init                        
2000d855  TimerIntUnregister                    
2000d8bd  _sl_NetAppSendTokenValue              
2000d925  sl_NetCfgSet                          
2000d98d  sl_WlanSet                            
2000d9f5  _Dunscale                             
2000da5d  uDMAChannelAttributeDisable           
2000dac1  uDMAChannelAttributeEnable            
2000db25  _sl_HandleAsync_Accept                
2000db85  sl_WlanPolicySet                      
2000dbe5  sl_Socket                             
2000dc41  IntPendClear                          
2000dc99  PRCMPeripheralReset                   
2000dcf1  ltoa                                  
2000dd49  IntPrioritySet                        
2000dd9d  _sl_HandleAsync_Select                
2000ddf1  sl_WlanRxFilterSet                    
2000de45  _sl_HandleAsync_Stop                  
2000de95  HwSpinLockRelease                     
2000dee1  SPIIntEnable                          
2000df2d  _SlDrvProtectAsyncRespSetting         
2000df79  _SlDrvRxIrqHandler                    
2000dfc5  _sl_BuildAddress                      
2000e011  atoi                                  
2000e05d  copy_in                               
2000e0a9  uDMAChannelAssign                     
2000e0f5  PRCMHibernateWakeupSourceEnable       
2000e13d  SPIIntClear                           
2000e185  _SlDrvBasicCmd                        
2000e1cd  __aeabi_d2iz                          
2000e215  ldexp                                 
2000e2a1  TimerConfigure                        
2000e329  C$$EXIT                               
2000e32d  abort                                 
2000e335  exit                                  
2000e36d  sl_Htonl                              
2000e3b1  PinModeSet                            
2000e3f1  signal                                
2000e431  CopyPingResultsToReport               
2000e46d  PRCMPeripheralClkEnable               
2000e4a9  _sl_TruncatePayloadByProtocol         
2000e4e5  PinMuxConfig                          
2000e521  _c_int00                              
2000e55d  sl_Htons                              
2000e599  uDMAChannelControlSet                 
2000e5d5  NwpPowerOff                           
2000e60d  pvPortMalloc                          
2000e62d  vPortFree                             
2000e645  GPIODirModeSet                        
2000e67b  sl_NetAppMDNSUnRegisterService        
2000e6b1  PRCMPeripheralStatusGet               
2000e6e5  SPIFIFOLevelSet                       
2000e719  feraiseexcept                         
2000e74d  PinTypeGPIO                           
2000e77d  UARTDisable                           
2000e7ad  _SlDrvDeviceEventHandler              
2000e7dd  strncpy                               
2000e80d  _Feraise                              
2000e83d  sl_Close                              
2000e86d  sl_WlanProfileDel                     
2000e89d  sl_WlanSetMode                        
2000e8cd  __aeabi_i2d                           
2000e8fb  raise                                 
2000e929  DmaSpiSwIntHandler                    
2000e955  NwpPowerOn                            
2000e981  PRCMSysResetCauseGet                  
2000e9ad  TimerLoadSet                          
2000e9d7  TimerPrescaleSet                      
2000ea01  _Dclass                               
2000ea2d  PRCMPeripheralClkDisable              
2000ea55  NwpRegisterInterruptHandler           
2000ea7d  IntUnregister                         
2000eaa1  UARTEnable                            
2000eac5  _SlDrvProtectionObjLockWaitForever    
2000eae9  memmove                               
2000eb0d  SPIReset                              
2000eb2f  SPIWordCountSet                       
2000eb51  frexp                                 
2000eb73  GPIOPinWrite                          
2000eb95  IntRegister                           
2000ebb5  SPIDataGet                            
2000ebd5  _SlDrvProtectionObjUnLock             
2000ebf5  SPIDataPut                            
2000ec13  TimerDisable                          
2000ec31  TimerEnable                           
2000ec4f  TimerIntStatus                        
2000ec6d  UARTCharPut                           
2000eca9  TimerValueGet                         
2000ecc5  UARTCharGetNonBlocking                
2000ece1  _SlDrvObjLockWaitForever              
2000ecfd  _SlDrvSyncObjWaitForever              
2000ed19  memccpy                               
2000ed35  uDMAChannelEnable                     
2000ed51  GPIOIntEnable                         
2000ed6b  PinTypeUART                           
2000ed85  SPIDmaDisable                         
2000ed9f  SPIDmaEnable                          
2000edb9  SPIFIFODisable                        
2000edd3  SPIFIFOEnable                         
2000eded  GPIOPinRead                           
2000ee05  PRCMHibernateEnter                    
2000ee1d  SPICSDisable                          
2000ee35  SPICSEnable                           
2000ee4d  SPIDisable                            
2000ee65  SPIEnable                             
2000ee7d  TimerIntDisable                       
2000ee95  TimerIntEnable                        
2000eead  UARTCharsAvail                        
2000eec5  _SlDrvObjUnLock                       
2000eedd  _SlDrvSyncObjSignal                   
2000eef5  _sl_GetStartResponseConvert           
2000ef0d  _args_main                            
2000ef25  PRCMHIBRegRead                        
2000ef3b  PRCMHIBRegWrite                       
2000ef51  _SlDrvMemZero                         
2000ef67  strchr                                
2000ef7d  CPUcpsie                              
2000ef91  GPIOIntClear                          
2000efa5  IntVTableBaseSet                      
2000efb9  _register_unlock                      
2000efbf  _register_lock                        
2000efc7  _nop                                  
2000efcd  strlen                                
2000efe1  TimerIntClear                         
2000eff3  _SlDrvResetCmdExt                     
2000f001  __TI_decompress_none                  
2000f00f  ResetISR                              
2000f01d  NwpMaskInterrupt                      
2000f029  NwpUnMaskInterrupt                    
2000f035  __TI_zero_init                        
2000f041  sl_WlanDisconnect                     
2000f04d  IntMasterEnable                       
2000f057  UtilsDelay                            
2000f05d  __TI_decompress_rle24                 
2000f063  _system_pre_init                      
2000f068  _ctypes_                              
2000f518  pcDigits                              
2000f57a  OpcodeTranslateTable                  
2000f5b6  _SlPolicySetCmdCtrl                   
2000f5ba  _SlPolicyGetCmdCtrl                   
2000f5be  _SlProfileGetCmdCtrl                  
2000f5c2  _SlProfileDelCmdCtrl                  
2000f5c6  _SlWlanGetNetworkListCtrl             
2000f5ca  _SlRxFilterAddtCmdCtrl                
2000f5ce  _SlRxFilterSetCmdCtrl                 
2000f5d2  _SlRxFilterGetCmdCtrl                 
2000f5d6  _SlSmartConfigStartCmdCtrl            
2000f5da  _SlWlanSetModeCmdCtrl                 
2000f5de  _SlWlanCfgSetCmdCtrl                  
2000f5e2  _SlWlanCfgGetCmdCtrl                  
2000f5f4  _SlActionLookupTable                  
2000f664  g_H2NSyncPattern                      
2000f66c  g_H2NCnysPattern                      
2000f674  RxMsgClassLUT                         
2000f698  _SlSockSocketCmdCtrl                  
2000f69c  _SlSockCloseCmdCtrl                   
2000f6a0  _SlRecvfomCmdCtrl                     
2000f6a4  _SlSendCmdCtrl                        
2000f6a8  _SlListenCmdCtrl                      
2000f6ac  _SlAcceptCmdCtrl                      
2000f6b0  _SlRecvCmdCtrl                        
2000f6b4  _SlSetSockOptCmdCtrl                  
2000f6b8  _SlGetSockOptCmdCtrl                  
2000f6bc  _SlSelectCmdCtrl                      
2000f6f8  _SlNetAppStartCtrl                    
2000f6fc  _SlNetAppStopCtrl                     
2000f700  _SlGetServiceListeCtrl                
2000f704  _SlRegisterServiceCtrl                
2000f708  _SlGetHostByServiceCtrl               
2000f70c  _SlGetHostByNameCtrl                  
2000f710  _SlNetAppSetCmdCtrl                   
2000f714  _SlNetAppSendTokenValueCmdCtrl        
2000f718  _SlNetAppGetCmdCtrl                   
2000f780  _SlStopCmdCtrl                        
2000f784  _SlEventMaskSetCmdCtrl                
2000f788  _SlEventMaskGetCmdCtrl                
2000f78c  _SlDeviceGetCmdCtrl                   
2000f790  _SlDeviceSetCmdCtrl                   
2000f794  _SlPayloadByProtocolLUT               
2000f7a4  StartResponseLUT                      
2000f7ac  _SlNetCfgSetCmdCtrl                   
2000f7b0  _SlNetCfgGetCmdCtrl                   
2000f7b8  __TI_static_base__                    
2000f828  __TI_Handler_Table_Base               
2000f834  __TI_Handler_Table_Limit              
2000f840  __TI_CINIT_Base                       
2000f850  __TI_CINIT_Limit                      
20017000  _sys_memory                           
2001f000  g_StatMem                             
2001f240  g_ucDinDout                           
2001f290  xQueueRegistry                        
2001f2e0  g_ucConnectionSSID                    
2001f368  g_ucConnectionBSSID                   
2001f370  DMAMsgQ                               
2001f378  g_cDummy                              
2001f384  g_usConnectIndex                      
2001f386  RxIrqCnt                              
2001f387  g_ucLED1Pin                           
2001f388  g_ucLED2Pin                           
2001f389  g_ucLED3Pin                           
2001f440  _Denorm                               
2001f450  _Eps                                  
2001f460  _Hugeval                              
2001f470  _Inf                                  
2001f480  _Nan                                  
2001f490  _Snan                                 
2001f4a0  _Rteps                                
2001f4b0  _Xbig                                 
2001f4b8  _Zero                                 
2001f4c0  pxCurrentTCB                          
2001f508  g_uiLED1Port                          
2001f50c  g_uiLED2Port                          
2001f510  g_uiLED3Port                          
2001f514  SecurityParams                        
2001f520  g_usTimerInts                         
2001f524  xHigherPriorityTaskWoken              
2001f528  xSimpleLinkSpawnQueue                 
2001f52c  xSimpleLinkSpawnTaskHndl              
2001f530  g_ulStatus                            
2001f534  g_ulStaIp                             
2001f538  g_ulGatewayIP                         
2001f548  g_SpiFd                               
2001f54c  g_pHostIntHdl                         
2001f550  g_ucDMAEnabled                        
2001f554  g_pCB                                 
2001f558  pPingCallBackFunc                     
2001f55c  gFirstCmdMode                         
2001f560  _lock                                 
2001f564  _unlock                               
2001f568  __TI_cleanup_ptr                      
2001f56c  __TI_dtors_ptr                        
2001f570  _Fenv                                 
2001f574  _Tls_setup__Fenv                      
2001f57c  _Errno                                
2001f580  main_func_sp                          
2002f800  __stack                               
20030000  __STACK_END                           
ffffffff  __binit__                             
ffffffff  __c_args__                            
ffffffff  binit                                 
UNDEFED   SHT$$INIT_ARRAY$$Base                 
UNDEFED   SHT$$INIT_ARRAY$$Limit                

[489 symbols]
