******************************************************************************
                  TI ARM Linker PC v5.2.2                      
******************************************************************************
>> Linked Fri Jun 19 18:58:31 2015

OUTPUT FILE NAME:   <shamd5.out>
ENTRY POINT SYMBOL: "_c_int00"  address: 20007b4d


MEMORY CONFIGURATION

         name            origin    length      used     unused   attr    fill
----------------------  --------  ---------  --------  --------  ----  --------
  SRAM_CODE             20004000   00013000  0000483e  0000e7c2  RW X
  SRAM_DATA             20017000   00019000  00009678  0000f988  RW X


SEGMENT ALLOCATION MAP

run origin  load origin   length   init length attrs members
----------  ----------- ---------- ----------- ----- -------
20004000    20004000    00004840   00004840    r-x
  20004000    20004000    00000400   00000400    r-- .intvecs
  20004400    20004400    00003c1a   00003c1a    r-x .text
  2000801c    2000801c    0000032c   0000032c    r-- .const
  20008348    20008348    000004f8   000004f8    r-- .cinit
20017000    20017000    00008678   00000000    rw-
  20017000    20017000    00008000   00000000    rw- .sysmem
  2001f000    2001f000    000005e0   00000000    rw- .data
  2001f5e0    2001f5e0    00000098   00000000    rw- .bss
2002f000    2002f000    00001000   00000000    rw-
  2002f000    2002f000    00001000   00000000    rw- .stack


SECTION ALLOCATION MAP

 output                                  attributes/
section   page    origin      length       input sections
--------  ----  ----------  ----------   ----------------
.intvecs   0    20004000    00000400     
                  20004000    00000400     startup_ccs.obj (.intvecs)

.init_array 
*          0    20004000    00000000     UNINITIALIZED

.text      0    20004400    00003c1a     
                  20004400    000010a6     rtsv7M4_T_le_eabi.lib : _printfi.obj (.text)
                  200054a6    00000002     --HOLE-- [fill = 0]
                  200054a8    00000830     shamd5_userinput.obj (.text)
                  20005cd8    000003dc     rtsv7M4_T_le_eabi.lib : memory.obj (.text)
                  200060b4    00000308     main.obj (.text)
                  200063bc    00000280     uart_if.obj (.text)
                  2000663c    000001f4     rtsv7M4_T_le_eabi.lib : ull_div_t2.obj (.text)
                  20006830    000001b6                           : fd_add_t2.obj (.text)
                  200069e6    00000136                           : fd_div_t2.obj (.text)
                  20006b1c    00000134     driverlib.a : prcm.obj (.text:PRCMCC3200MCUInit)
                  20006c50    00000110     rtsv7M4_T_le_eabi.lib : xdscale.obj (.text)
                  20006d60    000000fc                           : fd_mul_t2.obj (.text)
                  20006e5c    000000e2     driverlib.a : shamd5.obj (.text:SHAMD5DataWriteMultiple)
                  20006f3e    000000be     rtsv7M4_T_le_eabi.lib : xdnorm.obj (.text)
                  20006ffc    000000a8     driverlib.a : interrupt.obj (.text:IntEnable)
                  200070a4    0000009c     rtsv7M4_T_le_eabi.lib : memcpy_t2.obj (.text)
                  20007140    00000094     driverlib.a : prcm.obj (.text:PRCMPeripheralClockGet)
                  200071d4    00000088                 : pin.obj (.text:PinConfigSet)
                  2000725c    00000088     rtsv7M4_T_le_eabi.lib : vsnprintf.obj (.text)
                  200072e4    00000086                           : fd_cmp_t2.obj (.text:__aeabi_cdcmple)
                  2000736a    00000086                           : fd_cmp_t2.obj (.text:__aeabi_cdrcmple)
                  200073f0    0000007a                           : memset_t2.obj (.text)
                  2000746a    00000076     driverlib.a : uart.obj (.text:UARTConfigSetExpClk)
                  200074e0    0000006c     rtsv7M4_T_le_eabi.lib : autoinit.obj (.text)
                  2000754c    0000006a                           : copy_decompress_rle.obj (.text)
                  200075b6    00000066     driverlib.a : shamd5.obj (.text:SHAMD5ResultRead)
                  2000761c    00000066     rtsv7M4_T_le_eabi.lib : xdunscal.obj (.text)
                  20007682    00000002     --HOLE-- [fill = 0]
                  20007684    00000058     driverlib.a : prcm.obj (.text:PRCMPeripheralReset)
                  200076dc    00000058                 : shamd5.obj (.text:SHAMD5IntStatus)
                  20007734    00000056     rtsv7M4_T_le_eabi.lib : ltoa.obj (.text)
                  2000778a    00000002     --HOLE-- [fill = 0]
                  2000778c    0000004c                           : atoi.obj (.text)
                  200077d8    0000004c                           : cpy_tbl.obj (.text)
                  20007824    0000004a     driverlib.a : shamd5.obj (.text:SHAMD5DataWrite)
                  2000786e    00000002     --HOLE-- [fill = 0]
                  20007870    00000048                 : shamd5.obj (.text:SHAMD5IntDisable)
                  200078b8    00000048     rtsv7M4_T_le_eabi.lib : fd_toi_t2.obj (.text)
                  20007900    00000046                           : ldexp.obj (.text)
                  20007946    00000002     --HOLE-- [fill = 0]
                  20007948    00000044                           : exit.obj (.text)
                  2000798c    00000042     driverlib.a : shamd5.obj (.text:SHAMD5DataProcess)
                  200079ce    00000042                 : shamd5.obj (.text:SHAMD5HMACProcess)
                  20007a10    00000040                 : pin.obj (.text:PinModeSet)
                  20007a50    00000040                 : shamd5.obj (.text:SHAMD5IntEnable)
                  20007a90    00000040     rtsv7M4_T_le_eabi.lib : signal.obj (.text)
                  20007ad0    00000040                           : strtok.obj (.text)
                  20007b10    0000003c     driverlib.a : prcm.obj (.text:PRCMPeripheralClkEnable)
                  20007b4c    0000003c     rtsv7M4_T_le_eabi.lib : boot.obj (.text)
                  20007b88    0000003a     driverlib.a : shamd5.obj (.text:SHAMD5HMACKeySet)
                  20007bc2    00000002     --HOLE-- [fill = 0]
                  20007bc4    00000034     rtsv7M4_T_le_eabi.lib : feraiseexcept.obj (.text)
                  20007bf8    00000030     driverlib.a : uart.obj (.text:UARTDisable)
                  20007c28    00000030     rtsv7M4_T_le_eabi.lib : xferaise.obj (.text)
                  20007c58    0000002e                           : i_tofd_t2.obj (.text)
                  20007c86    0000002e                           : raise.obj (.text)
                  20007cb4    0000002c     driverlib.a : prcm.obj (.text:PRCMSysResetCauseGet)
                  20007ce0    0000002a     rtsv7M4_T_le_eabi.lib : strspn.obj (.text)
                  20007d0a    0000002a                           : xdclass.obj (.text)
                  20007d34    00000028     driverlib.a : prcm.obj (.text:PRCMPeripheralClkDisable)
                  20007d5c    00000024                 : uart.obj (.text:UARTEnable)
                  20007d80    00000024     rtsv7M4_T_le_eabi.lib : memmov.obj (.text)
                  20007da4    00000024                           : strcspn.obj (.text)
                  20007dc8    00000022                           : frexp.obj (.text)
                  20007dea    00000002     --HOLE-- [fill = 0]
                  20007dec    00000020     driverlib.a : interrupt.obj (.text:IntRegister)
                  20007e0c    0000001e                 : uart.obj (.text:UARTCharPut)
                  20007e2a    0000001c                 : uart.obj (.text:UARTCharGetNonBlocking)
                  20007e46    0000001c     pinmux.obj (.text)
                  20007e62    0000001c     rtsv7M4_T_le_eabi.lib : memccpy.obj (.text)
                  20007e7e    0000001a     driverlib.a : pin.obj (.text:PinTypeUART)
                  20007e98    00000018                 : uart.obj (.text:UARTCharsAvail)
                  20007eb0    00000018     rtsv7M4_T_le_eabi.lib : args_main.obj (.text)
                  20007ec8    00000018                           : strcmp.obj (.text)
                  20007ee0    00000016     driverlib.a : prcm.obj (.text:PRCMHIBRegRead)
                  20007ef6    00000016                 : prcm.obj (.text:PRCMHIBRegWrite)
                  20007f0c    00000016                 : shamd5.obj (.text:SHAMD5IntRegister)
                  20007f22    00000016                 : uart.obj (.text:UARTCharGet)
                  20007f38    00000016     rtsv7M4_T_le_eabi.lib : strchr.obj (.text)
                  20007f4e    00000014     driverlib.a : cpu.obj (.text:CPUcpsie)
                  20007f62    00000002     --HOLE-- [fill = 0]
                  20007f64    00000014                 : interrupt.obj (.text:IntVTableBaseSet)
                  20007f78    00000014     rtsv7M4_T_le_eabi.lib : _lock.obj (.text)
                  20007f8c    00000014                           : strcpy.obj (.text)
                  20007fa0    00000014                           : strlen.obj (.text)
                  20007fb4    00000012     driverlib.a : shamd5.obj (.text:SHAMD5ConfigSet)
                  20007fc6    00000012                 : shamd5.obj (.text:SHAMD5DataLengthSet)
                  20007fd8    0000000e     rtsv7M4_T_le_eabi.lib : copy_decompress_none.obj (.text:decompress:none)
                  20007fe6    0000000e     startup_ccs.obj (.text)
                  20007ff4    0000000c     rtsv7M4_T_le_eabi.lib : copy_zero_init.obj (.text:decompress:ZI)
                  20008000    0000000a     driverlib.a : interrupt.obj (.text:IntMasterEnable)
                  2000800a    00000006                 : utils.obj (.text:UtilsDelay)
                  20008010    00000006     rtsv7M4_T_le_eabi.lib : copy_decompress_rle.obj (.text:decompress:rle24)
                  20008016    00000004                           : pre_init.obj (.text)

.const     0    2000801c    0000032c     
                  2000801c    00000101     rtsv7M4_T_le_eabi.lib : ctype.obj (.const:.string:_ctypes_)
                  2000811d    00000003     --HOLE-- [fill = 0]
                  20008120    00000100     driverlib.a : pin.obj (.const:g_ulPinToPadMap)
                  20008220    000000a8                 : prcm.obj (.const:PRCM_PeriphRegsList)
                  200082c8    00000080                 : interrupt.obj (.const)

.cinit     0    20008348    000004f8     
                  20008348    000004cf     (.cinit..data.load) [load image, compression = rle]
                  20008817    00000001     --HOLE-- [fill = 0]
                  20008818    0000000c     (__TI_handler_table)
                  20008824    00000004     --HOLE-- [fill = 0]
                  20008828    00000008     (.cinit..bss.load) [load image, compression = zero_init]
                  20008830    00000010     (__TI_cinit_table)

.sysmem    0    20017000    00008000     UNINITIALIZED
                  20017000    00000008     rtsv7M4_T_le_eabi.lib : memory.obj (.sysmem)
                  20017008    00007ff8     --HOLE--

.data      0    2001f000    000005e0     UNINITIALIZED
                  2001f000    00000400     main.obj (.data:puiRandomData)
                  2001f400    000000b0     rtsv7M4_T_le_eabi.lib : signal.obj (.data:sigtable)
                  2001f4b0    00000080                           : xvalues.obj (.data)
                  2001f530    00000040     main.obj (.data)
                  2001f570    00000040     main.obj (.data:puiHMACKey)
                  2001f5b0    0000000c     rtsv7M4_T_le_eabi.lib : memory.obj (.data)
                  2001f5bc    00000008                           : _lock.obj (.data)
                  2001f5c4    00000008                           : exit.obj (.data)
                  2001f5cc    00000008                           : feraiseexcept.obj (.data)
                  2001f5d4    00000004                           : errno.obj (.data)
                  2001f5d8    00000004                           : stkdepth_vars.obj (.data)
                  2001f5dc    00000004                           : strtok.obj (.data)

.TI.persistent 
*          0    2001f000    00000000     UNINITIALIZED

.bss       0    2001f5e0    00000098     UNINITIALIZED
                  2001f5e0    00000040     shamd5_userinput.obj (.bss:puiPlainMsg)
                  2001f620    00000040     shamd5_userinput.obj (.bss:uiHMACKey)
                  2001f660    00000004     (.common:HMACKey1)
                  2001f664    00000004     (.common:HMACKey2)
                  2001f668    00000004     (.common:HMACKey3)
                  2001f66c    00000004     (.common:__Errorlog)
                  2001f670    00000004     (.common:uiHMAC)
                  2001f674    00000001     (.common:g_bContextReadyFlag)
                  2001f675    00000001     (.common:g_bInputReadyFlag)
                  2001f676    00000001     (.common:g_bOutputReadyFlag)
                  2001f677    00000001     (.common:g_bParthashReadyFlag)

.TI.noinit 
*          0    2001f5e0    00000000     UNINITIALIZED

.stack     0    2002f000    00001000     UNINITIALIZED
                  2002f000    00001000     --HOLE--


LINKER GENERATED COPY TABLES

__TI_cinit_table @ 20008830 records: 2, size/record: 8, table size: 16
	.data: load addr=20008348, load size=000004cf bytes, run addr=2001f000, run size=000005e0 bytes, compression=rle
	.bss: load addr=20008828, load size=00000008 bytes, run addr=2001f5e0, run size=00000098 bytes, compression=zero_init


LINKER GENERATED HANDLER TABLE

__TI_handler_table @ 20008818 records: 3, size/record: 4, table size: 12
	index: 0, handler: __TI_decompress_rle24
	index: 1, handler: __TI_decompress_none
	index: 2, handler: __TI_zero_init


GLOBAL SYMBOLS: SORTED ALPHABETICALLY BY Name 

address   name                     
-------   ----                     
20007949  C$$EXIT                  
20007f4f  CPUcpsie                 
200063fd  ClearTerm                
20006407  Error                    
20006113  GenerateHash             
2000643f  GetCmd                   
20005525  GetKey                   
20005631  GetMsg                   
2001f660  HMACKey1                 
2001f664  HMACKey2                 
2001f668  HMACKey3                 
200063bd  InitTerm                 
20006ffd  IntEnable                
20008001  IntMasterEnable          
20007ded  IntRegister              
20007f65  IntVTableBaseSet         
20006171  LoadDefaultValues        
2000550b  MemAllocAndCpy           
200063db  Message                  
20006b1d  PRCMCC3200MCUInit        
20007ee1  PRCMHIBRegRead           
20007ef7  PRCMHIBRegWrite          
20007d35  PRCMPeripheralClkDisable 
20007b11  PRCMPeripheralClkEnable  
20007141  PRCMPeripheralClockGet   
20007685  PRCMPeripheralReset      
20007cb5  PRCMSysResetCauseGet     
200071d5  PinConfigSet             
20007a11  PinModeSet               
20007e47  PinMuxConfig             
20007e7f  PinTypeUART              
20005b41  ReadFromUser             
2000657d  Report                   
20007fe7  ResetISR                 
20007fb5  SHAMD5ConfigSet          
20007fc7  SHAMD5DataLengthSet      
2000798d  SHAMD5DataProcess        
20007825  SHAMD5DataWrite          
20007b89  SHAMD5HMACKeySet         
200079cf  SHAMD5HMACProcess        
20007871  SHAMD5IntDisable         
20007a51  SHAMD5IntEnable          
200060b5  SHAMD5IntHandler         
20007f0d  SHAMD5IntRegister        
200076dd  SHAMD5IntStatus          
2000598d  SHAMD5Parser             
200075b7  SHAMD5ResultRead         
UNDEFED   SHT$$INIT_ARRAY$$Base    
UNDEFED   SHT$$INIT_ARRAY$$Limit   
200054a9  SetKeys                  
200064e5  TrimSpace                
20007f23  UARTCharGet              
20007e2b  UARTCharGetNonBlocking   
20007e0d  UARTCharPut              
20007e99  UARTCharsAvail           
2000746b  UARTConfigSetExpClk      
20007bf9  UARTDisable              
20007d5d  UARTEnable               
200054d1  UsageDisplay             
2000800b  UtilsDelay               
20007d0b  _Dclass                  
2001f4b0  _Denorm                  
20006f3f  _Dnorm                   
20006c51  _Dscale                  
2000761d  _Dunscale                
2001f4c0  _Eps                     
2001f5d4  _Errno                   
2001f5cc  _Fenv                    
20007c29  _Feraise                 
2001f4d0  _Hugeval                 
2001f4e0  _Inf                     
2001f4f0  _Nan                     
2001f510  _Rteps                   
2001f500  _Snan                    
2001f5d0  _Tls_setup__Fenv         
2001f520  _Xbig                    
2001f528  _Zero                    
20030000  __STACK_END              
00001000  __STACK_SIZE             
00008000  __SYSMEM_SIZE            
20008830  __TI_CINIT_Base          
20008840  __TI_CINIT_Limit         
20008818  __TI_Handler_Table_Base  
20008824  __TI_Handler_Table_Limit 
200074e1  __TI_auto_init           
2001f5c4  __TI_cleanup_ptr         
20007fd9  __TI_decompress_none     
20008011  __TI_decompress_rle24    
2001f5c8  __TI_dtors_ptr           
200051a1  __TI_printfi             
20008348  __TI_static_base__       
20007ff5  __TI_zero_init           
200072e5  __aeabi_cdcmpeq          
200072e5  __aeabi_cdcmple          
2000736b  __aeabi_cdrcmple         
200078b9  __aeabi_d2iz             
2000683b  __aeabi_dadd             
200069e7  __aeabi_ddiv             
20006d61  __aeabi_dmul             
20006831  __aeabi_dsub             
20007c59  __aeabi_i2d              
200073f1  __aeabi_memclr           
200073f1  __aeabi_memclr4          
200073f1  __aeabi_memclr8          
200070a5  __aeabi_memcpy           
200070a5  __aeabi_memcpy4          
200070a5  __aeabi_memcpy8          
200073f3  __aeabi_memset           
200073f3  __aeabi_memset4          
200073f3  __aeabi_memset8          
2000663d  __aeabi_uldivmod         
ffffffff  __binit__                
ffffffff  __c_args__               
2002f000  __stack                  
20007eb1  _args_main               
20007b4d  _c_int00                 
2000801c  _ctypes_                 
2001f5bc  _lock                    
20007f87  _nop                     
20007f7f  _register_lock           
20007f79  _register_unlock         
20017000  _sys_memory              
20008017  _system_pre_init         
2001f5c0  _unlock                  
2000794d  abort                    
2000778d  atoi                     
ffffffff  binit                    
20006081  calloc                   
200077d9  copy_in                  
20007955  exit                     
20007bc5  feraiseexcept            
20005dcf  free                     
20007dc9  frexp                    
2001f674  g_bContextReadyFlag      
2001f675  g_bInputReadyFlag        
2001f676  g_bOutputReadyFlag       
2001f677  g_bParthashReadyFlag     
20004000  g_pfnVectors             
2001f55c  g_psHMACShaMD5TestVectors
20007901  ldexp                    
20007735  ltoa                     
2000621b  main                     
2001f5d8  main_func_sp             
20005d67  malloc                   
20005f9d  memalign                 
20007e63  memccpy                  
200070a5  memcpy                   
20007d81  memmove                  
200073f9  memset                   
20005cd9  minit                    
2001f530  pui32MD5HMACResult       
2001f540  pui32SHA224HMACResult    
2001f570  puiHMACKey               
2001f5e0  puiPlainMsg              
2001f000  puiRandomData            
20007c87  raise                    
20005e91  realloc                  
20007a91  signal                   
20007f39  strchr                   
20007ec9  strcmp                   
20007f8d  strcpy                   
20007da5  strcspn                  
20007fa1  strlen                   
20007ce1  strspn                   
20007ad1  strtok                   
2001f670  uiHMAC                   
2001f620  uiHMACKey                
2000725d  vsnprintf                


GLOBAL SYMBOLS: SORTED BY Symbol Address 

address   name                     
-------   ----                     
00001000  __STACK_SIZE             
00008000  __SYSMEM_SIZE            
20004000  g_pfnVectors             
200051a1  __TI_printfi             
200054a9  SetKeys                  
200054d1  UsageDisplay             
2000550b  MemAllocAndCpy           
20005525  GetKey                   
20005631  GetMsg                   
2000598d  SHAMD5Parser             
20005b41  ReadFromUser             
20005cd9  minit                    
20005d67  malloc                   
20005dcf  free                     
20005e91  realloc                  
20005f9d  memalign                 
20006081  calloc                   
200060b5  SHAMD5IntHandler         
20006113  GenerateHash             
20006171  LoadDefaultValues        
2000621b  main                     
200063bd  InitTerm                 
200063db  Message                  
200063fd  ClearTerm                
20006407  Error                    
2000643f  GetCmd                   
200064e5  TrimSpace                
2000657d  Report                   
2000663d  __aeabi_uldivmod         
20006831  __aeabi_dsub             
2000683b  __aeabi_dadd             
200069e7  __aeabi_ddiv             
20006b1d  PRCMCC3200MCUInit        
20006c51  _Dscale                  
20006d61  __aeabi_dmul             
20006f3f  _Dnorm                   
20006ffd  IntEnable                
200070a5  __aeabi_memcpy           
200070a5  __aeabi_memcpy4          
200070a5  __aeabi_memcpy8          
200070a5  memcpy                   
20007141  PRCMPeripheralClockGet   
200071d5  PinConfigSet             
2000725d  vsnprintf                
200072e5  __aeabi_cdcmpeq          
200072e5  __aeabi_cdcmple          
2000736b  __aeabi_cdrcmple         
200073f1  __aeabi_memclr           
200073f1  __aeabi_memclr4          
200073f1  __aeabi_memclr8          
200073f3  __aeabi_memset           
200073f3  __aeabi_memset4          
200073f3  __aeabi_memset8          
200073f9  memset                   
2000746b  UARTConfigSetExpClk      
200074e1  __TI_auto_init           
200075b7  SHAMD5ResultRead         
2000761d  _Dunscale                
20007685  PRCMPeripheralReset      
200076dd  SHAMD5IntStatus          
20007735  ltoa                     
2000778d  atoi                     
200077d9  copy_in                  
20007825  SHAMD5DataWrite          
20007871  SHAMD5IntDisable         
200078b9  __aeabi_d2iz             
20007901  ldexp                    
20007949  C$$EXIT                  
2000794d  abort                    
20007955  exit                     
2000798d  SHAMD5DataProcess        
200079cf  SHAMD5HMACProcess        
20007a11  PinModeSet               
20007a51  SHAMD5IntEnable          
20007a91  signal                   
20007ad1  strtok                   
20007b11  PRCMPeripheralClkEnable  
20007b4d  _c_int00                 
20007b89  SHAMD5HMACKeySet         
20007bc5  feraiseexcept            
20007bf9  UARTDisable              
20007c29  _Feraise                 
20007c59  __aeabi_i2d              
20007c87  raise                    
20007cb5  PRCMSysResetCauseGet     
20007ce1  strspn                   
20007d0b  _Dclass                  
20007d35  PRCMPeripheralClkDisable 
20007d5d  UARTEnable               
20007d81  memmove                  
20007da5  strcspn                  
20007dc9  frexp                    
20007ded  IntRegister              
20007e0d  UARTCharPut              
20007e2b  UARTCharGetNonBlocking   
20007e47  PinMuxConfig             
20007e63  memccpy                  
20007e7f  PinTypeUART              
20007e99  UARTCharsAvail           
20007eb1  _args_main               
20007ec9  strcmp                   
20007ee1  PRCMHIBRegRead           
20007ef7  PRCMHIBRegWrite          
20007f0d  SHAMD5IntRegister        
20007f23  UARTCharGet              
20007f39  strchr                   
20007f4f  CPUcpsie                 
20007f65  IntVTableBaseSet         
20007f79  _register_unlock         
20007f7f  _register_lock           
20007f87  _nop                     
20007f8d  strcpy                   
20007fa1  strlen                   
20007fb5  SHAMD5ConfigSet          
20007fc7  SHAMD5DataLengthSet      
20007fd9  __TI_decompress_none     
20007fe7  ResetISR                 
20007ff5  __TI_zero_init           
20008001  IntMasterEnable          
2000800b  UtilsDelay               
20008011  __TI_decompress_rle24    
20008017  _system_pre_init         
2000801c  _ctypes_                 
20008348  __TI_static_base__       
20008818  __TI_Handler_Table_Base  
20008824  __TI_Handler_Table_Limit 
20008830  __TI_CINIT_Base          
20008840  __TI_CINIT_Limit         
20017000  _sys_memory              
2001f000  puiRandomData            
2001f4b0  _Denorm                  
2001f4c0  _Eps                     
2001f4d0  _Hugeval                 
2001f4e0  _Inf                     
2001f4f0  _Nan                     
2001f500  _Snan                    
2001f510  _Rteps                   
2001f520  _Xbig                    
2001f528  _Zero                    
2001f530  pui32MD5HMACResult       
2001f540  pui32SHA224HMACResult    
2001f55c  g_psHMACShaMD5TestVectors
2001f570  puiHMACKey               
2001f5bc  _lock                    
2001f5c0  _unlock                  
2001f5c4  __TI_cleanup_ptr         
2001f5c8  __TI_dtors_ptr           
2001f5cc  _Fenv                    
2001f5d0  _Tls_setup__Fenv         
2001f5d4  _Errno                   
2001f5d8  main_func_sp             
2001f5e0  puiPlainMsg              
2001f620  uiHMACKey                
2001f660  HMACKey1                 
2001f664  HMACKey2                 
2001f668  HMACKey3                 
2001f670  uiHMAC                   
2001f674  g_bContextReadyFlag      
2001f675  g_bInputReadyFlag        
2001f676  g_bOutputReadyFlag       
2001f677  g_bParthashReadyFlag     
2002f000  __stack                  
20030000  __STACK_END              
ffffffff  __binit__                
ffffffff  __c_args__               
ffffffff  binit                    
UNDEFED   SHT$$INIT_ARRAY$$Base    
UNDEFED   SHT$$INIT_ARRAY$$Limit   

[168 symbols]
