******************************************************************************
                  TI ARM Linker PC v5.2.2                      
******************************************************************************
>> Linked Thu Jul 16 23:32:19 2015

OUTPUT FILE NAME:   <hello_World.out>
ENTRY POINT SYMBOL: "_c_int00"  address: 200076e9


MEMORY CONFIGURATION

         name            origin    length      used     unused   attr    fill
----------------------  --------  ---------  --------  --------  ----  --------
  SRAM_CODE             20004000   00012fff  00004204  0000edfb  RW X
  SRAM_DATA             20017000   00019000  00001183  00017e7d  RW X


SEGMENT ALLOCATION MAP

run origin  load origin   length   init length attrs members
----------  ----------- ---------- ----------- ----- -------
20004000    20004000    00004208   00004208    r-x
  20004000    20004000    00000400   00000400    r-- .intvecs
  20004400    20004400    0000397c   0000397c    r-x .text
  20007d7c    20007d7c    00000400   00000400    r-- .const
  20008180    20008180    00000088   00000088    r-- .cinit
20017000    20017000    00000983   00000000    rw-
  20017000    20017000    00000800   00000000    rw- .sysmem
  20017800    20017800    0000017c   00000000    rw- .data
  2001797c    2001797c    00000007   00000000    rw- .bss
2002f800    2002f800    00000800   00000000    rw-
  2002f800    2002f800    00000800   00000000    rw- .stack


SECTION ALLOCATION MAP

 output                                  attributes/
section   page    origin      length       input sections
--------  ----  ----------  ----------   ----------------
.intvecs   0    20004000    00000400     
                  20004000    00000400     startup_ccs.obj (.intvecs)

.init_array 
*          0    20004000    00000000     UNINITIALIZED

.text      0    20004400    0000397c     
                  20004400    000010a6     rtsv7M4_T_le_eabi.lib : _printfi.obj (.text)
                  200054a6    00000002     --HOLE-- [fill = 0]
                  200054a8    0000050c     hello.obj (.text)
                  200059b4    000003dc     rtsv7M4_T_le_eabi.lib : memory.obj (.text)
                  20005d90    0000039c     gpio_if.obj (.text)
                  2000612c    00000280     uart_if.obj (.text)
                  200063ac    000001f4     rtsv7M4_T_le_eabi.lib : ull_div_t2.obj (.text)
                  200065a0    000001b6                           : fd_add_t2.obj (.text)
                  20006756    00000136                           : fd_div_t2.obj (.text)
                  2000688c    00000134     driverlib.a : prcm.obj (.text:PRCMCC3200MCUInit)
                  200069c0    00000110     rtsv7M4_T_le_eabi.lib : xdscale.obj (.text)
                  20006ad0    000000fc                           : fd_mul_t2.obj (.text)
                  20006bcc    000000be                           : xdnorm.obj (.text)
                  20006c8a    00000002     --HOLE-- [fill = 0]
                  20006c8c    000000a8     driverlib.a : interrupt.obj (.text:IntEnable)
                  20006d34    0000009c     rtsv7M4_T_le_eabi.lib : memcpy_t2.obj (.text)
                  20006dd0    00000094     driverlib.a : prcm.obj (.text:PRCMPeripheralClockGet)
                  20006e64    00000088                 : pin.obj (.text:PinConfigSet)
                  20006eec    00000088     rtsv7M4_T_le_eabi.lib : vsnprintf.obj (.text)
                  20006f74    00000086                           : fd_cmp_t2.obj (.text:__aeabi_cdcmple)
                  20006ffa    00000086                           : fd_cmp_t2.obj (.text:__aeabi_cdrcmple)
                  20007080    00000082     driverlib.a : gpio.obj (.text:GPIOIntTypeSet)
                  20007102    0000007a     rtsv7M4_T_le_eabi.lib : memset_t2.obj (.text)
                  2000717c    00000076     driverlib.a : uart.obj (.text:UARTConfigSetExpClk)
                  200071f2    00000002     --HOLE-- [fill = 0]
                  200071f4    0000006c     rtsv7M4_T_le_eabi.lib : autoinit.obj (.text)
                  20007260    0000006a                           : copy_decompress_rle.obj (.text)
                  200072ca    00000066                           : xdunscal.obj (.text)
                  20007330    00000058     driverlib.a : prcm.obj (.text:PRCMPeripheralReset)
                  20007388    00000056     rtsv7M4_T_le_eabi.lib : ltoa.obj (.text)
                  200073de    00000002     --HOLE-- [fill = 0]
                  200073e0    00000054     driverlib.a : interrupt.obj (.text:IntPrioritySet)
                  20007434    0000004c     rtsv7M4_T_le_eabi.lib : atoi.obj (.text)
                  20007480    0000004c                           : cpy_tbl.obj (.text)
                  200074cc    00000048     driverlib.a : gpio.obj (.text:GPIOGetIntNumber)
                  20007514    00000048     rtsv7M4_T_le_eabi.lib : fd_toi_t2.obj (.text)
                  2000755c    00000046                           : ldexp.obj (.text)
                  200075a2    00000002     --HOLE-- [fill = 0]
                  200075a4    00000044     driverlib.a : timer.obj (.text:TimerConfigure)
                  200075e8    00000044     rtsv7M4_T_le_eabi.lib : exit.obj (.text)
                  2000762c    00000040     driverlib.a : pin.obj (.text:PinModeSet)
                  2000766c    00000040     rtsv7M4_T_le_eabi.lib : signal.obj (.text)
                  200076ac    0000003c     driverlib.a : prcm.obj (.text:PRCMPeripheralClkEnable)
                  200076e8    0000003c     rtsv7M4_T_le_eabi.lib : boot.obj (.text)
                  20007724    00000038     driverlib.a : adc.obj (.text:ADCChannelEnable)
                  2000775c    00000038     rtsv7M4_T_le_eabi.lib : fs_tod_t2.obj (.text)
                  20007794    00000036     driverlib.a : gpio.obj (.text:GPIODirModeSet)
                  200077ca    00000036                 : timer.obj (.text:TimerControlLevel)
                  20007800    00000034     rtsv7M4_T_le_eabi.lib : feraiseexcept.obj (.text)
                  20007834    00000030     driverlib.a : pin.obj (.text:PinTypeGPIO)
                  20007864    00000030                 : uart.obj (.text:UARTDisable)
                  20007894    00000030     rtsv7M4_T_le_eabi.lib : xferaise.obj (.text)
                  200078c4    0000002e                           : i_tofd_t2.obj (.text)
                  200078f2    0000002e                           : raise.obj (.text)
                  20007920    0000002c     driverlib.a : prcm.obj (.text:PRCMSysResetCauseGet)
                  2000794c    0000002a                 : timer.obj (.text:TimerLoadSet)
                  20007976    0000002a                 : timer.obj (.text:TimerMatchSet)
                  200079a0    0000002a                 : timer.obj (.text:TimerPrescaleSet)
                  200079ca    0000002a     rtsv7M4_T_le_eabi.lib : xdclass.obj (.text)
                  200079f4    00000028     driverlib.a : prcm.obj (.text:PRCMPeripheralClkDisable)
                  20007a1c    00000024                 : uart.obj (.text:UARTEnable)
                  20007a40    00000024     rtsv7M4_T_le_eabi.lib : memmov.obj (.text)
                  20007a64    00000024                           : u_tofs_t2.obj (.text)
                  20007a88    00000022     driverlib.a : adc.obj (.text:ADCTimerConfig)
                  20007aaa    00000022     rtsv7M4_T_le_eabi.lib : frexp.obj (.text)
                  20007acc    00000020     driverlib.a : gpio.obj (.text:GPIOPinWrite)
                  20007aec    00000020                 : interrupt.obj (.text:IntRegister)
                  20007b0c    0000001e                 : gpio.obj (.text:GPIOIntRegister)
                  20007b2a    0000001e                 : timer.obj (.text:TimerDisable)
                  20007b48    0000001e                 : timer.obj (.text:TimerEnable)
                  20007b66    0000001e                 : uart.obj (.text:UARTCharPut)
                  20007b84    0000001c                 : adc.obj (.text:ADCFIFOLvlGet)
                  20007ba0    0000001c                 : uart.obj (.text:UARTCharGetNonBlocking)
                  20007bbc    0000001c     rtsv7M4_T_le_eabi.lib : memccpy.obj (.text)
                  20007bd8    0000001a     driverlib.a : gpio.obj (.text:GPIOIntEnable)
                  20007bf2    0000001a                 : pin.obj (.text:PinTypeTimer)
                  20007c0c    0000001a                 : pin.obj (.text:PinTypeUART)
                  20007c26    00000018                 : adc.obj (.text:ADCFIFORead)
                  20007c3e    00000018                 : gpio.obj (.text:GPIOPinRead)
                  20007c56    00000018                 : uart.obj (.text:UARTCharsAvail)
                  20007c6e    00000002     --HOLE-- [fill = 0]
                  20007c70    00000018     rtsv7M4_T_le_eabi.lib : args_main.obj (.text)
                  20007c88    00000016     driverlib.a : adc.obj (.text:ADCTimerEnable)
                  20007c9e    00000016                 : prcm.obj (.text:PRCMHIBRegRead)
                  20007cb4    00000016                 : prcm.obj (.text:PRCMHIBRegWrite)
                  20007cca    00000016     rtsv7M4_T_le_eabi.lib : strchr.obj (.text)
                  20007ce0    00000014     driverlib.a : adc.obj (.text:ADCEnable)
                  20007cf4    00000014                 : gpio.obj (.text:GPIOIntClear)
                  20007d08    00000014                 : pin.obj (.text:PinTypeADC)
                  20007d1c    00000014     rtsv7M4_T_le_eabi.lib : _lock.obj (.text)
                  20007d30    00000014                           : strlen.obj (.text)
                  20007d44    0000000e                           : copy_decompress_none.obj (.text:decompress:none)
                  20007d52    0000000e     startup_ccs.obj (.text)
                  20007d60    0000000c     rtsv7M4_T_le_eabi.lib : copy_zero_init.obj (.text:decompress:ZI)
                  20007d6c    00000006     driverlib.a : utils.obj (.text:UtilsDelay)
                  20007d72    00000006     rtsv7M4_T_le_eabi.lib : copy_decompress_rle.obj (.text:decompress:rle24)
                  20007d78    00000004                           : pre_init.obj (.text)

.const     0    20007d7c    00000400     
                  20007d7c    00000101     rtsv7M4_T_le_eabi.lib : ctype.obj (.const:.string:_ctypes_)
                  20007e7d    00000003     --HOLE-- [fill = 0]
                  20007e80    00000100     driverlib.a : pin.obj (.const:g_ulPinToPadMap)
                  20007f80    000000d4                 : interrupt.obj (.const:g_pulRegs)
                  20008054    000000a8                 : prcm.obj (.const:PRCM_PeriphRegsList)
                  200080fc    00000080                 : interrupt.obj (.const)

.cinit     0    20008180    00000088     
                  20008180    00000064     (.cinit..data.load) [load image, compression = rle]
                  200081e4    0000000c     (__TI_handler_table)
                  200081f0    00000008     (.cinit..bss.load) [load image, compression = zero_init]
                  200081f8    00000010     (__TI_cinit_table)

.sysmem    0    20017000    00000800     UNINITIALIZED
                  20017000    00000008     rtsv7M4_T_le_eabi.lib : memory.obj (.sysmem)
                  20017008    000007f8     --HOLE--

.data      0    20017800    0000017c     UNINITIALIZED
                  20017800    000000b0     rtsv7M4_T_le_eabi.lib : signal.obj (.data:sigtable)
                  200178b0    00000080                           : xvalues.obj (.data)
                  20017930    00000020     gpio_if.obj (.data)
                  20017950    0000000c     rtsv7M4_T_le_eabi.lib : memory.obj (.data)
                  2001795c    00000008                           : _lock.obj (.data)
                  20017964    00000008                           : exit.obj (.data)
                  2001796c    00000008                           : feraiseexcept.obj (.data)
                  20017974    00000004                           : errno.obj (.data)
                  20017978    00000004                           : stkdepth_vars.obj (.data)

.TI.persistent 
*          0    20017800    00000000     UNINITIALIZED

.bss       0    2001797c    00000007     UNINITIALIZED
                  2001797c    00000004     (.common:__Errorlog)
                  20017980    00000001     (.common:g_ucLED1Pin)
                  20017981    00000001     (.common:g_ucLED2Pin)
                  20017982    00000001     (.common:g_ucLED3Pin)

.TI.noinit 
*          0    2001797c    00000000     UNINITIALIZED

.stack     0    2002f800    00000800     UNINITIALIZED
                  2002f800    00000800     --HOLE--


LINKER GENERATED COPY TABLES

__TI_cinit_table @ 200081f8 records: 2, size/record: 8, table size: 16
	.data: load addr=20008180, load size=00000064 bytes, run addr=20017800, run size=0000017c bytes, compression=rle
	.bss: load addr=200081f0, load size=00000008 bytes, run addr=2001797c, run size=00000007 bytes, compression=zero_init


LINKER GENERATED HANDLER TABLE

__TI_handler_table @ 200081e4 records: 3, size/record: 4, table size: 12
	index: 0, handler: __TI_decompress_rle24
	index: 1, handler: __TI_decompress_none
	index: 2, handler: __TI_zero_init


GLOBAL SYMBOLS: SORTED ALPHABETICALLY BY Name 

address   name                       
-------   ----                       
20007725  ADCChannelEnable           
20007ce1  ADCEnable                  
20007b85  ADCFIFOLvlGet              
20007c27  ADCFIFORead                
20007a89  ADCTimerConfig             
20007c89  ADCTimerEnable             
200054a9  ADC_GetChannel             
200054d9  ADC_Init                   
200075e9  C$$EXIT                    
2000616d  ClearTerm                  
20006177  Error                      
20007795  GPIODirModeSet             
20007cf5  GPIOIntClear               
20007bd9  GPIOIntEnable              
20007b0d  GPIOIntRegister            
20007081  GPIOIntTypeSet             
20007c3f  GPIOPinRead                
20007acd  GPIOPinWrite               
20006051  GPIO_IF_ConfigureNIntEnable
200060dd  GPIO_IF_Get                
2000600b  GPIO_IF_GetPortNPin        
20005dcd  GPIO_IF_LedConfigure       
20005ebf  GPIO_IF_LedOff             
20005e0b  GPIO_IF_LedOn              
20005f73  GPIO_IF_LedStatus          
20005fdd  GPIO_IF_LedToggle          
20006099  GPIO_IF_Set                
2000550b  GPIO_Init                  
20005629  GPIO_ReadValue             
200061af  GetCmd                     
2000612d  InitTerm                   
20006c8d  IntEnable                  
200073e1  IntPrioritySet             
20007aed  IntRegister                
200057e9  Led_Init                   
2000614b  Message                    
2000688d  PRCMCC3200MCUInit          
20007c9f  PRCMHIBRegRead             
20007cb5  PRCMHIBRegWrite            
200079f5  PRCMPeripheralClkDisable   
200076ad  PRCMPeripheralClkEnable    
20006dd1  PRCMPeripheralClockGet     
20007331  PRCMPeripheralReset        
20007921  PRCMSysResetCauseGet       
200056fb  PWM_Init                   
20006e65  PinConfigSet               
2000762d  PinModeSet                 
20007d09  PinTypeADC                 
20007835  PinTypeGPIO                
20007bf3  PinTypeTimer               
20007c0d  PinTypeUART                
200062ed  Report                     
20007d53  ResetISR                   
UNDEFED   SHT$$INIT_ARRAY$$Base      
UNDEFED   SHT$$INIT_ARRAY$$Limit     
200075a5  TimerConfigure             
200077cb  TimerControlLevel          
20007b2b  TimerDisable               
20007b49  TimerEnable                
2000794d  TimerLoadSet               
20007977  TimerMatchSet              
200079a1  TimerPrescaleSet           
20006255  TrimSpace                  
20007ba1  UARTCharGetNonBlocking     
20007b67  UARTCharPut                
20007c57  UARTCharsAvail             
2000717d  UARTConfigSetExpClk        
20007865  UARTDisable                
20007a1d  UARTEnable                 
20007d6d  UtilsDelay                 
200079cb  _Dclass                    
200178b0  _Denorm                    
20006bcd  _Dnorm                     
200069c1  _Dscale                    
200072cb  _Dunscale                  
200178c0  _Eps                       
20017974  _Errno                     
2001796c  _Fenv                      
20007895  _Feraise                   
200178d0  _Hugeval                   
200178e0  _Inf                       
200178f0  _Nan                       
20017910  _Rteps                     
20017900  _Snan                      
20017970  _Tls_setup__Fenv           
20017920  _Xbig                      
20017928  _Zero                      
20030000  __STACK_END                
00000800  __STACK_SIZE               
00000800  __SYSMEM_SIZE              
200081f8  __TI_CINIT_Base            
20008208  __TI_CINIT_Limit           
200081e4  __TI_Handler_Table_Base    
200081f0  __TI_Handler_Table_Limit   
200071f5  __TI_auto_init             
20017964  __TI_cleanup_ptr           
20007d45  __TI_decompress_none       
20007d73  __TI_decompress_rle24      
20017968  __TI_dtors_ptr             
200051a1  __TI_printfi               
20008180  __TI_static_base__         
20007d61  __TI_zero_init             
20006f75  __aeabi_cdcmpeq            
20006f75  __aeabi_cdcmple            
20006ffb  __aeabi_cdrcmple           
20007515  __aeabi_d2iz               
200065ab  __aeabi_dadd               
20006757  __aeabi_ddiv               
20006ad1  __aeabi_dmul               
200065a1  __aeabi_dsub               
2000775d  __aeabi_f2d                
200078c5  __aeabi_i2d                
20007103  __aeabi_memclr             
20007103  __aeabi_memclr4            
20007103  __aeabi_memclr8            
20006d35  __aeabi_memcpy             
20006d35  __aeabi_memcpy4            
20006d35  __aeabi_memcpy8            
20007105  __aeabi_memset             
20007105  __aeabi_memset4            
20007105  __aeabi_memset8            
20007a65  __aeabi_ui2f               
200063ad  __aeabi_uldivmod           
ffffffff  __binit__                  
ffffffff  __c_args__                 
2002f800  __stack                    
20007c71  _args_main                 
200076e9  _c_int00                   
20007d7c  _ctypes_                   
2001795c  _lock                      
20007d2b  _nop                       
20007d23  _register_lock             
20007d1d  _register_unlock           
20017000  _sys_memory                
20007d79  _system_pre_init           
20017960  _unlock                    
200075ed  abort                      
20007435  atoi                       
ffffffff  binit                      
20005d5d  calloc                     
20007481  copy_in                    
200075f5  exit                       
20007801  feraiseexcept              
20005aab  free                       
20007aab  frexp                      
20004000  g_pfnVectors               
20017980  g_ucLED1Pin                
20017981  g_ucLED2Pin                
20017982  g_ucLED3Pin                
20017944  g_uiLED1Port               
20017948  g_uiLED2Port               
2001794c  g_uiLED3Port               
2000755d  ldexp                      
20007389  ltoa                       
2000587d  main                       
20017978  main_func_sp               
20005a43  malloc                     
20005c79  memalign                   
20007bbd  memccpy                    
20006d35  memcpy                     
20007a41  memmove                    
2000710b  memset                     
200059b5  minit                      
200078f3  raise                      
20005b6d  realloc                    
2000766d  signal                     
20007ccb  strchr                     
20007d31  strlen                     
20006eed  vsnprintf                  


GLOBAL SYMBOLS: SORTED BY Symbol Address 

address   name                       
-------   ----                       
00000800  __STACK_SIZE               
00000800  __SYSMEM_SIZE              
20004000  g_pfnVectors               
200051a1  __TI_printfi               
200054a9  ADC_GetChannel             
200054d9  ADC_Init                   
2000550b  GPIO_Init                  
20005629  GPIO_ReadValue             
200056fb  PWM_Init                   
200057e9  Led_Init                   
2000587d  main                       
200059b5  minit                      
20005a43  malloc                     
20005aab  free                       
20005b6d  realloc                    
20005c79  memalign                   
20005d5d  calloc                     
20005dcd  GPIO_IF_LedConfigure       
20005e0b  GPIO_IF_LedOn              
20005ebf  GPIO_IF_LedOff             
20005f73  GPIO_IF_LedStatus          
20005fdd  GPIO_IF_LedToggle          
2000600b  GPIO_IF_GetPortNPin        
20006051  GPIO_IF_ConfigureNIntEnable
20006099  GPIO_IF_Set                
200060dd  GPIO_IF_Get                
2000612d  InitTerm                   
2000614b  Message                    
2000616d  ClearTerm                  
20006177  Error                      
200061af  GetCmd                     
20006255  TrimSpace                  
200062ed  Report                     
200063ad  __aeabi_uldivmod           
200065a1  __aeabi_dsub               
200065ab  __aeabi_dadd               
20006757  __aeabi_ddiv               
2000688d  PRCMCC3200MCUInit          
200069c1  _Dscale                    
20006ad1  __aeabi_dmul               
20006bcd  _Dnorm                     
20006c8d  IntEnable                  
20006d35  __aeabi_memcpy             
20006d35  __aeabi_memcpy4            
20006d35  __aeabi_memcpy8            
20006d35  memcpy                     
20006dd1  PRCMPeripheralClockGet     
20006e65  PinConfigSet               
20006eed  vsnprintf                  
20006f75  __aeabi_cdcmpeq            
20006f75  __aeabi_cdcmple            
20006ffb  __aeabi_cdrcmple           
20007081  GPIOIntTypeSet             
20007103  __aeabi_memclr             
20007103  __aeabi_memclr4            
20007103  __aeabi_memclr8            
20007105  __aeabi_memset             
20007105  __aeabi_memset4            
20007105  __aeabi_memset8            
2000710b  memset                     
2000717d  UARTConfigSetExpClk        
200071f5  __TI_auto_init             
200072cb  _Dunscale                  
20007331  PRCMPeripheralReset        
20007389  ltoa                       
200073e1  IntPrioritySet             
20007435  atoi                       
20007481  copy_in                    
20007515  __aeabi_d2iz               
2000755d  ldexp                      
200075a5  TimerConfigure             
200075e9  C$$EXIT                    
200075ed  abort                      
200075f5  exit                       
2000762d  PinModeSet                 
2000766d  signal                     
200076ad  PRCMPeripheralClkEnable    
200076e9  _c_int00                   
20007725  ADCChannelEnable           
2000775d  __aeabi_f2d                
20007795  GPIODirModeSet             
200077cb  TimerControlLevel          
20007801  feraiseexcept              
20007835  PinTypeGPIO                
20007865  UARTDisable                
20007895  _Feraise                   
200078c5  __aeabi_i2d                
200078f3  raise                      
20007921  PRCMSysResetCauseGet       
2000794d  TimerLoadSet               
20007977  TimerMatchSet              
200079a1  TimerPrescaleSet           
200079cb  _Dclass                    
200079f5  PRCMPeripheralClkDisable   
20007a1d  UARTEnable                 
20007a41  memmove                    
20007a65  __aeabi_ui2f               
20007a89  ADCTimerConfig             
20007aab  frexp                      
20007acd  GPIOPinWrite               
20007aed  IntRegister                
20007b0d  GPIOIntRegister            
20007b2b  TimerDisable               
20007b49  TimerEnable                
20007b67  UARTCharPut                
20007b85  ADCFIFOLvlGet              
20007ba1  UARTCharGetNonBlocking     
20007bbd  memccpy                    
20007bd9  GPIOIntEnable              
20007bf3  PinTypeTimer               
20007c0d  PinTypeUART                
20007c27  ADCFIFORead                
20007c3f  GPIOPinRead                
20007c57  UARTCharsAvail             
20007c71  _args_main                 
20007c89  ADCTimerEnable             
20007c9f  PRCMHIBRegRead             
20007cb5  PRCMHIBRegWrite            
20007ccb  strchr                     
20007ce1  ADCEnable                  
20007cf5  GPIOIntClear               
20007d09  PinTypeADC                 
20007d1d  _register_unlock           
20007d23  _register_lock             
20007d2b  _nop                       
20007d31  strlen                     
20007d45  __TI_decompress_none       
20007d53  ResetISR                   
20007d61  __TI_zero_init             
20007d6d  UtilsDelay                 
20007d73  __TI_decompress_rle24      
20007d79  _system_pre_init           
20007d7c  _ctypes_                   
20008180  __TI_static_base__         
200081e4  __TI_Handler_Table_Base    
200081f0  __TI_Handler_Table_Limit   
200081f8  __TI_CINIT_Base            
20008208  __TI_CINIT_Limit           
20017000  _sys_memory                
200178b0  _Denorm                    
200178c0  _Eps                       
200178d0  _Hugeval                   
200178e0  _Inf                       
200178f0  _Nan                       
20017900  _Snan                      
20017910  _Rteps                     
20017920  _Xbig                      
20017928  _Zero                      
20017944  g_uiLED1Port               
20017948  g_uiLED2Port               
2001794c  g_uiLED3Port               
2001795c  _lock                      
20017960  _unlock                    
20017964  __TI_cleanup_ptr           
20017968  __TI_dtors_ptr             
2001796c  _Fenv                      
20017970  _Tls_setup__Fenv           
20017974  _Errno                     
20017978  main_func_sp               
20017980  g_ucLED1Pin                
20017981  g_ucLED2Pin                
20017982  g_ucLED3Pin                
2002f800  __stack                    
20030000  __STACK_END                
ffffffff  __binit__                  
ffffffff  __c_args__                 
ffffffff  binit                      
UNDEFED   SHT$$INIT_ARRAY$$Base      
UNDEFED   SHT$$INIT_ARRAY$$Limit     

[169 symbols]
