******************************************************************************
                  TI ARM Linker PC v5.2.2                      
******************************************************************************
>> Linked Fri Jun 19 18:59:12 2015

OUTPUT FILE NAME:   <timer_cc.out>
ENTRY POINT SYMBOL: "_c_int00"  address: 20006d1d


MEMORY CONFIGURATION

         name            origin    length      used     unused   attr    fill
----------------------  --------  ---------  --------  --------  ----  --------
  SRAM_CODE             20004000   00013000  000037b4  0000f84c  RW X
  SRAM_DATA             20017000   00019000  0000196c  00017694  RW X


SEGMENT ALLOCATION MAP

run origin  load origin   length   init length attrs members
----------  ----------- ---------- ----------- ----- -------
20004000    20004000    000037b8   000037b8    r-x
  20004000    20004000    00000400   00000400    r-- .intvecs
  20004400    20004400    00003010   00003010    r-x .text
  20007410    20007410    0000032c   0000032c    r-- .const
  20007740    20007740    00000078   00000078    r-- .cinit
20017000    20017000    0000096c   00000000    rw-
  20017000    20017000    00000800   00000000    rw- .sysmem
  20017800    20017800    0000015c   00000000    rw- .data
  2001795c    2001795c    00000010   00000000    rw- .bss
2002f000    2002f000    00001000   00000000    rw-
  2002f000    2002f000    00001000   00000000    rw- .stack


SECTION ALLOCATION MAP

 output                                  attributes/
section   page    origin      length       input sections
--------  ----  ----------  ----------   ----------------
.intvecs   0    20004000    00000400     
                  20004000    00000400     startup_ccs.obj (.intvecs)

.init_array 
*          0    20004000    00000000     UNINITIALIZED

.text      0    20004400    00003010     
                  20004400    000010ba     rtsv7M4_T_le_v4SPD16_eabi.lib : _printfi.obj (.text)
                  200054ba    00000002     --HOLE-- [fill = 0]
                  200054bc    000003dc                                   : memory.obj (.text)
                  20005898    00000280     uart_if.obj (.text)
                  20005b18    000001f4     rtsv7M4_T_le_v4SPD16_eabi.lib : ull_div_t2.obj (.text)
                  20005d0c    000001b6                                   : fd_add_t2.obj (.text)
                  20005ec2    00000002     --HOLE-- [fill = 0]
                  20005ec4    00000190     main.obj (.text)
                  20006054    00000136     rtsv7M4_T_le_v4SPD16_eabi.lib : fd_div_t2.obj (.text)
                  2000618a    00000002     --HOLE-- [fill = 0]
                  2000618c    00000134     driverlib.a : prcm.obj (.text:PRCMCC3200MCUInit)
                  200062c0    00000110     rtsv7M4_T_le_v4SPD16_eabi.lib : xdscale.obj (.text)
                  200063d0    000000fc                                   : fd_mul_t2.obj (.text)
                  200064cc    000000be                                   : xdnorm.obj (.text)
                  2000658a    00000002     --HOLE-- [fill = 0]
                  2000658c    000000a8     driverlib.a : interrupt.obj (.text:IntEnable)
                  20006634    0000009c     rtsv7M4_T_le_v4SPD16_eabi.lib : memcpy_t2.obj (.text)
                  200066d0    00000094     driverlib.a : prcm.obj (.text:PRCMPeripheralClockGet)
                  20006764    00000088                 : pin.obj (.text:PinConfigSet)
                  200067ec    00000088     rtsv7M4_T_le_v4SPD16_eabi.lib : vsnprintf.obj (.text)
                  20006874    00000086                                   : fd_cmp_t2.obj (.text:__aeabi_cdcmple)
                  200068fa    00000086                                   : fd_cmp_t2.obj (.text:__aeabi_cdrcmple)
                  20006980    0000007a                                   : memset_t2.obj (.text)
                  200069fa    00000076     driverlib.a : uart.obj (.text:UARTConfigSetExpClk)
                  20006a70    00000070                 : timer.obj (.text:TimerIntRegister)
                  20006ae0    0000006c     rtsv7M4_T_le_v4SPD16_eabi.lib : autoinit.obj (.text)
                  20006b4c    0000006a                                   : copy_decompress_rle.obj (.text)
                  20006bb6    00000066                                   : xdunscal.obj (.text)
                  20006c1c    00000058     driverlib.a : prcm.obj (.text:PRCMPeripheralReset)
                  20006c74    00000056     rtsv7M4_T_le_v4SPD16_eabi.lib : ltoa.obj (.text)
                  20006cca    00000052                                   : ldexp.obj (.text)
                  20006d1c    00000050                                   : boot.obj (.text)
                  20006d6c    0000004c                                   : atoi.obj (.text)
                  20006db8    0000004c                                   : cpy_tbl.obj (.text)
                  20006e04    00000048                                   : fd_toi_t2.obj (.text)
                  20006e4c    00000044     driverlib.a : timer.obj (.text:TimerConfigure)
                  20006e90    00000044     rtsv7M4_T_le_v4SPD16_eabi.lib : exit.obj (.text)
                  20006ed4    00000040     driverlib.a : pin.obj (.text:PinModeSet)
                  20006f14    00000040     rtsv7M4_T_le_v4SPD16_eabi.lib : signal.obj (.text)
                  20006f54    0000003c     driverlib.a : prcm.obj (.text:PRCMPeripheralClkEnable)
                  20006f90    00000034     rtsv7M4_T_le_v4SPD16_eabi.lib : feraiseexcept.obj (.text)
                  20006fc4    00000030     driverlib.a : timer.obj (.text:TimerControlEvent)
                  20006ff4    00000030                 : uart.obj (.text:UARTDisable)
                  20007024    00000030     rtsv7M4_T_le_v4SPD16_eabi.lib : xdclass.obj (.text)
                  20007054    00000030                                   : xferaise.obj (.text)
                  20007084    0000002e                                   : i_tofd_t2.obj (.text)
                  200070b2    0000002e                                   : raise.obj (.text)
                  200070e0    0000002c     driverlib.a : prcm.obj (.text:PRCMSysResetCauseGet)
                  2000710c    0000002c     pinmux.obj (.text)
                  20007138    0000002a     driverlib.a : timer.obj (.text:TimerLoadSet)
                  20007162    0000002a     rtsv7M4_T_le_v4SPD16_eabi.lib : frexp.obj (.text)
                  2000718c    00000028     driverlib.a : prcm.obj (.text:PRCMPeripheralClkDisable)
                  200071b4    00000024                 : uart.obj (.text:UARTEnable)
                  200071d8    00000024     rtsv7M4_T_le_v4SPD16_eabi.lib : memmov.obj (.text)
                  200071fc    00000020     driverlib.a : interrupt.obj (.text:IntRegister)
                  2000721c    0000001e                 : timer.obj (.text:TimerEnable)
                  2000723a    0000001e                 : uart.obj (.text:UARTCharPut)
                  20007258    0000001c                 : timer.obj (.text:TimerValueGet)
                  20007274    0000001c                 : uart.obj (.text:UARTCharGetNonBlocking)
                  20007290    0000001c     rtsv7M4_T_le_v4SPD16_eabi.lib : memccpy.obj (.text)
                  200072ac    0000001a     driverlib.a : pin.obj (.text:PinTypeTimer)
                  200072c6    0000001a                 : pin.obj (.text:PinTypeUART)
                  200072e0    00000018                 : timer.obj (.text:TimerIntEnable)
                  200072f8    00000018                 : uart.obj (.text:UARTCharsAvail)
                  20007310    00000018     rtsv7M4_T_le_v4SPD16_eabi.lib : args_main.obj (.text)
                  20007328    00000016     driverlib.a : prcm.obj (.text:PRCMHIBRegRead)
                  2000733e    00000016                 : prcm.obj (.text:PRCMHIBRegWrite)
                  20007354    00000016     rtsv7M4_T_le_v4SPD16_eabi.lib : strchr.obj (.text)
                  2000736a    00000014     driverlib.a : cpu.obj (.text:CPUcpsie)
                  2000737e    00000002     --HOLE-- [fill = 0]
                  20007380    00000014                 : interrupt.obj (.text:IntVTableBaseSet)
                  20007394    00000014     rtsv7M4_T_le_v4SPD16_eabi.lib : _lock.obj (.text)
                  200073a8    00000014                                   : strlen.obj (.text)
                  200073bc    00000012     driverlib.a : timer.obj (.text:TimerIntClear)
                  200073ce    0000000e     rtsv7M4_T_le_v4SPD16_eabi.lib : copy_decompress_none.obj (.text:decompress:none)
                  200073dc    0000000e     startup_ccs.obj (.text)
                  200073ea    0000000c     rtsv7M4_T_le_v4SPD16_eabi.lib : copy_zero_init.obj (.text:decompress:ZI)
                  200073f6    0000000a     driverlib.a : interrupt.obj (.text:IntMasterEnable)
                  20007400    00000006                 : utils.obj (.text:UtilsDelay)
                  20007406    00000006     rtsv7M4_T_le_v4SPD16_eabi.lib : copy_decompress_rle.obj (.text:decompress:rle24)
                  2000740c    00000004                                   : pre_init.obj (.text)

.const     0    20007410    0000032c     
                  20007410    00000101     rtsv7M4_T_le_v4SPD16_eabi.lib : ctype.obj (.const:.string:_ctypes_)
                  20007511    00000003     --HOLE-- [fill = 0]
                  20007514    00000100     driverlib.a : pin.obj (.const:g_ulPinToPadMap)
                  20007614    000000a8                 : prcm.obj (.const:PRCM_PeriphRegsList)
                  200076bc    00000080                 : interrupt.obj (.const)

.cinit     0    20007740    00000078     
                  20007740    0000004e     (.cinit..data.load) [load image, compression = rle]
                  2000778e    00000002     --HOLE-- [fill = 0]
                  20007790    0000000c     (__TI_handler_table)
                  2000779c    00000004     --HOLE-- [fill = 0]
                  200077a0    00000008     (.cinit..bss.load) [load image, compression = zero_init]
                  200077a8    00000010     (__TI_cinit_table)

.sysmem    0    20017000    00000800     UNINITIALIZED
                  20017000    00000008     rtsv7M4_T_le_v4SPD16_eabi.lib : memory.obj (.sysmem)
                  20017008    000007f8     --HOLE--

.data      0    20017800    0000015c     UNINITIALIZED
                  20017800    000000b0     rtsv7M4_T_le_v4SPD16_eabi.lib : signal.obj (.data:sigtable)
                  200178b0    00000080                                   : xvalues.obj (.data)
                  20017930    0000000c                                   : memory.obj (.data)
                  2001793c    00000008                                   : _lock.obj (.data)
                  20017944    00000008                                   : exit.obj (.data)
                  2001794c    00000008                                   : feraiseexcept.obj (.data)
                  20017954    00000004                                   : errno.obj (.data)
                  20017958    00000004                                   : stkdepth_vars.obj (.data)

.TI.persistent 
*          0    20017800    00000000     UNINITIALIZED

.bss       0    2001795c    00000010     UNINITIALIZED
                  2001795c    00000008     (.common:g_ulSamples)
                  20017964    00000004     (.common:__Errorlog)
                  20017968    00000004     (.common:g_ulFreq)

.TI.noinit 
*          0    2001795c    00000000     UNINITIALIZED

.stack     0    2002f000    00001000     UNINITIALIZED
                  2002f000    00001000     --HOLE--


LINKER GENERATED COPY TABLES

__TI_cinit_table @ 200077a8 records: 2, size/record: 8, table size: 16
	.data: load addr=20007740, load size=0000004e bytes, run addr=20017800, run size=0000015c bytes, compression=rle
	.bss: load addr=200077a0, load size=00000008 bytes, run addr=2001795c, run size=00000010 bytes, compression=zero_init


LINKER GENERATED HANDLER TABLE

__TI_handler_table @ 20007790 records: 3, size/record: 4, table size: 12
	index: 0, handler: __TI_decompress_rle24
	index: 1, handler: __TI_decompress_none
	index: 2, handler: __TI_zero_init


GLOBAL SYMBOLS: SORTED ALPHABETICALLY BY Name 

address   name                    
-------   ----                    
20005f1f  BoardInit               
20006e91  C$$EXIT                 
2000736b  CPUcpsie                
200058d9  ClearTerm               
20005ef9  DisplayBanner           
200058e3  Error                   
2000591b  GetCmd                  
20005899  InitTerm                
2000658d  IntEnable               
200073f7  IntMasterEnable         
200071fd  IntRegister             
20007381  IntVTableBaseSet        
200058b7  Message                 
2000618d  PRCMCC3200MCUInit       
20007329  PRCMHIBRegRead          
2000733f  PRCMHIBRegWrite         
2000718d  PRCMPeripheralClkDisable
20006f55  PRCMPeripheralClkEnable 
200066d1  PRCMPeripheralClockGet  
20006c1d  PRCMPeripheralReset     
200070e1  PRCMSysResetCauseGet    
20006765  PinConfigSet            
20006ed5  PinModeSet              
2000710d  PinMuxConfig            
200072ad  PinTypeTimer            
200072c7  PinTypeUART             
20005a59  Report                  
200073dd  ResetISR                
UNDEFED   SHT$$INIT_ARRAY$$Base   
UNDEFED   SHT$$INIT_ARRAY$$Limit  
20006e4d  TimerConfigure          
20006fc5  TimerControlEvent       
2000721d  TimerEnable             
200073bd  TimerIntClear           
200072e1  TimerIntEnable          
20006a71  TimerIntRegister        
20007139  TimerLoadSet            
20007259  TimerValueGet           
200059c1  TrimSpace               
20007275  UARTCharGetNonBlocking  
2000723b  UARTCharPut             
200072f9  UARTCharsAvail          
200069fb  UARTConfigSetExpClk     
20006ff5  UARTDisable             
200071b5  UARTEnable              
20007401  UtilsDelay              
20007025  _Dclass                 
200178b0  _Denorm                 
200064cd  _Dnorm                  
200062c1  _Dscale                 
20006bb7  _Dunscale               
200178c0  _Eps                    
20017954  _Errno                  
2001794c  _Fenv                   
20007055  _Feraise                
200178d0  _Hugeval                
200178e0  _Inf                    
200178f0  _Nan                    
20017910  _Rteps                  
20017900  _Snan                   
20017950  _Tls_setup__Fenv        
20017920  _Xbig                   
20017928  _Zero                   
20030000  __STACK_END             
00001000  __STACK_SIZE            
00000800  __SYSMEM_SIZE           
200077a8  __TI_CINIT_Base         
200077b8  __TI_CINIT_Limit        
20007790  __TI_Handler_Table_Base 
2000779c  __TI_Handler_Table_Limit
20006ae1  __TI_auto_init          
20017944  __TI_cleanup_ptr        
200073cf  __TI_decompress_none    
20007407  __TI_decompress_rle24   
20017948  __TI_dtors_ptr          
200051b5  __TI_printfi            
20007740  __TI_static_base__      
200073eb  __TI_zero_init          
20006875  __aeabi_cdcmpeq         
20006875  __aeabi_cdcmple         
200068fb  __aeabi_cdrcmple        
20006e05  __aeabi_d2iz            
20005d17  __aeabi_dadd            
20006055  __aeabi_ddiv            
200063d1  __aeabi_dmul            
20005d0d  __aeabi_dsub            
20007085  __aeabi_i2d             
20006981  __aeabi_memclr          
20006981  __aeabi_memclr4         
20006981  __aeabi_memclr8         
20006635  __aeabi_memcpy          
20006635  __aeabi_memcpy4         
20006635  __aeabi_memcpy8         
20006983  __aeabi_memset          
20006983  __aeabi_memset4         
20006983  __aeabi_memset8         
20005b19  __aeabi_uldivmod        
ffffffff  __binit__               
ffffffff  __c_args__              
2002f000  __stack                 
20007311  _args_main              
20006d1d  _c_int00                
20007410  _ctypes_                
2001793c  _lock                   
200073a3  _nop                    
2000739b  _register_lock          
20007395  _register_unlock        
20017000  _sys_memory             
2000740d  _system_pre_init        
20017940  _unlock                 
20006e95  abort                   
20006d6d  atoi                    
ffffffff  binit                   
20005865  calloc                  
20006db9  copy_in                 
20006e9d  exit                    
20006f91  feraiseexcept           
200055b3  free                    
20007163  frexp                   
20004000  g_pfnVectors            
20006ccb  ldexp                   
20006c75  ltoa                    
20005f37  main                    
20017958  main_func_sp            
2000554b  malloc                  
20005781  memalign                
20007291  memccpy                 
20006635  memcpy                  
200071d9  memmove                 
20006989  memset                  
200054bd  minit                   
200070b3  raise                   
20005675  realloc                 
20006f15  signal                  
20007355  strchr                  
200073a9  strlen                  
200067ed  vsnprintf               


GLOBAL SYMBOLS: SORTED BY Symbol Address 

address   name                    
-------   ----                    
00000800  __SYSMEM_SIZE           
00001000  __STACK_SIZE            
20004000  g_pfnVectors            
200051b5  __TI_printfi            
200054bd  minit                   
2000554b  malloc                  
200055b3  free                    
20005675  realloc                 
20005781  memalign                
20005865  calloc                  
20005899  InitTerm                
200058b7  Message                 
200058d9  ClearTerm               
200058e3  Error                   
2000591b  GetCmd                  
200059c1  TrimSpace               
20005a59  Report                  
20005b19  __aeabi_uldivmod        
20005d0d  __aeabi_dsub            
20005d17  __aeabi_dadd            
20005ef9  DisplayBanner           
20005f1f  BoardInit               
20005f37  main                    
20006055  __aeabi_ddiv            
2000618d  PRCMCC3200MCUInit       
200062c1  _Dscale                 
200063d1  __aeabi_dmul            
200064cd  _Dnorm                  
2000658d  IntEnable               
20006635  __aeabi_memcpy          
20006635  __aeabi_memcpy4         
20006635  __aeabi_memcpy8         
20006635  memcpy                  
200066d1  PRCMPeripheralClockGet  
20006765  PinConfigSet            
200067ed  vsnprintf               
20006875  __aeabi_cdcmpeq         
20006875  __aeabi_cdcmple         
200068fb  __aeabi_cdrcmple        
20006981  __aeabi_memclr          
20006981  __aeabi_memclr4         
20006981  __aeabi_memclr8         
20006983  __aeabi_memset          
20006983  __aeabi_memset4         
20006983  __aeabi_memset8         
20006989  memset                  
200069fb  UARTConfigSetExpClk     
20006a71  TimerIntRegister        
20006ae1  __TI_auto_init          
20006bb7  _Dunscale               
20006c1d  PRCMPeripheralReset     
20006c75  ltoa                    
20006ccb  ldexp                   
20006d1d  _c_int00                
20006d6d  atoi                    
20006db9  copy_in                 
20006e05  __aeabi_d2iz            
20006e4d  TimerConfigure          
20006e91  C$$EXIT                 
20006e95  abort                   
20006e9d  exit                    
20006ed5  PinModeSet              
20006f15  signal                  
20006f55  PRCMPeripheralClkEnable 
20006f91  feraiseexcept           
20006fc5  TimerControlEvent       
20006ff5  UARTDisable             
20007025  _Dclass                 
20007055  _Feraise                
20007085  __aeabi_i2d             
200070b3  raise                   
200070e1  PRCMSysResetCauseGet    
2000710d  PinMuxConfig            
20007139  TimerLoadSet            
20007163  frexp                   
2000718d  PRCMPeripheralClkDisable
200071b5  UARTEnable              
200071d9  memmove                 
200071fd  IntRegister             
2000721d  TimerEnable             
2000723b  UARTCharPut             
20007259  TimerValueGet           
20007275  UARTCharGetNonBlocking  
20007291  memccpy                 
200072ad  PinTypeTimer            
200072c7  PinTypeUART             
200072e1  TimerIntEnable          
200072f9  UARTCharsAvail          
20007311  _args_main              
20007329  PRCMHIBRegRead          
2000733f  PRCMHIBRegWrite         
20007355  strchr                  
2000736b  CPUcpsie                
20007381  IntVTableBaseSet        
20007395  _register_unlock        
2000739b  _register_lock          
200073a3  _nop                    
200073a9  strlen                  
200073bd  TimerIntClear           
200073cf  __TI_decompress_none    
200073dd  ResetISR                
200073eb  __TI_zero_init          
200073f7  IntMasterEnable         
20007401  UtilsDelay              
20007407  __TI_decompress_rle24   
2000740d  _system_pre_init        
20007410  _ctypes_                
20007740  __TI_static_base__      
20007790  __TI_Handler_Table_Base 
2000779c  __TI_Handler_Table_Limit
200077a8  __TI_CINIT_Base         
200077b8  __TI_CINIT_Limit        
20017000  _sys_memory             
200178b0  _Denorm                 
200178c0  _Eps                    
200178d0  _Hugeval                
200178e0  _Inf                    
200178f0  _Nan                    
20017900  _Snan                   
20017910  _Rteps                  
20017920  _Xbig                   
20017928  _Zero                   
2001793c  _lock                   
20017940  _unlock                 
20017944  __TI_cleanup_ptr        
20017948  __TI_dtors_ptr          
2001794c  _Fenv                   
20017950  _Tls_setup__Fenv        
20017954  _Errno                  
20017958  main_func_sp            
2002f000  __stack                 
20030000  __STACK_END             
ffffffff  __binit__               
ffffffff  __c_args__              
ffffffff  binit                   
UNDEFED   SHT$$INIT_ARRAY$$Base   
UNDEFED   SHT$$INIT_ARRAY$$Limit  

[137 symbols]
