******************************************************************************
                  TI ARM Linker PC v5.2.2                      
******************************************************************************
>> Linked Fri Jun 19 18:55:17 2015

OUTPUT FILE NAME:   <camera_application.out>
ENTRY POINT SYMBOL: "_c_int00"  address: 2000ba69


MEMORY CONFIGURATION

         name            origin    length      used     unused   attr    fill
----------------------  --------  ---------  --------  --------  ----  --------
  SRAM_BOOTLDR          20000000   00004000  00001350  00002cb0  RW X
  SRAM_CODE             20004000   00011000  00009240  00007dc0  RW X
  SRAM_DATA             20015000   0001b000  00011094  00009f6c  RW X


SEGMENT ALLOCATION MAP

run origin  load origin   length   init length attrs members
----------  ----------- ---------- ----------- ----- -------
20000000    20000000    00000b50   00000000    rw-
  20000000    20000000    00000b50   00000000    rw- .data
20003800    20003800    00000800   00000000    rw-
  20003800    20003800    00000800   00000000    rw- .stack
20004000    20004000    00009240   00009240    r-x
  20004000    20004000    00000400   00000400    r-- .intvecs
  20004400    20004400    0000809c   0000809c    r-x .text
  2000c49c    2000c49c    000006ac   000006ac    r-- .const
  2000cb48    2000cb48    000006f8   000006f8    r-- .cinit
20015000    20015000    00011098   00000000    rw-
  20015000    20015000    0000d094   00000000    rw- .bss
  20022098    20022098    00004000   00000000    rw- .sysmem


SECTION ALLOCATION MAP

 output                                  attributes/
section   page    origin      length       input sections
--------  ----  ----------  ----------   ----------------
.data      0    20000000    00000b50     UNINITIALIZED
                  20000000    00000600     camera_app.obj (.data:JPEG_StdHuffmanTbl)
                  20000600    00000400     camera_app.obj (.data:g_header)
                  20000a00    00000040     camera_app.obj (.data:JPEG_StdQuantTblC)
                  20000a40    00000040     camera_app.obj (.data:JPEG_StdQuantTblY)
                  20000a80    00000040     camera_app.obj (.data:zigzag)
                  20000ac0    00000034     free_rtos.a : tasks.obj (.data)
                  20000af4    00000014     camera_app.obj (.data)
                  20000b08    0000000c     free_rtos.a : osi_freertos.obj (.data)
                  20000b14    0000000c     rtsv7M4_T_le_eabi.lib : memory.obj (.data)
                  20000b20    00000009     simplelink.a : cc_pal.obj (.data)
                  20000b29    00000001     main.obj (.data)
                  20000b2a    00000002     --HOLE--
                  20000b2c    00000009     simplelink.a : driver.obj (.data)
                  20000b35    00000003     --HOLE--
                  20000b38    00000008     rtsv7M4_T_le_eabi.lib : _lock.obj (.data)
                  20000b40    00000008                           : exit.obj (.data)
                  20000b48    00000004     free_rtos.a : port.obj (.data)
                  20000b4c    00000004     rtsv7M4_T_le_eabi.lib : stkdepth_vars.obj (.data)

.TI.persistent 
*          0    20000000    00000000     UNINITIALIZED

.stack     0    20003800    00000800     UNINITIALIZED
                  20003800    00000800     --HOLE--

.intvecs   0    20004000    00000400     
                  20004000    00000400     startup_ccs.obj (.intvecs)

.text      0    20004400    0000809c     
                  20004400    00001258     free_rtos.a : tasks.obj (.text)
                  20005658    000010e4     camera_app.obj (.text)
                  2000673c    00000b24     free_rtos.a : queue.obj (.text)
                  20007260    000005ec     simplelink.a : driver.obj (.text:_SlDrvMsgRead)
                  2000784c    0000045c     free_rtos.a : osi_freertos.obj (.text)
                  20007ca8    000003dc     rtsv7M4_T_le_eabi.lib : memory.obj (.text)
                  20008084    00000248     simplelink.a : driver.obj (.text:_SlDrvRxHdrRead)
                  200082cc    00000238     mt9d111.obj (.text)
                  20008504    000001d0     simplelink.a : driver.obj (.text:_SlDrvReleasePoolObj)
                  200086d4    000001cc                  : driver.obj (.text:_SlDrvMsgWrite)
                  200088a0    000001c0     udma_if.obj (.text)
                  20008a60    000001b0     i2cconfig.obj (.text)
                  20008c10    00000190     simplelink.a : driver.obj (.text:_SlDrvWaitForPoolObj)
                  20008da0    00000174                  : driver.obj (.text:_SlDrvDriverCBInit)
                  20008f14    00000170                  : driver.obj (.text:_SlFindAndSetActiveObj)
                  20009084    0000014c                  : cc_pal.obj (.text:spi_Open)
                  200091d0    00000134     driverlib.a : prcm.obj (.text:PRCMCC3200MCUInit)
                  20009304    0000012a     free_rtos.a : list.obj (.text)
                  2000942e    00000002     driverlib.a : interrupt.obj (.text:IntDefaultHandler)
                  20009430    00000110     free_rtos.a : port.obj (.text)
                  20009540    00000104     main.obj (.text)
                  20009644    000000fe     simplelink.a : netapp.obj (.text:_SlDrvNetAppEventHandler)
                  20009742    00000002     --HOLE-- [fill = 0]
                  20009744    000000f4                  : driver.obj (.text:_SlDrvDriverCBDeinit)
                  20009838    000000f0     driverlib.a : udma.obj (.text:uDMAChannelTransferSet)
                  20009928    000000ec     simplelink.a : fs.obj (.text:sl_FsWrite)
                  20009a14    000000dc                  : cc_pal.obj (.text:spi_Read)
                  20009af0    000000d8                  : driver.obj (.text:_SlDrvClassifyRxMsg)
                  20009bc8    000000d4                  : device.obj (.text:sl_Stop)
                  20009c9c    000000c8                  : netapp.obj (.text:_sl_HandleAsync_DnsGetHostByService)
                  20009d64    000000c0                  : driver.obj (.text:_SlRemoveFromList)
                  20009e24    000000bc                  : driver.obj (.text:_SlDrvMsgReadCmdCtx)
                  20009ee0    000000bc                  : device.obj (.text:sl_Start)
                  20009f9c    000000ba     free_rtos.a : portasm.obj (.text)
                  2000a056    00000002     --HOLE-- [fill = 0]
                  2000a058    000000b8     simplelink.a : driver.obj (.text:_SlAsyncEventGenericHandler)
                  2000a110    000000b4                  : netapp.obj (.text:sl_NetAppMDNSRegisterUnregisterService)
                  2000a1c4    000000a8     driverlib.a : interrupt.obj (.text:IntDisable)
                  2000a26c    000000a8                 : interrupt.obj (.text:IntEnable)
                  2000a314    000000a0                 : spi.obj (.text:SPIConfigSetExpClk)
                  2000a3b4    0000009c     simplelink.a : driver.obj (.text:_SlDrvMsgReadSpawnCtx)
                  2000a450    0000009c     rtsv7M4_T_le_eabi.lib : memcpy_t2.obj (.text)
                  2000a4ec    0000009c     simplelink.a : device.obj (.text:sl_DevGet)
                  2000a588    00000098                  : fs.obj (.text:_sl_GetCreateFsMode)
                  2000a620    00000094     driverlib.a : prcm.obj (.text:PRCMPeripheralClockGet)
                  2000a6b4    00000094     simplelink.a : wlan.obj (.text:sl_WlanGet)
                  2000a748    0000008c                  : cc_pal.obj (.text:SetupDMAReceive)
                  2000a7d4    0000008c                  : cc_pal.obj (.text:SetupDMASend)
                  2000a860    0000008c                  : netapp.obj (.text:_sl_HandleAsync_DnsGetHostByName)
                  2000a8ec    0000008c                  : netapp.obj (.text:_sl_HandleAsync_PingResponse)
                  2000a978    0000008c     pinmux.obj (.text)
                  2000aa04    0000008c     simplelink.a : cc_pal.obj (.text:spi_Write)
                  2000aa90    00000088     driverlib.a : pin.obj (.text:PinConfigSet)
                  2000ab18    00000088     simplelink.a : fs.obj (.text:sl_FsClose)
                  2000aba0    00000084     driverlib.a : i2c.obj (.text:I2CMasterInitExpClk)
                  2000ac24    00000084     simplelink.a : cc_pal.obj (.text:NwpPowerOnPreamble)
                  2000aca8    00000080                  : driver.obj (.text:_SlDrvCmdOp)
                  2000ad28    00000080                  : cc_pal.obj (.text:spi_Read_CPU)
                  2000ada8    00000080                  : cc_pal.obj (.text:spi_Write_CPU)
                  2000ae28    0000007c                  : device.obj (.text:_sl_HandleAsync_InitComplete)
                  2000aea4    0000007a     rtsv7M4_T_le_eabi.lib : memset_t2.obj (.text)
                  2000af1e    00000002     --HOLE-- [fill = 0]
                  2000af20    00000078     simplelink.a : socket.obj (.text:_sl_HandleAsync_Connect)
                  2000af98    00000078                  : fs.obj (.text:sl_FsOpen)
                  2000b010    00000078                  : cc_pal.obj (.text:spi_Close)
                  2000b088    0000006c                  : driver.obj (.text:_SlDrvCmdSend)
                  2000b0f4    0000006c     rtsv7M4_T_le_eabi.lib : autoinit.obj (.text)
                  2000b160    0000006a                           : copy_decompress_rle.obj (.text)
                  2000b1ca    00000002     --HOLE-- [fill = 0]
                  2000b1cc    00000068     simplelink.a : netapp.obj (.text:_sl_NetAppSendTokenValue)
                  2000b234    00000068                  : netcfg.obj (.text:sl_NetCfgSet)
                  2000b29c    00000068                  : wlan.obj (.text:sl_WlanSet)
                  2000b304    00000064     driverlib.a : udma.obj (.text:uDMAChannelAttributeDisable)
                  2000b368    00000064                 : udma.obj (.text:uDMAChannelAttributeEnable)
                  2000b3cc    00000060     simplelink.a : socket.obj (.text:_sl_HandleAsync_Accept)
                  2000b42c    00000060                  : wlan.obj (.text:sl_WlanPolicySet)
                  2000b48c    00000058     driverlib.a : interrupt.obj (.text:IntPendClear)
                  2000b4e4    00000058                 : prcm.obj (.text:PRCMPeripheralReset)
                  2000b53c    00000054                 : interrupt.obj (.text:IntPrioritySet)
                  2000b590    00000054     simplelink.a : socket.obj (.text:_sl_HandleAsync_Select)
                  2000b5e4    00000054                  : wlan.obj (.text:sl_WlanRxFilterSet)
                  2000b638    00000050     driverlib.a : prcm.obj (.text:PRCMCameraFreqSet)
                  2000b688    00000050     simplelink.a : device.obj (.text:_sl_HandleAsync_Stop)
                  2000b6d8    0000004c     driverlib.a : spi.obj (.text:SPIIntEnable)
                  2000b724    0000004c     simplelink.a : driver.obj (.text:_SlDrvProtectAsyncRespSetting)
                  2000b770    0000004c                  : driver.obj (.text:_SlDrvRxIrqHandler)
                  2000b7bc    0000004c     rtsv7M4_T_le_eabi.lib : cpy_tbl.obj (.text)
                  2000b808    0000004c     driverlib.a : udma.obj (.text:uDMAChannelAssign)
                  2000b854    00000048                 : spi.obj (.text:SPIIntClear)
                  2000b89c    00000048     simplelink.a : driver.obj (.text:_SlDrvBasicCmd)
                  2000b8e4    00000044     driverlib.a : spi.obj (.text:SPIDmaMaskGet)
                  2000b928    00000044     simplelink.a : cc_pal.obj (.text:cc_SetupTransfer)
                  2000b96c    00000044     rtsv7M4_T_le_eabi.lib : exit.obj (.text)
                  2000b9b0    00000040     driverlib.a : pin.obj (.text:PinModeSet)
                  2000b9f0    0000003c     simplelink.a : netapp.obj (.text:CopyPingResultsToReport)
                  2000ba2c    0000003c     driverlib.a : prcm.obj (.text:PRCMPeripheralClkEnable)
                  2000ba68    0000003c     rtsv7M4_T_le_eabi.lib : boot.obj (.text)
                  2000baa4    0000003c     driverlib.a : udma.obj (.text:uDMAChannelControlSet)
                  2000bae0    0000003a                 : camera.obj (.text:CameraCaptureStop)
                  2000bb1a    0000003a                 : camera.obj (.text:CameraXClkConfig)
                  2000bb54    00000038     simplelink.a : cc_pal.obj (.text:NwpPowerOff)
                  2000bb8c    00000038     free_rtos.a : heap_3.obj (.text)
                  2000bbc4    00000036     simplelink.a : netapp.obj (.text:sl_NetAppMDNSUnRegisterService)
                  2000bbfa    00000034     driverlib.a : camera.obj (.text:CameraParamsConfig)
                  2000bc2e    00000002     --HOLE-- [fill = 0]
                  2000bc30    00000034                 : prcm.obj (.text:PRCMPeripheralStatusGet)
                  2000bc64    00000034                 : spi.obj (.text:SPIFIFOLevelSet)
                  2000bc98    00000030     simplelink.a : device.obj (.text:_SlDrvDeviceEventHandler)
                  2000bcc8    00000030                  : fs.obj (.text:_sl_Strlen)
                  2000bcf8    00000030                  : wlan.obj (.text:sl_WlanProfileDel)
                  2000bd28    00000030                  : wlan.obj (.text:sl_WlanSetMode)
                  2000bd58    0000002c     driverlib.a : camera.obj (.text:CameraIntDisable)
                  2000bd84    0000002c                 : camera.obj (.text:CameraIntEnable)
                  2000bdb0    0000002c     simplelink.a : cc_pal.obj (.text:DmaSpiSwIntHandler)
                  2000bddc    0000002c                  : cc_pal.obj (.text:NwpPowerOn)
                  2000be08    0000002c     driverlib.a : prcm.obj (.text:PRCMSysResetCauseGet)
                  2000be34    00000028                 : camera.obj (.text:CameraIntStatus)
                  2000be5c    00000028                 : prcm.obj (.text:PRCMPeripheralClkDisable)
                  2000be84    00000028     simplelink.a : netapp.obj (.text:sl_NetAppStart)
                  2000beac    00000028                  : netapp.obj (.text:sl_NetAppStop)
                  2000bed4    00000026     driverlib.a : camera.obj (.text:CameraThresholdSet)
                  2000befa    00000026     simplelink.a : cc_pal.obj (.text:NwpRegisterInterruptHandler)
                  2000bf20    00000024     driverlib.a : camera.obj (.text:CameraIntClear)
                  2000bf44    00000024                 : interrupt.obj (.text:IntUnregister)
                  2000bf68    00000024     simplelink.a : driver.obj (.text:_SlDrvProtectionObjLockWaitForever)
                  2000bf8c    00000022     driverlib.a : camera.obj (.text:CameraCaptureStart)
                  2000bfae    00000022                 : i2c.obj (.text:I2CMasterSlaveAddrSet)
                  2000bfd0    00000022                 : spi.obj (.text:SPIReset)
                  2000bff2    00000022                 : spi.obj (.text:SPIWordCountSet)
                  2000c014    00000022     rtsv7M4_T_le_eabi.lib : memcmp.obj (.text)
                  2000c036    00000002     --HOLE-- [fill = 0]
                  2000c038    00000020     driverlib.a : interrupt.obj (.text:IntRegister)
                  2000c058    00000020     simplelink.a : driver.obj (.text:_SlDrvProtectionObjUnLock)
                  2000c078    0000001e     driverlib.a : i2c.obj (.text:I2CMasterIntStatusEx)
                  2000c096    0000001e     simplelink.a : cc_pal.obj (.text:cc_UDMAChannelSelect)
                  2000c0b4    0000001c     driverlib.a : pin.obj (.text:PinTypeI2C)
                  2000c0d0    0000001c     simplelink.a : driver.obj (.text:_SlDrvObjLockWaitForever)
                  2000c0ec    0000001c                  : driver.obj (.text:_SlDrvSyncObjWaitForever)
                  2000c108    0000001c     driverlib.a : udma.obj (.text:uDMAChannelDisable)
                  2000c124    0000001c                 : udma.obj (.text:uDMAChannelEnable)
                  2000c140    0000001c                 : udma.obj (.text:uDMAChannelRequest)
                  2000c15c    0000001a                 : pin.obj (.text:PinTypeCamera)
                  2000c176    0000001a                 : spi.obj (.text:SPIDmaDisable)
                  2000c190    0000001a                 : spi.obj (.text:SPIDmaEnable)
                  2000c1aa    0000001a                 : spi.obj (.text:SPIFIFODisable)
                  2000c1c4    0000001a                 : spi.obj (.text:SPIFIFOEnable)
                  2000c1de    00000018                 : camera.obj (.text:CameraReset)
                  2000c1f6    00000018                 : spi.obj (.text:SPICSDisable)
                  2000c20e    00000018                 : spi.obj (.text:SPICSEnable)
                  2000c226    00000018                 : spi.obj (.text:SPIDisable)
                  2000c23e    00000018                 : spi.obj (.text:SPIEnable)
                  2000c256    00000018     simplelink.a : driver.obj (.text:_SlDrvObjUnLock)
                  2000c26e    00000018                  : driver.obj (.text:_SlDrvSyncObjSignal)
                  2000c286    00000002     --HOLE-- [fill = 0]
                  2000c288    00000018                  : device.obj (.text:_sl_GetStartResponseConvert)
                  2000c2a0    00000018     rtsv7M4_T_le_eabi.lib : args_main.obj (.text)
                  2000c2b8    00000016     driverlib.a : camera.obj (.text:CameraDMAEnable)
                  2000c2ce    00000016                 : camera.obj (.text:CameraIntRegister)
                  2000c2e4    00000016                 : i2c.obj (.text:I2CMasterDataPut)
                  2000c2fa    00000016                 : i2c.obj (.text:I2CMasterEnable)
                  2000c310    00000016                 : prcm.obj (.text:PRCMHIBRegRead)
                  2000c326    00000016                 : prcm.obj (.text:PRCMHIBRegWrite)
                  2000c33c    00000016     simplelink.a : driver.obj (.text:_SlDrvMemZero)
                  2000c352    00000014     driverlib.a : cpu.obj (.text:CPUcpsie)
                  2000c366    00000002     --HOLE-- [fill = 0]
                  2000c368    00000014                 : interrupt.obj (.text:IntVTableBaseSet)
                  2000c37c    00000014     rtsv7M4_T_le_eabi.lib : _lock.obj (.text)
                  2000c390    00000014     driverlib.a : udma.obj (.text:uDMAControlBaseSet)
                  2000c3a4    00000014                 : udma.obj (.text:uDMAIntClear)
                  2000c3b8    00000012                 : i2c.obj (.text:I2CMasterControl)
                  2000c3ca    00000012                 : i2c.obj (.text:I2CMasterIntClearEx)
                  2000c3dc    00000012                 : udma.obj (.text:uDMAIntUnregister)
                  2000c3ee    0000000e                 : i2c.obj (.text:I2CMasterDataGet)
                  2000c3fc    0000000e     simplelink.a : driver.obj (.text:_SlDrvResetCmdExt)
                  2000c40a    0000000e     rtsv7M4_T_le_eabi.lib : copy_decompress_none.obj (.text:decompress:none)
                  2000c418    0000000e     startup_ccs.obj (.text)
                  2000c426    00000002     --HOLE-- [fill = 0]
                  2000c428    0000000c     simplelink.a : cc_pal.obj (.text:NwpMaskInterrupt)
                  2000c434    0000000c                  : cc_pal.obj (.text:NwpUnMaskInterrupt)
                  2000c440    0000000c     rtsv7M4_T_le_eabi.lib : copy_zero_init.obj (.text:decompress:ZI)
                  2000c44c    0000000c     simplelink.a : wlan.obj (.text:sl_WlanDisconnect)
                  2000c458    0000000c     driverlib.a : udma.obj (.text:uDMADisable)
                  2000c464    0000000c                 : udma.obj (.text:uDMAEnable)
                  2000c470    0000000c                 : udma.obj (.text:uDMAIntStatus)
                  2000c47c    0000000a                 : interrupt.obj (.text:IntMasterEnable)
                  2000c486    00000006     i2cconfig.obj (.text:MT9D111Delay)
                  2000c48c    00000006     driverlib.a : utils.obj (.text:UtilsDelay)
                  2000c492    00000006     rtsv7M4_T_le_eabi.lib : copy_decompress_rle.obj (.text:decompress:rle24)
                  2000c498    00000004                           : pre_init.obj (.text)

.const     0    2000c49c    000006ac     
                  2000c49c    0000013c     mt9d111.obj (.const:init_cmds_list)
                  2000c5d8    00000100     driverlib.a : pin.obj (.const:g_ulPinToPadMap)
                  2000c6d8    000000d4                 : interrupt.obj (.const:g_pulRegs)
                  2000c7ac    000000b4     mt9d111.obj (.const:capture_cmds_list)
                  2000c860    000000a8     driverlib.a : prcm.obj (.const:PRCM_PeriphRegsList)
                  2000c908    00000080                 : interrupt.obj (.const)
                  2000c988    0000003c     simplelink.a : driver.obj (.const:OpcodeTranslateTable)
                  2000c9c4    0000003c                  : wlan.obj (.const)
                  2000ca00    00000038                  : driver.obj (.const:_SlActionLookupTable)
                  2000ca38    00000038                  : fs.obj (.const)
                  2000ca70    00000034                  : driver.obj (.const)
                  2000caa4    0000002c     camera_app.obj (.const:$P$T0$1)
                  2000cad0    00000028     simplelink.a : netapp.obj (.const)
                  2000caf8    00000018     driverlib.a : spi.obj (.const)
                  2000cb10    00000014     camera_app.obj (.const)
                  2000cb24    00000014     simplelink.a : device.obj (.const)
                  2000cb38    00000008                  : device.obj (.const:.string)
                  2000cb40    00000008                  : netcfg.obj (.const)

.cinit     0    2000cb48    000006f8     
                  2000cb48    000006ce     (.cinit..data.load) [load image, compression = rle]
                  2000d216    00000002     --HOLE-- [fill = 0]
                  2000d218    0000000c     (__TI_handler_table)
                  2000d224    00000004     --HOLE-- [fill = 0]
                  2000d228    00000008     (.cinit..bss.load) [load image, compression = zero_init]
                  2000d230    00000010     (__TI_cinit_table)

.init_array 
*          0    20004000    00000000     UNINITIALIZED

.bss       0    20015000    0000d094     UNINITIALIZED
                  20015000    0000c800     camera_app.obj (.bss:g_image_buffer)
                  20021800    00000400     udma_if.obj (.bss:gpCtlTbl)
                  20021c00    00000178     simplelink.a : driver.obj (.bss:g_StatMem)
                  20021d78    00000100     udma_if.obj (.bss:gfpAppCallbackHndl)
                  20021e78    000000c8     free_rtos.a : tasks.obj (.bss:pxReadyTasksLists)
                  20021f40    00000050     simplelink.a : cc_pal.obj (.bss:g_ucDinDout)
                  20021f90    00000050     free_rtos.a : queue.obj (.bss:xQueueRegistry)
                  20021fe0    00000024     camera_app.obj (.bss:g_ucConnectionSSID)
                  20022004    00000014     (.common:xDelayedTaskList1)
                  20022018    00000014     (.common:xDelayedTaskList2)
                  2002202c    00000014     (.common:xPendingReadyList)
                  20022040    00000014     (.common:xSuspendedTaskList)
                  20022054    00000014     (.common:xTasksWaitingTermination)
                  20022068    00000008     (.common:g_ucConnectionBSSID)
                  20022070    00000004     (.common:DMAMsgQ)
                  20022074    00000004     (.common:g_CameraTaskHandle)
                  20022078    00000004     (.common:g_cDummy)
                  2002207c    00000004     (.common:g_frame_size_in_bytes)
                  20022080    00000004     (.common:g_header_length)
                  20022084    00000004     (.common:g_total_dma_intrpts)
                  20022088    00000004     (.common:pxDelayedTaskList)
                  2002208c    00000004     (.common:pxOverflowDelayedTaskList)
                  20022090    00000001     (.common:RxIrqCnt)
                  20022091    00000001     (.common:g_dma_txn_done)
                  20022092    00000001     (.common:g_frame_end)
                  20022093    00000001     (.common:iDone)

.TI.noinit 
*          0    20015000    00000000     UNINITIALIZED

.sysmem    0    20022098    00004000     UNINITIALIZED
                  20022098    00000008     rtsv7M4_T_le_eabi.lib : memory.obj (.sysmem)
                  200220a0    00003ff8     --HOLE--


LINKER GENERATED COPY TABLES

__TI_cinit_table @ 2000d230 records: 2, size/record: 8, table size: 16
	.data: load addr=2000cb48, load size=000006ce bytes, run addr=20000000, run size=00000b50 bytes, compression=rle
	.bss: load addr=2000d228, load size=00000008 bytes, run addr=20015000, run size=0000d094 bytes, compression=zero_init


LINKER GENERATED HANDLER TABLE

__TI_handler_table @ 2000d218 records: 3, size/record: 4, table size: 12
	index: 0, handler: __TI_decompress_rle24
	index: 1, handler: __TI_decompress_none
	index: 2, handler: __TI_zero_init


GLOBAL SYMBOLS: SORTED ALPHABETICALLY BY Name 

address   name                                  
-------   ----                                  
2000b96d  C$$EXIT                               
2000c353  CPUcpsie                              
2000bf8d  CameraCaptureStart                    
2000bae1  CameraCaptureStop                     
2000c2b9  CameraDMAEnable                       
2000bf21  CameraIntClear                        
2000bd59  CameraIntDisable                      
2000bd85  CameraIntEnable                       
2000c2cf  CameraIntRegister                     
2000be35  CameraIntStatus                       
2000bbfb  CameraParamsConfig                    
2000c1df  CameraReset                           
200082cd  CameraSensorInit                      
200095bd  CameraService                         
2000bed5  CameraThresholdSet                    
2000bb1b  CameraXClkConfig                      
2000b9f1  CopyPingResultsToReport               
20022070  DMAMsgQ                               
200088b7  DmaErrorIntHandler                    
2000bdb1  DmaSpiSwIntHandler                    
200088a1  DmaSwIntHandler                       
20008a7f  I2CBufferRead                         
20008b47  I2CBufferWrite                        
20008a61  I2CInit                               
2000c3b9  I2CMasterControl                      
2000c3ef  I2CMasterDataGet                      
2000c2e5  I2CMasterDataPut                      
2000c2fb  I2CMasterEnable                       
2000aba1  I2CMasterInitExpClk                   
2000c3cb  I2CMasterIntClearEx                   
2000c079  I2CMasterIntStatusEx                  
2000bfaf  I2CMasterSlaveAddrSet                 
2000a1c5  IntDisable                            
2000a26d  IntEnable                             
2000c47d  IntMasterEnable                       
2000b48d  IntPendClear                          
2000b53d  IntPrioritySet                        
2000c039  IntRegister                           
2000bf45  IntUnregister                         
2000c369  IntVTableBaseSet                      
20000000  JPEG_StdHuffmanTbl                    
20000a00  JPEG_StdQuantTblC                     
20000a40  JPEG_StdQuantTblY                     
2000c487  MT9D111Delay                          
2000c429  NwpMaskInterrupt                      
2000bb55  NwpPowerOff                           
2000bddd  NwpPowerOn                            
2000ac25  NwpPowerOnPreamble                    
2000befb  NwpRegisterInterruptHandler           
2000c435  NwpUnMaskInterrupt                    
2000c988  OpcodeTranslateTable                  
200091d1  PRCMCC3200MCUInit                     
2000b639  PRCMCameraFreqSet                     
2000c311  PRCMHIBRegRead                        
2000c327  PRCMHIBRegWrite                       
2000be5d  PRCMPeripheralClkDisable              
2000ba2d  PRCMPeripheralClkEnable               
2000a621  PRCMPeripheralClockGet                
2000b4e5  PRCMPeripheralReset                   
2000bc31  PRCMPeripheralStatusGet               
2000be09  PRCMSysResetCauseGet                  
2000aa91  PinConfigSet                          
2000b9b1  PinModeSet                            
2000a979  PinMuxConfig                          
2000c15d  PinTypeCamera                         
2000c0b5  PinTypeI2C                            
2000c419  ResetISR                              
20022090  RxIrqCnt                              
2000ca80  RxMsgClassLUT                         
UNDEFED   SHT$$INIT_ARRAY$$Base                 
UNDEFED   SHT$$INIT_ARRAY$$Limit                
2000c1f7  SPICSDisable                          
2000c20f  SPICSEnable                           
2000a315  SPIConfigSetExpClk                    
2000c227  SPIDisable                            
2000c177  SPIDmaDisable                         
2000c191  SPIDmaEnable                          
2000c23f  SPIEnable                             
2000c1ab  SPIFIFODisable                        
2000c1c5  SPIFIFOEnable                         
2000bc65  SPIFIFOLevelSet                       
2000b855  SPIIntClear                           
2000b6d9  SPIIntEnable                          
2000bfd1  SPIReset                              
2000bff3  SPIWordCountSet                       
20009559  SimpleLinkHttpServerCallback          
200058b5  SimpleLinkNetAppEventHandler          
200058f5  SimpleLinkSockEventHandler            
20005833  SimpleLinkWlanEventHandler            
20005921  StartCamera                           
2000cb38  StartResponseLUT                      
200082ed  StartSensorInJpegMode                 
2000891f  UDMAChannelSelect                     
200089f3  UDMADeInit                            
200088c3  UDMAInit                              
2000894d  UDMASetupAutoMemTransfer              
20008981  UDMASetupPingPongTransfer             
20008a07  UDMASetupTransfer                     
200089db  UDMAStartTransfer                     
200089e7  UDMAStopTransfer                      
2000c48d  UtilsDelay                            
20007b15  VDeleteSimpleLinkSpawnTask            
20007ac5  VStartSimpleLinkSpawnTask             
2000ca00  _SlActionLookupTable                  
2000a059  _SlAsyncEventGenericHandler           
2000cb30  _SlDeviceGetCmdCtrl                   
2000cb34  _SlDeviceSetCmdCtrl                   
2000b89d  _SlDrvBasicCmd                        
20009af1  _SlDrvClassifyRxMsg                   
2000aca9  _SlDrvCmdOp                           
2000b089  _SlDrvCmdSend                         
2000bc99  _SlDrvDeviceEventHandler              
20009745  _SlDrvDriverCBDeinit                  
20008da1  _SlDrvDriverCBInit                    
2000c33d  _SlDrvMemZero                         
20007261  _SlDrvMsgRead                         
20009e25  _SlDrvMsgReadCmdCtx                   
2000a3b5  _SlDrvMsgReadSpawnCtx                 
200086d5  _SlDrvMsgWrite                        
20009645  _SlDrvNetAppEventHandler              
2000c0d1  _SlDrvObjLockWaitForever              
2000c257  _SlDrvObjUnLock                       
2000b725  _SlDrvProtectAsyncRespSetting         
2000bf69  _SlDrvProtectionObjLockWaitForever    
2000c059  _SlDrvProtectionObjUnLock             
20008505  _SlDrvReleasePoolObj                  
2000c3fd  _SlDrvResetCmdExt                     
20008085  _SlDrvRxHdrRead                       
2000b771  _SlDrvRxIrqHandler                    
2000c26f  _SlDrvSyncObjSignal                   
2000c0ed  _SlDrvSyncObjWaitForever              
20008c11  _SlDrvWaitForPoolObj                  
2000cb2c  _SlEventMaskGetCmdCtrl                
2000cb28  _SlEventMaskSetCmdCtrl                
20008f15  _SlFindAndSetActiveObj                
2000ca3c  _SlFsCloseCmdCtrl                     
2000ca4c  _SlFsDeleteCmdCtrl                    
2000ca48  _SlFsGetInfoCmdCtrl                   
2000ca38  _SlFsOpenCmdCtrl                      
2000ca40  _SlFsReadCmdCtrl                      
2000ca44  _SlFsWriteCmdCtrl                     
2000cae4  _SlGetHostByNameCtrl                  
2000cae0  _SlGetHostByServiceCtrl               
2000cad8  _SlGetServiceListeCtrl                
2000caf0  _SlNetAppGetCmdCtrl                   
2000caec  _SlNetAppSendTokenValueCmdCtrl        
2000cae8  _SlNetAppSetCmdCtrl                   
2000cad0  _SlNetAppStartCtrl                    
2000cad4  _SlNetAppStopCtrl                     
2000cb44  _SlNetCfgGetCmdCtrl                   
2000cb40  _SlNetCfgSetCmdCtrl                   
2000c9c8  _SlPolicyGetCmdCtrl                   
2000c9c4  _SlPolicySetCmdCtrl                   
2000c9d0  _SlProfileDelCmdCtrl                  
2000c9cc  _SlProfileGetCmdCtrl                  
2000cadc  _SlRegisterServiceCtrl                
20009d65  _SlRemoveFromList                     
2000c9d8  _SlRxFilterAddtCmdCtrl                
2000c9e0  _SlRxFilterGetCmdCtrl                 
2000c9dc  _SlRxFilterSetCmdCtrl                 
2000c9e4  _SlSmartConfigStartCmdCtrl            
2000cb24  _SlStopCmdCtrl                        
2000c9f0  _SlWlanCfgGetCmdCtrl                  
2000c9ec  _SlWlanCfgSetCmdCtrl                  
2000c9d4  _SlWlanGetNetworkListCtrl             
2000c9e8  _SlWlanSetModeCmdCtrl                 
20004000  __STACK_END                           
00000800  __STACK_SIZE                          
00004000  __SYSMEM_SIZE                         
2000d230  __TI_CINIT_Base                       
2000d240  __TI_CINIT_Limit                      
2000d218  __TI_Handler_Table_Base               
2000d224  __TI_Handler_Table_Limit              
2000b0f5  __TI_auto_init                        
20000b40  __TI_cleanup_ptr                      
2000c40b  __TI_decompress_none                  
2000c493  __TI_decompress_rle24                 
20000b44  __TI_dtors_ptr                        
2000cb48  __TI_static_base__                    
2000c441  __TI_zero_init                        
2000aea5  __aeabi_memclr                        
2000aea5  __aeabi_memclr4                       
2000aea5  __aeabi_memclr8                       
2000a451  __aeabi_memcpy                        
2000a451  __aeabi_memcpy4                       
2000a451  __aeabi_memcpy8                       
2000aea7  __aeabi_memset                        
2000aea7  __aeabi_memset4                       
2000aea7  __aeabi_memset8                       
ffffffff  __binit__                             
ffffffff  __c_args__                            
20003800  __stack                               
2000c2a1  _args_main                            
2000ba69  _c_int00                              
20000b38  _lock                                 
2000c38b  _nop                                  
2000c383  _register_lock                        
2000c37d  _register_unlock                      
2000a589  _sl_GetCreateFsMode                   
2000c289  _sl_GetStartResponseConvert           
2000b3cd  _sl_HandleAsync_Accept                
2000af21  _sl_HandleAsync_Connect               
2000a861  _sl_HandleAsync_DnsGetHostByName      
20009c9d  _sl_HandleAsync_DnsGetHostByService   
2000ae29  _sl_HandleAsync_InitComplete          
2000a8ed  _sl_HandleAsync_PingResponse          
2000b591  _sl_HandleAsync_Select                
2000b689  _sl_HandleAsync_Stop                  
2000b1cd  _sl_NetAppSendTokenValue              
2000bcc9  _sl_Strlen                            
20022098  _sys_memory                           
2000c499  _system_pre_init                      
20000b3c  _unlock                               
2000b971  abort                                 
ffffffff  binit                                 
20008051  calloc                                
2000b7bd  copy_in                               
20004691  eTaskGetState                         
2000b979  exit                                  
20007d9f  free                                  
20000b34  gFirstCmdMode                         
20022074  g_CameraTaskHandle                    
20000b29  g_CaptureImage                        
2000ca78  g_H2NCnysPattern                      
2000ca70  g_H2NSyncPattern                      
20000b20  g_SpiFd                               
20021c00  g_StatMem                             
20022078  g_cDummy                              
2002207c  g_frame_size_in_bytes                 
20000600  g_header                              
20022080  g_header_length                       
20015000  g_image_buffer                        
20000b2c  g_pCB                                 
20000b24  g_pHostIntHdl                         
20004000  g_pfnVectors                          
20022068  g_ucConnectionBSSID                   
20021fe0  g_ucConnectionSSID                    
20000b28  g_ucDMAEnabled                        
20021f40  g_ucDinDout                           
20000af4  g_uiSimplelinkRole                    
20000b04  g_ulGatewayIP                         
20000b00  g_ulPingPacketsRecv                   
20000afc  g_ulStatus                            
20021d78  gfpAppCallbackHndl                    
20021800  gpCtlTbl                              
20022093  iDone                                 
200095cd  main                                  
20000b4c  main_func_sp                          
20007d37  malloc                                
20007c19  mem_Free                              
20007c0d  mem_Malloc                            
20007c39  mem_copy                              
20007c25  mem_set                               
20007f6d  memalign                              
2000c015  memcmp                                
2000a451  memcpy                                
2000aead  memset                                
20007ca9  minit                                 
20007c8f  osi_ContextRestore                    
20007c8d  osi_ContextSave                       
20007c4d  osi_EnterCritical                     
20007c57  osi_ExitCritical                      
20007873  osi_InterruptDeRegister               
2000784d  osi_InterruptRegister                 
2000797d  osi_LockObjCreate                     
200079f1  osi_LockObjDelete                     
20007a01  osi_LockObjLock                       
20007a2d  osi_LockObjUnlock                     
20007b41  osi_MsgQCreate                        
20007b85  osi_MsgQDelete                        
20007bd1  osi_MsgQRead                          
20007b9f  osi_MsgQWrite                         
20007c69  osi_Sleep                             
20007a57  osi_Spawn                             
2000795b  osi_SyncObjClear                      
20007885  osi_SyncObjCreate                     
200078b5  osi_SyncObjDelete                     
200078cf  osi_SyncObjSignal                     
200078f7  osi_SyncObjSignalFromISR              
2000792f  osi_SyncObjWait                       
200079a3  osi_TaskCreate                        
200079e3  osi_TaskDelete                        
20007c79  osi_TaskDisable                       
20007c83  osi_TaskEnable                        
20007c61  osi_start                             
20000b30  pPingCallBackFunc                     
20004bb5  pcTaskGetTaskName                     
2000a051  portCLZ                               
2000a039  prvPortStartFirstTask                 
2000bb8d  pvPortMalloc                          
20000ac0  pxCurrentTCB                          
20009431  pxPortInitialiseStack                 
20007e61  realloc                               
2000a4ed  sl_DevGet                             
2000ab19  sl_FsClose                            
2000af99  sl_FsOpen                             
20009929  sl_FsWrite                            
2000a111  sl_NetAppMDNSRegisterUnregisterService
2000bbc5  sl_NetAppMDNSUnRegisterService        
2000be85  sl_NetAppStart                        
2000bead  sl_NetAppStop                         
2000b235  sl_NetCfgSet                          
20009ee1  sl_Start                              
20009bc9  sl_Stop                               
2000c44d  sl_WlanDisconnect                     
2000a6b5  sl_WlanGet                            
2000b42d  sl_WlanPolicySet                      
2000bcf9  sl_WlanProfileDel                     
2000b5e5  sl_WlanRxFilterSet                    
2000b29d  sl_WlanSet                            
2000bd29  sl_WlanSetMode                        
2000b011  spi_Close                             
20009085  spi_Open                              
20009a15  spi_Read                              
2000aa05  spi_Write                             
2000b809  uDMAChannelAssign                     
2000b305  uDMAChannelAttributeDisable           
2000b369  uDMAChannelAttributeEnable            
2000baa5  uDMAChannelControlSet                 
2000c109  uDMAChannelDisable                    
2000c125  uDMAChannelEnable                     
2000c141  uDMAChannelRequest                    
20009839  uDMAChannelTransferSet                
2000c391  uDMAControlBaseSet                    
2000c459  uDMADisable                           
2000c465  uDMAEnable                            
2000c3a5  uDMAIntClear                          
2000c471  uDMAIntStatus                         
2000c3dd  uDMAIntUnregister                     
20006ebd  ucQueueGetQueueType                   
20009fa1  ulPortSetInterruptMask                
200093e7  uxListRemove                          
20006e9d  uxQueueGetQueueNumber                 
20006e31  uxQueueMessagesWaiting                
20006e67  uxQueueMessagesWaitingFromISR         
20006e47  uxQueueSpacesAvailable                
20004ba9  uxTaskGetNumberOfTasks                
20004bd9  uxTaskGetSystemState                  
200050c9  uxTaskGetTaskNumber                   
20004725  uxTaskPriorityGet                     
20005621  uxTaskResetEventItemValue             
2000954b  vApplicationIdleHook                  
2000954d  vApplicationMallocFailedHook          
2000954f  vApplicationStackOverflowHook         
20009541  vAssertCalled                         
20009305  vListInitialise                       
20009335  vListInitialiseItem                   
20009381  vListInsert                           
20009345  vListInsertEnd                        
20009fb7  vPortClearInterruptMask               
200094ad  vPortEndScheduler                     
200094c1  vPortEnterCritical                    
200094d9  vPortExitCritical                     
2000bbad  vPortFree                             
2000a011  vPortSVCHandler                       
2000950d  vPortSetupTimerInterrupt              
200094af  vPortYield                            
200070d7  vQueueAddToRegistry                   
20006e79  vQueueDelete                          
20006eab  vQueueSetQueueNumber                  
20007119  vQueueUnregisterQueue                 
2000463b  vTaskDelay                            
2000459f  vTaskDelayUntil                       
2000450f  vTaskDelete                           
20004a8d  vTaskEndScheduler                     
200050bb  vTaskMissedYield                      
20004e51  vTaskPlaceOnEventList                 
20004eb5  vTaskPlaceOnUnorderedEventList        
20005597  vTaskPriorityDisinherit               
200054dd  vTaskPriorityInherit                  
2000475d  vTaskPrioritySet                      
20004955  vTaskResume                           
200050e9  vTaskSetTaskNumber                    
2000501b  vTaskSetTimeOutState                  
20004a43  vTaskStartScheduler                   
20004861  vTaskSuspend                          
20004a9f  vTaskSuspendAll                       
20004dd1  vTaskSwitchContext                    
20000b08  xHigherPriorityTaskWoken              
20009fc5  xPortPendSVHandler                    
20009481  xPortStartScheduler                   
200094f1  xPortSysTickHandler                   
20007167  xQueueAddToSet                        
20006a99  xQueueAltGenericReceive               
200069ed  xQueueAltGenericSend                  
200068c1  xQueueCreateCountingSemaphore         
20006843  xQueueCreateMutex                     
20007153  xQueueCreateSet                       
200067cd  xQueueGenericCreate                   
20006c33  xQueueGenericReceive                  
2000673d  xQueueGenericReset                    
200068e1  xQueueGenericSend                     
20006b97  xQueueGenericSendFromISR              
20007073  xQueueIsQueueEmptyFromISR             
200070b5  xQueueIsQueueFullFromISR              
20006ded  xQueuePeekFromISR                     
20006d75  xQueueReceiveFromISR                  
20021f90  xQueueRegistry                        
2000719b  xQueueRemoveFromSet                   
200071dd  xQueueSelectFromSet                   
200071f7  xQueueSelectFromSetFromISR            
20000b0c  xSimpleLinkSpawnQueue                 
20000b10  xSimpleLinkSpawnTaskHndl              
20005041  xTaskCheckForTimeOut                  
20004401  xTaskGenericCreate                    
20005491  xTaskGetCurrentTaskHandle             
20004c97  xTaskGetIdleTaskHandle                
200054a5  xTaskGetSchedulerState                
20004b7d  xTaskGetTickCount                     
20004b91  xTaskGetTickCountFromISR              
20004cb5  xTaskIncrementTick                    
20004f25  xTaskRemoveFromEventList              
20004fad  xTaskRemoveFromUnorderedEventList     
20004ab1  xTaskResumeAll                        
200049c9  xTaskResumeFromISR                    


GLOBAL SYMBOLS: SORTED BY Symbol Address 

address   name                                  
-------   ----                                  
00000800  __STACK_SIZE                          
00004000  __SYSMEM_SIZE                         
20000000  JPEG_StdHuffmanTbl                    
20000600  g_header                              
20000a00  JPEG_StdQuantTblC                     
20000a40  JPEG_StdQuantTblY                     
20000ac0  pxCurrentTCB                          
20000af4  g_uiSimplelinkRole                    
20000afc  g_ulStatus                            
20000b00  g_ulPingPacketsRecv                   
20000b04  g_ulGatewayIP                         
20000b08  xHigherPriorityTaskWoken              
20000b0c  xSimpleLinkSpawnQueue                 
20000b10  xSimpleLinkSpawnTaskHndl              
20000b20  g_SpiFd                               
20000b24  g_pHostIntHdl                         
20000b28  g_ucDMAEnabled                        
20000b29  g_CaptureImage                        
20000b2c  g_pCB                                 
20000b30  pPingCallBackFunc                     
20000b34  gFirstCmdMode                         
20000b38  _lock                                 
20000b3c  _unlock                               
20000b40  __TI_cleanup_ptr                      
20000b44  __TI_dtors_ptr                        
20000b4c  main_func_sp                          
20003800  __stack                               
20004000  __STACK_END                           
20004000  g_pfnVectors                          
20004401  xTaskGenericCreate                    
2000450f  vTaskDelete                           
2000459f  vTaskDelayUntil                       
2000463b  vTaskDelay                            
20004691  eTaskGetState                         
20004725  uxTaskPriorityGet                     
2000475d  vTaskPrioritySet                      
20004861  vTaskSuspend                          
20004955  vTaskResume                           
200049c9  xTaskResumeFromISR                    
20004a43  vTaskStartScheduler                   
20004a8d  vTaskEndScheduler                     
20004a9f  vTaskSuspendAll                       
20004ab1  xTaskResumeAll                        
20004b7d  xTaskGetTickCount                     
20004b91  xTaskGetTickCountFromISR              
20004ba9  uxTaskGetNumberOfTasks                
20004bb5  pcTaskGetTaskName                     
20004bd9  uxTaskGetSystemState                  
20004c97  xTaskGetIdleTaskHandle                
20004cb5  xTaskIncrementTick                    
20004dd1  vTaskSwitchContext                    
20004e51  vTaskPlaceOnEventList                 
20004eb5  vTaskPlaceOnUnorderedEventList        
20004f25  xTaskRemoveFromEventList              
20004fad  xTaskRemoveFromUnorderedEventList     
2000501b  vTaskSetTimeOutState                  
20005041  xTaskCheckForTimeOut                  
200050bb  vTaskMissedYield                      
200050c9  uxTaskGetTaskNumber                   
200050e9  vTaskSetTaskNumber                    
20005491  xTaskGetCurrentTaskHandle             
200054a5  xTaskGetSchedulerState                
200054dd  vTaskPriorityInherit                  
20005597  vTaskPriorityDisinherit               
20005621  uxTaskResetEventItemValue             
20005833  SimpleLinkWlanEventHandler            
200058b5  SimpleLinkNetAppEventHandler          
200058f5  SimpleLinkSockEventHandler            
20005921  StartCamera                           
2000673d  xQueueGenericReset                    
200067cd  xQueueGenericCreate                   
20006843  xQueueCreateMutex                     
200068c1  xQueueCreateCountingSemaphore         
200068e1  xQueueGenericSend                     
200069ed  xQueueAltGenericSend                  
20006a99  xQueueAltGenericReceive               
20006b97  xQueueGenericSendFromISR              
20006c33  xQueueGenericReceive                  
20006d75  xQueueReceiveFromISR                  
20006ded  xQueuePeekFromISR                     
20006e31  uxQueueMessagesWaiting                
20006e47  uxQueueSpacesAvailable                
20006e67  uxQueueMessagesWaitingFromISR         
20006e79  vQueueDelete                          
20006e9d  uxQueueGetQueueNumber                 
20006eab  vQueueSetQueueNumber                  
20006ebd  ucQueueGetQueueType                   
20007073  xQueueIsQueueEmptyFromISR             
200070b5  xQueueIsQueueFullFromISR              
200070d7  vQueueAddToRegistry                   
20007119  vQueueUnregisterQueue                 
20007153  xQueueCreateSet                       
20007167  xQueueAddToSet                        
2000719b  xQueueRemoveFromSet                   
200071dd  xQueueSelectFromSet                   
200071f7  xQueueSelectFromSetFromISR            
20007261  _SlDrvMsgRead                         
2000784d  osi_InterruptRegister                 
20007873  osi_InterruptDeRegister               
20007885  osi_SyncObjCreate                     
200078b5  osi_SyncObjDelete                     
200078cf  osi_SyncObjSignal                     
200078f7  osi_SyncObjSignalFromISR              
2000792f  osi_SyncObjWait                       
2000795b  osi_SyncObjClear                      
2000797d  osi_LockObjCreate                     
200079a3  osi_TaskCreate                        
200079e3  osi_TaskDelete                        
200079f1  osi_LockObjDelete                     
20007a01  osi_LockObjLock                       
20007a2d  osi_LockObjUnlock                     
20007a57  osi_Spawn                             
20007ac5  VStartSimpleLinkSpawnTask             
20007b15  VDeleteSimpleLinkSpawnTask            
20007b41  osi_MsgQCreate                        
20007b85  osi_MsgQDelete                        
20007b9f  osi_MsgQWrite                         
20007bd1  osi_MsgQRead                          
20007c0d  mem_Malloc                            
20007c19  mem_Free                              
20007c25  mem_set                               
20007c39  mem_copy                              
20007c4d  osi_EnterCritical                     
20007c57  osi_ExitCritical                      
20007c61  osi_start                             
20007c69  osi_Sleep                             
20007c79  osi_TaskDisable                       
20007c83  osi_TaskEnable                        
20007c8d  osi_ContextSave                       
20007c8f  osi_ContextRestore                    
20007ca9  minit                                 
20007d37  malloc                                
20007d9f  free                                  
20007e61  realloc                               
20007f6d  memalign                              
20008051  calloc                                
20008085  _SlDrvRxHdrRead                       
200082cd  CameraSensorInit                      
200082ed  StartSensorInJpegMode                 
20008505  _SlDrvReleasePoolObj                  
200086d5  _SlDrvMsgWrite                        
200088a1  DmaSwIntHandler                       
200088b7  DmaErrorIntHandler                    
200088c3  UDMAInit                              
2000891f  UDMAChannelSelect                     
2000894d  UDMASetupAutoMemTransfer              
20008981  UDMASetupPingPongTransfer             
200089db  UDMAStartTransfer                     
200089e7  UDMAStopTransfer                      
200089f3  UDMADeInit                            
20008a07  UDMASetupTransfer                     
20008a61  I2CInit                               
20008a7f  I2CBufferRead                         
20008b47  I2CBufferWrite                        
20008c11  _SlDrvWaitForPoolObj                  
20008da1  _SlDrvDriverCBInit                    
20008f15  _SlFindAndSetActiveObj                
20009085  spi_Open                              
200091d1  PRCMCC3200MCUInit                     
20009305  vListInitialise                       
20009335  vListInitialiseItem                   
20009345  vListInsertEnd                        
20009381  vListInsert                           
200093e7  uxListRemove                          
20009431  pxPortInitialiseStack                 
20009481  xPortStartScheduler                   
200094ad  vPortEndScheduler                     
200094af  vPortYield                            
200094c1  vPortEnterCritical                    
200094d9  vPortExitCritical                     
200094f1  xPortSysTickHandler                   
2000950d  vPortSetupTimerInterrupt              
20009541  vAssertCalled                         
2000954b  vApplicationIdleHook                  
2000954d  vApplicationMallocFailedHook          
2000954f  vApplicationStackOverflowHook         
20009559  SimpleLinkHttpServerCallback          
200095bd  CameraService                         
200095cd  main                                  
20009645  _SlDrvNetAppEventHandler              
20009745  _SlDrvDriverCBDeinit                  
20009839  uDMAChannelTransferSet                
20009929  sl_FsWrite                            
20009a15  spi_Read                              
20009af1  _SlDrvClassifyRxMsg                   
20009bc9  sl_Stop                               
20009c9d  _sl_HandleAsync_DnsGetHostByService   
20009d65  _SlRemoveFromList                     
20009e25  _SlDrvMsgReadCmdCtx                   
20009ee1  sl_Start                              
20009fa1  ulPortSetInterruptMask                
20009fb7  vPortClearInterruptMask               
20009fc5  xPortPendSVHandler                    
2000a011  vPortSVCHandler                       
2000a039  prvPortStartFirstTask                 
2000a051  portCLZ                               
2000a059  _SlAsyncEventGenericHandler           
2000a111  sl_NetAppMDNSRegisterUnregisterService
2000a1c5  IntDisable                            
2000a26d  IntEnable                             
2000a315  SPIConfigSetExpClk                    
2000a3b5  _SlDrvMsgReadSpawnCtx                 
2000a451  __aeabi_memcpy                        
2000a451  __aeabi_memcpy4                       
2000a451  __aeabi_memcpy8                       
2000a451  memcpy                                
2000a4ed  sl_DevGet                             
2000a589  _sl_GetCreateFsMode                   
2000a621  PRCMPeripheralClockGet                
2000a6b5  sl_WlanGet                            
2000a861  _sl_HandleAsync_DnsGetHostByName      
2000a8ed  _sl_HandleAsync_PingResponse          
2000a979  PinMuxConfig                          
2000aa05  spi_Write                             
2000aa91  PinConfigSet                          
2000ab19  sl_FsClose                            
2000aba1  I2CMasterInitExpClk                   
2000ac25  NwpPowerOnPreamble                    
2000aca9  _SlDrvCmdOp                           
2000ae29  _sl_HandleAsync_InitComplete          
2000aea5  __aeabi_memclr                        
2000aea5  __aeabi_memclr4                       
2000aea5  __aeabi_memclr8                       
2000aea7  __aeabi_memset                        
2000aea7  __aeabi_memset4                       
2000aea7  __aeabi_memset8                       
2000aead  memset                                
2000af21  _sl_HandleAsync_Connect               
2000af99  sl_FsOpen                             
2000b011  spi_Close                             
2000b089  _SlDrvCmdSend                         
2000b0f5  __TI_auto_init                        
2000b1cd  _sl_NetAppSendTokenValue              
2000b235  sl_NetCfgSet                          
2000b29d  sl_WlanSet                            
2000b305  uDMAChannelAttributeDisable           
2000b369  uDMAChannelAttributeEnable            
2000b3cd  _sl_HandleAsync_Accept                
2000b42d  sl_WlanPolicySet                      
2000b48d  IntPendClear                          
2000b4e5  PRCMPeripheralReset                   
2000b53d  IntPrioritySet                        
2000b591  _sl_HandleAsync_Select                
2000b5e5  sl_WlanRxFilterSet                    
2000b639  PRCMCameraFreqSet                     
2000b689  _sl_HandleAsync_Stop                  
2000b6d9  SPIIntEnable                          
2000b725  _SlDrvProtectAsyncRespSetting         
2000b771  _SlDrvRxIrqHandler                    
2000b7bd  copy_in                               
2000b809  uDMAChannelAssign                     
2000b855  SPIIntClear                           
2000b89d  _SlDrvBasicCmd                        
2000b96d  C$$EXIT                               
2000b971  abort                                 
2000b979  exit                                  
2000b9b1  PinModeSet                            
2000b9f1  CopyPingResultsToReport               
2000ba2d  PRCMPeripheralClkEnable               
2000ba69  _c_int00                              
2000baa5  uDMAChannelControlSet                 
2000bae1  CameraCaptureStop                     
2000bb1b  CameraXClkConfig                      
2000bb55  NwpPowerOff                           
2000bb8d  pvPortMalloc                          
2000bbad  vPortFree                             
2000bbc5  sl_NetAppMDNSUnRegisterService        
2000bbfb  CameraParamsConfig                    
2000bc31  PRCMPeripheralStatusGet               
2000bc65  SPIFIFOLevelSet                       
2000bc99  _SlDrvDeviceEventHandler              
2000bcc9  _sl_Strlen                            
2000bcf9  sl_WlanProfileDel                     
2000bd29  sl_WlanSetMode                        
2000bd59  CameraIntDisable                      
2000bd85  CameraIntEnable                       
2000bdb1  DmaSpiSwIntHandler                    
2000bddd  NwpPowerOn                            
2000be09  PRCMSysResetCauseGet                  
2000be35  CameraIntStatus                       
2000be5d  PRCMPeripheralClkDisable              
2000be85  sl_NetAppStart                        
2000bead  sl_NetAppStop                         
2000bed5  CameraThresholdSet                    
2000befb  NwpRegisterInterruptHandler           
2000bf21  CameraIntClear                        
2000bf45  IntUnregister                         
2000bf69  _SlDrvProtectionObjLockWaitForever    
2000bf8d  CameraCaptureStart                    
2000bfaf  I2CMasterSlaveAddrSet                 
2000bfd1  SPIReset                              
2000bff3  SPIWordCountSet                       
2000c015  memcmp                                
2000c039  IntRegister                           
2000c059  _SlDrvProtectionObjUnLock             
2000c079  I2CMasterIntStatusEx                  
2000c0b5  PinTypeI2C                            
2000c0d1  _SlDrvObjLockWaitForever              
2000c0ed  _SlDrvSyncObjWaitForever              
2000c109  uDMAChannelDisable                    
2000c125  uDMAChannelEnable                     
2000c141  uDMAChannelRequest                    
2000c15d  PinTypeCamera                         
2000c177  SPIDmaDisable                         
2000c191  SPIDmaEnable                          
2000c1ab  SPIFIFODisable                        
2000c1c5  SPIFIFOEnable                         
2000c1df  CameraReset                           
2000c1f7  SPICSDisable                          
2000c20f  SPICSEnable                           
2000c227  SPIDisable                            
2000c23f  SPIEnable                             
2000c257  _SlDrvObjUnLock                       
2000c26f  _SlDrvSyncObjSignal                   
2000c289  _sl_GetStartResponseConvert           
2000c2a1  _args_main                            
2000c2b9  CameraDMAEnable                       
2000c2cf  CameraIntRegister                     
2000c2e5  I2CMasterDataPut                      
2000c2fb  I2CMasterEnable                       
2000c311  PRCMHIBRegRead                        
2000c327  PRCMHIBRegWrite                       
2000c33d  _SlDrvMemZero                         
2000c353  CPUcpsie                              
2000c369  IntVTableBaseSet                      
2000c37d  _register_unlock                      
2000c383  _register_lock                        
2000c38b  _nop                                  
2000c391  uDMAControlBaseSet                    
2000c3a5  uDMAIntClear                          
2000c3b9  I2CMasterControl                      
2000c3cb  I2CMasterIntClearEx                   
2000c3dd  uDMAIntUnregister                     
2000c3ef  I2CMasterDataGet                      
2000c3fd  _SlDrvResetCmdExt                     
2000c40b  __TI_decompress_none                  
2000c419  ResetISR                              
2000c429  NwpMaskInterrupt                      
2000c435  NwpUnMaskInterrupt                    
2000c441  __TI_zero_init                        
2000c44d  sl_WlanDisconnect                     
2000c459  uDMADisable                           
2000c465  uDMAEnable                            
2000c471  uDMAIntStatus                         
2000c47d  IntMasterEnable                       
2000c487  MT9D111Delay                          
2000c48d  UtilsDelay                            
2000c493  __TI_decompress_rle24                 
2000c499  _system_pre_init                      
2000c988  OpcodeTranslateTable                  
2000c9c4  _SlPolicySetCmdCtrl                   
2000c9c8  _SlPolicyGetCmdCtrl                   
2000c9cc  _SlProfileGetCmdCtrl                  
2000c9d0  _SlProfileDelCmdCtrl                  
2000c9d4  _SlWlanGetNetworkListCtrl             
2000c9d8  _SlRxFilterAddtCmdCtrl                
2000c9dc  _SlRxFilterSetCmdCtrl                 
2000c9e0  _SlRxFilterGetCmdCtrl                 
2000c9e4  _SlSmartConfigStartCmdCtrl            
2000c9e8  _SlWlanSetModeCmdCtrl                 
2000c9ec  _SlWlanCfgSetCmdCtrl                  
2000c9f0  _SlWlanCfgGetCmdCtrl                  
2000ca00  _SlActionLookupTable                  
2000ca38  _SlFsOpenCmdCtrl                      
2000ca3c  _SlFsCloseCmdCtrl                     
2000ca40  _SlFsReadCmdCtrl                      
2000ca44  _SlFsWriteCmdCtrl                     
2000ca48  _SlFsGetInfoCmdCtrl                   
2000ca4c  _SlFsDeleteCmdCtrl                    
2000ca70  g_H2NSyncPattern                      
2000ca78  g_H2NCnysPattern                      
2000ca80  RxMsgClassLUT                         
2000cad0  _SlNetAppStartCtrl                    
2000cad4  _SlNetAppStopCtrl                     
2000cad8  _SlGetServiceListeCtrl                
2000cadc  _SlRegisterServiceCtrl                
2000cae0  _SlGetHostByServiceCtrl               
2000cae4  _SlGetHostByNameCtrl                  
2000cae8  _SlNetAppSetCmdCtrl                   
2000caec  _SlNetAppSendTokenValueCmdCtrl        
2000caf0  _SlNetAppGetCmdCtrl                   
2000cb24  _SlStopCmdCtrl                        
2000cb28  _SlEventMaskSetCmdCtrl                
2000cb2c  _SlEventMaskGetCmdCtrl                
2000cb30  _SlDeviceGetCmdCtrl                   
2000cb34  _SlDeviceSetCmdCtrl                   
2000cb38  StartResponseLUT                      
2000cb40  _SlNetCfgSetCmdCtrl                   
2000cb44  _SlNetCfgGetCmdCtrl                   
2000cb48  __TI_static_base__                    
2000d218  __TI_Handler_Table_Base               
2000d224  __TI_Handler_Table_Limit              
2000d230  __TI_CINIT_Base                       
2000d240  __TI_CINIT_Limit                      
20015000  g_image_buffer                        
20021800  gpCtlTbl                              
20021c00  g_StatMem                             
20021d78  gfpAppCallbackHndl                    
20021f40  g_ucDinDout                           
20021f90  xQueueRegistry                        
20021fe0  g_ucConnectionSSID                    
20022068  g_ucConnectionBSSID                   
20022070  DMAMsgQ                               
20022074  g_CameraTaskHandle                    
20022078  g_cDummy                              
2002207c  g_frame_size_in_bytes                 
20022080  g_header_length                       
20022090  RxIrqCnt                              
20022093  iDone                                 
20022098  _sys_memory                           
ffffffff  __binit__                             
ffffffff  __c_args__                            
ffffffff  binit                                 
UNDEFED   SHT$$INIT_ARRAY$$Base                 
UNDEFED   SHT$$INIT_ARRAY$$Limit                

[415 symbols]
